HEAP DUMP BEGIN (1924 objects, 1733040 bytes) Sat Jul 30 10:55:43 2022
ROOT 0 (kind=<thread>, id=200000, trace=300000)
ROOT 5000077d (kind=<thread>, id=200004, trace=300754)
ROOT 5000077d (kind=<thread block>, thread=200004)
ROOT 50000784 (kind=<thread>, id=200005, trace=300000)
ROOT 50000784 (kind=<thread block>, thread=200005)
ROOT 50000784 (kind=<JNI local ref>, thread=200000, frame=0)
ROOT 50000785 (kind=<thread>, id=200006, trace=300000)
ROOT 50000785 (kind=<thread block>, thread=200006)
ROOT 50000785 (kind=<JNI local ref>, thread=200000, frame=0)
ROOT 50000786 (kind=<thread>, id=200007, trace=300000)
ROOT 50000786 (kind=<thread block>, thread=200007)
ROOT 50000787 (kind=<thread>, id=200008, trace=300000)
ROOT 50000787 (kind=<thread block>, thread=200008)
ROOT 50000788 (kind=<Java stack>, thread=200000, frame=1)
ROOT 50000789 (kind=<Java stack>, thread=200000, frame=1)
ROOT 50000788 (kind=<Java stack>, thread=200000, frame=2)
ROOT 50000787 (kind=<Java stack>, thread=200000, frame=3)
ROOT 5000078a (kind=<Java stack>, thread=200000, frame=3)
ROOT 5000078b (kind=<thread>, id=200009, trace=300000)
ROOT 5000078b (kind=<thread block>, thread=200009)
ROOT 5000078c (kind=<Java stack>, thread=200000, frame=1)
ROOT 5000078c (kind=<Java stack>, thread=200000, frame=2)
ROOT 5000078b (kind=<Java stack>, thread=200000, frame=3)
ROOT 50000173 (kind=<JNI global ref>, id=1, trace=300000)
ROOT 5000078d (kind=<JNI global ref>, id=2, trace=300000)
ROOT 50000001 (kind=<JNI global ref>, id=3, trace=300000)
ROOT 50000177 (kind=<JNI global ref>, id=4, trace=300000)
ROOT 50000002 (kind=<JNI global ref>, id=5, trace=300000)
ROOT 50000003 (kind=<JNI global ref>, id=6, trace=300000)
ROOT 5000000f (kind=<JNI global ref>, id=7, trace=300000)
ROOT 50000004 (kind=<JNI global ref>, id=8, trace=300000)
ROOT 50000005 (kind=<JNI global ref>, id=9, trace=300000)
ROOT 50000006 (kind=<JNI global ref>, id=a, trace=300000)
ROOT 50000007 (kind=<JNI global ref>, id=b, trace=300000)
ROOT 50000008 (kind=<JNI global ref>, id=c, trace=300000)
ROOT 50000009 (kind=<JNI global ref>, id=d, trace=300000)
ROOT 5000000a (kind=<JNI global ref>, id=e, trace=300000)
ROOT 5000000b (kind=<JNI global ref>, id=f, trace=300000)
ROOT 5000000c (kind=<JNI global ref>, id=10, trace=300000)
ROOT 5000000d (kind=<JNI global ref>, id=11, trace=300000)
ROOT 5000000e (kind=<JNI global ref>, id=12, trace=300000)
ROOT 50000010 (kind=<JNI global ref>, id=13, trace=300000)
ROOT 50000011 (kind=<JNI global ref>, id=14, trace=300000)
ROOT 50000012 (kind=<JNI global ref>, id=15, trace=300000)
ROOT 50000013 (kind=<JNI global ref>, id=16, trace=300000)
ROOT 50000014 (kind=<JNI global ref>, id=17, trace=300000)
ROOT 50000015 (kind=<JNI global ref>, id=18, trace=300000)
ROOT 50000157 (kind=<JNI global ref>, id=19, trace=300000)
ROOT 50000016 (kind=<JNI global ref>, id=1a, trace=300000)
ROOT 50000017 (kind=<JNI global ref>, id=1b, trace=300000)
ROOT 5000002a (kind=<JNI global ref>, id=1c, trace=300000)
ROOT 50000018 (kind=<JNI global ref>, id=1d, trace=300000)
ROOT 50000019 (kind=<JNI global ref>, id=1e, trace=300000)
ROOT 5000001c (kind=<JNI global ref>, id=1f, trace=300000)
ROOT 5000001a (kind=<JNI global ref>, id=20, trace=300000)
ROOT 5000001b (kind=<JNI global ref>, id=21, trace=300000)
ROOT 5000001d (kind=<JNI global ref>, id=22, trace=300000)
ROOT 5000001e (kind=<JNI global ref>, id=23, trace=300000)
ROOT 5000001f (kind=<JNI global ref>, id=24, trace=300000)
ROOT 50000020 (kind=<JNI global ref>, id=25, trace=300000)
ROOT 50000021 (kind=<JNI global ref>, id=26, trace=300000)
ROOT 50000022 (kind=<JNI global ref>, id=27, trace=300000)
ROOT 50000023 (kind=<JNI global ref>, id=28, trace=300000)
ROOT 50000024 (kind=<JNI global ref>, id=29, trace=300000)
ROOT 50000025 (kind=<JNI global ref>, id=2a, trace=300000)
ROOT 50000026 (kind=<JNI global ref>, id=2b, trace=300000)
ROOT 50000027 (kind=<JNI global ref>, id=2c, trace=300000)
ROOT 500000dc (kind=<JNI global ref>, id=2d, trace=300000)
ROOT 50000028 (kind=<JNI global ref>, id=2e, trace=300000)
ROOT 50000029 (kind=<JNI global ref>, id=2f, trace=300000)
ROOT 5000002b (kind=<JNI global ref>, id=30, trace=300000)
ROOT 5000002c (kind=<JNI global ref>, id=31, trace=300000)
ROOT 5000002d (kind=<JNI global ref>, id=32, trace=300000)
ROOT 5000002e (kind=<JNI global ref>, id=33, trace=300000)
ROOT 5000002f (kind=<JNI global ref>, id=34, trace=300000)
ROOT 5000005a (kind=<JNI global ref>, id=35, trace=300000)
ROOT 50000030 (kind=<JNI global ref>, id=36, trace=300000)
ROOT 50000031 (kind=<JNI global ref>, id=37, trace=300000)
ROOT 50000033 (kind=<JNI global ref>, id=38, trace=300000)
ROOT 50000032 (kind=<JNI global ref>, id=39, trace=300000)
ROOT 50000034 (kind=<JNI global ref>, id=3a, trace=300000)
ROOT 50000035 (kind=<JNI global ref>, id=3b, trace=300000)
ROOT 50000036 (kind=<JNI global ref>, id=3c, trace=300000)
ROOT 50000117 (kind=<JNI global ref>, id=3d, trace=300000)
ROOT 50000037 (kind=<JNI global ref>, id=3e, trace=300000)
ROOT 5000003b (kind=<JNI global ref>, id=3f, trace=300000)
ROOT 50000038 (kind=<JNI global ref>, id=40, trace=300000)
ROOT 50000039 (kind=<JNI global ref>, id=41, trace=300000)
ROOT 5000003a (kind=<JNI global ref>, id=42, trace=300000)
ROOT 5000003c (kind=<JNI global ref>, id=43, trace=300000)
ROOT 5000003d (kind=<JNI global ref>, id=44, trace=300000)
ROOT 5000003e (kind=<JNI global ref>, id=45, trace=300000)
ROOT 5000003f (kind=<JNI global ref>, id=46, trace=300000)
ROOT 50000040 (kind=<JNI global ref>, id=47, trace=300000)
ROOT 50000041 (kind=<JNI global ref>, id=48, trace=300000)
ROOT 50000042 (kind=<JNI global ref>, id=49, trace=300000)
ROOT 50000043 (kind=<JNI global ref>, id=4a, trace=300000)
ROOT 500000df (kind=<JNI global ref>, id=4b, trace=300000)
ROOT 50000044 (kind=<JNI global ref>, id=4c, trace=300000)
ROOT 50000045 (kind=<JNI global ref>, id=4d, trace=300000)
ROOT 50000046 (kind=<JNI global ref>, id=4e, trace=300000)
ROOT 50000156 (kind=<JNI global ref>, id=4f, trace=300000)
ROOT 50000047 (kind=<JNI global ref>, id=50, trace=300000)
ROOT 50000048 (kind=<JNI global ref>, id=51, trace=300000)
ROOT 50000049 (kind=<JNI global ref>, id=52, trace=300000)
ROOT 5000004a (kind=<JNI global ref>, id=53, trace=300000)
ROOT 5000004b (kind=<JNI global ref>, id=54, trace=300000)
ROOT 5000004c (kind=<JNI global ref>, id=55, trace=300000)
ROOT 5000004d (kind=<JNI global ref>, id=56, trace=300000)
ROOT 50000167 (kind=<JNI global ref>, id=57, trace=300000)
ROOT 5000004e (kind=<JNI global ref>, id=58, trace=300000)
ROOT 5000004f (kind=<JNI global ref>, id=59, trace=300000)
ROOT 50000050 (kind=<JNI global ref>, id=5a, trace=300000)
ROOT 50000051 (kind=<JNI global ref>, id=5b, trace=300000)
ROOT 50000052 (kind=<JNI global ref>, id=5c, trace=300000)
ROOT 50000053 (kind=<JNI global ref>, id=5d, trace=300000)
ROOT 50000054 (kind=<JNI global ref>, id=5e, trace=300000)
ROOT 50000055 (kind=<JNI global ref>, id=5f, trace=300000)
ROOT 50000056 (kind=<JNI global ref>, id=60, trace=300000)
ROOT 50000057 (kind=<JNI global ref>, id=61, trace=300000)
ROOT 50000058 (kind=<JNI global ref>, id=62, trace=300000)
ROOT 50000059 (kind=<JNI global ref>, id=63, trace=300000)
ROOT 500000c9 (kind=<JNI global ref>, id=64, trace=300000)
ROOT 5000005b (kind=<JNI global ref>, id=65, trace=300000)
ROOT 5000005c (kind=<JNI global ref>, id=66, trace=300000)
ROOT 5000005d (kind=<JNI global ref>, id=67, trace=300000)
ROOT 5000005e (kind=<JNI global ref>, id=68, trace=300000)
ROOT 5000005f (kind=<JNI global ref>, id=69, trace=300000)
ROOT 50000060 (kind=<JNI global ref>, id=6a, trace=300000)
ROOT 50000061 (kind=<JNI global ref>, id=6b, trace=300000)
ROOT 50000062 (kind=<JNI global ref>, id=6c, trace=300000)
ROOT 50000063 (kind=<JNI global ref>, id=6d, trace=300000)
ROOT 50000064 (kind=<JNI global ref>, id=6e, trace=300000)
ROOT 50000065 (kind=<JNI global ref>, id=6f, trace=300000)
ROOT 500000cb (kind=<JNI global ref>, id=70, trace=300000)
ROOT 50000066 (kind=<JNI global ref>, id=71, trace=300000)
ROOT 50000067 (kind=<JNI global ref>, id=72, trace=300000)
ROOT 50000068 (kind=<JNI global ref>, id=73, trace=300000)
ROOT 50000069 (kind=<JNI global ref>, id=74, trace=300000)
ROOT 5000006a (kind=<JNI global ref>, id=75, trace=300000)
ROOT 50000078 (kind=<JNI global ref>, id=76, trace=300000)
ROOT 5000006b (kind=<JNI global ref>, id=77, trace=300000)
ROOT 5000006c (kind=<JNI global ref>, id=78, trace=300000)
ROOT 5000006d (kind=<JNI global ref>, id=79, trace=300000)
ROOT 50000114 (kind=<JNI global ref>, id=7a, trace=300000)
ROOT 5000006e (kind=<JNI global ref>, id=7b, trace=300000)
ROOT 5000006f (kind=<JNI global ref>, id=7c, trace=300000)
ROOT 50000070 (kind=<JNI global ref>, id=7d, trace=300000)
ROOT 50000071 (kind=<JNI global ref>, id=7e, trace=300000)
ROOT 50000072 (kind=<JNI global ref>, id=7f, trace=300000)
ROOT 50000073 (kind=<JNI global ref>, id=80, trace=300000)
ROOT 50000074 (kind=<JNI global ref>, id=81, trace=300000)
ROOT 50000075 (kind=<JNI global ref>, id=82, trace=300000)
ROOT 50000076 (kind=<JNI global ref>, id=83, trace=300000)
ROOT 50000077 (kind=<JNI global ref>, id=84, trace=300000)
ROOT 50000079 (kind=<JNI global ref>, id=85, trace=300000)
ROOT 5000007b (kind=<JNI global ref>, id=86, trace=300000)
ROOT 5000007a (kind=<JNI global ref>, id=87, trace=300000)
ROOT 50000084 (kind=<JNI global ref>, id=88, trace=300000)
ROOT 5000007c (kind=<JNI global ref>, id=89, trace=300000)
ROOT 5000007d (kind=<JNI global ref>, id=8a, trace=300000)
ROOT 5000007e (kind=<JNI global ref>, id=8b, trace=300000)
ROOT 5000007f (kind=<JNI global ref>, id=8c, trace=300000)
ROOT 50000080 (kind=<JNI global ref>, id=8d, trace=300000)
ROOT 50000081 (kind=<JNI global ref>, id=8e, trace=300000)
ROOT 50000082 (kind=<JNI global ref>, id=8f, trace=300000)
ROOT 50000122 (kind=<JNI global ref>, id=90, trace=300000)
ROOT 50000083 (kind=<JNI global ref>, id=91, trace=300000)
ROOT 50000085 (kind=<JNI global ref>, id=92, trace=300000)
ROOT 50000086 (kind=<JNI global ref>, id=93, trace=300000)
ROOT 50000087 (kind=<JNI global ref>, id=94, trace=300000)
ROOT 50000088 (kind=<JNI global ref>, id=95, trace=300000)
ROOT 50000089 (kind=<JNI global ref>, id=96, trace=300000)
ROOT 5000008a (kind=<JNI global ref>, id=97, trace=300000)
ROOT 5000008b (kind=<JNI global ref>, id=98, trace=300000)
ROOT 5000008c (kind=<JNI global ref>, id=99, trace=300000)
ROOT 5000008d (kind=<JNI global ref>, id=9a, trace=300000)
ROOT 5000008e (kind=<JNI global ref>, id=9b, trace=300000)
ROOT 5000008f (kind=<JNI global ref>, id=9c, trace=300000)
ROOT 50000090 (kind=<JNI global ref>, id=9d, trace=300000)
ROOT 50000091 (kind=<JNI global ref>, id=9e, trace=300000)
ROOT 50000092 (kind=<JNI global ref>, id=9f, trace=300000)
ROOT 50000093 (kind=<JNI global ref>, id=a0, trace=300000)
ROOT 50000094 (kind=<JNI global ref>, id=a1, trace=300000)
ROOT 50000095 (kind=<JNI global ref>, id=a2, trace=300000)
ROOT 50000096 (kind=<JNI global ref>, id=a3, trace=300000)
ROOT 50000097 (kind=<JNI global ref>, id=a4, trace=300000)
ROOT 50000098 (kind=<JNI global ref>, id=a5, trace=300000)
ROOT 50000099 (kind=<JNI global ref>, id=a6, trace=300000)
ROOT 5000009a (kind=<JNI global ref>, id=a7, trace=300000)
ROOT 5000009b (kind=<JNI global ref>, id=a8, trace=300000)
ROOT 5000009c (kind=<JNI global ref>, id=a9, trace=300000)
ROOT 5000009d (kind=<JNI global ref>, id=aa, trace=300000)
ROOT 5000009e (kind=<JNI global ref>, id=ab, trace=300000)
ROOT 5000013d (kind=<JNI global ref>, id=ac, trace=300000)
ROOT 5000009f (kind=<JNI global ref>, id=ad, trace=300000)
ROOT 500000a0 (kind=<JNI global ref>, id=ae, trace=300000)
ROOT 500000a1 (kind=<JNI global ref>, id=af, trace=300000)
ROOT 500000a2 (kind=<JNI global ref>, id=b0, trace=300000)
ROOT 500000a3 (kind=<JNI global ref>, id=b1, trace=300000)
ROOT 500000a4 (kind=<JNI global ref>, id=b2, trace=300000)
ROOT 500000a5 (kind=<JNI global ref>, id=b3, trace=300000)
ROOT 500000c1 (kind=<JNI global ref>, id=b4, trace=300000)
ROOT 500000a6 (kind=<JNI global ref>, id=b5, trace=300000)
ROOT 500000a7 (kind=<JNI global ref>, id=b6, trace=300000)
ROOT 500000a8 (kind=<JNI global ref>, id=b7, trace=300000)
ROOT 500000a9 (kind=<JNI global ref>, id=b8, trace=300000)
ROOT 500000aa (kind=<JNI global ref>, id=b9, trace=300000)
ROOT 500000ab (kind=<JNI global ref>, id=ba, trace=300000)
ROOT 500000ac (kind=<JNI global ref>, id=bb, trace=300000)
ROOT 500000ad (kind=<JNI global ref>, id=bc, trace=300000)
ROOT 500000ae (kind=<JNI global ref>, id=bd, trace=300000)
ROOT 500000af (kind=<JNI global ref>, id=be, trace=300000)
ROOT 500000b0 (kind=<JNI global ref>, id=bf, trace=300000)
ROOT 500000b1 (kind=<JNI global ref>, id=c0, trace=300000)
ROOT 500000b2 (kind=<JNI global ref>, id=c1, trace=300000)
ROOT 500000b3 (kind=<JNI global ref>, id=c2, trace=300000)
ROOT 500000b4 (kind=<JNI global ref>, id=c3, trace=300000)
ROOT 500000b5 (kind=<JNI global ref>, id=c4, trace=300000)
ROOT 500000b6 (kind=<JNI global ref>, id=c5, trace=300000)
ROOT 500000b7 (kind=<JNI global ref>, id=c6, trace=300000)
ROOT 500000b8 (kind=<JNI global ref>, id=c7, trace=300000)
ROOT 500000b9 (kind=<JNI global ref>, id=c8, trace=300000)
ROOT 500000ba (kind=<JNI global ref>, id=c9, trace=300000)
ROOT 500000bd (kind=<JNI global ref>, id=ca, trace=300000)
ROOT 500000bb (kind=<JNI global ref>, id=cb, trace=300000)
ROOT 500000bc (kind=<JNI global ref>, id=cc, trace=300000)
ROOT 500000be (kind=<JNI global ref>, id=cd, trace=300000)
ROOT 500000bf (kind=<JNI global ref>, id=ce, trace=300000)
ROOT 500000c0 (kind=<JNI global ref>, id=cf, trace=300000)
ROOT 500000c2 (kind=<JNI global ref>, id=d0, trace=300000)
ROOT 5000014f (kind=<JNI global ref>, id=d1, trace=300000)
ROOT 500000c3 (kind=<JNI global ref>, id=d2, trace=300000)
ROOT 500000c4 (kind=<JNI global ref>, id=d3, trace=300000)
ROOT 500000c5 (kind=<JNI global ref>, id=d4, trace=300000)
ROOT 500000c6 (kind=<JNI global ref>, id=d5, trace=300000)
ROOT 500000c7 (kind=<JNI global ref>, id=d6, trace=300000)
ROOT 500000c8 (kind=<JNI global ref>, id=d7, trace=300000)
ROOT 500000ca (kind=<JNI global ref>, id=d8, trace=300000)
ROOT 500000cc (kind=<JNI global ref>, id=d9, trace=300000)
ROOT 500000cd (kind=<JNI global ref>, id=da, trace=300000)
ROOT 500000ce (kind=<JNI global ref>, id=db, trace=300000)
ROOT 500000cf (kind=<JNI global ref>, id=dc, trace=300000)
ROOT 500000d0 (kind=<JNI global ref>, id=dd, trace=300000)
ROOT 50000160 (kind=<JNI global ref>, id=de, trace=300000)
ROOT 500000d1 (kind=<JNI global ref>, id=df, trace=300000)
ROOT 500000d2 (kind=<JNI global ref>, id=e0, trace=300000)
ROOT 500000d3 (kind=<JNI global ref>, id=e1, trace=300000)
ROOT 500000d4 (kind=<JNI global ref>, id=e2, trace=300000)
ROOT 500000d5 (kind=<JNI global ref>, id=e3, trace=300000)
ROOT 500000d6 (kind=<JNI global ref>, id=e4, trace=300000)
ROOT 500000d7 (kind=<JNI global ref>, id=e5, trace=300000)
ROOT 50000151 (kind=<JNI global ref>, id=e6, trace=300000)
ROOT 500000d8 (kind=<JNI global ref>, id=e7, trace=300000)
ROOT 500000d9 (kind=<JNI global ref>, id=e8, trace=300000)
ROOT 500000da (kind=<JNI global ref>, id=e9, trace=300000)
ROOT 500000db (kind=<JNI global ref>, id=ea, trace=300000)
ROOT 500000dd (kind=<JNI global ref>, id=eb, trace=300000)
ROOT 500000e9 (kind=<JNI global ref>, id=ec, trace=300000)
ROOT 500000de (kind=<JNI global ref>, id=ed, trace=300000)
ROOT 500000ea (kind=<JNI global ref>, id=ee, trace=300000)
ROOT 500000e0 (kind=<JNI global ref>, id=ef, trace=300000)
ROOT 500000e1 (kind=<JNI global ref>, id=f0, trace=300000)
ROOT 500000e2 (kind=<JNI global ref>, id=f1, trace=300000)
ROOT 500000e3 (kind=<JNI global ref>, id=f2, trace=300000)
ROOT 50000168 (kind=<JNI global ref>, id=f3, trace=300000)
ROOT 500000e4 (kind=<JNI global ref>, id=f4, trace=300000)
ROOT 500000e5 (kind=<JNI global ref>, id=f5, trace=300000)
ROOT 500000e6 (kind=<JNI global ref>, id=f6, trace=300000)
ROOT 500000e7 (kind=<JNI global ref>, id=f7, trace=300000)
ROOT 500000e8 (kind=<JNI global ref>, id=f8, trace=300000)
ROOT 500000eb (kind=<JNI global ref>, id=f9, trace=300000)
ROOT 500000ec (kind=<JNI global ref>, id=fa, trace=300000)
ROOT 500000ed (kind=<JNI global ref>, id=fb, trace=300000)
ROOT 500000ee (kind=<JNI global ref>, id=fc, trace=300000)
ROOT 500000ef (kind=<JNI global ref>, id=fd, trace=300000)
ROOT 500000f0 (kind=<JNI global ref>, id=fe, trace=300000)
ROOT 500000f1 (kind=<JNI global ref>, id=ff, trace=300000)
ROOT 500000f2 (kind=<JNI global ref>, id=100, trace=300000)
ROOT 500000f3 (kind=<JNI global ref>, id=101, trace=300000)
ROOT 500000f6 (kind=<JNI global ref>, id=102, trace=300000)
ROOT 500000f4 (kind=<JNI global ref>, id=103, trace=300000)
ROOT 500000f5 (kind=<JNI global ref>, id=104, trace=300000)
ROOT 500000f7 (kind=<JNI global ref>, id=105, trace=300000)
ROOT 500000f8 (kind=<JNI global ref>, id=106, trace=300000)
ROOT 500000f9 (kind=<JNI global ref>, id=107, trace=300000)
ROOT 500000fa (kind=<JNI global ref>, id=108, trace=300000)
ROOT 500000fb (kind=<JNI global ref>, id=109, trace=300000)
ROOT 500000fc (kind=<JNI global ref>, id=10a, trace=300000)
ROOT 500000fd (kind=<JNI global ref>, id=10b, trace=300000)
ROOT 500000fe (kind=<JNI global ref>, id=10c, trace=300000)
ROOT 500000ff (kind=<JNI global ref>, id=10d, trace=300000)
ROOT 50000100 (kind=<JNI global ref>, id=10e, trace=300000)
ROOT 50000101 (kind=<JNI global ref>, id=10f, trace=300000)
ROOT 50000102 (kind=<JNI global ref>, id=110, trace=300000)
ROOT 50000103 (kind=<JNI global ref>, id=111, trace=300000)
ROOT 50000104 (kind=<JNI global ref>, id=112, trace=300000)
ROOT 50000105 (kind=<JNI global ref>, id=113, trace=300000)
ROOT 50000106 (kind=<JNI global ref>, id=114, trace=300000)
ROOT 50000107 (kind=<JNI global ref>, id=115, trace=300000)
ROOT 50000108 (kind=<JNI global ref>, id=116, trace=300000)
ROOT 50000109 (kind=<JNI global ref>, id=117, trace=300000)
ROOT 5000010a (kind=<JNI global ref>, id=118, trace=300000)
ROOT 5000010b (kind=<JNI global ref>, id=119, trace=300000)
ROOT 5000010c (kind=<JNI global ref>, id=11a, trace=300000)
ROOT 5000010d (kind=<JNI global ref>, id=11b, trace=300000)
ROOT 5000010e (kind=<JNI global ref>, id=11c, trace=300000)
ROOT 5000010f (kind=<JNI global ref>, id=11d, trace=300000)
ROOT 50000110 (kind=<JNI global ref>, id=11e, trace=300000)
ROOT 50000111 (kind=<JNI global ref>, id=11f, trace=300000)
ROOT 50000112 (kind=<JNI global ref>, id=120, trace=300000)
ROOT 50000113 (kind=<JNI global ref>, id=121, trace=300000)
ROOT 50000115 (kind=<JNI global ref>, id=122, trace=300000)
ROOT 50000116 (kind=<JNI global ref>, id=123, trace=300000)
ROOT 50000118 (kind=<JNI global ref>, id=124, trace=300000)
ROOT 50000119 (kind=<JNI global ref>, id=125, trace=300000)
ROOT 5000011a (kind=<JNI global ref>, id=126, trace=300000)
ROOT 5000011f (kind=<JNI global ref>, id=127, trace=300000)
ROOT 5000011b (kind=<JNI global ref>, id=128, trace=300000)
ROOT 5000011c (kind=<JNI global ref>, id=129, trace=300000)
ROOT 5000011d (kind=<JNI global ref>, id=12a, trace=300000)
ROOT 5000011e (kind=<JNI global ref>, id=12b, trace=300000)
ROOT 50000163 (kind=<JNI global ref>, id=12c, trace=300000)
ROOT 50000120 (kind=<JNI global ref>, id=12d, trace=300000)
ROOT 50000121 (kind=<JNI global ref>, id=12e, trace=300000)
ROOT 50000123 (kind=<JNI global ref>, id=12f, trace=300000)
ROOT 50000124 (kind=<JNI global ref>, id=130, trace=300000)
ROOT 50000125 (kind=<JNI global ref>, id=131, trace=300000)
ROOT 50000126 (kind=<JNI global ref>, id=132, trace=300000)
ROOT 50000128 (kind=<JNI global ref>, id=133, trace=300000)
ROOT 50000127 (kind=<JNI global ref>, id=134, trace=300000)
ROOT 50000129 (kind=<JNI global ref>, id=135, trace=300000)
ROOT 5000012a (kind=<JNI global ref>, id=136, trace=300000)
ROOT 5000012d (kind=<JNI global ref>, id=137, trace=300000)
ROOT 5000012b (kind=<JNI global ref>, id=138, trace=300000)
ROOT 5000012c (kind=<JNI global ref>, id=139, trace=300000)
ROOT 5000012e (kind=<JNI global ref>, id=13a, trace=300000)
ROOT 5000012f (kind=<JNI global ref>, id=13b, trace=300000)
ROOT 50000130 (kind=<JNI global ref>, id=13c, trace=300000)
ROOT 50000131 (kind=<JNI global ref>, id=13d, trace=300000)
ROOT 50000132 (kind=<JNI global ref>, id=13e, trace=300000)
ROOT 50000133 (kind=<JNI global ref>, id=13f, trace=300000)
ROOT 50000134 (kind=<JNI global ref>, id=140, trace=300000)
ROOT 50000135 (kind=<JNI global ref>, id=141, trace=300000)
ROOT 50000136 (kind=<JNI global ref>, id=142, trace=300000)
ROOT 50000137 (kind=<JNI global ref>, id=143, trace=300000)
ROOT 50000138 (kind=<JNI global ref>, id=144, trace=300000)
ROOT 50000139 (kind=<JNI global ref>, id=145, trace=300000)
ROOT 50000141 (kind=<JNI global ref>, id=146, trace=300000)
ROOT 5000013a (kind=<JNI global ref>, id=147, trace=300000)
ROOT 5000013b (kind=<JNI global ref>, id=148, trace=300000)
ROOT 5000013c (kind=<JNI global ref>, id=149, trace=300000)
ROOT 5000016d (kind=<JNI global ref>, id=14a, trace=300000)
ROOT 5000013e (kind=<JNI global ref>, id=14b, trace=300000)
ROOT 5000013f (kind=<JNI global ref>, id=14c, trace=300000)
ROOT 50000140 (kind=<JNI global ref>, id=14d, trace=300000)
ROOT 50000142 (kind=<JNI global ref>, id=14e, trace=300000)
ROOT 50000144 (kind=<JNI global ref>, id=14f, trace=300000)
ROOT 50000143 (kind=<JNI global ref>, id=150, trace=300000)
ROOT 50000148 (kind=<JNI global ref>, id=151, trace=300000)
ROOT 50000145 (kind=<JNI global ref>, id=152, trace=300000)
ROOT 50000146 (kind=<JNI global ref>, id=153, trace=300000)
ROOT 50000147 (kind=<JNI global ref>, id=154, trace=300000)
ROOT 50000149 (kind=<JNI global ref>, id=155, trace=300000)
ROOT 5000014a (kind=<JNI global ref>, id=156, trace=300000)
ROOT 5000014b (kind=<JNI global ref>, id=157, trace=300000)
ROOT 5000014c (kind=<JNI global ref>, id=158, trace=300000)
ROOT 5000014d (kind=<JNI global ref>, id=159, trace=300000)
ROOT 5000014e (kind=<JNI global ref>, id=15a, trace=300000)
ROOT 50000150 (kind=<JNI global ref>, id=15b, trace=300000)
ROOT 50000152 (kind=<JNI global ref>, id=15c, trace=300000)
ROOT 50000155 (kind=<JNI global ref>, id=15d, trace=300000)
ROOT 50000153 (kind=<JNI global ref>, id=15e, trace=300000)
ROOT 50000154 (kind=<JNI global ref>, id=15f, trace=300000)
ROOT 50000158 (kind=<JNI global ref>, id=160, trace=300000)
ROOT 50000159 (kind=<JNI global ref>, id=161, trace=300000)
ROOT 5000015a (kind=<JNI global ref>, id=162, trace=300000)
ROOT 5000015c (kind=<JNI global ref>, id=163, trace=300000)
ROOT 5000015b (kind=<JNI global ref>, id=164, trace=300000)
ROOT 5000016a (kind=<JNI global ref>, id=165, trace=300000)
ROOT 5000015d (kind=<JNI global ref>, id=166, trace=300000)
ROOT 5000015e (kind=<JNI global ref>, id=167, trace=300000)
ROOT 5000015f (kind=<JNI global ref>, id=168, trace=300000)
ROOT 50000161 (kind=<JNI global ref>, id=169, trace=300000)
ROOT 50000162 (kind=<JNI global ref>, id=16a, trace=300000)
ROOT 50000164 (kind=<JNI global ref>, id=16b, trace=300000)
ROOT 50000165 (kind=<JNI global ref>, id=16c, trace=300000)
ROOT 50000166 (kind=<JNI global ref>, id=16d, trace=300000)
ROOT 5000016b (kind=<JNI global ref>, id=16e, trace=300000)
ROOT 50000169 (kind=<JNI global ref>, id=16f, trace=300000)
ROOT 5000016c (kind=<JNI global ref>, id=170, trace=300000)
ROOT 5000016e (kind=<JNI global ref>, id=171, trace=300000)
ROOT 5000016f (kind=<JNI global ref>, id=172, trace=300000)
ROOT 50000170 (kind=<JNI global ref>, id=173, trace=300000)
ROOT 50000171 (kind=<JNI global ref>, id=174, trace=300000)
ROOT 50000172 (kind=<JNI global ref>, id=175, trace=300000)
ROOT 50000173 (kind=<JNI global ref>, id=176, trace=300000)
ROOT 50000174 (kind=<JNI global ref>, id=177, trace=300000)
ROOT 50000175 (kind=<JNI global ref>, id=178, trace=300000)
ROOT 50000176 (kind=<JNI global ref>, id=179, trace=300000)
ROOT 50000178 (kind=<JNI global ref>, id=17a, trace=300000)
ROOT 50000179 (kind=<JNI global ref>, id=17b, trace=300000)
ROOT 5000017a (kind=<JNI global ref>, id=17c, trace=300000)
ROOT 5000017b (kind=<JNI global ref>, id=17d, trace=300000)
ROOT 5000017c (kind=<JNI global ref>, id=17e, trace=300000)
ROOT 5000017d (kind=<JNI global ref>, id=17f, trace=300000)
ROOT 5000017e (kind=<JNI global ref>, id=180, trace=300000)
ROOT 5000017f (kind=<JNI global ref>, id=181, trace=300000)
ROOT 50000180 (kind=<JNI global ref>, id=182, trace=300001)
ROOT 50000183 (kind=<JNI global ref>, id=183, trace=300004)
ROOT 5000018c (kind=<JNI global ref>, id=184, trace=300013)
ROOT 5000018d (kind=<JNI global ref>, id=185, trace=300013)
ROOT 5000018f (kind=<JNI global ref>, id=186, trace=300015)
ROOT 50000191 (kind=<JNI global ref>, id=187, trace=300017)
ROOT 50000195 (kind=<JNI global ref>, id=188, trace=300020)
ROOT 50000196 (kind=<JNI global ref>, id=189, trace=300020)
ROOT 50000197 (kind=<JNI global ref>, id=18a, trace=300021)
ROOT 50000198 (kind=<JNI global ref>, id=18b, trace=300022)
ROOT 5000019d (kind=<JNI global ref>, id=18c, trace=300026)
ROOT 5000019f (kind=<JNI global ref>, id=18d, trace=300028)
ROOT 500001a3 (kind=<JNI global ref>, id=18e, trace=300032)
ROOT 500001a5 (kind=<JNI global ref>, id=18f, trace=300034)
ROOT 500001a7 (kind=<JNI global ref>, id=190, trace=300036)
ROOT 500001ae (kind=<JNI global ref>, id=191, trace=300000)
ROOT 500001b9 (kind=<JNI global ref>, id=192, trace=300053)
ROOT 500001c9 (kind=<JNI global ref>, id=193, trace=300063)
ROOT 500001cb (kind=<JNI global ref>, id=194, trace=300065)
ROOT 500001d0 (kind=<JNI global ref>, id=195, trace=300070)
ROOT 500001de (kind=<JNI global ref>, id=196, trace=300084)
ROOT 500001ef (kind=<JNI global ref>, id=197, trace=300101)
ROOT 5000022c (kind=<JNI global ref>, id=198, trace=300156)
ROOT 5000022f (kind=<JNI global ref>, id=199, trace=300000)
ROOT 50000231 (kind=<JNI global ref>, id=19a, trace=300159)
ROOT 5000023d (kind=<JNI global ref>, id=19b, trace=300170)
ROOT 50000241 (kind=<JNI global ref>, id=19c, trace=300174)
ROOT 50000247 (kind=<JNI global ref>, id=19d, trace=300180)
ROOT 50000249 (kind=<JNI global ref>, id=19e, trace=300182)
ROOT 5000024a (kind=<JNI global ref>, id=19f, trace=300182)
ROOT 5000024b (kind=<JNI global ref>, id=1a0, trace=300183)
ROOT 5000024c (kind=<JNI global ref>, id=1a1, trace=300183)
ROOT 5000024d (kind=<JNI global ref>, id=1a2, trace=300184)
ROOT 5000024e (kind=<JNI global ref>, id=1a3, trace=300184)
ROOT 5000036a (kind=<JNI global ref>, id=1a4, trace=300224)
ROOT 5000036c (kind=<JNI global ref>, id=1a5, trace=300226)
ROOT 50000373 (kind=<JNI global ref>, id=1a6, trace=300233)
ROOT 50000374 (kind=<JNI global ref>, id=1a7, trace=300234)
ROOT 50000375 (kind=<JNI global ref>, id=1a8, trace=300234)
ROOT 5000037b (kind=<JNI global ref>, id=1a9, trace=300240)
ROOT 5000037f (kind=<JNI global ref>, id=1aa, trace=300244)
ROOT 5000038a (kind=<JNI global ref>, id=1ab, trace=300255)
ROOT 500003a0 (kind=<JNI global ref>, id=1ac, trace=300277)
ROOT 500003b2 (kind=<JNI global ref>, id=1ad, trace=300291)
ROOT 500003c4 (kind=<JNI global ref>, id=1ae, trace=300305)
ROOT 500003d4 (kind=<JNI global ref>, id=1af, trace=300317)
ROOT 500003d5 (kind=<JNI global ref>, id=1b0, trace=300317)
ROOT 500003d6 (kind=<JNI global ref>, id=1b1, trace=300317)
ROOT 500003d9 (kind=<JNI global ref>, id=1b2, trace=300320)
ROOT 500003e1 (kind=<JNI global ref>, id=1b3, trace=300328)
ROOT 500003e2 (kind=<JNI global ref>, id=1b4, trace=300328)
ROOT 500003e4 (kind=<JNI global ref>, id=1b5, trace=300330)
ROOT 50000505 (kind=<JNI global ref>, id=1b6, trace=300342)
ROOT 50000537 (kind=<JNI global ref>, id=1b7, trace=300390)
ROOT 50000538 (kind=<JNI global ref>, id=1b8, trace=300390)
ROOT 50000540 (kind=<JNI global ref>, id=1b9, trace=300398)
ROOT 50000548 (kind=<JNI global ref>, id=1ba, trace=300405)
ROOT 50000549 (kind=<JNI global ref>, id=1bb, trace=300406)
ROOT 5000054b (kind=<JNI global ref>, id=1bc, trace=300408)
ROOT 5000054d (kind=<JNI global ref>, id=1bd, trace=300410)
ROOT 5000054f (kind=<JNI global ref>, id=1be, trace=300412)
ROOT 50000550 (kind=<JNI global ref>, id=1bf, trace=300412)
ROOT 50000551 (kind=<JNI global ref>, id=1c0, trace=300412)
ROOT 50000117 (kind=<JNI global ref>, id=1c1, trace=300000)
ROOT 5000054f (kind=<JNI global ref>, id=1c2, trace=300412)
ROOT 50000551 (kind=<JNI global ref>, id=1c3, trace=300412)
ROOT 50000554 (kind=<JNI global ref>, id=1c4, trace=300415)
ROOT 50000555 (kind=<JNI global ref>, id=1c5, trace=300415)
ROOT 50000566 (kind=<JNI global ref>, id=1c6, trace=300432)
ROOT 50000567 (kind=<JNI global ref>, id=1c7, trace=300432)
ROOT 5000058d (kind=<JNI global ref>, id=1c8, trace=300470)
ROOT 5000058e (kind=<JNI global ref>, id=1c9, trace=300470)
ROOT 5000058f (kind=<JNI global ref>, id=1ca, trace=300470)
ROOT 50000594 (kind=<JNI global ref>, id=1cb, trace=300475)
ROOT 50000598 (kind=<JNI global ref>, id=1cc, trace=300479)
ROOT 5000059a (kind=<JNI global ref>, id=1cd, trace=300481)
ROOT 500005b3 (kind=<JNI global ref>, id=1ce, trace=300506)
ROOT 500005c7 (kind=<JNI global ref>, id=1cf, trace=300526)
ROOT 500005c8 (kind=<JNI global ref>, id=1d0, trace=300527)
ROOT 500005ca (kind=<JNI global ref>, id=1d1, trace=300529)
ROOT 500005ff (kind=<JNI global ref>, id=1d2, trace=300582)
ROOT 50000600 (kind=<JNI global ref>, id=1d3, trace=300583)
ROOT 50000602 (kind=<JNI global ref>, id=1d4, trace=300585)
ROOT 50000604 (kind=<JNI global ref>, id=1d5, trace=300587)
ROOT 5000060d (kind=<JNI global ref>, id=1d6, trace=300596)
ROOT 50000622 (kind=<JNI global ref>, id=1d7, trace=300613)
ROOT 50000623 (kind=<JNI global ref>, id=1d8, trace=300614)
ROOT 50000398 (kind=<JNI global ref>, id=1d9, trace=300686)
ROOT 50000399 (kind=<JNI global ref>, id=1da, trace=300687)
ROOT 5000039a (kind=<JNI global ref>, id=1db, trace=300687)
ROOT 5000039e (kind=<JNI global ref>, id=1dc, trace=300691)
ROOT 500003ae (kind=<JNI global ref>, id=1dd, trace=300700)
ROOT 500003b0 (kind=<JNI global ref>, id=1de, trace=300702)
ROOT 500003b1 (kind=<JNI global ref>, id=1df, trace=300702)
ROOT 500003c3 (kind=<JNI global ref>, id=1e0, trace=300712)
ROOT 500003db (kind=<JNI global ref>, id=1e1, trace=300715)
ROOT 5000077f (kind=<JNI global ref>, id=1e2, trace=300756)
ROOT 50000781 (kind=<JNI global ref>, id=1e3, trace=300758)
ROOT 5000078e (kind=<unknown>)
ROOT 5000078f (kind=<unknown>)
ROOT 50000790 (kind=<unknown>)
ROOT 50000791 (kind=<unknown>)
ROOT 50000792 (kind=<unknown>)
ROOT 50000793 (kind=<unknown>)
ROOT 50000794 (kind=<unknown>)
ROOT 50000795 (kind=<unknown>)
ROOT 50000796 (kind=<unknown>)
ROOT 50000797 (kind=<unknown>)
ROOT 50000798 (kind=<unknown>)
ROOT 50000799 (kind=<unknown>)
ROOT 5000079a (kind=<unknown>)
ROOT 5000079b (kind=<unknown>)
ROOT 5000079c (kind=<unknown>)
ROOT 5000079d (kind=<unknown>)
ROOT 5000079e (kind=<unknown>)
ROOT 5000079f (kind=<unknown>)
ROOT 500007a0 (kind=<unknown>)
ROOT 500007a1 (kind=<unknown>)
ROOT 500007a2 (kind=<unknown>)
ROOT 500007a3 (kind=<unknown>)
ROOT 500007a4 (kind=<unknown>)
ROOT 500007a5 (kind=<unknown>)
ROOT 500007a6 (kind=<unknown>)
ROOT 500007a7 (kind=<unknown>)
ROOT 500007a8 (kind=<unknown>)
ROOT 500007a9 (kind=<unknown>)
ROOT 500007aa (kind=<unknown>)
ROOT 500007ab (kind=<unknown>)
ROOT 500007ac (kind=<unknown>)
ROOT 500007ad (kind=<unknown>)
ROOT 500007ae (kind=<unknown>)
ROOT 500007af (kind=<unknown>)
ROOT 500007b0 (kind=<unknown>)
ROOT 500007b1 (kind=<unknown>)
ROOT 500007b2 (kind=<unknown>)
ROOT 500007b3 (kind=<unknown>)
ROOT 500007b4 (kind=<unknown>)
ROOT 500007b5 (kind=<unknown>)
ROOT 500007b6 (kind=<unknown>)
ROOT 500007b7 (kind=<unknown>)
ROOT 500007b8 (kind=<unknown>)
ROOT 500007b9 (kind=<unknown>)
ROOT 500007ba (kind=<unknown>)
ROOT 500007bb (kind=<unknown>)
ROOT 500007bc (kind=<unknown>)
ROOT 500007bd (kind=<unknown>)
ROOT 500007be (kind=<unknown>)
ROOT 500007bf (kind=<unknown>)
ROOT 500007c0 (kind=<unknown>)
ROOT 500007c1 (kind=<unknown>)
ROOT 500007c2 (kind=<unknown>)
ROOT 500007c3 (kind=<unknown>)
ROOT 500007c4 (kind=<unknown>)
ROOT 500007c5 (kind=<unknown>)
ROOT 500007c6 (kind=<unknown>)
ROOT 500007c7 (kind=<unknown>)
ROOT 500007c8 (kind=<unknown>)
ROOT 500007c9 (kind=<unknown>)
ROOT 500007ca (kind=<unknown>)
ROOT 500007cb (kind=<unknown>)
ROOT 500007cc (kind=<unknown>)
ROOT 500007cd (kind=<unknown>)
ROOT 500007ce (kind=<unknown>)
ROOT 500007cf (kind=<unknown>)
ROOT 500007d0 (kind=<unknown>)
ROOT 500007d1 (kind=<unknown>)
ROOT 500007d2 (kind=<unknown>)
ROOT 500007d3 (kind=<unknown>)
ROOT 500007d4 (kind=<unknown>)
ROOT 500007d5 (kind=<unknown>)
ROOT 500007d6 (kind=<unknown>)
ROOT 500007d7 (kind=<unknown>)
ROOT 500007d8 (kind=<unknown>)
ROOT 500007d9 (kind=<unknown>)
ROOT 500007da (kind=<unknown>)
ROOT 500007db (kind=<unknown>)
ROOT 500007dc (kind=<unknown>)
ROOT 500007dd (kind=<unknown>)
ROOT 500007de (kind=<unknown>)
ROOT 500007df (kind=<unknown>)
ROOT 500007e0 (kind=<unknown>)
ROOT 500007e1 (kind=<unknown>)
ROOT 500007e2 (kind=<unknown>)
ROOT 500007e3 (kind=<unknown>)
ROOT 500007e4 (kind=<unknown>)
ROOT 500007e5 (kind=<unknown>)
ROOT 500007e6 (kind=<unknown>)
ROOT 500007e7 (kind=<unknown>)
ROOT 500007e8 (kind=<unknown>)
ROOT 500007e9 (kind=<unknown>)
ROOT 500007ea (kind=<unknown>)
ROOT 500007eb (kind=<unknown>)
ROOT 500007ec (kind=<unknown>)
ROOT 500007ed (kind=<unknown>)
ROOT 500007ee (kind=<unknown>)
ROOT 500007ef (kind=<unknown>)
ROOT 500007f0 (kind=<unknown>)
ROOT 500007f1 (kind=<unknown>)
ROOT 500007f2 (kind=<unknown>)
ROOT 500007f3 (kind=<unknown>)
ROOT 500007f4 (kind=<unknown>)
ROOT 500007f5 (kind=<unknown>)
ROOT 500007f6 (kind=<unknown>)
ROOT 500007f7 (kind=<unknown>)
ROOT 500007f8 (kind=<unknown>)
ROOT 500007f9 (kind=<unknown>)
ROOT 500007fa (kind=<unknown>)
ROOT 500007fb (kind=<unknown>)
ROOT 500007fc (kind=<unknown>)
ROOT 500007fd (kind=<unknown>)
ROOT 500007fe (kind=<unknown>)
ROOT 500007ff (kind=<unknown>)
ROOT 50000800 (kind=<unknown>)
ROOT 50000801 (kind=<unknown>)
ROOT 50000802 (kind=<unknown>)
ROOT 50000803 (kind=<unknown>)
ROOT 50000804 (kind=<unknown>)
ROOT 50000805 (kind=<unknown>)
ROOT 50000806 (kind=<unknown>)
ROOT 50000807 (kind=<unknown>)
ROOT 50000808 (kind=<unknown>)
ROOT 50000809 (kind=<unknown>)
ROOT 5000080a (kind=<unknown>)
ROOT 5000080b (kind=<unknown>)
ROOT 5000080c (kind=<unknown>)
ROOT 5000080d (kind=<unknown>)
ROOT 5000080e (kind=<unknown>)
ROOT 5000080f (kind=<unknown>)
ROOT 50000810 (kind=<unknown>)
ROOT 50000811 (kind=<unknown>)
ROOT 50000812 (kind=<unknown>)
ROOT 50000813 (kind=<unknown>)
ROOT 50000814 (kind=<unknown>)
ROOT 50000815 (kind=<unknown>)
ROOT 50000816 (kind=<unknown>)
ROOT 50000817 (kind=<unknown>)
ROOT 50000818 (kind=<unknown>)
ROOT 50000819 (kind=<unknown>)
ROOT 5000081a (kind=<unknown>)
ROOT 5000081b (kind=<unknown>)
ROOT 5000081c (kind=<unknown>)
ROOT 5000081d (kind=<unknown>)
ROOT 5000081e (kind=<unknown>)
ROOT 5000081f (kind=<unknown>)
ROOT 50000820 (kind=<unknown>)
ROOT 50000821 (kind=<unknown>)
ROOT 50000822 (kind=<unknown>)
ROOT 50000823 (kind=<unknown>)
ROOT 50000824 (kind=<unknown>)
ROOT 50000825 (kind=<unknown>)
ROOT 50000826 (kind=<unknown>)
ROOT 50000827 (kind=<unknown>)
ROOT 50000828 (kind=<unknown>)
ROOT 50000829 (kind=<unknown>)
ROOT 5000082a (kind=<unknown>)
ROOT 5000082b (kind=<unknown>)
ROOT 5000082c (kind=<unknown>)
ROOT 5000082d (kind=<unknown>)
ROOT 5000082e (kind=<unknown>)
ROOT 5000082f (kind=<unknown>)
ROOT 50000830 (kind=<unknown>)
ROOT 50000831 (kind=<unknown>)
ROOT 50000832 (kind=<unknown>)
ROOT 50000833 (kind=<unknown>)
ROOT 50000834 (kind=<unknown>)
ROOT 50000835 (kind=<unknown>)
ROOT 50000836 (kind=<unknown>)
ROOT 50000837 (kind=<unknown>)
ROOT 50000838 (kind=<unknown>)
ROOT 50000839 (kind=<unknown>)
ROOT 5000083a (kind=<unknown>)
ROOT 5000083b (kind=<unknown>)
ROOT 5000083c (kind=<unknown>)
ROOT 5000083d (kind=<unknown>)
ROOT 5000083e (kind=<unknown>)
ROOT 5000083f (kind=<unknown>)
ROOT 50000840 (kind=<unknown>)
ROOT 50000841 (kind=<unknown>)
ROOT 50000842 (kind=<unknown>)
ROOT 50000843 (kind=<unknown>)
ROOT 50000844 (kind=<unknown>)
ROOT 50000845 (kind=<unknown>)
ROOT 50000846 (kind=<unknown>)
ROOT 50000847 (kind=<unknown>)
ROOT 50000848 (kind=<unknown>)
ROOT 50000849 (kind=<unknown>)
ROOT 5000084a (kind=<unknown>)
ROOT 5000084b (kind=<unknown>)
ROOT 5000084c (kind=<unknown>)
ROOT 5000084d (kind=<unknown>)
ROOT 5000084e (kind=<unknown>)
ROOT 5000084f (kind=<unknown>)
ROOT 50000850 (kind=<unknown>)
ROOT 50000851 (kind=<unknown>)
ROOT 50000852 (kind=<unknown>)
ROOT 50000853 (kind=<unknown>)
ROOT 50000854 (kind=<unknown>)
ROOT 50000855 (kind=<unknown>)
ROOT 50000856 (kind=<unknown>)
ROOT 50000857 (kind=<unknown>)
ROOT 50000858 (kind=<unknown>)
ROOT 50000859 (kind=<unknown>)
ROOT 5000085a (kind=<unknown>)
ROOT 50000781 (kind=<system class>, name=java.lang.Shutdown$Lock)
ROOT 5000077f (kind=<system class>, name=java.lang.Shutdown)
ROOT 500003db (kind=<system class>, name=sun.misc.FDBigInteger[])
ROOT 500003c3 (kind=<system class>, name=sun.misc.FDBigInteger)
ROOT 500003c3 (kind=<system class>, name=sun.misc.FDBigInteger)
ROOT 500003b1 (kind=<system class>, name=sun.misc.FloatingDecimal$PreparedASCIIToBinaryBuffer)
ROOT 500003b0 (kind=<system class>, name=sun.misc.FloatingDecimal$ASCIIToBinaryConverter)
ROOT 500003ae (kind=<system class>, name=sun.misc.FloatingDecimal$1)
ROOT 5000039e (kind=<system class>, name=sun.misc.FloatingDecimal$BinaryToASCIIBuffer)
ROOT 5000039a (kind=<system class>, name=sun.misc.FloatingDecimal$ExceptionalBinaryToASCIIBuffer)
ROOT 50000399 (kind=<system class>, name=sun.misc.FloatingDecimal$BinaryToASCIIConverter)
ROOT 50000398 (kind=<system class>, name=sun.misc.FloatingDecimal)
ROOT 50000623 (kind=<system class>, name=java.util.Random)
ROOT 50000622 (kind=<system class>, name=java.lang.Math$RandomNumberGeneratorHolder)
ROOT 5000060d (kind=<system class>, name=java.lang.Void)
ROOT 50000604 (kind=<system class>, name=java.lang.reflect.Method[])
ROOT 50000143 (kind=<system class>, name=java.lang.reflect.Method)
ROOT 50000602 (kind=<system class>, name=java.lang.Class$MethodArray)
ROOT 50000600 (kind=<system class>, name=sun.launcher.LauncherHelper$FXHelper)
ROOT 500005ca (kind=<system class>, name=java.security.BasicPermissionCollection)
ROOT 500005c8 (kind=<system class>, name=java.security.UnresolvedPermission)
ROOT 500005c7 (kind=<system class>, name=java.security.AllPermission)
ROOT 500005b3 (kind=<system class>, name=java.io.FilePermissionCollection)
ROOT 5000059a (kind=<system class>, name=java.io.FilePermission$1)
ROOT 50000598 (kind=<system class>, name=java.io.FilePermission)
ROOT 50000594 (kind=<system class>, name=sun.net.www.MessageHeader)
ROOT 5000058f (kind=<system class>, name=sun.net.www.protocol.file.FileURLConnection)
ROOT 5000058e (kind=<system class>, name=sun.net.www.URLConnection)
ROOT 5000058d (kind=<system class>, name=java.net.URLConnection)
ROOT 50000567 (kind=<system class>, name=java.security.Permissions)
ROOT 50000566 (kind=<system class>, name=java.security.PermissionCollection)
ROOT 50000555 (kind=<system class>, name=java.nio.DirectLongBufferU)
ROOT 50000554 (kind=<system class>, name=java.nio.LongBuffer)
ROOT 50000551 (kind=<system class>, name=java.nio.DirectByteBuffer)
ROOT 50000550 (kind=<system class>, name=java.nio.MappedByteBuffer)
ROOT 5000054f (kind=<system class>, name=sun.nio.ch.DirectBuffer)
ROOT 5000054d (kind=<system class>, name=sun.misc.PerfCounter$CoreCounters)
ROOT 5000054b (kind=<system class>, name=sun.misc.Perf)
ROOT 50000549 (kind=<system class>, name=sun.misc.Perf$GetPerfAction)
ROOT 50000548 (kind=<system class>, name=sun.misc.PerfCounter)
ROOT 50000540 (kind=<system class>, name=sun.nio.ByteBuffered)
ROOT 50000538 (kind=<system class>, name=sun.misc.URLClassPath$FileLoader$1)
ROOT 50000537 (kind=<system class>, name=sun.misc.Resource)
ROOT 50000505 (kind=<system class>, name=sun.misc.URLClassPath$FileLoader)
ROOT 500003e4 (kind=<system class>, name=java.security.PrivilegedActionException)
ROOT 500003e2 (kind=<system class>, name=java.util.zip.ZipException)
ROOT 500003e1 (kind=<system class>, name=java.io.IOException)
ROOT 500003d9 (kind=<system class>, name=java.util.zip.ZipCoder)
ROOT 500003d6 (kind=<system class>, name=java.util.ArrayDeque)
ROOT 500003d5 (kind=<system class>, name=java.util.Deque)
ROOT 500003d4 (kind=<system class>, name=java.util.Queue)
ROOT 500003c4 (kind=<system class>, name=sun.nio.cs.UTF_16)
ROOT 500003b2 (kind=<system class>, name=sun.nio.cs.UTF_16LE)
ROOT 500003a0 (kind=<system class>, name=sun.nio.cs.UTF_16BE)
ROOT 5000038a (kind=<system class>, name=sun.nio.cs.ISO_8859_1)
ROOT 5000037f (kind=<system class>, name=sun.nio.cs.US_ASCII)
ROOT 5000037b (kind=<system class>, name=java.nio.charset.StandardCharsets)
ROOT 50000375 (kind=<system class>, name=java.util.jar.JavaUtilJarAccessImpl)
ROOT 50000374 (kind=<system class>, name=sun.misc.JavaUtilJarAccess)
ROOT 50000373 (kind=<system class>, name=java.util.jar.JarFile)
ROOT 5000036c (kind=<system class>, name=sun.misc.FileURLMapper)
ROOT 5000036a (kind=<system class>, name=sun.misc.URLClassPath$JarLoader$1)
ROOT 5000024e (kind=<system class>, name=java.util.zip.ZipFile$1)
ROOT 5000024d (kind=<system class>, name=sun.misc.JavaUtilZipFileAccess)
ROOT 5000024c (kind=<system class>, name=java.util.zip.ZipFile)
ROOT 5000024b (kind=<system class>, name=java.util.zip.ZipConstants)
ROOT 5000024a (kind=<system class>, name=sun.misc.URLClassPath$JarLoader)
ROOT 50000249 (kind=<system class>, name=sun.misc.URLClassPath$Loader)
ROOT 50000247 (kind=<system class>, name=sun.misc.URLClassPath$3)
ROOT 50000241 (kind=<system class>, name=sun.net.util.URLUtil)
ROOT 5000023d (kind=<system class>, name=java.net.URLClassLoader$1)
ROOT 50000231 (kind=<system class>, name=sun.launcher.LauncherHelper[])
ROOT 5000022f (kind=<system class>, name=sun.launcher.LauncherHelper)
ROOT 5000022f (kind=<system class>, name=sun.launcher.LauncherHelper)
ROOT 5000022c (kind=<system class>, name=java.io.FileOutputStream$1)
ROOT 500001ef (kind=<system class>, name=sun.usagetracker.UsageTrackerClient$3)
ROOT 500001de (kind=<system class>, name=sun.usagetracker.UsageTrackerClient$4)
ROOT 500001d0 (kind=<system class>, name=sun.usagetracker.UsageTrackerClient$1)
ROOT 500001cb (kind=<system class>, name=java.util.concurrent.atomic.AtomicBoolean)
ROOT 500001c9 (kind=<system class>, name=sun.usagetracker.UsageTrackerClient)
ROOT 500001b9 (kind=<system class>, name=sun.misc.PostVMInitHook$1)
ROOT 500001ae (kind=<system class>, name=sun.misc.PostVMInitHook)
ROOT 500001a7 (kind=<system class>, name=java.lang.invoke.MethodHandleStatics$1)
ROOT 500001a5 (kind=<system class>, name=java.lang.invoke.MethodHandleStatics)
ROOT 500001a3 (kind=<system class>, name=java.lang.invoke.MemberName$Factory)
ROOT 5000019f (kind=<system class>, name=java.lang.ClassValue$Version)
ROOT 5000019d (kind=<system class>, name=java.lang.ClassValue$Identity)
ROOT 50000198 (kind=<system class>, name=java.lang.ClassValue$Entry[])
ROOT 50000197 (kind=<system class>, name=java.lang.ClassValue$Entry)
ROOT 50000197 (kind=<system class>, name=java.lang.ClassValue$Entry)
ROOT 50000196 (kind=<system class>, name=java.lang.invoke.MethodHandleImpl$4)
ROOT 50000195 (kind=<system class>, name=java.lang.ClassValue)
ROOT 50000191 (kind=<system class>, name=java.lang.invoke.MethodHandle[])
ROOT 50000134 (kind=<system class>, name=java.lang.invoke.MethodHandle)
ROOT 5000018f (kind=<system class>, name=java.lang.invoke.MethodHandleImpl$3)
ROOT 5000018d (kind=<system class>, name=java.lang.invoke.MethodHandleImpl$2)
ROOT 5000018c (kind=<system class>, name=java.util.function.Function)
ROOT 50000183 (kind=<system class>, name=java.lang.invoke.MethodHandleImpl$1)
ROOT 50000180 (kind=<system class>, name=java.lang.invoke.MethodHandleImpl)
ROOT 50000001 (kind=<system class>, name=java.lang.SystemClassLoaderAction)
ROOT 50000002 (kind=<system class>, name=sun.misc.Launcher$AppClassLoader$1)
ROOT 50000003 (kind=<system class>, name=sun.net.www.protocol.jar.Handler)
ROOT 50000004 (kind=<system class>, name=sun.misc.URLClassPath)
ROOT 50000005 (kind=<system class>, name=java.security.Principal[])
ROOT 50000006 (kind=<system class>, name=java.security.Principal)
ROOT 50000006 (kind=<system class>, name=java.security.Principal)
ROOT 50000007 (kind=<system class>, name=java.security.ProtectionDomain$Key)
ROOT 50000008 (kind=<system class>, name=java.security.ProtectionDomain$2)
ROOT 50000009 (kind=<system class>, name=sun.misc.JavaSecurityProtectionDomainAccess)
ROOT 5000000a (kind=<system class>, name=java.security.ProtectionDomain$JavaSecurityAccessImpl)
ROOT 5000000b (kind=<system class>, name=sun.misc.JavaSecurityAccess)
ROOT 5000000c (kind=<system class>, name=java.net.URL[])
ROOT 5000011e (kind=<system class>, name=java.net.URL)
ROOT 5000000d (kind=<system class>, name=sun.net.util.IPAddressUtil)
ROOT 5000000e (kind=<system class>, name=sun.net.www.protocol.file.Handler)
ROOT 5000000f (kind=<system class>, name=java.net.URLStreamHandler)
ROOT 50000010 (kind=<system class>, name=java.net.Parts)
ROOT 50000011 (kind=<system class>, name=java.lang.CharacterDataLatin1)
ROOT 50000012 (kind=<system class>, name=java.lang.CharacterData)
ROOT 50000013 (kind=<system class>, name=sun.util.locale.LocaleUtils)
ROOT 50000014 (kind=<system class>, name=java.util.Locale$LocaleKey)
ROOT 50000015 (kind=<system class>, name=sun.util.locale.LocaleObjectCache$CacheEntry)
ROOT 50000016 (kind=<system class>, name=sun.util.locale.BaseLocale$Key)
ROOT 50000017 (kind=<system class>, name=sun.util.locale.BaseLocale$Cache)
ROOT 50000018 (kind=<system class>, name=sun.util.locale.BaseLocale)
ROOT 50000019 (kind=<system class>, name=java.util.concurrent.ConcurrentHashMap$EntrySetView)
ROOT 5000001a (kind=<system class>, name=java.util.concurrent.ConcurrentHashMap$ValuesView)
ROOT 5000001b (kind=<system class>, name=java.util.concurrent.ConcurrentHashMap$KeySetView)
ROOT 5000001c (kind=<system class>, name=java.util.concurrent.ConcurrentHashMap$CollectionView)
ROOT 5000001d (kind=<system class>, name=java.util.concurrent.ConcurrentHashMap$CounterCell[])
ROOT 5000001e (kind=<system class>, name=java.util.concurrent.ConcurrentHashMap$CounterCell)
ROOT 5000001e (kind=<system class>, name=java.util.concurrent.ConcurrentHashMap$CounterCell)
ROOT 5000001f (kind=<system class>, name=java.util.concurrent.ConcurrentHashMap$Node[])
ROOT 50000020 (kind=<system class>, name=java.util.concurrent.ConcurrentHashMap$Node)
ROOT 50000020 (kind=<system class>, name=java.util.concurrent.ConcurrentHashMap$Node)
ROOT 50000021 (kind=<system class>, name=java.util.concurrent.ConcurrentHashMap$Segment[])
ROOT 50000024 (kind=<system class>, name=java.util.concurrent.ConcurrentHashMap$Segment)
ROOT 50000022 (kind=<system class>, name=java.util.concurrent.locks.ReentrantLock[])
ROOT 50000025 (kind=<system class>, name=java.util.concurrent.locks.ReentrantLock)
ROOT 50000023 (kind=<system class>, name=java.util.concurrent.locks.Lock[])
ROOT 50000026 (kind=<system class>, name=java.util.concurrent.locks.Lock)
ROOT 50000024 (kind=<system class>, name=java.util.concurrent.ConcurrentHashMap$Segment)
ROOT 50000025 (kind=<system class>, name=java.util.concurrent.locks.ReentrantLock)
ROOT 50000026 (kind=<system class>, name=java.util.concurrent.locks.Lock)
ROOT 50000027 (kind=<system class>, name=java.util.concurrent.ConcurrentHashMap)
ROOT 50000028 (kind=<system class>, name=java.util.concurrent.ConcurrentMap)
ROOT 50000029 (kind=<system class>, name=java.util.Locale$Cache)
ROOT 5000002a (kind=<system class>, name=sun.util.locale.LocaleObjectCache)
ROOT 5000002b (kind=<system class>, name=java.util.Locale)
ROOT 5000002c (kind=<system class>, name=java.util.BitSet)
ROOT 5000002d (kind=<system class>, name=sun.net.www.ParseUtil)
ROOT 5000002e (kind=<system class>, name=java.io.FileInputStream$1)
ROOT 5000002f (kind=<system class>, name=java.util.HashMap$TreeNode)
ROOT 50000030 (kind=<system class>, name=java.lang.reflect.Array)
ROOT 50000031 (kind=<system class>, name=java.nio.charset.CoderResult$2)
ROOT 50000032 (kind=<system class>, name=java.nio.charset.CoderResult$1)
ROOT 50000033 (kind=<system class>, name=java.nio.charset.CoderResult$Cache)
ROOT 50000034 (kind=<system class>, name=java.nio.charset.CoderResult)
ROOT 50000035 (kind=<system class>, name=java.nio.HeapCharBuffer)
ROOT 50000036 (kind=<system class>, name=java.nio.CharBuffer)
ROOT 50000037 (kind=<system class>, name=sun.nio.cs.StreamDecoder)
ROOT 50000038 (kind=<system class>, name=java.io.FileReader)
ROOT 50000039 (kind=<system class>, name=java.io.InputStreamReader)
ROOT 5000003a (kind=<system class>, name=java.io.BufferedReader)
ROOT 5000003b (kind=<system class>, name=java.io.Reader)
ROOT 5000003c (kind=<system class>, name=java.lang.Readable)
ROOT 5000003d (kind=<system class>, name=sun.misc.MetaIndex)
ROOT 5000003e (kind=<system class>, name=java.io.File[])
ROOT 50000120 (kind=<system class>, name=java.io.File)
ROOT 5000003f (kind=<system class>, name=java.util.StringTokenizer)
ROOT 50000040 (kind=<system class>, name=sun.misc.Launcher$ExtClassLoader$1)
ROOT 50000041 (kind=<system class>, name=java.net.URLClassLoader$7)
ROOT 50000042 (kind=<system class>, name=sun.misc.JavaNetAccess)
ROOT 50000043 (kind=<system class>, name=java.util.WeakHashMap$KeySet)
ROOT 50000044 (kind=<system class>, name=java.util.Collections$SetFromMap)
ROOT 50000045 (kind=<system class>, name=java.util.WeakHashMap$Entry[])
ROOT 50000046 (kind=<system class>, name=java.util.WeakHashMap$Entry)
ROOT 50000046 (kind=<system class>, name=java.util.WeakHashMap$Entry)
ROOT 50000047 (kind=<system class>, name=java.lang.ClassLoader$ParallelLoaders)
ROOT 50000048 (kind=<system class>, name=sun.security.util.Debug)
ROOT 50000049 (kind=<system class>, name=sun.misc.Launcher$Factory)
ROOT 5000004a (kind=<system class>, name=java.net.URLStreamHandlerFactory)
ROOT 5000004b (kind=<system class>, name=java.lang.Compiler$1)
ROOT 5000004c (kind=<system class>, name=java.lang.Compiler)
ROOT 5000004d (kind=<system class>, name=java.lang.IllegalArgumentException)
ROOT 5000004e (kind=<system class>, name=java.lang.System$2)
ROOT 5000004f (kind=<system class>, name=sun.misc.JavaLangAccess)
ROOT 50000050 (kind=<system class>, name=sun.misc.OSEnvironment)
ROOT 50000051 (kind=<system class>, name=java.lang.Integer[])
ROOT 5000010f (kind=<system class>, name=java.lang.Integer)
ROOT 50000052 (kind=<system class>, name=java.lang.Number[])
ROOT 50000114 (kind=<system class>, name=java.lang.Number)
ROOT 50000053 (kind=<system class>, name=java.lang.Integer$IntegerCache)
ROOT 50000054 (kind=<system class>, name=sun.misc.NativeSignalHandler)
ROOT 50000055 (kind=<system class>, name=sun.misc.Signal)
ROOT 50000056 (kind=<system class>, name=java.lang.Terminator$1)
ROOT 50000057 (kind=<system class>, name=sun.misc.SignalHandler)
ROOT 50000058 (kind=<system class>, name=java.lang.Terminator)
ROOT 50000059 (kind=<system class>, name=java.lang.ClassLoader$NativeLibrary)
ROOT 5000005a (kind=<system class>, name=java.util.LinkedHashMap$Entry)
ROOT 5000005b (kind=<system class>, name=java.io.ExpiringCache$Entry)
ROOT 5000005c (kind=<system class>, name=java.io.File$PathStatus[])
ROOT 50000062 (kind=<system class>, name=java.io.File$PathStatus)
ROOT 5000005d (kind=<system class>, name=java.lang.Enum[])
ROOT 50000063 (kind=<system class>, name=java.lang.Enum)
ROOT 5000005e (kind=<system class>, name=java.lang.ClassLoader$3)
ROOT 5000005f (kind=<system class>, name=java.lang.StringCoding$StringEncoder)
ROOT 50000060 (kind=<system class>, name=java.nio.file.Path)
ROOT 50000061 (kind=<system class>, name=java.nio.file.Watchable)
ROOT 50000062 (kind=<system class>, name=java.io.File$PathStatus)
ROOT 50000063 (kind=<system class>, name=java.lang.Enum)
ROOT 50000064 (kind=<system class>, name=java.io.ExpiringCache$1)
ROOT 50000065 (kind=<system class>, name=java.util.LinkedHashMap)
ROOT 50000066 (kind=<system class>, name=java.io.ExpiringCache)
ROOT 50000067 (kind=<system class>, name=java.io.UnixFileSystem)
ROOT 50000068 (kind=<system class>, name=java.io.FileSystem)
ROOT 50000069 (kind=<system class>, name=java.io.DefaultFileSystem)
ROOT 5000006a (kind=<system class>, name=java.io.BufferedWriter)
ROOT 5000006b (kind=<system class>, name=java.nio.Bits$1)
ROOT 5000006c (kind=<system class>, name=sun.misc.JavaNioAccess)
ROOT 5000006d (kind=<system class>, name=java.util.concurrent.atomic.AtomicLong)
ROOT 5000006e (kind=<system class>, name=java.nio.ByteOrder)
ROOT 5000006f (kind=<system class>, name=java.nio.Bits)
ROOT 50000070 (kind=<system class>, name=java.nio.HeapByteBuffer)
ROOT 50000071 (kind=<system class>, name=java.nio.ByteBuffer)
ROOT 50000072 (kind=<system class>, name=sun.nio.cs.UTF_8$Encoder)
ROOT 50000073 (kind=<system class>, name=java.nio.charset.CharsetEncoder)
ROOT 50000074 (kind=<system class>, name=sun.nio.cs.ArrayEncoder)
ROOT 50000075 (kind=<system class>, name=sun.security.action.GetPropertyAction)
ROOT 50000076 (kind=<system class>, name=sun.nio.cs.StreamEncoder)
ROOT 50000077 (kind=<system class>, name=java.io.OutputStreamWriter)
ROOT 50000078 (kind=<system class>, name=java.io.Writer)
ROOT 50000079 (kind=<system class>, name=java.io.BufferedOutputStream)
ROOT 5000007a (kind=<system class>, name=java.io.PrintStream)
ROOT 5000007b (kind=<system class>, name=java.io.FilterOutputStream)
ROOT 5000007c (kind=<system class>, name=sun.reflect.misc.ReflectUtil)
ROOT 5000007d (kind=<system class>, name=java.util.concurrent.atomic.AtomicReferenceFieldUpdater$AtomicReferenceFieldUpdaterImpl$1)
ROOT 5000007e (kind=<system class>, name=java.security.PrivilegedExceptionAction)
ROOT 5000007f (kind=<system class>, name=java.util.concurrent.atomic.AtomicReferenceFieldUpdater$AtomicReferenceFieldUpdaterImpl)
ROOT 50000080 (kind=<system class>, name=java.util.concurrent.atomic.AtomicReferenceFieldUpdater)
ROOT 50000081 (kind=<system class>, name=java.io.BufferedInputStream)
ROOT 50000082 (kind=<system class>, name=java.io.FilterInputStream)
ROOT 50000083 (kind=<system class>, name=java.io.FileOutputStream)
ROOT 50000084 (kind=<system class>, name=java.io.OutputStream)
ROOT 50000085 (kind=<system class>, name=java.io.Flushable)
ROOT 50000086 (kind=<system class>, name=java.io.FileDescriptor$1)
ROOT 50000087 (kind=<system class>, name=sun.misc.JavaIOFileDescriptorAccess)
ROOT 50000088 (kind=<system class>, name=java.io.FileDescriptor)
ROOT 50000089 (kind=<system class>, name=java.io.FileInputStream)
ROOT 5000008a (kind=<system class>, name=sun.misc.Version)
ROOT 5000008b (kind=<system class>, name=java.lang.Runtime)
ROOT 5000008c (kind=<system class>, name=java.util.Hashtable$Enumerator)
ROOT 5000008d (kind=<system class>, name=java.util.Iterator)
ROOT 5000008e (kind=<system class>, name=java.util.Enumeration)
ROOT 5000008f (kind=<system class>, name=java.util.Objects)
ROOT 50000090 (kind=<system class>, name=java.util.Collections$SynchronizedSet)
ROOT 50000091 (kind=<system class>, name=java.util.Collections$SynchronizedCollection)
ROOT 50000092 (kind=<system class>, name=java.util.Hashtable$EntrySet)
ROOT 50000093 (kind=<system class>, name=java.nio.charset.CodingErrorAction)
ROOT 50000094 (kind=<system class>, name=sun.nio.cs.UTF_8$Decoder)
ROOT 50000095 (kind=<system class>, name=java.nio.charset.CharsetDecoder)
ROOT 50000096 (kind=<system class>, name=sun.nio.cs.ArrayDecoder)
ROOT 50000097 (kind=<system class>, name=java.lang.StringCoding$StringDecoder)
ROOT 50000098 (kind=<system class>, name=java.lang.ThreadLocal$ThreadLocalMap$Entry[])
ROOT 5000009b (kind=<system class>, name=java.lang.ThreadLocal$ThreadLocalMap$Entry)
ROOT 50000099 (kind=<system class>, name=java.lang.ref.WeakReference[])
ROOT 50000156 (kind=<system class>, name=java.lang.ref.WeakReference)
ROOT 5000009a (kind=<system class>, name=java.lang.ref.Reference[])
ROOT 50000158 (kind=<system class>, name=java.lang.ref.Reference)
ROOT 5000009b (kind=<system class>, name=java.lang.ThreadLocal$ThreadLocalMap$Entry)
ROOT 5000009c (kind=<system class>, name=java.lang.ThreadLocal$ThreadLocalMap)
ROOT 5000009d (kind=<system class>, name=java.lang.StringCoding)
ROOT 5000009e (kind=<system class>, name=sun.reflect.DelegatingConstructorAccessorImpl)
ROOT 5000009f (kind=<system class>, name=sun.reflect.NativeConstructorAccessorImpl)
ROOT 500000a0 (kind=<system class>, name=sun.reflect.ReflectionFactory$1)
ROOT 500000a1 (kind=<system class>, name=java.lang.Class$1)
ROOT 500000a2 (kind=<system class>, name=java.lang.reflect.Constructor[])
ROOT 50000142 (kind=<system class>, name=java.lang.reflect.Constructor)
ROOT 500000a3 (kind=<system class>, name=java.lang.reflect.Executable[])
ROOT 50000144 (kind=<system class>, name=java.lang.reflect.Executable)
ROOT 500000a4 (kind=<system class>, name=sun.nio.cs.UTF_8)
ROOT 500000a5 (kind=<system class>, name=sun.nio.cs.Unicode)
ROOT 500000a6 (kind=<system class>, name=sun.nio.cs.HistoricallyNamedCharset)
ROOT 500000a7 (kind=<system class>, name=java.util.Arrays)
ROOT 500000a8 (kind=<system class>, name=java.lang.reflect.ReflectAccess)
ROOT 500000a9 (kind=<system class>, name=sun.reflect.LangReflectAccess)
ROOT 500000aa (kind=<system class>, name=java.lang.reflect.Modifier)
ROOT 500000ab (kind=<system class>, name=java.lang.ClassValue$ClassValueMap)
ROOT 500000ac (kind=<system class>, name=java.util.WeakHashMap)
ROOT 500000ad (kind=<system class>, name=sun.reflect.annotation.AnnotationType)
ROOT 500000ae (kind=<system class>, name=java.lang.Class$AnnotationData)
ROOT 500000af (kind=<system class>, name=sun.reflect.generics.repository.ClassRepository)
ROOT 500000b0 (kind=<system class>, name=sun.reflect.generics.repository.GenericDeclRepository)
ROOT 500000b1 (kind=<system class>, name=sun.reflect.generics.repository.AbstractRepository)
ROOT 500000b2 (kind=<system class>, name=java.lang.reflect.Field[])
ROOT 50000146 (kind=<system class>, name=java.lang.reflect.Field)
ROOT 500000b3 (kind=<system class>, name=java.lang.reflect.Member[])
ROOT 50000147 (kind=<system class>, name=java.lang.reflect.Member)
ROOT 500000b4 (kind=<system class>, name=java.lang.reflect.AccessibleObject[])
ROOT 50000148 (kind=<system class>, name=java.lang.reflect.AccessibleObject)
ROOT 500000b5 (kind=<system class>, name=java.lang.Class$Atomic)
ROOT 500000b6 (kind=<system class>, name=java.lang.Class$ReflectionData)
ROOT 500000b7 (kind=<system class>, name=java.lang.Class$3)
ROOT 500000b8 (kind=<system class>, name=java.util.concurrent.atomic.AtomicInteger)
ROOT 500000b9 (kind=<system class>, name=java.lang.ThreadLocal)
ROOT 500000ba (kind=<system class>, name=sun.nio.cs.StandardCharsets$Cache)
ROOT 500000bb (kind=<system class>, name=sun.nio.cs.StandardCharsets$Classes)
ROOT 500000bc (kind=<system class>, name=sun.nio.cs.StandardCharsets$Aliases)
ROOT 500000bd (kind=<system class>, name=sun.util.PreHashedMap)
ROOT 500000be (kind=<system class>, name=sun.nio.cs.StandardCharsets)
ROOT 500000bf (kind=<system class>, name=sun.nio.cs.FastCharsetProvider)
ROOT 500000c0 (kind=<system class>, name=java.nio.charset.spi.CharsetProvider)
ROOT 500000c1 (kind=<system class>, name=java.nio.charset.Charset)
ROOT 500000c2 (kind=<system class>, name=java.lang.ref.Finalizer$FinalizerThread)
ROOT 500000c3 (kind=<system class>, name=java.lang.Math)
ROOT 500000c4 (kind=<system class>, name=java.util.Hashtable$Entry[])
ROOT 500000c5 (kind=<system class>, name=java.util.Hashtable$Entry)
ROOT 500000c5 (kind=<system class>, name=java.util.Hashtable$Entry)
ROOT 500000c6 (kind=<system class>, name=sun.misc.VM)
ROOT 500000c7 (kind=<system class>, name=java.util.HashMap$Node[])
ROOT 500000c9 (kind=<system class>, name=java.util.HashMap$Node)
ROOT 500000c8 (kind=<system class>, name=java.util.Map$Entry[])
ROOT 500000ca (kind=<system class>, name=java.util.Map$Entry)
ROOT 500000c9 (kind=<system class>, name=java.util.HashMap$Node)
ROOT 500000ca (kind=<system class>, name=java.util.Map$Entry)
ROOT 500000cb (kind=<system class>, name=java.util.HashMap)
ROOT 500000cc (kind=<system class>, name=sun.reflect.Reflection)
ROOT 500000cd (kind=<system class>, name=java.lang.String[])
ROOT 50000173 (kind=<system class>, name=java.lang.String)
ROOT 500000ce (kind=<system class>, name=java.lang.CharSequence[])
ROOT 50000174 (kind=<system class>, name=java.lang.CharSequence)
ROOT 500000cf (kind=<system class>, name=java.lang.NoSuchMethodError)
ROOT 500000d0 (kind=<system class>, name=java.lang.IncompatibleClassChangeError)
ROOT 500000d1 (kind=<system class>, name=sun.misc.SharedSecrets)
ROOT 500000d2 (kind=<system class>, name=java.lang.ref.Reference$1)
ROOT 500000d3 (kind=<system class>, name=sun.misc.JavaLangRefAccess)
ROOT 500000d4 (kind=<system class>, name=java.lang.Thread[])
ROOT 5000014f (kind=<system class>, name=java.lang.Thread)
ROOT 500000d5 (kind=<system class>, name=java.lang.Runnable[])
ROOT 50000150 (kind=<system class>, name=java.lang.Runnable)
ROOT 500000d6 (kind=<system class>, name=java.lang.ref.ReferenceQueue$Lock)
ROOT 500000d7 (kind=<system class>, name=java.lang.ref.ReferenceQueue$Null)
ROOT 500000d8 (kind=<system class>, name=java.util.Collections$UnmodifiableRandomAccessList)
ROOT 500000d9 (kind=<system class>, name=java.util.Collections$UnmodifiableList)
ROOT 500000da (kind=<system class>, name=java.util.Collections$UnmodifiableCollection)
ROOT 500000db (kind=<system class>, name=java.util.Collections$EmptyMap)
ROOT 500000dc (kind=<system class>, name=java.util.AbstractMap)
ROOT 500000dd (kind=<system class>, name=java.util.Collections$EmptyList)
ROOT 500000de (kind=<system class>, name=java.util.Collections$EmptySet)
ROOT 500000df (kind=<system class>, name=java.util.AbstractSet)
ROOT 500000e0 (kind=<system class>, name=java.util.Set)
ROOT 500000e1 (kind=<system class>, name=java.util.Collections)
ROOT 500000e2 (kind=<system class>, name=java.util.ArrayList)
ROOT 500000e3 (kind=<system class>, name=java.lang.InterruptedException)
ROOT 500000e4 (kind=<system class>, name=java.lang.ref.Reference$ReferenceHandler)
ROOT 500000e5 (kind=<system class>, name=java.lang.ref.Reference$Lock)
ROOT 500000e6 (kind=<system class>, name=sun.reflect.ReflectionFactory)
ROOT 500000e7 (kind=<system class>, name=java.util.Stack)
ROOT 500000e8 (kind=<system class>, name=java.util.Vector)
ROOT 500000e9 (kind=<system class>, name=java.util.AbstractList)
ROOT 500000ea (kind=<system class>, name=java.util.AbstractCollection)
ROOT 500000eb (kind=<system class>, name=java.util.RandomAccess)
ROOT 500000ec (kind=<system class>, name=java.util.List)
ROOT 500000ed (kind=<system class>, name=java.util.Collection)
ROOT 500000ee (kind=<system class>, name=java.lang.Iterable)
ROOT 500000ef (kind=<system class>, name=java.security.cert.Certificate[])
ROOT 500000f0 (kind=<system class>, name=java.security.cert.Certificate)
ROOT 500000f0 (kind=<system class>, name=java.security.cert.Certificate)
ROOT 500000f1 (kind=<system class>, name=sun.reflect.ReflectionFactory$GetReflectionFactoryAction)
ROOT 500000f2 (kind=<system class>, name=java.security.PrivilegedAction)
ROOT 500000f3 (kind=<system class>, name=java.lang.reflect.ReflectPermission)
ROOT 500000f4 (kind=<system class>, name=java.security.AccessController)
ROOT 500000f5 (kind=<system class>, name=java.lang.RuntimePermission)
ROOT 500000f6 (kind=<system class>, name=java.security.BasicPermission)
ROOT 500000f7 (kind=<system class>, name=java.security.Permission)
ROOT 500000f8 (kind=<system class>, name=java.security.Guard)
ROOT 500000f9 (kind=<system class>, name=java.lang.StackTraceElement[])
ROOT 50000118 (kind=<system class>, name=java.lang.StackTraceElement)
ROOT 500000fa (kind=<system class>, name=java.lang.ThreadGroup[])
ROOT 5000014d (kind=<system class>, name=java.lang.ThreadGroup)
ROOT 500000fb (kind=<system class>, name=java.lang.Thread$UncaughtExceptionHandler[])
ROOT 5000014e (kind=<system class>, name=java.lang.Thread$UncaughtExceptionHandler)
ROOT 500000fc (kind=<system class>, name=com.sun.demo.jvmti.hprof.Tracker)
ROOT 500000fd (kind=<system class>, name=java.lang.String$CaseInsensitiveComparator)
ROOT 500000fe (kind=<system class>, name=java.util.Comparator)
ROOT 500000ff (kind=<system class>, name=java.io.ObjectStreamField[])
ROOT 50000101 (kind=<system class>, name=java.io.ObjectStreamField)
ROOT 50000100 (kind=<system class>, name=java.lang.Comparable[])
ROOT 50000175 (kind=<system class>, name=java.lang.Comparable)
ROOT 50000101 (kind=<system class>, name=java.io.ObjectStreamField)
ROOT 50000102 (kind=<system class>, name=java.lang.OutOfMemoryError[])
ROOT 5000015b (kind=<system class>, name=java.lang.OutOfMemoryError)
ROOT 50000103 (kind=<system class>, name=java.lang.VirtualMachineError[])
ROOT 5000015c (kind=<system class>, name=java.lang.VirtualMachineError)
ROOT 50000104 (kind=<system class>, name=java.lang.Error[])
ROOT 5000016a (kind=<system class>, name=java.lang.Error)
ROOT 50000105 (kind=<system class>, name=java.lang.Throwable[])
ROOT 5000016b (kind=<system class>, name=java.lang.Throwable)
ROOT 50000106 (kind=<system class>, name=java.lang.ArithmeticException)
ROOT 50000107 (kind=<system class>, name=java.lang.NullPointerException)
ROOT 50000108 (kind=<system class>, name=java.lang.Class[])
ROOT 5000016f (kind=<system class>, name=java.lang.Class)
ROOT 50000109 (kind=<system class>, name=java.io.Serializable[])
ROOT 50000176 (kind=<system class>, name=java.io.Serializable)
ROOT 5000010a (kind=<system class>, name=java.lang.reflect.GenericDeclaration[])
ROOT 50000171 (kind=<system class>, name=java.lang.reflect.GenericDeclaration)
ROOT 5000010b (kind=<system class>, name=java.lang.reflect.AnnotatedElement[])
ROOT 50000172 (kind=<system class>, name=java.lang.reflect.AnnotatedElement)
ROOT 5000010c (kind=<system class>, name=java.lang.reflect.Type[])
ROOT 50000170 (kind=<system class>, name=java.lang.reflect.Type)
ROOT 5000010d (kind=<system class>, name=java.lang.Object[])
ROOT 50000177 (kind=<system class>, name=java.lang.Object)
ROOT 5000010e (kind=<system class>, name=java.lang.Long)
ROOT 5000010f (kind=<system class>, name=java.lang.Integer)
ROOT 50000110 (kind=<system class>, name=java.lang.Short)
ROOT 50000111 (kind=<system class>, name=java.lang.Byte)
ROOT 50000112 (kind=<system class>, name=java.lang.Double)
ROOT 50000113 (kind=<system class>, name=java.lang.Float)
ROOT 50000114 (kind=<system class>, name=java.lang.Number)
ROOT 50000115 (kind=<system class>, name=java.lang.Character)
ROOT 50000116 (kind=<system class>, name=java.lang.Boolean)
ROOT 50000117 (kind=<system class>, name=java.nio.Buffer)
ROOT 50000118 (kind=<system class>, name=java.lang.StackTraceElement)
ROOT 50000119 (kind=<system class>, name=java.security.CodeSource)
ROOT 5000011a (kind=<system class>, name=sun.misc.Launcher$ExtClassLoader)
ROOT 5000011b (kind=<system class>, name=sun.misc.Launcher$AppClassLoader)
ROOT 5000011c (kind=<system class>, name=sun.misc.Launcher)
ROOT 5000011d (kind=<system class>, name=java.util.jar.Manifest)
ROOT 5000011e (kind=<system class>, name=java.net.URL)
ROOT 5000011f (kind=<system class>, name=java.net.URLClassLoader)
ROOT 50000120 (kind=<system class>, name=java.io.File)
ROOT 50000121 (kind=<system class>, name=java.io.ByteArrayInputStream)
ROOT 50000122 (kind=<system class>, name=java.io.InputStream)
ROOT 50000123 (kind=<system class>, name=java.io.Closeable)
ROOT 50000124 (kind=<system class>, name=java.lang.AutoCloseable)
ROOT 50000125 (kind=<system class>, name=sun.misc.Unsafe)
ROOT 50000126 (kind=<system class>, name=java.lang.StringBuilder)
ROOT 50000127 (kind=<system class>, name=java.lang.StringBuffer)
ROOT 50000128 (kind=<system class>, name=java.lang.AbstractStringBuilder)
ROOT 50000129 (kind=<system class>, name=java.lang.Appendable)
ROOT 5000012a (kind=<system class>, name=java.lang.invoke.VolatileCallSite)
ROOT 5000012b (kind=<system class>, name=java.lang.invoke.MutableCallSite)
ROOT 5000012c (kind=<system class>, name=java.lang.invoke.ConstantCallSite)
ROOT 5000012d (kind=<system class>, name=java.lang.invoke.CallSite)
ROOT 5000012e (kind=<system class>, name=java.lang.BootstrapMethodError)
ROOT 5000012f (kind=<system class>, name=java.lang.invoke.MethodType)
ROOT 50000130 (kind=<system class>, name=java.lang.invoke.LambdaForm)
ROOT 50000131 (kind=<system class>, name=java.lang.invoke.MethodHandleNatives)
ROOT 50000132 (kind=<system class>, name=java.lang.invoke.MemberName)
ROOT 50000133 (kind=<system class>, name=java.lang.invoke.DirectMethodHandle)
ROOT 50000134 (kind=<system class>, name=java.lang.invoke.MethodHandle)
ROOT 50000135 (kind=<system class>, name=sun.reflect.CallerSensitive)
ROOT 50000136 (kind=<system class>, name=java.lang.annotation.Annotation)
ROOT 50000137 (kind=<system class>, name=sun.reflect.UnsafeStaticFieldAccessorImpl)
ROOT 50000138 (kind=<system class>, name=sun.reflect.UnsafeFieldAccessorImpl)
ROOT 50000139 (kind=<system class>, name=sun.reflect.FieldAccessorImpl)
ROOT 5000013a (kind=<system class>, name=sun.reflect.FieldAccessor)
ROOT 5000013b (kind=<system class>, name=sun.reflect.ConstantPool)
ROOT 5000013c (kind=<system class>, name=sun.reflect.DelegatingClassLoader)
ROOT 5000013d (kind=<system class>, name=sun.reflect.ConstructorAccessorImpl)
ROOT 5000013e (kind=<system class>, name=sun.reflect.ConstructorAccessor)
ROOT 5000013f (kind=<system class>, name=sun.reflect.MethodAccessorImpl)
ROOT 50000140 (kind=<system class>, name=sun.reflect.MethodAccessor)
ROOT 50000141 (kind=<system class>, name=sun.reflect.MagicAccessorImpl)
ROOT 50000142 (kind=<system class>, name=java.lang.reflect.Constructor)
ROOT 50000143 (kind=<system class>, name=java.lang.reflect.Method)
ROOT 50000144 (kind=<system class>, name=java.lang.reflect.Executable)
ROOT 50000145 (kind=<system class>, name=java.lang.reflect.Parameter)
ROOT 50000146 (kind=<system class>, name=java.lang.reflect.Field)
ROOT 50000147 (kind=<system class>, name=java.lang.reflect.Member)
ROOT 50000148 (kind=<system class>, name=java.lang.reflect.AccessibleObject)
ROOT 50000149 (kind=<system class>, name=java.util.Properties)
ROOT 5000014a (kind=<system class>, name=java.util.Hashtable)
ROOT 5000014b (kind=<system class>, name=java.util.Dictionary)
ROOT 5000014c (kind=<system class>, name=java.util.Map)
ROOT 5000014d (kind=<system class>, name=java.lang.ThreadGroup)
ROOT 5000014e (kind=<system class>, name=java.lang.Thread$UncaughtExceptionHandler)
ROOT 5000014f (kind=<system class>, name=java.lang.Thread)
ROOT 50000150 (kind=<system class>, name=java.lang.Runnable)
ROOT 50000151 (kind=<system class>, name=java.lang.ref.ReferenceQueue)
ROOT 50000152 (kind=<system class>, name=java.lang.ref.Finalizer)
ROOT 50000153 (kind=<system class>, name=sun.misc.Cleaner)
ROOT 50000154 (kind=<system class>, name=java.lang.ref.PhantomReference)
ROOT 50000155 (kind=<system class>, name=java.lang.ref.FinalReference)
ROOT 50000156 (kind=<system class>, name=java.lang.ref.WeakReference)
ROOT 50000157 (kind=<system class>, name=java.lang.ref.SoftReference)
ROOT 50000158 (kind=<system class>, name=java.lang.ref.Reference)
ROOT 50000159 (kind=<system class>, name=java.lang.IllegalMonitorStateException)
ROOT 5000015a (kind=<system class>, name=java.lang.StackOverflowError)
ROOT 5000015b (kind=<system class>, name=java.lang.OutOfMemoryError)
ROOT 5000015c (kind=<system class>, name=java.lang.VirtualMachineError)
ROOT 5000015d (kind=<system class>, name=java.lang.ArrayStoreException)
ROOT 5000015e (kind=<system class>, name=java.lang.ClassCastException)
ROOT 5000015f (kind=<system class>, name=java.lang.NoClassDefFoundError)
ROOT 50000160 (kind=<system class>, name=java.lang.LinkageError)
ROOT 50000161 (kind=<system class>, name=java.lang.ClassNotFoundException)
ROOT 50000162 (kind=<system class>, name=java.lang.ReflectiveOperationException)
ROOT 50000163 (kind=<system class>, name=java.security.SecureClassLoader)
ROOT 50000164 (kind=<system class>, name=java.security.AccessControlContext)
ROOT 50000165 (kind=<system class>, name=java.security.ProtectionDomain)
ROOT 50000166 (kind=<system class>, name=java.lang.SecurityManager)
ROOT 50000167 (kind=<system class>, name=java.lang.RuntimeException)
ROOT 50000168 (kind=<system class>, name=java.lang.Exception)
ROOT 50000169 (kind=<system class>, name=java.lang.ThreadDeath)
ROOT 5000016a (kind=<system class>, name=java.lang.Error)
ROOT 5000016b (kind=<system class>, name=java.lang.Throwable)
ROOT 5000016c (kind=<system class>, name=java.lang.System)
ROOT 5000016d (kind=<system class>, name=java.lang.ClassLoader)
ROOT 5000016e (kind=<system class>, name=java.lang.Cloneable)
ROOT 5000016f (kind=<system class>, name=java.lang.Class)
ROOT 50000170 (kind=<system class>, name=java.lang.reflect.Type)
ROOT 50000171 (kind=<system class>, name=java.lang.reflect.GenericDeclaration)
ROOT 50000172 (kind=<system class>, name=java.lang.reflect.AnnotatedElement)
ROOT 50000173 (kind=<system class>, name=java.lang.String)
ROOT 50000174 (kind=<system class>, name=java.lang.CharSequence)
ROOT 50000175 (kind=<system class>, name=java.lang.Comparable)
ROOT 50000176 (kind=<system class>, name=java.io.Serializable)
ROOT 50000177 (kind=<system class>, name=java.lang.Object)
ROOT 50000178 (kind=<system class>, name=long[])
ROOT 5000085b (kind=<system class>, name=java.lang.Class)
ROOT 50000179 (kind=<system class>, name=int[])
ROOT 5000085c (kind=<system class>, name=java.lang.Class)
ROOT 5000017a (kind=<system class>, name=short[])
ROOT 5000085d (kind=<system class>, name=java.lang.Class)
ROOT 5000017b (kind=<system class>, name=byte[])
ROOT 5000085e (kind=<system class>, name=java.lang.Class)
ROOT 5000017c (kind=<system class>, name=double[])
ROOT 5000085f (kind=<system class>, name=java.lang.Class)
ROOT 5000017d (kind=<system class>, name=float[])
ROOT 50000860 (kind=<system class>, name=java.lang.Class)
ROOT 5000017e (kind=<system class>, name=char[])
ROOT 50000861 (kind=<system class>, name=java.lang.Class)
ROOT 5000017f (kind=<system class>, name=boolean[])
ROOT 50000862 (kind=<system class>, name=java.lang.Class)
ROOT 5000078c (kind=<busy monitor>)
ROOT 50000789 (kind=<busy monitor>)
ROOT 5000085c (kind=<unknown>)
ROOT 50000860 (kind=<unknown>)
ROOT 5000085f (kind=<unknown>)
ROOT 5000085e (kind=<unknown>)
ROOT 50000862 (kind=<unknown>)
ROOT 50000861 (kind=<unknown>)
ROOT 5000085b (kind=<unknown>)
ROOT 5000085d (kind=<unknown>)
ROOT 50000863 (kind=<unknown>)
ROOT 50000862 (kind=<unknown>)
ROOT 50000861 (kind=<unknown>)
ROOT 50000860 (kind=<unknown>)
ROOT 5000085f (kind=<unknown>)
ROOT 5000085e (kind=<unknown>)
ROOT 5000085d (kind=<unknown>)
ROOT 5000085c (kind=<unknown>)
ROOT 5000085b (kind=<unknown>)
ROOT 50000863 (kind=<unknown>)
ROOT 50000864 (kind=<unknown>)
ROOT 50000865 (kind=<unknown>)
ROOT 50000866 (kind=<unknown>)
ROOT 50000867 (kind=<unknown>)
ROOT 50000868 (kind=<unknown>)
ROOT 50000869 (kind=<unknown>)
ROOT 5000086a (kind=<unknown>)
ROOT 5000086b (kind=<unknown>)
ROOT 5000086c (kind=<unknown>)
ROOT 5000086d (kind=<unknown>)
ROOT 5000086e (kind=<unknown>)
ROOT 5000086f (kind=<unknown>)
ROOT 50000870 (kind=<unknown>)
ROOT 50000871 (kind=<unknown>)
ROOT 50000872 (kind=<unknown>)
ROOT 50000873 (kind=<unknown>)
OBJ 50000181 (sz=16, trace=300637, class=Stats@500005ff)
ARR 50000182 (sz=8024, trace=300608, nelems=0, elem type=double[])
OBJ 50000184 (sz=16, trace=300637, class=Stats@500005ff)
ARR 50000185 (sz=8024, trace=300608, nelems=0, elem type=double[])
OBJ 50000186 (sz=16, trace=300637, class=Stats@500005ff)
ARR 50000187 (sz=8024, trace=300608, nelems=0, elem type=double[])
OBJ 50000188 (sz=16, trace=300637, class=Stats@500005ff)
ARR 50000189 (sz=8024, trace=300608, nelems=0, elem type=double[])
OBJ 5000018a (sz=16, trace=300637, class=Stats@500005ff)
ARR 5000018b (sz=8024, trace=300608, nelems=0, elem type=double[])
OBJ 5000018e (sz=16, trace=300014, class=java.lang.invoke.MethodHandleImpl$2@5000018d)
OBJ 50000190 (sz=16, trace=300016, class=java.lang.invoke.MethodHandleImpl$3@5000018f)
ARR 50000192 (sz=24, trace=300017, nelems=0, elem type=java.lang.invoke.MethodHandle[]@50000191)
ARR 50000193 (sz=16, trace=300018, nelems=0, elem type=java.lang.Object[]@5000010d)
ARR 50000194 (sz=1040, trace=300019, nelems=0, elem type=java.lang.invoke.MethodHandle[]@50000191)
ARR 50000199 (sz=24, trace=300022, nelems=0, elem type=java.lang.ClassValue$Entry[]@50000198)
OBJ 5000019a (sz=16, trace=300023, class=java.util.concurrent.atomic.AtomicInteger@500000b8)
OBJ 5000019b (sz=16, trace=300024, class=java.lang.Object@50000177)
OBJ 5000019c (sz=24, trace=300025, class=java.lang.invoke.MethodHandleImpl$4@50000196)
	identity	5000019e
	version		500001a0
OBJ 5000019e (sz=16, trace=300027, class=java.lang.ClassValue$Identity@5000019d)
OBJ 500001a0 (sz=24, trace=300029, class=java.lang.ClassValue$Version@5000019f)
	classValue	5000019c
	promise		500001a2
OBJ 500001a1 (sz=32, trace=300030, class=java.lang.ClassValue$Entry@50000197)
	queue		500008ef
OBJ 500001a2 (sz=32, trace=300031, class=java.lang.ClassValue$Entry@50000197)
	referent	500001a0
	queue		500008ef
	value		500001a2
OBJ 500001a4 (sz=16, trace=300033, class=java.lang.invoke.MemberName$Factory@500001a3)
OBJ 500001a6 (sz=16, trace=300637, class=Stats@500005ff)
ARR 500001a8 (sz=8024, trace=300608, nelems=0, elem type=double[])
OBJ 500001a9 (sz=56, trace=300038, class=java.lang.Class$ReflectionData@500000b6)
OBJ 500001aa (sz=40, trace=300039, class=java.lang.ref.SoftReference@50000157)
OBJ 500001ab (sz=16, trace=300637, class=Stats@500005ff)
OBJ 500001ac (sz=376, trace=300041, class=java.lang.Thread@5000014f)
OBJ 500001ad (sz=16, trace=300042, class=java.lang.Object@50000177)
ARR 500001af (sz=8024, trace=300608, nelems=0, elem type=double[])
OBJ 500001b0 (sz=16, trace=300637, class=Stats@500005ff)
ARR 500001b1 (sz=8024, trace=300608, nelems=0, elem type=double[])
OBJ 500001b2 (sz=16, trace=300637, class=Stats@500005ff)
ARR 500001b3 (sz=8024, trace=300608, nelems=0, elem type=double[])
OBJ 500001b4 (sz=16, trace=300637, class=Stats@500005ff)
ARR 500001b5 (sz=8024, trace=300608, nelems=0, elem type=double[])
OBJ 500001b6 (sz=16, trace=300637, class=Stats@500005ff)
ARR 500001b7 (sz=8024, trace=300608, nelems=0, elem type=double[])
OBJ 500001b8 (sz=16, trace=300637, class=Stats@500005ff)
ARR 500001ba (sz=8024, trace=300608, nelems=0, elem type=double[])
OBJ 500001bb (sz=16, trace=300637, class=Stats@500005ff)
ARR 500001bc (sz=8024, trace=300608, nelems=0, elem type=double[])
OBJ 500001bd (sz=16, trace=300637, class=Stats@500005ff)
ARR 500001be (sz=8024, trace=300608, nelems=0, elem type=double[])
OBJ 500001bf (sz=16, trace=300637, class=Stats@500005ff)
ARR 500001c0 (sz=8024, trace=300608, nelems=0, elem type=double[])
OBJ 500001c1 (sz=16, trace=300637, class=Stats@500005ff)
ARR 500001c2 (sz=8024, trace=300608, nelems=0, elem type=double[])
OBJ 500001c3 (sz=16, trace=300637, class=Stats@500005ff)
ARR 500001c4 (sz=8024, trace=300608, nelems=0, elem type=double[])
OBJ 500001c5 (sz=16, trace=300637, class=Stats@500005ff)
ARR 500001c6 (sz=8024, trace=300608, nelems=0, elem type=double[])
OBJ 500001c7 (sz=16, trace=300637, class=Stats@500005ff)
ARR 500001c8 (sz=8024, trace=300608, nelems=0, elem type=double[])
OBJ 500001ca (sz=16, trace=300064, class=java.lang.Object@50000177)
OBJ 500001cc (sz=56, trace=300066, class=java.lang.Class$ReflectionData@500000b6)
OBJ 500001cd (sz=40, trace=300067, class=java.lang.ref.SoftReference@50000157)
OBJ 500001ce (sz=16, trace=300637, class=Stats@500005ff)
OBJ 500001cf (sz=16, trace=300069, class=java.util.concurrent.atomic.AtomicBoolean@500001cb)
ARR 500001d1 (sz=8024, trace=300608, nelems=0, elem type=double[])
OBJ 500001d2 (sz=16, trace=300637, class=Stats@500005ff)
ARR 500001d3 (sz=8024, trace=300608, nelems=0, elem type=double[])
OBJ 500001d4 (sz=16, trace=300637, class=Stats@500005ff)
ARR 500001d5 (sz=8024, trace=300608, nelems=0, elem type=double[])
OBJ 500001d6 (sz=16, trace=300637, class=Stats@500005ff)
ARR 500001d7 (sz=8024, trace=300608, nelems=0, elem type=double[])
OBJ 500001d8 (sz=16, trace=300637, class=Stats@500005ff)
ARR 500001d9 (sz=8024, trace=300608, nelems=0, elem type=double[])
OBJ 500001da (sz=16, trace=300637, class=Stats@500005ff)
ARR 500001db (sz=8024, trace=300608, nelems=0, elem type=double[])
OBJ 500001dc (sz=16, trace=300637, class=Stats@500005ff)
ARR 500001dd (sz=8024, trace=300608, nelems=0, elem type=double[])
OBJ 500001df (sz=16, trace=300637, class=Stats@500005ff)
ARR 500001e0 (sz=8024, trace=300608, nelems=0, elem type=double[])
OBJ 500001e1 (sz=16, trace=300637, class=Stats@500005ff)
ARR 500001e2 (sz=8024, trace=300608, nelems=0, elem type=double[])
OBJ 500001e3 (sz=16, trace=300637, class=Stats@500005ff)
ARR 500001e4 (sz=8024, trace=300608, nelems=0, elem type=double[])
OBJ 500001e5 (sz=16, trace=300637, class=Stats@500005ff)
ARR 500001e6 (sz=8024, trace=300608, nelems=0, elem type=double[])
OBJ 500001e7 (sz=16, trace=300637, class=Stats@500005ff)
ARR 500001e8 (sz=8024, trace=300608, nelems=0, elem type=double[])
OBJ 500001e9 (sz=16, trace=300637, class=Stats@500005ff)
ARR 500001ea (sz=8024, trace=300608, nelems=0, elem type=double[])
OBJ 500001eb (sz=16, trace=300637, class=Stats@500005ff)
ARR 500001ec (sz=8024, trace=300608, nelems=0, elem type=double[])
OBJ 500001ed (sz=16, trace=300637, class=Stats@500005ff)
ARR 500001ee (sz=8024, trace=300608, nelems=0, elem type=double[])
OBJ 500001f0 (sz=16, trace=300637, class=Stats@500005ff)
ARR 500001f1 (sz=8024, trace=300608, nelems=0, elem type=double[])
OBJ 500001f2 (sz=16, trace=300637, class=Stats@500005ff)
ARR 500001f3 (sz=8024, trace=300608, nelems=0, elem type=double[])
OBJ 500001f4 (sz=16, trace=300637, class=Stats@500005ff)
ARR 500001f5 (sz=8024, trace=300608, nelems=0, elem type=double[])
OBJ 500001f6 (sz=16, trace=300637, class=Stats@500005ff)
ARR 500001f7 (sz=8024, trace=300608, nelems=0, elem type=double[])
OBJ 500001f8 (sz=16, trace=300637, class=Stats@500005ff)
ARR 500001f9 (sz=8024, trace=300608, nelems=0, elem type=double[])
OBJ 500001fa (sz=16, trace=300637, class=Stats@500005ff)
ARR 500001fb (sz=8024, trace=300608, nelems=0, elem type=double[])
OBJ 500001fc (sz=16, trace=300637, class=Stats@500005ff)
ARR 500001fd (sz=8024, trace=300608, nelems=0, elem type=double[])
OBJ 500001fe (sz=16, trace=300637, class=Stats@500005ff)
ARR 500001ff (sz=8024, trace=300608, nelems=0, elem type=double[])
OBJ 50000200 (sz=16, trace=300637, class=Stats@500005ff)
OBJ 50000201 (sz=24, trace=300113, class=java.io.ExpiringCache$Entry@5000005b)
	val		50000a7d
OBJ 50000202 (sz=40, trace=300114, class=java.util.LinkedHashMap$Entry@5000005a)
	key		500009de
	value		50000201
	before		50000a4d
	after		50000513
ARR 50000203 (sz=8024, trace=300608, nelems=0, elem type=double[])
OBJ 50000204 (sz=16, trace=300637, class=Stats@500005ff)
ARR 50000205 (sz=8024, trace=300608, nelems=0, elem type=double[])
OBJ 50000206 (sz=16, trace=300637, class=Stats@500005ff)
ARR 50000207 (sz=8024, trace=300608, nelems=0, elem type=double[])
OBJ 50000208 (sz=16, trace=300637, class=Stats@500005ff)
ARR 50000209 (sz=8024, trace=300608, nelems=0, elem type=double[])
OBJ 5000020a (sz=16, trace=300637, class=Stats@500005ff)
ARR 5000020b (sz=8024, trace=300608, nelems=0, elem type=double[])
OBJ 5000020c (sz=16, trace=300637, class=Stats@500005ff)
ARR 5000020d (sz=8024, trace=300608, nelems=0, elem type=double[])
OBJ 5000020e (sz=16, trace=300637, class=Stats@500005ff)
ARR 5000020f (sz=8024, trace=300608, nelems=0, elem type=double[])
OBJ 50000210 (sz=16, trace=300637, class=Stats@500005ff)
ARR 50000211 (sz=8024, trace=300608, nelems=0, elem type=double[])
OBJ 50000212 (sz=16, trace=300637, class=Stats@500005ff)
ARR 50000213 (sz=8024, trace=300608, nelems=0, elem type=double[])
OBJ 50000214 (sz=16, trace=300637, class=Stats@500005ff)
ARR 50000215 (sz=8024, trace=300608, nelems=0, elem type=double[])
OBJ 50000216 (sz=16, trace=300637, class=Stats@500005ff)
ARR 50000217 (sz=8024, trace=300608, nelems=0, elem type=double[])
OBJ 50000218 (sz=24, trace=300136, class=java.lang.String@50000173)
ARR 50000219 (sz=128, trace=300137, nelems=0, elem type=char[])
OBJ 5000021a (sz=16, trace=300637, class=Stats@500005ff)
ARR 5000021b (sz=8024, trace=300608, nelems=0, elem type=double[])
OBJ 5000021c (sz=16, trace=300637, class=Stats@500005ff)
ARR 5000021d (sz=8024, trace=300608, nelems=0, elem type=double[])
OBJ 5000021e (sz=32, trace=300142, class=java.io.FileOutputStream@50000083)
OBJ 5000021f (sz=40, trace=300143, class=java.lang.ref.Finalizer@50000152)
OBJ 50000220 (sz=16, trace=300144, class=java.lang.Object@50000177)
OBJ 50000221 (sz=32, trace=300145, class=java.io.FileDescriptor@50000088)
OBJ 50000222 (sz=16, trace=300637, class=Stats@500005ff)
ARR 50000223 (sz=8024, trace=300608, nelems=0, elem type=double[])
OBJ 50000224 (sz=16, trace=300637, class=Stats@500005ff)
ARR 50000225 (sz=8024, trace=300608, nelems=0, elem type=double[])
OBJ 50000226 (sz=16, trace=300637, class=Stats@500005ff)
ARR 50000227 (sz=8024, trace=300608, nelems=0, elem type=double[])
OBJ 50000228 (sz=16, trace=300637, class=Stats@500005ff)
ARR 50000229 (sz=8024, trace=300608, nelems=0, elem type=double[])
OBJ 5000022a (sz=16, trace=300637, class=Stats@500005ff)
ARR 5000022b (sz=8024, trace=300608, nelems=0, elem type=double[])
OBJ 5000022d (sz=16, trace=300637, class=Stats@500005ff)
OBJ 5000022e (sz=376, trace=300000, class=java.lang.Thread@5000014f)
OBJ 50000230 (sz=24, trace=300158, class=sun.launcher.LauncherHelper@5000022f)
	name		500014bb
ARR 50000232 (sz=24, trace=300159, nelems=1, elem type=sun.launcher.LauncherHelper[]@50000231)
	[0]		50000230
OBJ 50000233 (sz=24, trace=300160, class=java.lang.StringBuilder@50000126)
	value		50000234
ARR 50000234 (sz=32, trace=300161, nelems=16, elem type=char[])
OBJ 50000235 (sz=24, trace=300162, class=java.lang.String@50000173)
	value		50000236
ARR 50000236 (sz=10, trace=300163, nelems=5, elem type=char[])
OBJ 50000237 (sz=16, trace=300164, class=java.lang.Object@50000177)
ARR 50000238 (sz=80, trace=300165, nelems=14, elem type=java.util.concurrent.ConcurrentHashMap$Node[]@5000001f)
	[0]		50000764
	[3]		50000617
	[6]		50000387
	[8]		50000239
	[9]		5000061f
	[10]		500005fc
	[11]		50000609
	[13]		50000613
OBJ 50000239 (sz=32, trace=300166, class=java.util.concurrent.ConcurrentHashMap$Node@50000020)
	key		50000235
	val		50000237
OBJ 5000023a (sz=16, trace=300167, class=java.lang.Object@50000177)
ARR 5000023b (sz=80, trace=300168, nelems=14, elem type=java.util.concurrent.ConcurrentHashMap$Node[]@5000001f)
	[0]		50000766
	[3]		50000619
	[6]		50000389
	[8]		5000023c
	[9]		50000621
	[10]		500005fe
	[11]		5000060b
	[13]		50000615
OBJ 5000023c (sz=32, trace=300169, class=java.util.concurrent.ConcurrentHashMap$Node@50000020)
	key		50000235
	val		5000023a
ARR 5000023e (sz=8024, trace=300608, nelems=0, elem type=double[])
OBJ 5000023f (sz=16, trace=300637, class=Stats@500005ff)
ARR 50000240 (sz=8024, trace=300608, nelems=0, elem type=double[])
OBJ 50000242 (sz=16, trace=300637, class=Stats@500005ff)
ARR 50000243 (sz=8024, trace=300608, nelems=0, elem type=double[])
OBJ 50000244 (sz=16, trace=300637, class=Stats@500005ff)
OBJ 50000245 (sz=24, trace=300178, class=java.lang.String@50000173)
	value		50000246
ARR 50000246 (sz=186, trace=300179, nelems=93, elem type=char[])
ARR 50000248 (sz=8024, trace=300608, nelems=0, elem type=double[])
OBJ 5000024f (sz=16, trace=300185, class=java.util.zip.ZipFile$1@5000024e)
OBJ 50000250 (sz=16, trace=300637, class=Stats@500005ff)
ARR 50000251 (sz=8024, trace=300608, nelems=0, elem type=double[])
ARR 50000252 (sz=32, trace=300188, nelems=3, elem type=java.io.ObjectStreamField[]@500000ff)
	[0]		50000253
	[1]		50000258
	[2]		5000025d
OBJ 50000253 (sz=40, trace=300189, class=java.io.ObjectStreamField@50000101)
	name		50000912
	signature	50000256
	type		5000017e
OBJ 50000254 (sz=16, trace=300637, class=Stats@500005ff)
ARR 50000255 (sz=8024, trace=300608, nelems=0, elem type=double[])
OBJ 50000256 (sz=24, trace=300192, class=java.lang.String@50000173)
	value		50000257
ARR 50000257 (sz=4, trace=300193, nelems=2, elem type=char[])
OBJ 50000258 (sz=40, trace=300194, class=java.io.ObjectStreamField@50000101)
	name		50000c93
	signature	50000b39
	type		5000085c
OBJ 50000259 (sz=16, trace=300637, class=Stats@500005ff)
ARR 5000025a (sz=8024, trace=300608, nelems=0, elem type=double[])
OBJ 5000025b (sz=16, trace=300637, class=Stats@500005ff)
ARR 5000025c (sz=8024, trace=300608, nelems=0, elem type=double[])
OBJ 5000025d (sz=40, trace=300199, class=java.io.ObjectStreamField@50000101)
	name		50000c94
	signature	50000260
	type		50000862
OBJ 5000025e (sz=16, trace=300637, class=Stats@500005ff)
ARR 5000025f (sz=8024, trace=300608, nelems=0, elem type=double[])
OBJ 50000260 (sz=24, trace=300202, class=java.lang.String@50000173)
	value		50000261
ARR 50000261 (sz=2, trace=300203, nelems=1, elem type=char[])
OBJ 50000262 (sz=16, trace=300637, class=Stats@500005ff)
ARR 50000263 (sz=8024, trace=300608, nelems=0, elem type=double[])
OBJ 50000264 (sz=16, trace=300637, class=Stats@500005ff)
ARR 50000265 (sz=8024, trace=300608, nelems=0, elem type=double[])
OBJ 50000266 (sz=16, trace=300637, class=Stats@500005ff)
ARR 50000267 (sz=8024, trace=300608, nelems=0, elem type=double[])
OBJ 50000268 (sz=24, trace=300210, class=java.lang.String@50000173)
	value		50000269
ARR 50000269 (sz=186, trace=300211, nelems=93, elem type=char[])
OBJ 5000026a (sz=64, trace=300212, class=java.net.URL@5000011e)
	protocol	50000c5b
	host		50000887
	file		50000268
	authority	50000887
	path		50000268
	handler		50000cd5
OBJ 5000026b (sz=16, trace=300637, class=Stats@500005ff)
OBJ 5000026c (sz=56, trace=300214, class=sun.misc.URLClassPath$JarLoader@5000024a)
	base		5000026a
	csu		50000cdb
	metaIndex	50000d9e
	handler		50000cd5
	lmap		50000cd6
	acc		50000b14
ARR 5000026d (sz=8024, trace=300608, nelems=0, elem type=double[])
OBJ 5000026e (sz=16, trace=300637, class=Stats@500005ff)
ARR 5000026f (sz=8024, trace=300608, nelems=0, elem type=double[])
OBJ 50000270 (sz=16, trace=300637, class=Stats@500005ff)
ARR 50000271 (sz=8024, trace=300608, nelems=0, elem type=double[])
ARR 50000272 (sz=56, trace=300220, nelems=10, elem type=java.lang.Object[]@5000010d)
	[0]		5000026c
	[1]		50000287
	[2]		500002a0
	[3]		500002b9
	[4]		500002d2
	[5]		500002eb
	[6]		50000304
	[7]		5000031d
	[8]		50000336
	[9]		5000034f
ARR 50000273 (sz=80, trace=300221, nelems=14, elem type=java.util.HashMap$Node[]@500000c7)
	[0]		50000323
	[2]		500002d8
	[4]		500002bf
	[5]		500002f1
	[8]		5000028d
	[10]		5000030a
	[11]		500002a6
	[13]		50000274
OBJ 50000274 (sz=32, trace=300222, class=java.util.HashMap$Node@500000c9)
	key		50000245
	value		5000026c
OBJ 50000275 (sz=16, trace=300637, class=Stats@500005ff)
ARR 50000276 (sz=8024, trace=300608, nelems=0, elem type=double[])
OBJ 50000277 (sz=16, trace=300637, class=Stats@500005ff)
OBJ 50000278 (sz=24, trace=300178, class=java.lang.String@50000173)
	value		50000279
ARR 50000279 (sz=190, trace=300179, nelems=95, elem type=char[])
ARR 5000027a (sz=8024, trace=300608, nelems=0, elem type=double[])
OBJ 5000027b (sz=16, trace=300637, class=Stats@500005ff)
ARR 5000027c (sz=8024, trace=300608, nelems=0, elem type=double[])
OBJ 5000027d (sz=16, trace=300637, class=Stats@500005ff)
ARR 5000027e (sz=8024, trace=300608, nelems=0, elem type=double[])
OBJ 5000027f (sz=16, trace=300637, class=Stats@500005ff)
ARR 50000280 (sz=8024, trace=300608, nelems=0, elem type=double[])
OBJ 50000281 (sz=16, trace=300637, class=Stats@500005ff)
ARR 50000282 (sz=8024, trace=300608, nelems=0, elem type=double[])
OBJ 50000283 (sz=24, trace=300210, class=java.lang.String@50000173)
	value		50000284
ARR 50000284 (sz=190, trace=300211, nelems=95, elem type=char[])
OBJ 50000285 (sz=64, trace=300212, class=java.net.URL@5000011e)
	protocol	50000c5b
	host		50000887
	file		50000283
	authority	50000887
	path		50000283
	handler		50000cd5
OBJ 50000286 (sz=16, trace=300637, class=Stats@500005ff)
OBJ 50000287 (sz=56, trace=300214, class=sun.misc.URLClassPath$JarLoader@5000024a)
	base		50000285
	csu		50000cdc
	metaIndex	50000d93
	handler		50000cd5
	lmap		50000cd6
	acc		50000b14
ARR 50000288 (sz=8024, trace=300608, nelems=0, elem type=double[])
OBJ 50000289 (sz=16, trace=300637, class=Stats@500005ff)
ARR 5000028a (sz=8024, trace=300608, nelems=0, elem type=double[])
OBJ 5000028b (sz=16, trace=300637, class=Stats@500005ff)
ARR 5000028c (sz=8024, trace=300608, nelems=0, elem type=double[])
OBJ 5000028d (sz=32, trace=300222, class=java.util.HashMap$Node@500000c9)
	key		50000278
	value		50000287
OBJ 5000028e (sz=16, trace=300637, class=Stats@500005ff)
ARR 5000028f (sz=8024, trace=300608, nelems=0, elem type=double[])
OBJ 50000290 (sz=16, trace=300637, class=Stats@500005ff)
OBJ 50000291 (sz=24, trace=300178, class=java.lang.String@50000173)
	value		50000292
ARR 50000292 (sz=192, trace=300179, nelems=96, elem type=char[])
ARR 50000293 (sz=8024, trace=300608, nelems=0, elem type=double[])
OBJ 50000294 (sz=16, trace=300637, class=Stats@500005ff)
ARR 50000295 (sz=8024, trace=300608, nelems=0, elem type=double[])
OBJ 50000296 (sz=16, trace=300637, class=Stats@500005ff)
ARR 50000297 (sz=8024, trace=300608, nelems=0, elem type=double[])
OBJ 50000298 (sz=16, trace=300637, class=Stats@500005ff)
ARR 50000299 (sz=8024, trace=300608, nelems=0, elem type=double[])
OBJ 5000029a (sz=16, trace=300637, class=Stats@500005ff)
ARR 5000029b (sz=8024, trace=300608, nelems=0, elem type=double[])
OBJ 5000029c (sz=24, trace=300210, class=java.lang.String@50000173)
	value		5000029d
ARR 5000029d (sz=192, trace=300211, nelems=96, elem type=char[])
OBJ 5000029e (sz=64, trace=300212, class=java.net.URL@5000011e)
	protocol	50000c5b
	host		50000887
	file		5000029c
	authority	50000887
	path		5000029c
	handler		50000cd5
OBJ 5000029f (sz=16, trace=300637, class=Stats@500005ff)
OBJ 500002a0 (sz=56, trace=300214, class=sun.misc.URLClassPath$JarLoader@5000024a)
	base		5000029e
	csu		50000cdd
	metaIndex	50000da9
	handler		50000cd5
	lmap		50000cd6
	acc		50000b14
ARR 500002a1 (sz=8024, trace=300608, nelems=0, elem type=double[])
OBJ 500002a2 (sz=16, trace=300637, class=Stats@500005ff)
ARR 500002a3 (sz=8024, trace=300608, nelems=0, elem type=double[])
OBJ 500002a4 (sz=16, trace=300637, class=Stats@500005ff)
ARR 500002a5 (sz=8024, trace=300608, nelems=0, elem type=double[])
OBJ 500002a6 (sz=32, trace=300222, class=java.util.HashMap$Node@500000c9)
	key		50000291
	value		500002a0
OBJ 500002a7 (sz=16, trace=300637, class=Stats@500005ff)
ARR 500002a8 (sz=8024, trace=300608, nelems=0, elem type=double[])
OBJ 500002a9 (sz=16, trace=300637, class=Stats@500005ff)
OBJ 500002aa (sz=24, trace=300178, class=java.lang.String@50000173)
	value		500002ab
ARR 500002ab (sz=186, trace=300179, nelems=93, elem type=char[])
ARR 500002ac (sz=8024, trace=300608, nelems=0, elem type=double[])
OBJ 500002ad (sz=16, trace=300637, class=Stats@500005ff)
ARR 500002ae (sz=8024, trace=300608, nelems=0, elem type=double[])
OBJ 500002af (sz=16, trace=300637, class=Stats@500005ff)
ARR 500002b0 (sz=8024, trace=300608, nelems=0, elem type=double[])
OBJ 500002b1 (sz=16, trace=300637, class=Stats@500005ff)
ARR 500002b2 (sz=8024, trace=300608, nelems=0, elem type=double[])
OBJ 500002b3 (sz=16, trace=300637, class=Stats@500005ff)
ARR 500002b4 (sz=8024, trace=300608, nelems=0, elem type=double[])
OBJ 500002b5 (sz=24, trace=300210, class=java.lang.String@50000173)
	value		500002b6
ARR 500002b6 (sz=186, trace=300211, nelems=93, elem type=char[])
OBJ 500002b7 (sz=64, trace=300212, class=java.net.URL@5000011e)
	protocol	50000c5b
	host		50000887
	file		500002b5
	authority	50000887
	path		500002b5
	handler		50000cd5
OBJ 500002b8 (sz=16, trace=300637, class=Stats@500005ff)
OBJ 500002b9 (sz=56, trace=300214, class=sun.misc.URLClassPath$JarLoader@5000024a)
	base		500002b7
	csu		50000cde
	metaIndex	50000d21
	handler		50000cd5
	lmap		50000cd6
	acc		50000b14
ARR 500002ba (sz=8024, trace=300608, nelems=0, elem type=double[])
OBJ 500002bb (sz=16, trace=300637, class=Stats@500005ff)
ARR 500002bc (sz=8024, trace=300608, nelems=0, elem type=double[])
OBJ 500002bd (sz=16, trace=300637, class=Stats@500005ff)
ARR 500002be (sz=8024, trace=300608, nelems=0, elem type=double[])
OBJ 500002bf (sz=32, trace=300222, class=java.util.HashMap$Node@500000c9)
	key		500002aa
	value		500002b9
OBJ 500002c0 (sz=16, trace=300637, class=Stats@500005ff)
ARR 500002c1 (sz=8024, trace=300608, nelems=0, elem type=double[])
OBJ 500002c2 (sz=16, trace=300637, class=Stats@500005ff)
OBJ 500002c3 (sz=24, trace=300178, class=java.lang.String@50000173)
	value		500002c4
ARR 500002c4 (sz=186, trace=300179, nelems=93, elem type=char[])
ARR 500002c5 (sz=8024, trace=300608, nelems=0, elem type=double[])
OBJ 500002c6 (sz=16, trace=300637, class=Stats@500005ff)
ARR 500002c7 (sz=8024, trace=300608, nelems=0, elem type=double[])
OBJ 500002c8 (sz=16, trace=300637, class=Stats@500005ff)
ARR 500002c9 (sz=8024, trace=300608, nelems=0, elem type=double[])
OBJ 500002ca (sz=16, trace=300637, class=Stats@500005ff)
ARR 500002cb (sz=8024, trace=300608, nelems=0, elem type=double[])
OBJ 500002cc (sz=16, trace=300637, class=Stats@500005ff)
ARR 500002cd (sz=8024, trace=300608, nelems=0, elem type=double[])
OBJ 500002ce (sz=24, trace=300210, class=java.lang.String@50000173)
	value		500002cf
ARR 500002cf (sz=186, trace=300211, nelems=93, elem type=char[])
OBJ 500002d0 (sz=64, trace=300212, class=java.net.URL@5000011e)
	protocol	50000c5b
	host		50000887
	file		500002ce
	authority	50000887
	path		500002ce
	handler		50000cd5
OBJ 500002d1 (sz=16, trace=300637, class=Stats@500005ff)
OBJ 500002d2 (sz=56, trace=300214, class=sun.misc.URLClassPath$JarLoader@5000024a)
	base		500002d0
	csu		50000cdf
	metaIndex	50000d6a
	handler		50000cd5
	lmap		50000cd6
	acc		50000b14
ARR 500002d3 (sz=8024, trace=300608, nelems=0, elem type=double[])
OBJ 500002d4 (sz=16, trace=300637, class=Stats@500005ff)
ARR 500002d5 (sz=8024, trace=300608, nelems=0, elem type=double[])
OBJ 500002d6 (sz=16, trace=300637, class=Stats@500005ff)
ARR 500002d7 (sz=8024, trace=300608, nelems=0, elem type=double[])
OBJ 500002d8 (sz=32, trace=300222, class=java.util.HashMap$Node@500000c9)
	key		500002c3
	value		500002d2
OBJ 500002d9 (sz=16, trace=300637, class=Stats@500005ff)
ARR 500002da (sz=8024, trace=300608, nelems=0, elem type=double[])
OBJ 500002db (sz=16, trace=300637, class=Stats@500005ff)
OBJ 500002dc (sz=24, trace=300178, class=java.lang.String@50000173)
	value		500002dd
ARR 500002dd (sz=196, trace=300179, nelems=98, elem type=char[])
ARR 500002de (sz=8024, trace=300608, nelems=0, elem type=double[])
OBJ 500002df (sz=16, trace=300637, class=Stats@500005ff)
ARR 500002e0 (sz=8024, trace=300608, nelems=0, elem type=double[])
OBJ 500002e1 (sz=16, trace=300637, class=Stats@500005ff)
ARR 500002e2 (sz=8024, trace=300608, nelems=0, elem type=double[])
OBJ 500002e3 (sz=16, trace=300637, class=Stats@500005ff)
ARR 500002e4 (sz=8024, trace=300608, nelems=0, elem type=double[])
OBJ 500002e5 (sz=16, trace=300637, class=Stats@500005ff)
ARR 500002e6 (sz=8024, trace=300608, nelems=0, elem type=double[])
OBJ 500002e7 (sz=24, trace=300210, class=java.lang.String@50000173)
	value		500002e8
ARR 500002e8 (sz=196, trace=300211, nelems=98, elem type=char[])
OBJ 500002e9 (sz=64, trace=300212, class=java.net.URL@5000011e)
	protocol	50000c5b
	host		50000887
	file		500002e7
	authority	50000887
	path		500002e7
	handler		50000cd5
OBJ 500002ea (sz=16, trace=300637, class=Stats@500005ff)
OBJ 500002eb (sz=56, trace=300214, class=sun.misc.URLClassPath$JarLoader@5000024a)
	base		500002e9
	csu		50000ce0
	metaIndex	50000d89
	handler		50000cd5
	lmap		50000cd6
	acc		50000b14
ARR 500002ec (sz=8024, trace=300608, nelems=0, elem type=double[])
OBJ 500002ed (sz=16, trace=300637, class=Stats@500005ff)
ARR 500002ee (sz=8024, trace=300608, nelems=0, elem type=double[])
OBJ 500002ef (sz=16, trace=300637, class=Stats@500005ff)
ARR 500002f0 (sz=8024, trace=300608, nelems=0, elem type=double[])
OBJ 500002f1 (sz=32, trace=300222, class=java.util.HashMap$Node@500000c9)
	key		500002dc
	value		500002eb
	next		50000355
OBJ 500002f2 (sz=16, trace=300637, class=Stats@500005ff)
ARR 500002f3 (sz=8024, trace=300608, nelems=0, elem type=double[])
OBJ 500002f4 (sz=16, trace=300637, class=Stats@500005ff)
OBJ 500002f5 (sz=24, trace=300178, class=java.lang.String@50000173)
	value		500002f6
ARR 500002f6 (sz=206, trace=300179, nelems=103, elem type=char[])
ARR 500002f7 (sz=8024, trace=300608, nelems=0, elem type=double[])
OBJ 500002f8 (sz=16, trace=300637, class=Stats@500005ff)
ARR 500002f9 (sz=8024, trace=300608, nelems=0, elem type=double[])
OBJ 500002fa (sz=16, trace=300637, class=Stats@500005ff)
ARR 500002fb (sz=8024, trace=300608, nelems=0, elem type=double[])
OBJ 500002fc (sz=16, trace=300637, class=Stats@500005ff)
ARR 500002fd (sz=8024, trace=300608, nelems=0, elem type=double[])
OBJ 500002fe (sz=16, trace=300637, class=Stats@500005ff)
ARR 500002ff (sz=8024, trace=300608, nelems=0, elem type=double[])
OBJ 50000300 (sz=24, trace=300210, class=java.lang.String@50000173)
	value		50000301
ARR 50000301 (sz=206, trace=300211, nelems=103, elem type=char[])
OBJ 50000302 (sz=64, trace=300212, class=java.net.URL@5000011e)
	protocol	50000c5b
	host		50000887
	file		50000300
	authority	50000887
	path		50000300
	handler		50000cd5
OBJ 50000303 (sz=16, trace=300637, class=Stats@500005ff)
OBJ 50000304 (sz=56, trace=300214, class=sun.misc.URLClassPath$JarLoader@5000024a)
	base		50000302
	csu		50000ce1
	metaIndex	50000d73
	handler		50000cd5
	lmap		50000cd6
	acc		50000b14
ARR 50000305 (sz=8024, trace=300608, nelems=0, elem type=double[])
OBJ 50000306 (sz=16, trace=300637, class=Stats@500005ff)
ARR 50000307 (sz=8024, trace=300608, nelems=0, elem type=double[])
OBJ 50000308 (sz=16, trace=300637, class=Stats@500005ff)
ARR 50000309 (sz=8024, trace=300608, nelems=0, elem type=double[])
OBJ 5000030a (sz=32, trace=300222, class=java.util.HashMap$Node@500000c9)
	key		500002f5
	value		50000304
	next		5000033c
OBJ 5000030b (sz=16, trace=300637, class=Stats@500005ff)
ARR 5000030c (sz=8024, trace=300608, nelems=0, elem type=double[])
OBJ 5000030d (sz=16, trace=300637, class=Stats@500005ff)
OBJ 5000030e (sz=24, trace=300178, class=java.lang.String@50000173)
	value		5000030f
ARR 5000030f (sz=194, trace=300179, nelems=97, elem type=char[])
ARR 50000310 (sz=8024, trace=300608, nelems=0, elem type=double[])
OBJ 50000311 (sz=16, trace=300637, class=Stats@500005ff)
ARR 50000312 (sz=8024, trace=300608, nelems=0, elem type=double[])
OBJ 50000313 (sz=16, trace=300637, class=Stats@500005ff)
ARR 50000314 (sz=8024, trace=300608, nelems=0, elem type=double[])
OBJ 50000315 (sz=16, trace=300637, class=Stats@500005ff)
ARR 50000316 (sz=8024, trace=300608, nelems=0, elem type=double[])
OBJ 50000317 (sz=16, trace=300637, class=Stats@500005ff)
ARR 50000318 (sz=8024, trace=300608, nelems=0, elem type=double[])
OBJ 50000319 (sz=24, trace=300210, class=java.lang.String@50000173)
	value		5000031a
ARR 5000031a (sz=194, trace=300211, nelems=97, elem type=char[])
OBJ 5000031b (sz=64, trace=300212, class=java.net.URL@5000011e)
	protocol	50000c5b
	host		50000887
	file		50000319
	authority	50000887
	path		50000319
	handler		50000cd5
OBJ 5000031c (sz=16, trace=300637, class=Stats@500005ff)
OBJ 5000031d (sz=56, trace=300214, class=sun.misc.URLClassPath$JarLoader@5000024a)
	base		5000031b
	csu		50000ce2
	metaIndex	50000d7e
	handler		50000cd5
	lmap		50000cd6
	acc		50000b14
ARR 5000031e (sz=8024, trace=300608, nelems=0, elem type=double[])
OBJ 5000031f (sz=16, trace=300637, class=Stats@500005ff)
ARR 50000320 (sz=8024, trace=300608, nelems=0, elem type=double[])
OBJ 50000321 (sz=16, trace=300637, class=Stats@500005ff)
ARR 50000322 (sz=8024, trace=300608, nelems=0, elem type=double[])
OBJ 50000323 (sz=32, trace=300222, class=java.util.HashMap$Node@500000c9)
	key		5000030e
	value		5000031d
OBJ 50000324 (sz=16, trace=300637, class=Stats@500005ff)
ARR 50000325 (sz=8024, trace=300608, nelems=0, elem type=double[])
OBJ 50000326 (sz=16, trace=300637, class=Stats@500005ff)
OBJ 50000327 (sz=24, trace=300178, class=java.lang.String@50000173)
	value		50000328
ARR 50000328 (sz=190, trace=300179, nelems=95, elem type=char[])
ARR 50000329 (sz=8024, trace=300608, nelems=0, elem type=double[])
OBJ 5000032a (sz=16, trace=300637, class=Stats@500005ff)
ARR 5000032b (sz=8024, trace=300608, nelems=0, elem type=double[])
OBJ 5000032c (sz=16, trace=300637, class=Stats@500005ff)
ARR 5000032d (sz=8024, trace=300608, nelems=0, elem type=double[])
OBJ 5000032e (sz=16, trace=300637, class=Stats@500005ff)
ARR 5000032f (sz=8024, trace=300608, nelems=0, elem type=double[])
OBJ 50000330 (sz=16, trace=300637, class=Stats@500005ff)
ARR 50000331 (sz=8024, trace=300608, nelems=0, elem type=double[])
OBJ 50000332 (sz=24, trace=300210, class=java.lang.String@50000173)
	value		50000333
ARR 50000333 (sz=190, trace=300211, nelems=95, elem type=char[])
OBJ 50000334 (sz=64, trace=300212, class=java.net.URL@5000011e)
	protocol	50000c5b
	host		50000887
	file		50000332
	authority	50000887
	path		50000332
	handler		50000cd5
OBJ 50000335 (sz=16, trace=300637, class=Stats@500005ff)
OBJ 50000336 (sz=56, trace=300214, class=sun.misc.URLClassPath$JarLoader@5000024a)
	base		50000334
	csu		50000ce3
	metaIndex	50000d5f
	handler		50000cd5
	lmap		50000cd6
	acc		50000b14
ARR 50000337 (sz=8024, trace=300608, nelems=0, elem type=double[])
OBJ 50000338 (sz=16, trace=300637, class=Stats@500005ff)
ARR 50000339 (sz=8024, trace=300608, nelems=0, elem type=double[])
OBJ 5000033a (sz=16, trace=300637, class=Stats@500005ff)
ARR 5000033b (sz=8024, trace=300608, nelems=0, elem type=double[])
OBJ 5000033c (sz=32, trace=300223, class=java.util.HashMap$Node@500000c9)
	key		50000327
	value		50000336
OBJ 5000033d (sz=16, trace=300637, class=Stats@500005ff)
ARR 5000033e (sz=8024, trace=300608, nelems=0, elem type=double[])
OBJ 5000033f (sz=16, trace=300637, class=Stats@500005ff)
OBJ 50000340 (sz=24, trace=300178, class=java.lang.String@50000173)
	value		50000341
ARR 50000341 (sz=186, trace=300179, nelems=93, elem type=char[])
ARR 50000342 (sz=8024, trace=300608, nelems=0, elem type=double[])
OBJ 50000343 (sz=16, trace=300637, class=Stats@500005ff)
ARR 50000344 (sz=8024, trace=300608, nelems=0, elem type=double[])
OBJ 50000345 (sz=16, trace=300637, class=Stats@500005ff)
ARR 50000346 (sz=8024, trace=300608, nelems=0, elem type=double[])
OBJ 50000347 (sz=16, trace=300637, class=Stats@500005ff)
ARR 50000348 (sz=8024, trace=300608, nelems=0, elem type=double[])
OBJ 50000349 (sz=16, trace=300637, class=Stats@500005ff)
ARR 5000034a (sz=8024, trace=300608, nelems=0, elem type=double[])
OBJ 5000034b (sz=24, trace=300210, class=java.lang.String@50000173)
	value		5000034c
ARR 5000034c (sz=186, trace=300211, nelems=93, elem type=char[])
OBJ 5000034d (sz=64, trace=300212, class=java.net.URL@5000011e)
	protocol	50000c5b
	host		50000887
	file		5000034b
	authority	50000887
	path		5000034b
	handler		50000cd5
OBJ 5000034e (sz=16, trace=300637, class=Stats@500005ff)
OBJ 5000034f (sz=56, trace=300214, class=sun.misc.URLClassPath$JarLoader@5000024a)
	base		5000034d
	csu		50000ce4
	metaIndex	50000d0f
	handler		50000cd5
	lmap		50000cd6
	acc		50000b14
ARR 50000350 (sz=8024, trace=300608, nelems=0, elem type=double[])
OBJ 50000351 (sz=16, trace=300637, class=Stats@500005ff)
ARR 50000352 (sz=8024, trace=300608, nelems=0, elem type=double[])
OBJ 50000353 (sz=16, trace=300637, class=Stats@500005ff)
ARR 50000354 (sz=8024, trace=300608, nelems=0, elem type=double[])
OBJ 50000355 (sz=32, trace=300223, class=java.util.HashMap$Node@500000c9)
	key		50000340
	value		5000034f
OBJ 50000356 (sz=16, trace=300637, class=Stats@500005ff)
ARR 50000357 (sz=8024, trace=300608, nelems=0, elem type=double[])
OBJ 50000358 (sz=16, trace=300637, class=Stats@500005ff)
ARR 50000359 (sz=8024, trace=300608, nelems=0, elem type=double[])
OBJ 5000035a (sz=16, trace=300637, class=Stats@500005ff)
ARR 5000035b (sz=8024, trace=300608, nelems=0, elem type=double[])
OBJ 5000035c (sz=16, trace=300637, class=Stats@500005ff)
ARR 5000035d (sz=8024, trace=300608, nelems=0, elem type=double[])
OBJ 5000035e (sz=16, trace=300637, class=Stats@500005ff)
ARR 5000035f (sz=8024, trace=300608, nelems=0, elem type=double[])
OBJ 50000360 (sz=16, trace=300637, class=Stats@500005ff)
ARR 50000361 (sz=8024, trace=300608, nelems=0, elem type=double[])
OBJ 50000362 (sz=16, trace=300637, class=Stats@500005ff)
ARR 50000363 (sz=8024, trace=300608, nelems=0, elem type=double[])
OBJ 50000364 (sz=16, trace=300637, class=Stats@500005ff)
ARR 50000365 (sz=8024, trace=300608, nelems=0, elem type=double[])
OBJ 50000366 (sz=16, trace=300637, class=Stats@500005ff)
ARR 50000367 (sz=8024, trace=300608, nelems=0, elem type=double[])
OBJ 50000368 (sz=16, trace=300637, class=Stats@500005ff)
ARR 50000369 (sz=8024, trace=300608, nelems=0, elem type=double[])
OBJ 5000036b (sz=16, trace=300637, class=Stats@500005ff)
ARR 5000036d (sz=8024, trace=300608, nelems=0, elem type=double[])
OBJ 5000036e (sz=16, trace=300637, class=Stats@500005ff)
ARR 5000036f (sz=8024, trace=300608, nelems=0, elem type=double[])
OBJ 50000370 (sz=16, trace=300637, class=Stats@500005ff)
ARR 50000371 (sz=8024, trace=300608, nelems=0, elem type=double[])
OBJ 50000372 (sz=16, trace=300637, class=Stats@500005ff)
OBJ 50000376 (sz=16, trace=300235, class=java.util.jar.JavaUtilJarAccessImpl@50000375)
ARR 50000377 (sz=20, trace=300236, nelems=10, elem type=char[])
ARR 50000378 (sz=512, trace=300237, nelems=128, elem type=int[])
ARR 50000379 (sz=40, trace=300238, nelems=10, elem type=int[])
ARR 5000037a (sz=8024, trace=300608, nelems=0, elem type=double[])
OBJ 5000037c (sz=16, trace=300637, class=Stats@500005ff)
ARR 5000037d (sz=8024, trace=300608, nelems=0, elem type=double[])
OBJ 5000037e (sz=16, trace=300637, class=Stats@500005ff)
OBJ 50000380 (sz=24, trace=300245, class=sun.nio.cs.US_ASCII@5000037f)
	name		50001133
	aliases		50001132
ARR 50000381 (sz=8024, trace=300608, nelems=0, elem type=double[])
OBJ 50000382 (sz=16, trace=300637, class=Stats@500005ff)
ARR 50000383 (sz=8024, trace=300608, nelems=0, elem type=double[])
OBJ 50000384 (sz=16, trace=300637, class=Stats@500005ff)
OBJ 50000385 (sz=16, trace=300674, class=Stats@500005ff)
OBJ 50000386 (sz=16, trace=300675, class=java.lang.Object@50000177)
OBJ 50000387 (sz=32, trace=300676, class=java.util.concurrent.ConcurrentHashMap$Node@50000020)
	key		50000b28
	val		50000386
OBJ 50000388 (sz=16, trace=300677, class=java.lang.Object@50000177)
OBJ 50000389 (sz=32, trace=300678, class=java.util.concurrent.ConcurrentHashMap$Node@50000020)
	key		50000b28
	val		50000388
OBJ 5000038b (sz=16, trace=300679, class=java.lang.Object@50000177)
OBJ 5000038c (sz=56, trace=300257, class=java.lang.Class$ReflectionData@500000b6)
OBJ 5000038d (sz=40, trace=300258, class=java.lang.ref.SoftReference@50000157)
OBJ 5000038e (sz=80, trace=300259, class=java.lang.reflect.Constructor@50000142)
OBJ 5000038f (sz=32, trace=300680, class=java.util.concurrent.ConcurrentHashMap$Node@50000020)
	key		50000b24
	val		5000038b
OBJ 50000390 (sz=24, trace=300261, class=sun.reflect.NativeConstructorAccessorImpl@5000009f)
OBJ 50000391 (sz=16, trace=300262, class=sun.reflect.DelegatingConstructorAccessorImpl@5000009e)
OBJ 50000392 (sz=24, trace=300263, class=sun.nio.cs.ISO_8859_1@5000038a)
	name		500011f3
	aliases		50001199
OBJ 50000393 (sz=16, trace=300681, class=java.lang.Object@50000177)
OBJ 50000394 (sz=32, trace=300682, class=java.util.concurrent.ConcurrentHashMap$Node@50000020)
	key		50000b24
	val		50000393
OBJ 50000395 (sz=24, trace=300683, class=java.lang.StringBuilder@50000126)
ARR 50000396 (sz=48, trace=300684, nelems=0, elem type=char[])
ARR 50000397 (sz=88, trace=300685, nelems=0, elem type=char[])
OBJ 5000039b (sz=24, trace=300688, class=sun.misc.FloatingDecimal$ExceptionalBinaryToASCIIBuffer@5000039a)
	image		50000aef
OBJ 5000039c (sz=24, trace=300689, class=sun.misc.FloatingDecimal$ExceptionalBinaryToASCIIBuffer@5000039a)
	image		50000af0
OBJ 5000039d (sz=24, trace=300690, class=sun.misc.FloatingDecimal$ExceptionalBinaryToASCIIBuffer@5000039a)
	image		50000aee
ARR 5000039f (sz=256, trace=300692, nelems=64, elem type=int[])
ARR 500003a1 (sz=108, trace=300693, nelems=27, elem type=int[])
OBJ 500003a2 (sz=56, trace=300279, class=java.lang.Class$ReflectionData@500000b6)
OBJ 500003a3 (sz=40, trace=300258, class=java.lang.ref.SoftReference@50000157)
OBJ 500003a4 (sz=80, trace=300259, class=java.lang.reflect.Constructor@50000142)
ARR 500003a5 (sz=2, trace=300694, nelems=1, elem type=char[])
OBJ 500003a6 (sz=24, trace=300261, class=sun.reflect.NativeConstructorAccessorImpl@5000009f)
OBJ 500003a7 (sz=16, trace=300262, class=sun.reflect.DelegatingConstructorAccessorImpl@5000009e)
OBJ 500003a8 (sz=24, trace=300281, class=sun.nio.cs.UTF_16BE@500003a0)
	name		500011f5
	aliases		500011a1
OBJ 500003a9 (sz=40, trace=300695, class=sun.misc.FloatingDecimal$BinaryToASCIIBuffer@5000039e)
	digits		500003a5
	buffer		500003aa
ARR 500003aa (sz=52, trace=300696, nelems=26, elem type=char[])
ARR 500003ab (sz=2, trace=300697, nelems=1, elem type=char[])
OBJ 500003ac (sz=40, trace=300698, class=sun.misc.FloatingDecimal$BinaryToASCIIBuffer@5000039e)
	digits		500003ab
	buffer		500003ad
ARR 500003ad (sz=52, trace=300699, nelems=26, elem type=char[])
OBJ 500003af (sz=16, trace=300701, class=sun.misc.FloatingDecimal$1@500003ae)
OBJ 500003b3 (sz=24, trace=300703, class=sun.misc.FloatingDecimal$PreparedASCIIToBinaryBuffer@500003b1)
OBJ 500003b4 (sz=56, trace=300293, class=java.lang.Class$ReflectionData@500000b6)
OBJ 500003b5 (sz=40, trace=300258, class=java.lang.ref.SoftReference@50000157)
OBJ 500003b6 (sz=80, trace=300259, class=java.lang.reflect.Constructor@50000142)
OBJ 500003b7 (sz=24, trace=300704, class=sun.misc.FloatingDecimal$PreparedASCIIToBinaryBuffer@500003b1)
OBJ 500003b8 (sz=24, trace=300261, class=sun.reflect.NativeConstructorAccessorImpl@5000009f)
OBJ 500003b9 (sz=16, trace=300262, class=sun.reflect.DelegatingConstructorAccessorImpl@5000009e)
OBJ 500003ba (sz=24, trace=300295, class=sun.nio.cs.UTF_16LE@500003b2)
	name		500011ff
	aliases		500011a0
ARR 500003bb (sz=24, trace=300296, nelems=2, elem type=java.lang.Object[]@5000010d)
	[0]		500011ff
	[1]		500003ba
OBJ 500003bc (sz=24, trace=300705, class=sun.misc.FloatingDecimal$PreparedASCIIToBinaryBuffer@500003b1)
OBJ 500003bd (sz=24, trace=300706, class=sun.misc.FloatingDecimal$PreparedASCIIToBinaryBuffer@500003b1)
OBJ 500003be (sz=24, trace=300707, class=sun.misc.FloatingDecimal$PreparedASCIIToBinaryBuffer@500003b1)
OBJ 500003bf (sz=40, trace=300708, class=sun.misc.FloatingDecimal$BinaryToASCIIBuffer@5000039e)
ARR 500003c0 (sz=72, trace=300709, nelems=0, elem type=char[])
ARR 500003c1 (sz=56, trace=300710, nelems=0, elem type=char[])
OBJ 500003c2 (sz=32, trace=300711, class=java.lang.ThreadLocal$ThreadLocalMap$Entry@5000009b)
ARR 500003c5 (sz=56, trace=300713, nelems=14, elem type=int[])
OBJ 500003c6 (sz=56, trace=300307, class=java.lang.Class$ReflectionData@500000b6)
OBJ 500003c7 (sz=40, trace=300258, class=java.lang.ref.SoftReference@50000157)
OBJ 500003c8 (sz=80, trace=300259, class=java.lang.reflect.Constructor@50000142)
ARR 500003c9 (sz=216, trace=300714, nelems=27, elem type=long[])
OBJ 500003ca (sz=24, trace=300261, class=sun.reflect.NativeConstructorAccessorImpl@5000009f)
OBJ 500003cb (sz=16, trace=300262, class=sun.reflect.DelegatingConstructorAccessorImpl@5000009e)
OBJ 500003cc (sz=24, trace=300309, class=sun.nio.cs.UTF_16@500003c4)
	name		500011f8
	aliases		500011a2
ARR 500003cd (sz=24, trace=300310, nelems=2, elem type=java.lang.Object[]@5000010d)
	[0]		500011f8
	[1]		500003cc
OBJ 500003ce (sz=64, trace=300311, class=java.util.jar.JarFile@50000373)
OBJ 500003cf (sz=40, trace=300312, class=java.lang.ref.Finalizer@50000152)
OBJ 500003d0 (sz=48, trace=300313, class=java.util.WeakHashMap@500000ac)
OBJ 500003d1 (sz=32, trace=300314, class=java.lang.ref.ReferenceQueue@50000151)
OBJ 500003d2 (sz=16, trace=300315, class=java.lang.ref.ReferenceQueue$Lock@500000d6)
ARR 500003d3 (sz=80, trace=300316, nelems=0, elem type=java.util.WeakHashMap$Entry[]@50000045)
OBJ 500003d7 (sz=24, trace=300318, class=java.util.ArrayDeque@500003d6)
ARR 500003d8 (sz=80, trace=300319, nelems=0, elem type=java.lang.Object[]@5000010d)
OBJ 500003da (sz=32, trace=300321, class=java.util.zip.ZipCoder@500003d9)
ARR 500003dc (sz=1376, trace=300715, nelems=340, elem type=sun.misc.FDBigInteger[]@500003db)
	[0]		500003de
	[1]		500003e0
	[2]		500003e5
	[3]		500003e7
	[4]		500003e9
	[5]		500003eb
	[6]		500003ed
	[7]		500003ef
	[8]		500003f1
	[9]		500003f3
	[10]		500003f5
	[11]		500003f7
	[12]		500003f9
	[13]		500003fb
	[14]		500003fd
	[15]		500003ff
	[16]		50000401
	[17]		5000040c
	[18]		5000040e
	[19]		50000410
	[20]		50000412
	[21]		50000414
	[22]		50000416
	[23]		50000418
	[24]		5000041a
	[25]		5000041c
	[26]		5000041e
	[27]		50000420
	[28]		50000422
	[29]		50000424
	[30]		50000426
	[31]		50000428
	[32]		5000042a
	[33]		5000042c
	[34]		5000042e
	[35]		50000430
	[36]		5000043b
	[37]		5000043d
	[38]		5000043f
	[39]		50000441
	[40]		50000443
	[41]		50000445
	[42]		50000447
	[43]		50000449
	[44]		5000044b
	[45]		5000044d
	[46]		5000044f
	[47]		50000451
	[48]		50000453
	[49]		50000455
	[50]		50000457
	[51]		50000459
	[52]		5000045b
	[53]		5000045d
	[54]		50000468
	[55]		5000046a
	[56]		5000046c
	[57]		5000046e
	[58]		50000470
	[59]		50000472
	[60]		50000474
	[61]		50000476
	[62]		50000478
	[63]		5000047a
	[64]		5000047c
	[65]		5000047e
	[66]		50000480
	[67]		50000482
	[68]		50000484
	[69]		50000486
	[70]		50000488
	[71]		5000048a
	[72]		5000048c
	[73]		50000497
	[74]		50000499
	[75]		5000049b
	[76]		5000049d
	[77]		5000049f
	[78]		500004a1
	[79]		500004a3
	[80]		500004a5
	[81]		500004a7
	[82]		500004a9
	[83]		500004ab
	[84]		500004ad
	[85]		500004af
	[86]		500004b1
	[87]		500004b3
	[88]		500004b5
	[89]		500004b7
	[90]		500004b9
	[91]		500004c4
	[92]		500004c6
	[93]		500004c8
	[94]		500004ca
	[95]		500004cc
	[96]		500004ce
	[97]		500004d0
	[98]		500004d2
	[99]		500004d4
	[100]		500004d6
	[101]		500004d8
	[102]		500004da
	[103]		500004dc
	[104]		500004de
	[105]		500004e0
	[106]		500004e2
	[107]		500004e4
	[108]		500004e6
	[109]		500004e8
	[110]		500004f3
	[111]		500004f5
	[112]		500004f7
	[113]		500004f9
	[114]		500004fb
	[115]		500004fd
	[116]		500004ff
	[117]		50000501
	[118]		50000507
	[119]		50000509
	[120]		5000050b
	[121]		5000050f
	[122]		50000511
	[123]		50000519
	[124]		5000051b
	[125]		5000051d
	[126]		5000051f
	[127]		50000521
	[128]		50000523
	[129]		50000525
	[130]		50000527
	[131]		50000529
	[132]		5000052b
	[133]		5000052d
	[134]		5000052f
	[135]		50000533
	[136]		50000535
	[137]		50000539
	[138]		5000053f
	[139]		50000542
	[140]		50000544
	[141]		50000546
	[142]		50000552
	[143]		5000056b
	[144]		5000056d
	[145]		5000056f
	[146]		50000571
	[147]		50000573
	[148]		50000578
	[149]		5000057a
	[150]		5000057c
	[151]		5000057e
	[152]		50000580
	[153]		50000586
	[154]		50000588
	[155]		5000058a
	[156]		5000058c
	[157]		50000595
	[158]		50000597
	[159]		5000059b
	[160]		5000059d
	[161]		5000059f
	[162]		500005a1
	[163]		500005a3
	[164]		500005a5
	[165]		500005aa
	[166]		500005ac
	[167]		500005b6
	[168]		500005b8
	[169]		500005ba
	[170]		500005bc
	[171]		500005be
	[172]		500005cd
	[173]		500005cf
	[174]		500005d1
	[175]		500005d3
	[176]		500005d5
	[177]		500005d7
	[178]		500005da
	[179]		500005dc
	[180]		500005df
	[181]		500005e1
	[182]		500005e3
	[183]		500005e5
	[184]		500005e7
	[185]		500005f7
	[186]		500005f9
	[187]		50000601
	[188]		50000605
	[189]		5000061d
	[190]		50000628
	[191]		5000062d
	[192]		50000632
	[193]		50000634
	[194]		5000063a
	[195]		5000063c
	[196]		5000063e
	[197]		50000640
	[198]		50000642
	[199]		50000644
	[200]		50000646
	[201]		50000648
	[202]		5000064a
	[203]		5000064c
	[204]		5000064e
	[205]		50000650
	[206]		50000652
	[207]		50000654
	[208]		50000656
	[209]		50000658
	[210]		5000065a
	[211]		5000065c
	[212]		5000065e
	[213]		50000660
	[214]		50000662
	[215]		50000664
	[216]		50000666
	[217]		50000668
	[218]		5000066a
	[219]		5000066c
	[220]		5000066e
	[221]		50000670
	[222]		50000672
	[223]		50000674
	[224]		50000676
	[225]		50000678
	[226]		5000067a
	[227]		5000067c
	[228]		5000067e
	[229]		50000680
	[230]		50000682
	[231]		50000684
	[232]		50000686
	[233]		50000688
	[234]		5000068a
	[235]		5000068c
	[236]		5000068e
	[237]		50000690
	[238]		50000692
	[239]		50000694
	[240]		50000696
	[241]		50000698
	[242]		5000069a
	[243]		5000069c
	[244]		5000069e
	[245]		500006a0
	[246]		500006a2
	[247]		500006a4
	[248]		500006a6
	[249]		500006a8
	[250]		500006aa
	[251]		500006ac
	[252]		500006ae
	[253]		500006b0
	[254]		500006b2
	[255]		500006b4
	[256]		500006b6
	[257]		500006b8
	[258]		500006ba
	[259]		500006bc
	[260]		500006be
	[261]		500006c0
	[262]		500006c2
	[263]		500006c4
	[264]		500006c6
	[265]		500006c8
	[266]		500006ca
	[267]		500006cc
	[268]		500006ce
	[269]		500006d0
	[270]		500006d2
	[271]		500006d4
	[272]		500006d6
	[273]		500006d8
	[274]		500006da
	[275]		500006dc
	[276]		500006de
	[277]		500006e0
	[278]		500006e2
	[279]		500006e4
	[280]		500006e6
	[281]		500006e8
	[282]		500006ea
	[283]		500006ec
	[284]		500006ee
	[285]		500006f0
	[286]		500006f2
	[287]		500006f4
	[288]		500006f6
	[289]		500006f8
	[290]		500006fa
	[291]		500006fc
	[292]		500006fe
	[293]		50000700
	[294]		50000702
	[295]		50000704
	[296]		50000706
	[297]		50000708
	[298]		5000070a
	[299]		5000070c
	[300]		5000070e
	[301]		50000710
	[302]		50000712
	[303]		50000714
	[304]		50000716
	[305]		50000718
	[306]		5000071a
	[307]		5000071c
	[308]		5000071e
	[309]		50000720
	[310]		50000722
	[311]		50000724
	[312]		50000726
	[313]		50000728
	[314]		5000072a
	[315]		5000072c
	[316]		5000072e
	[317]		50000730
	[318]		50000732
	[319]		50000734
	[320]		50000736
	[321]		50000738
	[322]		5000073a
	[323]		5000073c
	[324]		5000073e
	[325]		50000740
	[326]		50000742
	[327]		50000744
	[328]		50000746
	[329]		50000748
	[330]		5000074a
	[331]		5000074c
	[332]		5000074e
	[333]		50000750
	[334]		50000752
	[335]		50000754
	[336]		50000756
	[337]		50000758
	[338]		5000075a
	[339]		5000075c
ARR 500003dd (sz=4, trace=300716, nelems=1, elem type=int[])
OBJ 500003de (sz=32, trace=300717, class=sun.misc.FDBigInteger@500003c3)
	data		500003dd
ARR 500003df (sz=4, trace=300716, nelems=1, elem type=int[])
OBJ 500003e0 (sz=32, trace=300717, class=sun.misc.FDBigInteger@500003c3)
	data		500003df
ARR 500003e3 (sz=4, trace=300716, nelems=1, elem type=int[])
OBJ 500003e5 (sz=32, trace=300717, class=sun.misc.FDBigInteger@500003c3)
	data		500003e3
ARR 500003e6 (sz=4, trace=300716, nelems=1, elem type=int[])
OBJ 500003e7 (sz=32, trace=300717, class=sun.misc.FDBigInteger@500003c3)
	data		500003e6
ARR 500003e8 (sz=4, trace=300716, nelems=1, elem type=int[])
OBJ 500003e9 (sz=32, trace=300717, class=sun.misc.FDBigInteger@500003c3)
	data		500003e8
ARR 500003ea (sz=4, trace=300716, nelems=1, elem type=int[])
OBJ 500003eb (sz=32, trace=300717, class=sun.misc.FDBigInteger@500003c3)
	data		500003ea
ARR 500003ec (sz=4, trace=300716, nelems=1, elem type=int[])
OBJ 500003ed (sz=32, trace=300717, class=sun.misc.FDBigInteger@500003c3)
	data		500003ec
ARR 500003ee (sz=4, trace=300716, nelems=1, elem type=int[])
OBJ 500003ef (sz=32, trace=300717, class=sun.misc.FDBigInteger@500003c3)
	data		500003ee
ARR 500003f0 (sz=4, trace=300716, nelems=1, elem type=int[])
OBJ 500003f1 (sz=32, trace=300717, class=sun.misc.FDBigInteger@500003c3)
	data		500003f0
ARR 500003f2 (sz=4, trace=300716, nelems=1, elem type=int[])
OBJ 500003f3 (sz=32, trace=300717, class=sun.misc.FDBigInteger@500003c3)
	data		500003f2
ARR 500003f4 (sz=4, trace=300716, nelems=1, elem type=int[])
OBJ 500003f5 (sz=32, trace=300717, class=sun.misc.FDBigInteger@500003c3)
	data		500003f4
ARR 500003f6 (sz=4, trace=300716, nelems=1, elem type=int[])
OBJ 500003f7 (sz=32, trace=300717, class=sun.misc.FDBigInteger@500003c3)
	data		500003f6
ARR 500003f8 (sz=4, trace=300716, nelems=1, elem type=int[])
OBJ 500003f9 (sz=32, trace=300717, class=sun.misc.FDBigInteger@500003c3)
	data		500003f8
ARR 500003fa (sz=4, trace=300716, nelems=1, elem type=int[])
OBJ 500003fb (sz=32, trace=300717, class=sun.misc.FDBigInteger@500003c3)
	data		500003fa
ARR 500003fc (sz=8, trace=300718, nelems=2, elem type=int[])
OBJ 500003fd (sz=32, trace=300719, class=sun.misc.FDBigInteger@500003c3)
	data		500003fc
ARR 500003fe (sz=12, trace=300718, nelems=3, elem type=int[])
OBJ 500003ff (sz=32, trace=300719, class=sun.misc.FDBigInteger@500003c3)
	data		500003fe
ARR 50000400 (sz=12, trace=300718, nelems=3, elem type=int[])
OBJ 50000401 (sz=32, trace=300719, class=sun.misc.FDBigInteger@500003c3)
	data		50000400
ARR 50000402 (sz=12, trace=300718, nelems=3, elem type=int[])
OBJ 50000403 (sz=64, trace=300311, class=java.util.jar.JarFile@50000373)
OBJ 50000404 (sz=40, trace=300312, class=java.lang.ref.Finalizer@50000152)
OBJ 50000405 (sz=48, trace=300313, class=java.util.WeakHashMap@500000ac)
OBJ 50000406 (sz=32, trace=300314, class=java.lang.ref.ReferenceQueue@50000151)
OBJ 50000407 (sz=16, trace=300315, class=java.lang.ref.ReferenceQueue$Lock@500000d6)
ARR 50000408 (sz=80, trace=300316, nelems=0, elem type=java.util.WeakHashMap$Entry[]@50000045)
OBJ 50000409 (sz=24, trace=300318, class=java.util.ArrayDeque@500003d6)
ARR 5000040a (sz=80, trace=300319, nelems=0, elem type=java.lang.Object[]@5000010d)
OBJ 5000040b (sz=32, trace=300321, class=java.util.zip.ZipCoder@500003d9)
OBJ 5000040c (sz=32, trace=300719, class=sun.misc.FDBigInteger@500003c3)
	data		50000402
ARR 5000040d (sz=12, trace=300718, nelems=3, elem type=int[])
OBJ 5000040e (sz=32, trace=300719, class=sun.misc.FDBigInteger@500003c3)
	data		5000040d
ARR 5000040f (sz=12, trace=300718, nelems=3, elem type=int[])
OBJ 50000410 (sz=32, trace=300719, class=sun.misc.FDBigInteger@500003c3)
	data		5000040f
ARR 50000411 (sz=12, trace=300718, nelems=3, elem type=int[])
OBJ 50000412 (sz=32, trace=300719, class=sun.misc.FDBigInteger@500003c3)
	data		50000411
ARR 50000413 (sz=12, trace=300718, nelems=3, elem type=int[])
OBJ 50000414 (sz=32, trace=300719, class=sun.misc.FDBigInteger@500003c3)
	data		50000413
ARR 50000415 (sz=12, trace=300718, nelems=3, elem type=int[])
OBJ 50000416 (sz=32, trace=300719, class=sun.misc.FDBigInteger@500003c3)
	data		50000415
ARR 50000417 (sz=12, trace=300718, nelems=3, elem type=int[])
OBJ 50000418 (sz=32, trace=300719, class=sun.misc.FDBigInteger@500003c3)
	data		50000417
ARR 50000419 (sz=12, trace=300718, nelems=3, elem type=int[])
OBJ 5000041a (sz=32, trace=300719, class=sun.misc.FDBigInteger@500003c3)
	data		50000419
ARR 5000041b (sz=12, trace=300718, nelems=3, elem type=int[])
OBJ 5000041c (sz=32, trace=300719, class=sun.misc.FDBigInteger@500003c3)
	data		5000041b
ARR 5000041d (sz=12, trace=300718, nelems=3, elem type=int[])
OBJ 5000041e (sz=32, trace=300719, class=sun.misc.FDBigInteger@500003c3)
	data		5000041d
ARR 5000041f (sz=12, trace=300718, nelems=3, elem type=int[])
OBJ 50000420 (sz=32, trace=300719, class=sun.misc.FDBigInteger@500003c3)
	data		5000041f
ARR 50000421 (sz=12, trace=300718, nelems=3, elem type=int[])
OBJ 50000422 (sz=32, trace=300719, class=sun.misc.FDBigInteger@500003c3)
	data		50000421
ARR 50000423 (sz=16, trace=300718, nelems=4, elem type=int[])
OBJ 50000424 (sz=32, trace=300719, class=sun.misc.FDBigInteger@500003c3)
	data		50000423
ARR 50000425 (sz=16, trace=300718, nelems=4, elem type=int[])
OBJ 50000426 (sz=32, trace=300719, class=sun.misc.FDBigInteger@500003c3)
	data		50000425
ARR 50000427 (sz=16, trace=300718, nelems=4, elem type=int[])
OBJ 50000428 (sz=32, trace=300719, class=sun.misc.FDBigInteger@500003c3)
	data		50000427
ARR 50000429 (sz=16, trace=300718, nelems=4, elem type=int[])
OBJ 5000042a (sz=32, trace=300719, class=sun.misc.FDBigInteger@500003c3)
	data		50000429
ARR 5000042b (sz=16, trace=300718, nelems=4, elem type=int[])
OBJ 5000042c (sz=32, trace=300719, class=sun.misc.FDBigInteger@500003c3)
	data		5000042b
ARR 5000042d (sz=16, trace=300718, nelems=4, elem type=int[])
OBJ 5000042e (sz=32, trace=300719, class=sun.misc.FDBigInteger@500003c3)
	data		5000042d
ARR 5000042f (sz=16, trace=300718, nelems=4, elem type=int[])
OBJ 50000430 (sz=32, trace=300719, class=sun.misc.FDBigInteger@500003c3)
	data		5000042f
OBJ 50000431 (sz=64, trace=300311, class=java.util.jar.JarFile@50000373)
OBJ 50000432 (sz=40, trace=300312, class=java.lang.ref.Finalizer@50000152)
OBJ 50000433 (sz=48, trace=300313, class=java.util.WeakHashMap@500000ac)
OBJ 50000434 (sz=32, trace=300314, class=java.lang.ref.ReferenceQueue@50000151)
OBJ 50000435 (sz=16, trace=300315, class=java.lang.ref.ReferenceQueue$Lock@500000d6)
ARR 50000436 (sz=80, trace=300316, nelems=0, elem type=java.util.WeakHashMap$Entry[]@50000045)
OBJ 50000437 (sz=24, trace=300318, class=java.util.ArrayDeque@500003d6)
ARR 50000438 (sz=80, trace=300319, nelems=0, elem type=java.lang.Object[]@5000010d)
OBJ 50000439 (sz=32, trace=300321, class=java.util.zip.ZipCoder@500003d9)
ARR 5000043a (sz=16, trace=300718, nelems=4, elem type=int[])
OBJ 5000043b (sz=32, trace=300719, class=sun.misc.FDBigInteger@500003c3)
	data		5000043a
ARR 5000043c (sz=16, trace=300718, nelems=4, elem type=int[])
OBJ 5000043d (sz=32, trace=300719, class=sun.misc.FDBigInteger@500003c3)
	data		5000043c
ARR 5000043e (sz=16, trace=300718, nelems=4, elem type=int[])
OBJ 5000043f (sz=32, trace=300719, class=sun.misc.FDBigInteger@500003c3)
	data		5000043e
ARR 50000440 (sz=16, trace=300718, nelems=4, elem type=int[])
OBJ 50000441 (sz=32, trace=300719, class=sun.misc.FDBigInteger@500003c3)
	data		50000440
ARR 50000442 (sz=16, trace=300718, nelems=4, elem type=int[])
OBJ 50000443 (sz=32, trace=300719, class=sun.misc.FDBigInteger@500003c3)
	data		50000442
ARR 50000444 (sz=16, trace=300718, nelems=4, elem type=int[])
OBJ 50000445 (sz=32, trace=300719, class=sun.misc.FDBigInteger@500003c3)
	data		50000444
ARR 50000446 (sz=16, trace=300718, nelems=4, elem type=int[])
OBJ 50000447 (sz=32, trace=300719, class=sun.misc.FDBigInteger@500003c3)
	data		50000446
ARR 50000448 (sz=20, trace=300718, nelems=5, elem type=int[])
OBJ 50000449 (sz=32, trace=300719, class=sun.misc.FDBigInteger@500003c3)
	data		50000448
ARR 5000044a (sz=20, trace=300718, nelems=5, elem type=int[])
OBJ 5000044b (sz=32, trace=300719, class=sun.misc.FDBigInteger@500003c3)
	data		5000044a
ARR 5000044c (sz=20, trace=300718, nelems=5, elem type=int[])
OBJ 5000044d (sz=32, trace=300719, class=sun.misc.FDBigInteger@500003c3)
	data		5000044c
ARR 5000044e (sz=20, trace=300718, nelems=5, elem type=int[])
OBJ 5000044f (sz=32, trace=300719, class=sun.misc.FDBigInteger@500003c3)
	data		5000044e
ARR 50000450 (sz=20, trace=300718, nelems=5, elem type=int[])
OBJ 50000451 (sz=32, trace=300719, class=sun.misc.FDBigInteger@500003c3)
	data		50000450
ARR 50000452 (sz=20, trace=300718, nelems=5, elem type=int[])
OBJ 50000453 (sz=32, trace=300719, class=sun.misc.FDBigInteger@500003c3)
	data		50000452
ARR 50000454 (sz=20, trace=300718, nelems=5, elem type=int[])
OBJ 50000455 (sz=32, trace=300719, class=sun.misc.FDBigInteger@500003c3)
	data		50000454
ARR 50000456 (sz=20, trace=300718, nelems=5, elem type=int[])
OBJ 50000457 (sz=32, trace=300719, class=sun.misc.FDBigInteger@500003c3)
	data		50000456
ARR 50000458 (sz=20, trace=300718, nelems=5, elem type=int[])
OBJ 50000459 (sz=32, trace=300719, class=sun.misc.FDBigInteger@500003c3)
	data		50000458
ARR 5000045a (sz=20, trace=300718, nelems=5, elem type=int[])
OBJ 5000045b (sz=32, trace=300719, class=sun.misc.FDBigInteger@500003c3)
	data		5000045a
ARR 5000045c (sz=20, trace=300718, nelems=5, elem type=int[])
OBJ 5000045d (sz=32, trace=300719, class=sun.misc.FDBigInteger@500003c3)
	data		5000045c
ARR 5000045e (sz=20, trace=300718, nelems=5, elem type=int[])
OBJ 5000045f (sz=64, trace=300311, class=java.util.jar.JarFile@50000373)
OBJ 50000460 (sz=40, trace=300312, class=java.lang.ref.Finalizer@50000152)
OBJ 50000461 (sz=48, trace=300313, class=java.util.WeakHashMap@500000ac)
OBJ 50000462 (sz=32, trace=300314, class=java.lang.ref.ReferenceQueue@50000151)
OBJ 50000463 (sz=16, trace=300315, class=java.lang.ref.ReferenceQueue$Lock@500000d6)
ARR 50000464 (sz=80, trace=300316, nelems=0, elem type=java.util.WeakHashMap$Entry[]@50000045)
OBJ 50000465 (sz=24, trace=300318, class=java.util.ArrayDeque@500003d6)
ARR 50000466 (sz=80, trace=300319, nelems=0, elem type=java.lang.Object[]@5000010d)
OBJ 50000467 (sz=32, trace=300321, class=java.util.zip.ZipCoder@500003d9)
OBJ 50000468 (sz=32, trace=300719, class=sun.misc.FDBigInteger@500003c3)
	data		5000045e
ARR 50000469 (sz=20, trace=300718, nelems=5, elem type=int[])
OBJ 5000046a (sz=32, trace=300719, class=sun.misc.FDBigInteger@500003c3)
	data		50000469
ARR 5000046b (sz=20, trace=300718, nelems=5, elem type=int[])
OBJ 5000046c (sz=32, trace=300719, class=sun.misc.FDBigInteger@500003c3)
	data		5000046b
ARR 5000046d (sz=24, trace=300718, nelems=6, elem type=int[])
OBJ 5000046e (sz=32, trace=300719, class=sun.misc.FDBigInteger@500003c3)
	data		5000046d
ARR 5000046f (sz=24, trace=300718, nelems=6, elem type=int[])
OBJ 50000470 (sz=32, trace=300719, class=sun.misc.FDBigInteger@500003c3)
	data		5000046f
ARR 50000471 (sz=24, trace=300718, nelems=6, elem type=int[])
OBJ 50000472 (sz=32, trace=300719, class=sun.misc.FDBigInteger@500003c3)
	data		50000471
ARR 50000473 (sz=24, trace=300718, nelems=6, elem type=int[])
OBJ 50000474 (sz=32, trace=300719, class=sun.misc.FDBigInteger@500003c3)
	data		50000473
ARR 50000475 (sz=24, trace=300718, nelems=6, elem type=int[])
OBJ 50000476 (sz=32, trace=300719, class=sun.misc.FDBigInteger@500003c3)
	data		50000475
ARR 50000477 (sz=24, trace=300718, nelems=6, elem type=int[])
OBJ 50000478 (sz=32, trace=300719, class=sun.misc.FDBigInteger@500003c3)
	data		50000477
ARR 50000479 (sz=24, trace=300718, nelems=6, elem type=int[])
OBJ 5000047a (sz=32, trace=300719, class=sun.misc.FDBigInteger@500003c3)
	data		50000479
ARR 5000047b (sz=24, trace=300718, nelems=6, elem type=int[])
OBJ 5000047c (sz=32, trace=300719, class=sun.misc.FDBigInteger@500003c3)
	data		5000047b
ARR 5000047d (sz=24, trace=300718, nelems=6, elem type=int[])
OBJ 5000047e (sz=32, trace=300719, class=sun.misc.FDBigInteger@500003c3)
	data		5000047d
ARR 5000047f (sz=24, trace=300718, nelems=6, elem type=int[])
OBJ 50000480 (sz=32, trace=300719, class=sun.misc.FDBigInteger@500003c3)
	data		5000047f
ARR 50000481 (sz=24, trace=300718, nelems=6, elem type=int[])
OBJ 50000482 (sz=32, trace=300719, class=sun.misc.FDBigInteger@500003c3)
	data		50000481
ARR 50000483 (sz=24, trace=300718, nelems=6, elem type=int[])
OBJ 50000484 (sz=32, trace=300719, class=sun.misc.FDBigInteger@500003c3)
	data		50000483
ARR 50000485 (sz=24, trace=300718, nelems=6, elem type=int[])
OBJ 50000486 (sz=32, trace=300719, class=sun.misc.FDBigInteger@500003c3)
	data		50000485
ARR 50000487 (sz=28, trace=300718, nelems=7, elem type=int[])
OBJ 50000488 (sz=32, trace=300719, class=sun.misc.FDBigInteger@500003c3)
	data		50000487
ARR 50000489 (sz=28, trace=300718, nelems=7, elem type=int[])
OBJ 5000048a (sz=32, trace=300719, class=sun.misc.FDBigInteger@500003c3)
	data		50000489
ARR 5000048b (sz=28, trace=300718, nelems=7, elem type=int[])
OBJ 5000048c (sz=32, trace=300719, class=sun.misc.FDBigInteger@500003c3)
	data		5000048b
OBJ 5000048d (sz=64, trace=300311, class=java.util.jar.JarFile@50000373)
OBJ 5000048e (sz=40, trace=300312, class=java.lang.ref.Finalizer@50000152)
OBJ 5000048f (sz=48, trace=300313, class=java.util.WeakHashMap@500000ac)
OBJ 50000490 (sz=32, trace=300314, class=java.lang.ref.ReferenceQueue@50000151)
OBJ 50000491 (sz=16, trace=300315, class=java.lang.ref.ReferenceQueue$Lock@500000d6)
ARR 50000492 (sz=80, trace=300316, nelems=0, elem type=java.util.WeakHashMap$Entry[]@50000045)
OBJ 50000493 (sz=24, trace=300318, class=java.util.ArrayDeque@500003d6)
ARR 50000494 (sz=80, trace=300319, nelems=0, elem type=java.lang.Object[]@5000010d)
OBJ 50000495 (sz=32, trace=300321, class=java.util.zip.ZipCoder@500003d9)
ARR 50000496 (sz=28, trace=300718, nelems=7, elem type=int[])
OBJ 50000497 (sz=32, trace=300719, class=sun.misc.FDBigInteger@500003c3)
	data		50000496
ARR 50000498 (sz=28, trace=300718, nelems=7, elem type=int[])
OBJ 50000499 (sz=32, trace=300719, class=sun.misc.FDBigInteger@500003c3)
	data		50000498
ARR 5000049a (sz=28, trace=300718, nelems=7, elem type=int[])
OBJ 5000049b (sz=32, trace=300719, class=sun.misc.FDBigInteger@500003c3)
	data		5000049a
ARR 5000049c (sz=28, trace=300718, nelems=7, elem type=int[])
OBJ 5000049d (sz=32, trace=300719, class=sun.misc.FDBigInteger@500003c3)
	data		5000049c
ARR 5000049e (sz=28, trace=300718, nelems=7, elem type=int[])
OBJ 5000049f (sz=32, trace=300719, class=sun.misc.FDBigInteger@500003c3)
	data		5000049e
ARR 500004a0 (sz=28, trace=300718, nelems=7, elem type=int[])
OBJ 500004a1 (sz=32, trace=300719, class=sun.misc.FDBigInteger@500003c3)
	data		500004a0
ARR 500004a2 (sz=28, trace=300718, nelems=7, elem type=int[])
OBJ 500004a3 (sz=32, trace=300719, class=sun.misc.FDBigInteger@500003c3)
	data		500004a2
ARR 500004a4 (sz=28, trace=300718, nelems=7, elem type=int[])
OBJ 500004a5 (sz=32, trace=300719, class=sun.misc.FDBigInteger@500003c3)
	data		500004a4
ARR 500004a6 (sz=28, trace=300718, nelems=7, elem type=int[])
OBJ 500004a7 (sz=32, trace=300719, class=sun.misc.FDBigInteger@500003c3)
	data		500004a6
ARR 500004a8 (sz=28, trace=300718, nelems=7, elem type=int[])
OBJ 500004a9 (sz=32, trace=300719, class=sun.misc.FDBigInteger@500003c3)
	data		500004a8
ARR 500004aa (sz=28, trace=300718, nelems=7, elem type=int[])
OBJ 500004ab (sz=32, trace=300719, class=sun.misc.FDBigInteger@500003c3)
	data		500004aa
ARR 500004ac (sz=32, trace=300718, nelems=8, elem type=int[])
OBJ 500004ad (sz=32, trace=300719, class=sun.misc.FDBigInteger@500003c3)
	data		500004ac
ARR 500004ae (sz=32, trace=300718, nelems=8, elem type=int[])
OBJ 500004af (sz=32, trace=300719, class=sun.misc.FDBigInteger@500003c3)
	data		500004ae
ARR 500004b0 (sz=32, trace=300718, nelems=8, elem type=int[])
OBJ 500004b1 (sz=32, trace=300719, class=sun.misc.FDBigInteger@500003c3)
	data		500004b0
ARR 500004b2 (sz=32, trace=300718, nelems=8, elem type=int[])
OBJ 500004b3 (sz=32, trace=300719, class=sun.misc.FDBigInteger@500003c3)
	data		500004b2
ARR 500004b4 (sz=32, trace=300718, nelems=8, elem type=int[])
OBJ 500004b5 (sz=32, trace=300719, class=sun.misc.FDBigInteger@500003c3)
	data		500004b4
ARR 500004b6 (sz=32, trace=300718, nelems=8, elem type=int[])
OBJ 500004b7 (sz=32, trace=300719, class=sun.misc.FDBigInteger@500003c3)
	data		500004b6
ARR 500004b8 (sz=32, trace=300718, nelems=8, elem type=int[])
OBJ 500004b9 (sz=32, trace=300719, class=sun.misc.FDBigInteger@500003c3)
	data		500004b8
ARR 500004ba (sz=32, trace=300718, nelems=8, elem type=int[])
OBJ 500004bb (sz=64, trace=300311, class=java.util.jar.JarFile@50000373)
OBJ 500004bc (sz=40, trace=300312, class=java.lang.ref.Finalizer@50000152)
OBJ 500004bd (sz=48, trace=300313, class=java.util.WeakHashMap@500000ac)
OBJ 500004be (sz=32, trace=300314, class=java.lang.ref.ReferenceQueue@50000151)
OBJ 500004bf (sz=16, trace=300315, class=java.lang.ref.ReferenceQueue$Lock@500000d6)
ARR 500004c0 (sz=80, trace=300316, nelems=0, elem type=java.util.WeakHashMap$Entry[]@50000045)
OBJ 500004c1 (sz=24, trace=300318, class=java.util.ArrayDeque@500003d6)
ARR 500004c2 (sz=80, trace=300319, nelems=0, elem type=java.lang.Object[]@5000010d)
OBJ 500004c3 (sz=32, trace=300321, class=java.util.zip.ZipCoder@500003d9)
OBJ 500004c4 (sz=32, trace=300719, class=sun.misc.FDBigInteger@500003c3)
	data		500004ba
ARR 500004c5 (sz=32, trace=300718, nelems=8, elem type=int[])
OBJ 500004c6 (sz=32, trace=300719, class=sun.misc.FDBigInteger@500003c3)
	data		500004c5
ARR 500004c7 (sz=32, trace=300718, nelems=8, elem type=int[])
OBJ 500004c8 (sz=32, trace=300719, class=sun.misc.FDBigInteger@500003c3)
	data		500004c7
ARR 500004c9 (sz=32, trace=300718, nelems=8, elem type=int[])
OBJ 500004ca (sz=32, trace=300719, class=sun.misc.FDBigInteger@500003c3)
	data		500004c9
ARR 500004cb (sz=32, trace=300718, nelems=8, elem type=int[])
OBJ 500004cc (sz=32, trace=300719, class=sun.misc.FDBigInteger@500003c3)
	data		500004cb
ARR 500004cd (sz=32, trace=300718, nelems=8, elem type=int[])
OBJ 500004ce (sz=32, trace=300719, class=sun.misc.FDBigInteger@500003c3)
	data		500004cd
ARR 500004cf (sz=32, trace=300718, nelems=8, elem type=int[])
OBJ 500004d0 (sz=32, trace=300719, class=sun.misc.FDBigInteger@500003c3)
	data		500004cf
ARR 500004d1 (sz=36, trace=300718, nelems=9, elem type=int[])
OBJ 500004d2 (sz=32, trace=300719, class=sun.misc.FDBigInteger@500003c3)
	data		500004d1
ARR 500004d3 (sz=36, trace=300718, nelems=9, elem type=int[])
OBJ 500004d4 (sz=32, trace=300719, class=sun.misc.FDBigInteger@500003c3)
	data		500004d3
ARR 500004d5 (sz=36, trace=300718, nelems=9, elem type=int[])
OBJ 500004d6 (sz=32, trace=300719, class=sun.misc.FDBigInteger@500003c3)
	data		500004d5
ARR 500004d7 (sz=36, trace=300718, nelems=9, elem type=int[])
OBJ 500004d8 (sz=32, trace=300719, class=sun.misc.FDBigInteger@500003c3)
	data		500004d7
ARR 500004d9 (sz=36, trace=300718, nelems=9, elem type=int[])
OBJ 500004da (sz=32, trace=300719, class=sun.misc.FDBigInteger@500003c3)
	data		500004d9
ARR 500004db (sz=36, trace=300718, nelems=9, elem type=int[])
OBJ 500004dc (sz=32, trace=300719, class=sun.misc.FDBigInteger@500003c3)
	data		500004db
ARR 500004dd (sz=36, trace=300718, nelems=9, elem type=int[])
OBJ 500004de (sz=32, trace=300719, class=sun.misc.FDBigInteger@500003c3)
	data		500004dd
ARR 500004df (sz=36, trace=300718, nelems=9, elem type=int[])
OBJ 500004e0 (sz=32, trace=300719, class=sun.misc.FDBigInteger@500003c3)
	data		500004df
ARR 500004e1 (sz=36, trace=300718, nelems=9, elem type=int[])
OBJ 500004e2 (sz=32, trace=300719, class=sun.misc.FDBigInteger@500003c3)
	data		500004e1
ARR 500004e3 (sz=36, trace=300718, nelems=9, elem type=int[])
OBJ 500004e4 (sz=32, trace=300719, class=sun.misc.FDBigInteger@500003c3)
	data		500004e3
ARR 500004e5 (sz=36, trace=300718, nelems=9, elem type=int[])
OBJ 500004e6 (sz=32, trace=300719, class=sun.misc.FDBigInteger@500003c3)
	data		500004e5
ARR 500004e7 (sz=36, trace=300718, nelems=9, elem type=int[])
OBJ 500004e8 (sz=32, trace=300719, class=sun.misc.FDBigInteger@500003c3)
	data		500004e7
OBJ 500004e9 (sz=64, trace=300311, class=java.util.jar.JarFile@50000373)
OBJ 500004ea (sz=40, trace=300312, class=java.lang.ref.Finalizer@50000152)
OBJ 500004eb (sz=48, trace=300313, class=java.util.WeakHashMap@500000ac)
OBJ 500004ec (sz=32, trace=300314, class=java.lang.ref.ReferenceQueue@50000151)
OBJ 500004ed (sz=16, trace=300315, class=java.lang.ref.ReferenceQueue$Lock@500000d6)
ARR 500004ee (sz=80, trace=300316, nelems=0, elem type=java.util.WeakHashMap$Entry[]@50000045)
OBJ 500004ef (sz=24, trace=300318, class=java.util.ArrayDeque@500003d6)
ARR 500004f0 (sz=80, trace=300319, nelems=0, elem type=java.lang.Object[]@5000010d)
OBJ 500004f1 (sz=32, trace=300321, class=java.util.zip.ZipCoder@500003d9)
ARR 500004f2 (sz=36, trace=300718, nelems=9, elem type=int[])
OBJ 500004f3 (sz=32, trace=300719, class=sun.misc.FDBigInteger@500003c3)
	data		500004f2
ARR 500004f4 (sz=36, trace=300718, nelems=9, elem type=int[])
OBJ 500004f5 (sz=32, trace=300719, class=sun.misc.FDBigInteger@500003c3)
	data		500004f4
ARR 500004f6 (sz=40, trace=300718, nelems=10, elem type=int[])
OBJ 500004f7 (sz=32, trace=300719, class=sun.misc.FDBigInteger@500003c3)
	data		500004f6
ARR 500004f8 (sz=40, trace=300718, nelems=10, elem type=int[])
OBJ 500004f9 (sz=32, trace=300719, class=sun.misc.FDBigInteger@500003c3)
	data		500004f8
ARR 500004fa (sz=40, trace=300718, nelems=10, elem type=int[])
OBJ 500004fb (sz=32, trace=300719, class=sun.misc.FDBigInteger@500003c3)
	data		500004fa
ARR 500004fc (sz=40, trace=300718, nelems=10, elem type=int[])
OBJ 500004fd (sz=32, trace=300719, class=sun.misc.FDBigInteger@500003c3)
	data		500004fc
ARR 500004fe (sz=40, trace=300718, nelems=10, elem type=int[])
OBJ 500004ff (sz=32, trace=300719, class=sun.misc.FDBigInteger@500003c3)
	data		500004fe
ARR 50000500 (sz=40, trace=300718, nelems=10, elem type=int[])
OBJ 50000501 (sz=32, trace=300719, class=sun.misc.FDBigInteger@500003c3)
	data		50000500
OBJ 50000502 (sz=24, trace=300340, class=java.lang.String@50000173)
	value		50000503
ARR 50000503 (sz=208, trace=300179, nelems=104, elem type=char[])
ARR 50000504 (sz=40, trace=300718, nelems=10, elem type=int[])
OBJ 50000506 (sz=24, trace=300343, class=sun.misc.URLClassPath$FileLoader@50000505)
	base		50001241
	dir		50000514
OBJ 50000507 (sz=32, trace=300719, class=sun.misc.FDBigInteger@500003c3)
	data		50000504
ARR 50000508 (sz=40, trace=300718, nelems=10, elem type=int[])
OBJ 50000509 (sz=32, trace=300719, class=sun.misc.FDBigInteger@500003c3)
	data		50000508
ARR 5000050a (sz=40, trace=300718, nelems=10, elem type=int[])
OBJ 5000050b (sz=32, trace=300719, class=sun.misc.FDBigInteger@500003c3)
	data		5000050a
ARR 5000050c (sz=192, trace=300349, nelems=96, elem type=char[])
OBJ 5000050d (sz=24, trace=300350, class=java.lang.String@50000173)
	value		5000050c
ARR 5000050e (sz=40, trace=300718, nelems=10, elem type=int[])
OBJ 5000050f (sz=32, trace=300719, class=sun.misc.FDBigInteger@500003c3)
	data		5000050e
ARR 50000510 (sz=40, trace=300718, nelems=10, elem type=int[])
OBJ 50000511 (sz=32, trace=300719, class=sun.misc.FDBigInteger@500003c3)
	data		50000510
OBJ 50000512 (sz=24, trace=300355, class=java.io.ExpiringCache$Entry@5000005b)
	val		50000a7f
OBJ 50000513 (sz=40, trace=300356, class=java.util.LinkedHashMap$Entry@5000005a)
	key		5000050d
	value		50000512
	before		50000202
	after		500005af
OBJ 50000514 (sz=32, trace=300357, class=java.io.File@50000120)
	path		50000a7f
ARR 50000515 (sz=56, trace=300220, nelems=1, elem type=java.lang.Object[]@5000010d)
	[0]		50000506
ARR 50000516 (sz=80, trace=300358, nelems=3, elem type=java.util.HashMap$Node[]@500000c7)
	[2]		50000517
OBJ 50000517 (sz=32, trace=300222, class=java.util.HashMap$Node@500000c9)
	key		50000502
	value		50000506
ARR 50000518 (sz=40, trace=300718, nelems=10, elem type=int[])
OBJ 50000519 (sz=32, trace=300719, class=sun.misc.FDBigInteger@500003c3)
	data		50000518
ARR 5000051a (sz=40, trace=300718, nelems=10, elem type=int[])
OBJ 5000051b (sz=32, trace=300719, class=sun.misc.FDBigInteger@500003c3)
	data		5000051a
ARR 5000051c (sz=40, trace=300718, nelems=10, elem type=int[])
OBJ 5000051d (sz=32, trace=300719, class=sun.misc.FDBigInteger@500003c3)
	data		5000051c
ARR 5000051e (sz=44, trace=300718, nelems=11, elem type=int[])
OBJ 5000051f (sz=32, trace=300719, class=sun.misc.FDBigInteger@500003c3)
	data		5000051e
ARR 50000520 (sz=44, trace=300718, nelems=11, elem type=int[])
OBJ 50000521 (sz=32, trace=300719, class=sun.misc.FDBigInteger@500003c3)
	data		50000520
ARR 50000522 (sz=44, trace=300718, nelems=11, elem type=int[])
OBJ 50000523 (sz=32, trace=300719, class=sun.misc.FDBigInteger@500003c3)
	data		50000522
ARR 50000524 (sz=44, trace=300718, nelems=11, elem type=int[])
OBJ 50000525 (sz=32, trace=300719, class=sun.misc.FDBigInteger@500003c3)
	data		50000524
ARR 50000526 (sz=44, trace=300718, nelems=11, elem type=int[])
OBJ 50000527 (sz=32, trace=300719, class=sun.misc.FDBigInteger@500003c3)
	data		50000526
ARR 50000528 (sz=44, trace=300718, nelems=11, elem type=int[])
OBJ 50000529 (sz=32, trace=300719, class=sun.misc.FDBigInteger@500003c3)
	data		50000528
ARR 5000052a (sz=44, trace=300718, nelems=11, elem type=int[])
OBJ 5000052b (sz=32, trace=300719, class=sun.misc.FDBigInteger@500003c3)
	data		5000052a
ARR 5000052c (sz=44, trace=300718, nelems=11, elem type=int[])
OBJ 5000052d (sz=32, trace=300719, class=sun.misc.FDBigInteger@500003c3)
	data		5000052c
ARR 5000052e (sz=44, trace=300718, nelems=11, elem type=int[])
OBJ 5000052f (sz=32, trace=300719, class=sun.misc.FDBigInteger@500003c3)
	data		5000052e
ARR 50000530 (sz=44, trace=300718, nelems=11, elem type=int[])
OBJ 50000531 (sz=24, trace=300384, class=java.lang.String@50000173)
ARR 50000532 (sz=232, trace=300385, nelems=0, elem type=char[])
OBJ 50000533 (sz=32, trace=300719, class=sun.misc.FDBigInteger@500003c3)
	data		50000530
ARR 50000534 (sz=44, trace=300718, nelems=11, elem type=int[])
OBJ 50000535 (sz=32, trace=300719, class=sun.misc.FDBigInteger@500003c3)
	data		50000534
ARR 50000536 (sz=44, trace=300718, nelems=11, elem type=int[])
OBJ 50000539 (sz=32, trace=300719, class=sun.misc.FDBigInteger@500003c3)
	data		50000536
OBJ 5000053a (sz=32, trace=300392, class=java.io.FileInputStream@50000089)
OBJ 5000053b (sz=40, trace=300393, class=java.lang.ref.Finalizer@50000152)
OBJ 5000053c (sz=16, trace=300394, class=java.lang.Object@50000177)
OBJ 5000053d (sz=32, trace=300395, class=java.io.FileDescriptor@50000088)
ARR 5000053e (sz=44, trace=300718, nelems=11, elem type=int[])
OBJ 5000053f (sz=32, trace=300719, class=sun.misc.FDBigInteger@500003c3)
	data		5000053e
ARR 50000541 (sz=48, trace=300718, nelems=12, elem type=int[])
OBJ 50000542 (sz=32, trace=300719, class=sun.misc.FDBigInteger@500003c3)
	data		50000541
ARR 50000543 (sz=48, trace=300718, nelems=12, elem type=int[])
OBJ 50000544 (sz=32, trace=300719, class=sun.misc.FDBigInteger@500003c3)
	data		50000543
ARR 50000545 (sz=48, trace=300718, nelems=12, elem type=int[])
OBJ 50000546 (sz=32, trace=300719, class=sun.misc.FDBigInteger@500003c3)
	data		50000545
OBJ 50000547 (sz=32, trace=300404, class=java.security.CodeSource@50000119)
	location	50001241
ARR 5000054a (sz=48, trace=300718, nelems=12, elem type=int[])
OBJ 5000054c (sz=16, trace=300409, class=sun.misc.Perf@5000054b)
OBJ 5000054e (sz=24, trace=300411, class=sun.misc.PerfCounter@50000548)
	name		50001281
	lb		50000556
OBJ 50000552 (sz=32, trace=300719, class=sun.misc.FDBigInteger@500003c3)
	data		5000054a
OBJ 50000553 (sz=64, trace=300414, class=java.nio.DirectByteBuffer@50000551)
OBJ 50000556 (sz=56, trace=300416, class=java.nio.DirectLongBufferU@50000555)
	att		50000553
OBJ 50000557 (sz=24, trace=300417, class=sun.misc.PerfCounter@50000548)
	name		50001282
	lb		50000559
OBJ 50000558 (sz=64, trace=300418, class=java.nio.DirectByteBuffer@50000551)
OBJ 50000559 (sz=56, trace=300419, class=java.nio.DirectLongBufferU@50000555)
	att		50000558
OBJ 5000055a (sz=24, trace=300420, class=sun.misc.PerfCounter@50000548)
	name		50001283
	lb		5000055c
OBJ 5000055b (sz=64, trace=300421, class=java.nio.DirectByteBuffer@50000551)
OBJ 5000055c (sz=56, trace=300422, class=java.nio.DirectLongBufferU@50000555)
	att		5000055b
OBJ 5000055d (sz=24, trace=300423, class=sun.misc.PerfCounter@50000548)
	name		50001284
	lb		5000055f
OBJ 5000055e (sz=64, trace=300424, class=java.nio.DirectByteBuffer@50000551)
OBJ 5000055f (sz=56, trace=300425, class=java.nio.DirectLongBufferU@50000555)
	att		5000055e
OBJ 50000560 (sz=24, trace=300426, class=sun.misc.PerfCounter@50000548)
	name		50001285
	lb		50000562
OBJ 50000561 (sz=64, trace=300427, class=java.nio.DirectByteBuffer@50000551)
OBJ 50000562 (sz=56, trace=300428, class=java.nio.DirectLongBufferU@50000555)
	att		50000561
OBJ 50000563 (sz=24, trace=300429, class=sun.misc.PerfCounter@50000548)
	name		50001286
	lb		50000565
OBJ 50000564 (sz=64, trace=300430, class=java.nio.DirectByteBuffer@50000551)
OBJ 50000565 (sz=56, trace=300431, class=java.nio.DirectLongBufferU@50000555)
	att		50000564
ARR 50000568 (sz=24, trace=300433, nelems=2, elem type=java.io.ObjectStreamField[]@500000ff)
	[0]		50000569
	[1]		50000576
OBJ 50000569 (sz=40, trace=300434, class=java.io.ObjectStreamField@50000101)
	name		50000cd1
	signature	50000574
	type		5000014a
ARR 5000056a (sz=48, trace=300718, nelems=12, elem type=int[])
OBJ 5000056b (sz=32, trace=300719, class=sun.misc.FDBigInteger@500003c3)
	data		5000056a
ARR 5000056c (sz=48, trace=300718, nelems=12, elem type=int[])
OBJ 5000056d (sz=32, trace=300719, class=sun.misc.FDBigInteger@500003c3)
	data		5000056c
ARR 5000056e (sz=48, trace=300718, nelems=12, elem type=int[])
OBJ 5000056f (sz=32, trace=300719, class=sun.misc.FDBigInteger@500003c3)
	data		5000056e
ARR 50000570 (sz=48, trace=300718, nelems=12, elem type=int[])
OBJ 50000571 (sz=32, trace=300719, class=sun.misc.FDBigInteger@500003c3)
	data		50000570
ARR 50000572 (sz=48, trace=300718, nelems=12, elem type=int[])
OBJ 50000573 (sz=32, trace=300719, class=sun.misc.FDBigInteger@500003c3)
	data		50000572
OBJ 50000574 (sz=24, trace=300445, class=java.lang.String@50000173)
	value		50000575
ARR 50000575 (sz=42, trace=300446, nelems=21, elem type=char[])
OBJ 50000576 (sz=40, trace=300447, class=java.io.ObjectStreamField@50000101)
	name		50000cd0
	signature	50000582
	type		50000566
ARR 50000577 (sz=48, trace=300718, nelems=12, elem type=int[])
OBJ 50000578 (sz=32, trace=300719, class=sun.misc.FDBigInteger@500003c3)
	data		50000577
ARR 50000579 (sz=48, trace=300718, nelems=12, elem type=int[])
OBJ 5000057a (sz=32, trace=300719, class=sun.misc.FDBigInteger@500003c3)
	data		50000579
ARR 5000057b (sz=48, trace=300718, nelems=12, elem type=int[])
OBJ 5000057c (sz=32, trace=300719, class=sun.misc.FDBigInteger@500003c3)
	data		5000057b
ARR 5000057d (sz=48, trace=300718, nelems=12, elem type=int[])
OBJ 5000057e (sz=32, trace=300719, class=sun.misc.FDBigInteger@500003c3)
	data		5000057d
ARR 5000057f (sz=48, trace=300718, nelems=12, elem type=int[])
OBJ 50000580 (sz=32, trace=300719, class=sun.misc.FDBigInteger@500003c3)
	data		5000057f
ARR 50000581 (sz=52, trace=300718, nelems=13, elem type=int[])
OBJ 50000582 (sz=24, trace=300459, class=java.lang.String@50000173)
	value		50000583
ARR 50000583 (sz=72, trace=300460, nelems=36, elem type=char[])
OBJ 50000584 (sz=32, trace=300461, class=java.security.Permissions@50000567)
	permsMap	50000585
OBJ 50000585 (sz=48, trace=300462, class=java.util.HashMap@500000cb)
	table		500005c4
OBJ 50000586 (sz=32, trace=300719, class=sun.misc.FDBigInteger@500003c3)
	data		50000581
ARR 50000587 (sz=52, trace=300718, nelems=13, elem type=int[])
OBJ 50000588 (sz=32, trace=300719, class=sun.misc.FDBigInteger@500003c3)
	data		50000587
ARR 50000589 (sz=52, trace=300718, nelems=13, elem type=int[])
OBJ 5000058a (sz=32, trace=300719, class=sun.misc.FDBigInteger@500003c3)
	data		50000589
ARR 5000058b (sz=52, trace=300718, nelems=13, elem type=int[])
OBJ 5000058c (sz=32, trace=300719, class=sun.misc.FDBigInteger@500003c3)
	data		5000058b
OBJ 50000590 (sz=48, trace=300471, class=java.util.Hashtable@5000014a)
	table		50000591
ARR 50000591 (sz=64, trace=300472, nelems=0, elem type=java.util.Hashtable$Entry[]@500000c4)
OBJ 50000592 (sz=48, trace=300473, class=java.util.HashMap@500000cb)
ARR 50000593 (sz=52, trace=300718, nelems=13, elem type=int[])
OBJ 50000595 (sz=32, trace=300719, class=sun.misc.FDBigInteger@500003c3)
	data		50000593
ARR 50000596 (sz=52, trace=300718, nelems=13, elem type=int[])
OBJ 50000597 (sz=32, trace=300719, class=sun.misc.FDBigInteger@500003c3)
	data		50000596
ARR 50000599 (sz=52, trace=300718, nelems=13, elem type=int[])
OBJ 5000059b (sz=32, trace=300719, class=sun.misc.FDBigInteger@500003c3)
	data		50000599
ARR 5000059c (sz=52, trace=300718, nelems=13, elem type=int[])
OBJ 5000059d (sz=32, trace=300719, class=sun.misc.FDBigInteger@500003c3)
	data		5000059c
ARR 5000059e (sz=52, trace=300718, nelems=13, elem type=int[])
OBJ 5000059f (sz=32, trace=300719, class=sun.misc.FDBigInteger@500003c3)
	data		5000059e
ARR 500005a0 (sz=52, trace=300718, nelems=13, elem type=int[])
OBJ 500005a1 (sz=32, trace=300719, class=sun.misc.FDBigInteger@500003c3)
	data		500005a0
ARR 500005a2 (sz=52, trace=300718, nelems=13, elem type=int[])
OBJ 500005a3 (sz=32, trace=300719, class=sun.misc.FDBigInteger@500003c3)
	data		500005a2
ARR 500005a4 (sz=52, trace=300718, nelems=13, elem type=int[])
OBJ 500005a5 (sz=32, trace=300719, class=sun.misc.FDBigInteger@500003c3)
	data		500005a4
ARR 500005a6 (sz=52, trace=300718, nelems=13, elem type=int[])
OBJ 500005a7 (sz=24, trace=300494, class=java.lang.String@50000173)
	value		500005a8
ARR 500005a8 (sz=196, trace=300495, nelems=98, elem type=char[])
OBJ 500005a9 (sz=32, trace=300496, class=java.io.FilePermission@50000598)
	name		500005a7
	cpath		500005b1
OBJ 500005aa (sz=32, trace=300719, class=sun.misc.FDBigInteger@500003c3)
	data		500005a6
ARR 500005ab (sz=52, trace=300718, nelems=13, elem type=int[])
OBJ 500005ac (sz=32, trace=300719, class=sun.misc.FDBigInteger@500003c3)
	data		500005ab
ARR 500005ad (sz=56, trace=300718, nelems=14, elem type=int[])
OBJ 500005ae (sz=24, trace=300501, class=java.io.ExpiringCache$Entry@5000005b)
	val		50000a81
OBJ 500005af (sz=40, trace=300502, class=java.util.LinkedHashMap$Entry@5000005a)
	key		500005a7
	value		500005ae
	before		50000513
ARR 500005b0 (sz=272, trace=300503, nelems=61, elem type=java.util.HashMap$Node[]@500000c7)
	[4]		50000a4d
	[6]		50000a4c
	[9]		50000a4e
	[16]		50000a4f
	[19]		50000202
	[26]		50000a50
	[31]		50000a51
	[33]		50000a52
	[36]		50000a53
	[41]		50000a54
	[42]		50000a55
	[46]		50000a56
	[47]		50000a57
	[48]		50000a58
	[51]		50000a59
	[55]		50000a5a
	[57]		50000a5b
	[58]		50000a5c
	[60]		50000a5d
OBJ 500005b1 (sz=24, trace=300504, class=java.lang.String@50000173)
	value		500005b2
ARR 500005b2 (sz=194, trace=300505, nelems=97, elem type=char[])
ARR 500005b4 (sz=24, trace=300507, nelems=1, elem type=java.io.ObjectStreamField[]@500000ff)
	[0]		500005b5
OBJ 500005b5 (sz=40, trace=300508, class=java.io.ObjectStreamField@50000101)
	name		50000900
	signature	500005c0
	type		500000e8
OBJ 500005b6 (sz=32, trace=300719, class=sun.misc.FDBigInteger@500003c3)
	data		500005ad
ARR 500005b7 (sz=56, trace=300718, nelems=14, elem type=int[])
OBJ 500005b8 (sz=32, trace=300719, class=sun.misc.FDBigInteger@500003c3)
	data		500005b7
ARR 500005b9 (sz=56, trace=300718, nelems=14, elem type=int[])
OBJ 500005ba (sz=32, trace=300719, class=sun.misc.FDBigInteger@500003c3)
	data		500005b9
ARR 500005bb (sz=56, trace=300718, nelems=14, elem type=int[])
OBJ 500005bc (sz=32, trace=300719, class=sun.misc.FDBigInteger@500003c3)
	data		500005bb
ARR 500005bd (sz=56, trace=300718, nelems=14, elem type=int[])
OBJ 500005be (sz=32, trace=300719, class=sun.misc.FDBigInteger@500003c3)
	data		500005bd
ARR 500005bf (sz=56, trace=300718, nelems=14, elem type=int[])
OBJ 500005c0 (sz=24, trace=300519, class=java.lang.String@50000173)
	value		500005c1
ARR 500005c1 (sz=36, trace=300520, nelems=18, elem type=char[])
OBJ 500005c2 (sz=24, trace=300521, class=java.io.FilePermissionCollection@500005b3)
	perms		500005c3
OBJ 500005c3 (sz=24, trace=300522, class=java.util.ArrayList@500000e2)
	elementData	500005c6
ARR 500005c4 (sz=80, trace=300523, nelems=13, elem type=java.util.HashMap$Node[]@500000c7)
	[4]		500005ed
	[12]		500005c5
OBJ 500005c5 (sz=32, trace=300524, class=java.util.HashMap$Node@500000c9)
	key		50000598
	value		500005c2
ARR 500005c6 (sz=56, trace=300525, nelems=1, elem type=java.lang.Object[]@5000010d)
	[0]		500005a9
OBJ 500005c9 (sz=24, trace=300528, class=java.lang.RuntimePermission@500000f5)
	name		500008fa
	path		500008fb
ARR 500005cb (sz=32, trace=300530, nelems=3, elem type=java.io.ObjectStreamField[]@500000ff)
	[0]		500005cc
	[1]		500005d9
	[2]		500005de
OBJ 500005cc (sz=40, trace=300531, class=java.io.ObjectStreamField@50000101)
	name		50000900
	signature	50000574
	type		5000014a
OBJ 500005cd (sz=32, trace=300719, class=sun.misc.FDBigInteger@500003c3)
	data		500005bf
ARR 500005ce (sz=56, trace=300718, nelems=14, elem type=int[])
OBJ 500005cf (sz=32, trace=300719, class=sun.misc.FDBigInteger@500003c3)
	data		500005ce
ARR 500005d0 (sz=56, trace=300718, nelems=14, elem type=int[])
OBJ 500005d1 (sz=32, trace=300719, class=sun.misc.FDBigInteger@500003c3)
	data		500005d0
ARR 500005d2 (sz=56, trace=300718, nelems=14, elem type=int[])
OBJ 500005d3 (sz=32, trace=300719, class=sun.misc.FDBigInteger@500003c3)
	data		500005d2
ARR 500005d4 (sz=56, trace=300718, nelems=14, elem type=int[])
OBJ 500005d5 (sz=32, trace=300719, class=sun.misc.FDBigInteger@500003c3)
	data		500005d4
ARR 500005d6 (sz=56, trace=300718, nelems=14, elem type=int[])
OBJ 500005d7 (sz=32, trace=300719, class=sun.misc.FDBigInteger@500003c3)
	data		500005d6
ARR 500005d8 (sz=56, trace=300718, nelems=14, elem type=int[])
OBJ 500005d9 (sz=40, trace=300544, class=java.io.ObjectStreamField@50000101)
	name		500008ff
	signature	50000260
	type		50000862
OBJ 500005da (sz=32, trace=300719, class=sun.misc.FDBigInteger@500003c3)
	data		500005d8
ARR 500005db (sz=56, trace=300718, nelems=14, elem type=int[])
OBJ 500005dc (sz=32, trace=300719, class=sun.misc.FDBigInteger@500003c3)
	data		500005db
ARR 500005dd (sz=56, trace=300718, nelems=14, elem type=int[])
OBJ 500005de (sz=40, trace=300549, class=java.io.ObjectStreamField@50000101)
	name		50000901
	signature	500005e9
	type		5000016f
OBJ 500005df (sz=32, trace=300719, class=sun.misc.FDBigInteger@500003c3)
	data		500005dd
ARR 500005e0 (sz=60, trace=300718, nelems=15, elem type=int[])
OBJ 500005e1 (sz=32, trace=300719, class=sun.misc.FDBigInteger@500003c3)
	data		500005e0
ARR 500005e2 (sz=60, trace=300718, nelems=15, elem type=int[])
OBJ 500005e3 (sz=32, trace=300719, class=sun.misc.FDBigInteger@500003c3)
	data		500005e2
ARR 500005e4 (sz=60, trace=300718, nelems=15, elem type=int[])
OBJ 500005e5 (sz=32, trace=300719, class=sun.misc.FDBigInteger@500003c3)
	data		500005e4
ARR 500005e6 (sz=60, trace=300718, nelems=15, elem type=int[])
OBJ 500005e7 (sz=32, trace=300719, class=sun.misc.FDBigInteger@500003c3)
	data		500005e6
ARR 500005e8 (sz=60, trace=300718, nelems=15, elem type=int[])
OBJ 500005e9 (sz=24, trace=300560, class=java.lang.String@50000173)
	value		500005ea
ARR 500005ea (sz=34, trace=300561, nelems=17, elem type=char[])
OBJ 500005eb (sz=32, trace=300562, class=java.security.BasicPermissionCollection@500005ca)
	perms		500005ec
	permClass	500000f5
OBJ 500005ec (sz=48, trace=300563, class=java.util.HashMap@500000cb)
	table		500005ee
OBJ 500005ed (sz=32, trace=300564, class=java.util.HashMap$Node@500000c9)
	key		500000f5
	value		500005eb
ARR 500005ee (sz=80, trace=300565, nelems=12, elem type=java.util.HashMap$Node[]@500000c7)
	[11]		500005ef
OBJ 500005ef (sz=32, trace=300566, class=java.util.HashMap$Node@500000c9)
	key		500008fc
	value		500005c9
OBJ 500005f0 (sz=40, trace=300567, class=java.security.ProtectionDomain@50000165)
	codesource	50000547
	classloader	5000078e
	principals	500005f2
	permissions	50000584
	key		500005f1
OBJ 500005f1 (sz=16, trace=300568, class=java.security.ProtectionDomain$Key@50000007)
	this$0		500005f0
ARR 500005f2 (sz=16, trace=300569, nelems=0, elem type=java.security.Principal[]@50000005)
ARR 500005f3 (sz=80, trace=300570, nelems=9, elem type=java.util.HashMap$Node[]@500000c7)
	[8]		500005f4
OBJ 500005f4 (sz=32, trace=300571, class=java.util.HashMap$Node@500000c9)
	key		50000547
	value		500005f0
ARR 500005f5 (sz=80, trace=300572, nelems=1, elem type=java.util.concurrent.ConcurrentHashMap$Node[]@5000001f)
	[0]		500005f6
OBJ 500005f6 (sz=32, trace=300573, class=java.util.concurrent.ConcurrentHashMap$Node@50000020)
	key		50000887
	val		50000b07
OBJ 500005f7 (sz=32, trace=300719, class=sun.misc.FDBigInteger@500003c3)
	data		500005e8
ARR 500005f8 (sz=60, trace=300718, nelems=15, elem type=int[])
OBJ 500005f9 (sz=32, trace=300719, class=sun.misc.FDBigInteger@500003c3)
	data		500005f8
ARR 500005fa (sz=60, trace=300718, nelems=15, elem type=int[])
OBJ 500005fb (sz=16, trace=300578, class=java.lang.Object@50000177)
OBJ 500005fc (sz=32, trace=300579, class=java.util.concurrent.ConcurrentHashMap$Node@50000020)
	key		50000b22
	val		500005fb
	next		5000038f
OBJ 500005fd (sz=16, trace=300580, class=java.lang.Object@50000177)
OBJ 500005fe (sz=32, trace=300581, class=java.util.concurrent.ConcurrentHashMap$Node@50000020)
	key		50000b22
	val		500005fd
	next		50000394
OBJ 50000601 (sz=32, trace=300719, class=sun.misc.FDBigInteger@500003c3)
	data		500005fa
ARR 50000603 (sz=60, trace=300718, nelems=15, elem type=int[])
OBJ 50000605 (sz=32, trace=300719, class=sun.misc.FDBigInteger@500003c3)
	data		50000603
OBJ 50000606 (sz=56, trace=300588, class=java.lang.Class$ReflectionData@500000b6)
OBJ 50000607 (sz=40, trace=300589, class=java.lang.ref.SoftReference@50000157)
OBJ 50000608 (sz=16, trace=300591, class=java.lang.Object@50000177)
OBJ 50000609 (sz=32, trace=300592, class=java.util.concurrent.ConcurrentHashMap$Node@50000020)
	key		50000b20
	val		50000608
OBJ 5000060a (sz=16, trace=300593, class=java.lang.Object@50000177)
OBJ 5000060b (sz=32, trace=300594, class=java.util.concurrent.ConcurrentHashMap$Node@50000020)
	key		50000b20
	val		5000060a
ARR 5000060c (sz=60, trace=300718, nelems=15, elem type=int[])
OBJ 5000060e (sz=24, trace=300162, class=java.lang.String@50000173)
ARR 5000060f (sz=24, trace=300163, nelems=0, elem type=char[])
OBJ 50000610 (sz=24, trace=300162, class=java.lang.String@50000173)
ARR 50000611 (sz=24, trace=300163, nelems=0, elem type=char[])
OBJ 50000612 (sz=16, trace=300597, class=java.lang.Object@50000177)
OBJ 50000613 (sz=32, trace=300598, class=java.util.concurrent.ConcurrentHashMap$Node@50000020)
	key		50000b1e
	val		50000612
OBJ 50000614 (sz=16, trace=300599, class=java.lang.Object@50000177)
OBJ 50000615 (sz=32, trace=300600, class=java.util.concurrent.ConcurrentHashMap$Node@50000020)
	key		50000b1e
	val		50000614
OBJ 50000616 (sz=16, trace=300601, class=java.lang.Object@50000177)
OBJ 50000617 (sz=32, trace=300602, class=java.util.concurrent.ConcurrentHashMap$Node@50000020)
	key		50000b2a
	val		50000616
OBJ 50000618 (sz=16, trace=300603, class=java.lang.Object@50000177)
OBJ 50000619 (sz=32, trace=300604, class=java.util.concurrent.ConcurrentHashMap$Node@50000020)
	key		50000b2a
	val		50000618
ARR 5000061a (sz=4016, trace=300605, nelems=0, elem type=double[])
ARR 5000061b (sz=4016, trace=300606, nelems=0, elem type=double[])
ARR 5000061c (sz=4016, trace=300607, nelems=0, elem type=double[])
OBJ 5000061d (sz=32, trace=300719, class=sun.misc.FDBigInteger@500003c3)
	data		5000060c
OBJ 5000061e (sz=16, trace=300609, class=java.lang.Object@50000177)
OBJ 5000061f (sz=32, trace=300610, class=java.util.concurrent.ConcurrentHashMap$Node@50000020)
	key		50000b26
	val		5000061e
OBJ 50000620 (sz=16, trace=300611, class=java.lang.Object@50000177)
OBJ 50000621 (sz=32, trace=300612, class=java.util.concurrent.ConcurrentHashMap$Node@50000020)
	key		50000b26
	val		50000620
OBJ 50000624 (sz=24, trace=300615, class=java.util.concurrent.atomic.AtomicLong@5000006d)
ARR 50000625 (sz=32, trace=300616, nelems=3, elem type=java.io.ObjectStreamField[]@500000ff)
	[0]		50000626
	[1]		5000062b
	[2]		50000630
OBJ 50000626 (sz=40, trace=300617, class=java.io.ObjectStreamField@50000101)
	name		50000908
	signature	50000629
	type		5000085b
ARR 50000627 (sz=60, trace=300718, nelems=15, elem type=int[])
OBJ 50000628 (sz=32, trace=300719, class=sun.misc.FDBigInteger@500003c3)
	data		50000627
OBJ 50000629 (sz=24, trace=300620, class=java.lang.String@50000173)
	value		5000062a
ARR 5000062a (sz=2, trace=300621, nelems=1, elem type=char[])
OBJ 5000062b (sz=40, trace=300622, class=java.io.ObjectStreamField@50000101)
	name		50000909
	signature	5000062e
	type		5000085f
ARR 5000062c (sz=60, trace=300718, nelems=15, elem type=int[])
OBJ 5000062d (sz=32, trace=300719, class=sun.misc.FDBigInteger@500003c3)
	data		5000062c
OBJ 5000062e (sz=24, trace=300625, class=java.lang.String@50000173)
	value		5000062f
ARR 5000062f (sz=2, trace=300626, nelems=1, elem type=char[])
OBJ 50000630 (sz=40, trace=300627, class=java.io.ObjectStreamField@50000101)
	name		5000090a
	signature	50000260
	type		50000862
ARR 50000631 (sz=60, trace=300718, nelems=15, elem type=int[])
OBJ 50000632 (sz=32, trace=300719, class=sun.misc.FDBigInteger@500003c3)
	data		50000631
ARR 50000633 (sz=60, trace=300718, nelems=15, elem type=int[])
OBJ 50000634 (sz=32, trace=300719, class=sun.misc.FDBigInteger@500003c3)
	data		50000633
OBJ 50000635 (sz=56, trace=300632, class=java.lang.Class$ReflectionData@500000b6)
OBJ 50000636 (sz=40, trace=300633, class=java.lang.ref.SoftReference@50000157)
ARR 50000637 (sz=64, trace=300718, nelems=16, elem type=int[])
OBJ 50000638 (sz=32, trace=300635, class=java.util.Random@50000623)
	seed		50000639
OBJ 50000639 (sz=24, trace=300636, class=java.util.concurrent.atomic.AtomicLong@5000006d)
OBJ 5000063a (sz=32, trace=300719, class=sun.misc.FDBigInteger@500003c3)
	data		50000637
ARR 5000063b (sz=64, trace=300718, nelems=16, elem type=int[])
OBJ 5000063c (sz=32, trace=300719, class=sun.misc.FDBigInteger@500003c3)
	data		5000063b
ARR 5000063d (sz=64, trace=300718, nelems=16, elem type=int[])
OBJ 5000063e (sz=32, trace=300719, class=sun.misc.FDBigInteger@500003c3)
	data		5000063d
ARR 5000063f (sz=64, trace=300718, nelems=16, elem type=int[])
OBJ 50000640 (sz=32, trace=300719, class=sun.misc.FDBigInteger@500003c3)
	data		5000063f
ARR 50000641 (sz=64, trace=300718, nelems=16, elem type=int[])
OBJ 50000642 (sz=32, trace=300719, class=sun.misc.FDBigInteger@500003c3)
	data		50000641
ARR 50000643 (sz=64, trace=300718, nelems=16, elem type=int[])
OBJ 50000644 (sz=32, trace=300719, class=sun.misc.FDBigInteger@500003c3)
	data		50000643
ARR 50000645 (sz=64, trace=300718, nelems=16, elem type=int[])
OBJ 50000646 (sz=32, trace=300719, class=sun.misc.FDBigInteger@500003c3)
	data		50000645
ARR 50000647 (sz=64, trace=300718, nelems=16, elem type=int[])
OBJ 50000648 (sz=32, trace=300719, class=sun.misc.FDBigInteger@500003c3)
	data		50000647
ARR 50000649 (sz=64, trace=300718, nelems=16, elem type=int[])
OBJ 5000064a (sz=32, trace=300719, class=sun.misc.FDBigInteger@500003c3)
	data		50000649
ARR 5000064b (sz=64, trace=300718, nelems=16, elem type=int[])
OBJ 5000064c (sz=32, trace=300719, class=sun.misc.FDBigInteger@500003c3)
	data		5000064b
ARR 5000064d (sz=64, trace=300718, nelems=16, elem type=int[])
OBJ 5000064e (sz=32, trace=300719, class=sun.misc.FDBigInteger@500003c3)
	data		5000064d
ARR 5000064f (sz=64, trace=300718, nelems=16, elem type=int[])
OBJ 50000650 (sz=32, trace=300719, class=sun.misc.FDBigInteger@500003c3)
	data		5000064f
ARR 50000651 (sz=64, trace=300718, nelems=16, elem type=int[])
OBJ 50000652 (sz=32, trace=300719, class=sun.misc.FDBigInteger@500003c3)
	data		50000651
ARR 50000653 (sz=64, trace=300718, nelems=16, elem type=int[])
OBJ 50000654 (sz=32, trace=300719, class=sun.misc.FDBigInteger@500003c3)
	data		50000653
ARR 50000655 (sz=68, trace=300718, nelems=17, elem type=int[])
OBJ 50000656 (sz=32, trace=300719, class=sun.misc.FDBigInteger@500003c3)
	data		50000655
ARR 50000657 (sz=68, trace=300718, nelems=17, elem type=int[])
OBJ 50000658 (sz=32, trace=300719, class=sun.misc.FDBigInteger@500003c3)
	data		50000657
ARR 50000659 (sz=68, trace=300718, nelems=17, elem type=int[])
OBJ 5000065a (sz=32, trace=300719, class=sun.misc.FDBigInteger@500003c3)
	data		50000659
ARR 5000065b (sz=68, trace=300718, nelems=17, elem type=int[])
OBJ 5000065c (sz=32, trace=300719, class=sun.misc.FDBigInteger@500003c3)
	data		5000065b
ARR 5000065d (sz=68, trace=300718, nelems=17, elem type=int[])
OBJ 5000065e (sz=32, trace=300719, class=sun.misc.FDBigInteger@500003c3)
	data		5000065d
ARR 5000065f (sz=68, trace=300718, nelems=17, elem type=int[])
OBJ 50000660 (sz=32, trace=300719, class=sun.misc.FDBigInteger@500003c3)
	data		5000065f
ARR 50000661 (sz=68, trace=300718, nelems=17, elem type=int[])
OBJ 50000662 (sz=32, trace=300719, class=sun.misc.FDBigInteger@500003c3)
	data		50000661
ARR 50000663 (sz=68, trace=300718, nelems=17, elem type=int[])
OBJ 50000664 (sz=32, trace=300719, class=sun.misc.FDBigInteger@500003c3)
	data		50000663
ARR 50000665 (sz=68, trace=300718, nelems=17, elem type=int[])
OBJ 50000666 (sz=32, trace=300719, class=sun.misc.FDBigInteger@500003c3)
	data		50000665
ARR 50000667 (sz=68, trace=300718, nelems=17, elem type=int[])
OBJ 50000668 (sz=32, trace=300719, class=sun.misc.FDBigInteger@500003c3)
	data		50000667
ARR 50000669 (sz=68, trace=300718, nelems=17, elem type=int[])
OBJ 5000066a (sz=32, trace=300719, class=sun.misc.FDBigInteger@500003c3)
	data		50000669
ARR 5000066b (sz=68, trace=300718, nelems=17, elem type=int[])
OBJ 5000066c (sz=32, trace=300719, class=sun.misc.FDBigInteger@500003c3)
	data		5000066b
ARR 5000066d (sz=68, trace=300718, nelems=17, elem type=int[])
OBJ 5000066e (sz=32, trace=300719, class=sun.misc.FDBigInteger@500003c3)
	data		5000066d
ARR 5000066f (sz=68, trace=300718, nelems=17, elem type=int[])
OBJ 50000670 (sz=32, trace=300719, class=sun.misc.FDBigInteger@500003c3)
	data		5000066f
ARR 50000671 (sz=72, trace=300718, nelems=18, elem type=int[])
OBJ 50000672 (sz=32, trace=300719, class=sun.misc.FDBigInteger@500003c3)
	data		50000671
ARR 50000673 (sz=72, trace=300718, nelems=18, elem type=int[])
OBJ 50000674 (sz=32, trace=300719, class=sun.misc.FDBigInteger@500003c3)
	data		50000673
ARR 50000675 (sz=72, trace=300718, nelems=18, elem type=int[])
OBJ 50000676 (sz=32, trace=300719, class=sun.misc.FDBigInteger@500003c3)
	data		50000675
ARR 50000677 (sz=72, trace=300718, nelems=18, elem type=int[])
OBJ 50000678 (sz=32, trace=300719, class=sun.misc.FDBigInteger@500003c3)
	data		50000677
ARR 50000679 (sz=72, trace=300718, nelems=18, elem type=int[])
OBJ 5000067a (sz=32, trace=300719, class=sun.misc.FDBigInteger@500003c3)
	data		50000679
ARR 5000067b (sz=72, trace=300718, nelems=18, elem type=int[])
OBJ 5000067c (sz=32, trace=300719, class=sun.misc.FDBigInteger@500003c3)
	data		5000067b
ARR 5000067d (sz=72, trace=300718, nelems=18, elem type=int[])
OBJ 5000067e (sz=32, trace=300719, class=sun.misc.FDBigInteger@500003c3)
	data		5000067d
ARR 5000067f (sz=72, trace=300718, nelems=18, elem type=int[])
OBJ 50000680 (sz=32, trace=300719, class=sun.misc.FDBigInteger@500003c3)
	data		5000067f
ARR 50000681 (sz=72, trace=300718, nelems=18, elem type=int[])
OBJ 50000682 (sz=32, trace=300719, class=sun.misc.FDBigInteger@500003c3)
	data		50000681
ARR 50000683 (sz=72, trace=300718, nelems=18, elem type=int[])
OBJ 50000684 (sz=32, trace=300719, class=sun.misc.FDBigInteger@500003c3)
	data		50000683
ARR 50000685 (sz=72, trace=300718, nelems=18, elem type=int[])
OBJ 50000686 (sz=32, trace=300719, class=sun.misc.FDBigInteger@500003c3)
	data		50000685
ARR 50000687 (sz=72, trace=300718, nelems=18, elem type=int[])
OBJ 50000688 (sz=32, trace=300719, class=sun.misc.FDBigInteger@500003c3)
	data		50000687
ARR 50000689 (sz=72, trace=300718, nelems=18, elem type=int[])
OBJ 5000068a (sz=32, trace=300719, class=sun.misc.FDBigInteger@500003c3)
	data		50000689
ARR 5000068b (sz=72, trace=300718, nelems=18, elem type=int[])
OBJ 5000068c (sz=32, trace=300719, class=sun.misc.FDBigInteger@500003c3)
	data		5000068b
ARR 5000068d (sz=76, trace=300718, nelems=19, elem type=int[])
OBJ 5000068e (sz=32, trace=300719, class=sun.misc.FDBigInteger@500003c3)
	data		5000068d
ARR 5000068f (sz=76, trace=300718, nelems=19, elem type=int[])
OBJ 50000690 (sz=32, trace=300719, class=sun.misc.FDBigInteger@500003c3)
	data		5000068f
ARR 50000691 (sz=76, trace=300718, nelems=19, elem type=int[])
OBJ 50000692 (sz=32, trace=300719, class=sun.misc.FDBigInteger@500003c3)
	data		50000691
ARR 50000693 (sz=76, trace=300718, nelems=19, elem type=int[])
OBJ 50000694 (sz=32, trace=300719, class=sun.misc.FDBigInteger@500003c3)
	data		50000693
ARR 50000695 (sz=76, trace=300718, nelems=19, elem type=int[])
OBJ 50000696 (sz=32, trace=300719, class=sun.misc.FDBigInteger@500003c3)
	data		50000695
ARR 50000697 (sz=76, trace=300718, nelems=19, elem type=int[])
OBJ 50000698 (sz=32, trace=300719, class=sun.misc.FDBigInteger@500003c3)
	data		50000697
ARR 50000699 (sz=76, trace=300718, nelems=19, elem type=int[])
OBJ 5000069a (sz=32, trace=300719, class=sun.misc.FDBigInteger@500003c3)
	data		50000699
ARR 5000069b (sz=76, trace=300718, nelems=19, elem type=int[])
OBJ 5000069c (sz=32, trace=300719, class=sun.misc.FDBigInteger@500003c3)
	data		5000069b
ARR 5000069d (sz=76, trace=300718, nelems=19, elem type=int[])
OBJ 5000069e (sz=32, trace=300719, class=sun.misc.FDBigInteger@500003c3)
	data		5000069d
ARR 5000069f (sz=76, trace=300718, nelems=19, elem type=int[])
OBJ 500006a0 (sz=32, trace=300719, class=sun.misc.FDBigInteger@500003c3)
	data		5000069f
ARR 500006a1 (sz=76, trace=300718, nelems=19, elem type=int[])
OBJ 500006a2 (sz=32, trace=300719, class=sun.misc.FDBigInteger@500003c3)
	data		500006a1
ARR 500006a3 (sz=76, trace=300718, nelems=19, elem type=int[])
OBJ 500006a4 (sz=32, trace=300719, class=sun.misc.FDBigInteger@500003c3)
	data		500006a3
ARR 500006a5 (sz=76, trace=300718, nelems=19, elem type=int[])
OBJ 500006a6 (sz=32, trace=300719, class=sun.misc.FDBigInteger@500003c3)
	data		500006a5
ARR 500006a7 (sz=76, trace=300718, nelems=19, elem type=int[])
OBJ 500006a8 (sz=32, trace=300719, class=sun.misc.FDBigInteger@500003c3)
	data		500006a7
ARR 500006a9 (sz=80, trace=300718, nelems=20, elem type=int[])
OBJ 500006aa (sz=32, trace=300719, class=sun.misc.FDBigInteger@500003c3)
	data		500006a9
ARR 500006ab (sz=80, trace=300718, nelems=20, elem type=int[])
OBJ 500006ac (sz=32, trace=300719, class=sun.misc.FDBigInteger@500003c3)
	data		500006ab
ARR 500006ad (sz=80, trace=300718, nelems=20, elem type=int[])
OBJ 500006ae (sz=32, trace=300719, class=sun.misc.FDBigInteger@500003c3)
	data		500006ad
ARR 500006af (sz=80, trace=300718, nelems=20, elem type=int[])
OBJ 500006b0 (sz=32, trace=300719, class=sun.misc.FDBigInteger@500003c3)
	data		500006af
ARR 500006b1 (sz=80, trace=300718, nelems=20, elem type=int[])
OBJ 500006b2 (sz=32, trace=300719, class=sun.misc.FDBigInteger@500003c3)
	data		500006b1
ARR 500006b3 (sz=80, trace=300718, nelems=20, elem type=int[])
OBJ 500006b4 (sz=32, trace=300719, class=sun.misc.FDBigInteger@500003c3)
	data		500006b3
ARR 500006b5 (sz=80, trace=300718, nelems=20, elem type=int[])
OBJ 500006b6 (sz=32, trace=300719, class=sun.misc.FDBigInteger@500003c3)
	data		500006b5
ARR 500006b7 (sz=80, trace=300718, nelems=20, elem type=int[])
OBJ 500006b8 (sz=32, trace=300719, class=sun.misc.FDBigInteger@500003c3)
	data		500006b7
ARR 500006b9 (sz=80, trace=300718, nelems=20, elem type=int[])
OBJ 500006ba (sz=32, trace=300719, class=sun.misc.FDBigInteger@500003c3)
	data		500006b9
ARR 500006bb (sz=80, trace=300718, nelems=20, elem type=int[])
OBJ 500006bc (sz=32, trace=300719, class=sun.misc.FDBigInteger@500003c3)
	data		500006bb
ARR 500006bd (sz=80, trace=300718, nelems=20, elem type=int[])
OBJ 500006be (sz=32, trace=300719, class=sun.misc.FDBigInteger@500003c3)
	data		500006bd
ARR 500006bf (sz=80, trace=300718, nelems=20, elem type=int[])
OBJ 500006c0 (sz=32, trace=300719, class=sun.misc.FDBigInteger@500003c3)
	data		500006bf
ARR 500006c1 (sz=80, trace=300718, nelems=20, elem type=int[])
OBJ 500006c2 (sz=32, trace=300719, class=sun.misc.FDBigInteger@500003c3)
	data		500006c1
ARR 500006c3 (sz=84, trace=300718, nelems=21, elem type=int[])
OBJ 500006c4 (sz=32, trace=300719, class=sun.misc.FDBigInteger@500003c3)
	data		500006c3
ARR 500006c5 (sz=84, trace=300718, nelems=21, elem type=int[])
OBJ 500006c6 (sz=32, trace=300719, class=sun.misc.FDBigInteger@500003c3)
	data		500006c5
ARR 500006c7 (sz=84, trace=300718, nelems=21, elem type=int[])
OBJ 500006c8 (sz=32, trace=300719, class=sun.misc.FDBigInteger@500003c3)
	data		500006c7
ARR 500006c9 (sz=84, trace=300718, nelems=21, elem type=int[])
OBJ 500006ca (sz=32, trace=300719, class=sun.misc.FDBigInteger@500003c3)
	data		500006c9
ARR 500006cb (sz=84, trace=300718, nelems=21, elem type=int[])
OBJ 500006cc (sz=32, trace=300719, class=sun.misc.FDBigInteger@500003c3)
	data		500006cb
ARR 500006cd (sz=84, trace=300718, nelems=21, elem type=int[])
OBJ 500006ce (sz=32, trace=300719, class=sun.misc.FDBigInteger@500003c3)
	data		500006cd
ARR 500006cf (sz=84, trace=300718, nelems=21, elem type=int[])
OBJ 500006d0 (sz=32, trace=300719, class=sun.misc.FDBigInteger@500003c3)
	data		500006cf
ARR 500006d1 (sz=84, trace=300718, nelems=21, elem type=int[])
OBJ 500006d2 (sz=32, trace=300719, class=sun.misc.FDBigInteger@500003c3)
	data		500006d1
ARR 500006d3 (sz=84, trace=300718, nelems=21, elem type=int[])
OBJ 500006d4 (sz=32, trace=300719, class=sun.misc.FDBigInteger@500003c3)
	data		500006d3
ARR 500006d5 (sz=84, trace=300718, nelems=21, elem type=int[])
OBJ 500006d6 (sz=32, trace=300719, class=sun.misc.FDBigInteger@500003c3)
	data		500006d5
ARR 500006d7 (sz=84, trace=300718, nelems=21, elem type=int[])
OBJ 500006d8 (sz=32, trace=300719, class=sun.misc.FDBigInteger@500003c3)
	data		500006d7
ARR 500006d9 (sz=84, trace=300718, nelems=21, elem type=int[])
OBJ 500006da (sz=32, trace=300719, class=sun.misc.FDBigInteger@500003c3)
	data		500006d9
ARR 500006db (sz=84, trace=300718, nelems=21, elem type=int[])
OBJ 500006dc (sz=32, trace=300719, class=sun.misc.FDBigInteger@500003c3)
	data		500006db
ARR 500006dd (sz=84, trace=300718, nelems=21, elem type=int[])
OBJ 500006de (sz=32, trace=300719, class=sun.misc.FDBigInteger@500003c3)
	data		500006dd
ARR 500006df (sz=88, trace=300718, nelems=22, elem type=int[])
OBJ 500006e0 (sz=32, trace=300719, class=sun.misc.FDBigInteger@500003c3)
	data		500006df
ARR 500006e1 (sz=88, trace=300718, nelems=22, elem type=int[])
OBJ 500006e2 (sz=32, trace=300719, class=sun.misc.FDBigInteger@500003c3)
	data		500006e1
ARR 500006e3 (sz=88, trace=300718, nelems=22, elem type=int[])
OBJ 500006e4 (sz=32, trace=300719, class=sun.misc.FDBigInteger@500003c3)
	data		500006e3
ARR 500006e5 (sz=88, trace=300718, nelems=22, elem type=int[])
OBJ 500006e6 (sz=32, trace=300719, class=sun.misc.FDBigInteger@500003c3)
	data		500006e5
ARR 500006e7 (sz=88, trace=300718, nelems=22, elem type=int[])
OBJ 500006e8 (sz=32, trace=300719, class=sun.misc.FDBigInteger@500003c3)
	data		500006e7
ARR 500006e9 (sz=88, trace=300718, nelems=22, elem type=int[])
OBJ 500006ea (sz=32, trace=300719, class=sun.misc.FDBigInteger@500003c3)
	data		500006e9
ARR 500006eb (sz=88, trace=300718, nelems=22, elem type=int[])
OBJ 500006ec (sz=32, trace=300719, class=sun.misc.FDBigInteger@500003c3)
	data		500006eb
ARR 500006ed (sz=88, trace=300718, nelems=22, elem type=int[])
OBJ 500006ee (sz=32, trace=300719, class=sun.misc.FDBigInteger@500003c3)
	data		500006ed
ARR 500006ef (sz=88, trace=300718, nelems=22, elem type=int[])
OBJ 500006f0 (sz=32, trace=300719, class=sun.misc.FDBigInteger@500003c3)
	data		500006ef
ARR 500006f1 (sz=88, trace=300718, nelems=22, elem type=int[])
OBJ 500006f2 (sz=32, trace=300719, class=sun.misc.FDBigInteger@500003c3)
	data		500006f1
ARR 500006f3 (sz=88, trace=300718, nelems=22, elem type=int[])
OBJ 500006f4 (sz=32, trace=300719, class=sun.misc.FDBigInteger@500003c3)
	data		500006f3
ARR 500006f5 (sz=88, trace=300718, nelems=22, elem type=int[])
OBJ 500006f6 (sz=32, trace=300719, class=sun.misc.FDBigInteger@500003c3)
	data		500006f5
ARR 500006f7 (sz=88, trace=300718, nelems=22, elem type=int[])
OBJ 500006f8 (sz=32, trace=300719, class=sun.misc.FDBigInteger@500003c3)
	data		500006f7
ARR 500006f9 (sz=88, trace=300718, nelems=22, elem type=int[])
OBJ 500006fa (sz=32, trace=300719, class=sun.misc.FDBigInteger@500003c3)
	data		500006f9
ARR 500006fb (sz=92, trace=300718, nelems=23, elem type=int[])
OBJ 500006fc (sz=32, trace=300719, class=sun.misc.FDBigInteger@500003c3)
	data		500006fb
ARR 500006fd (sz=92, trace=300718, nelems=23, elem type=int[])
OBJ 500006fe (sz=32, trace=300719, class=sun.misc.FDBigInteger@500003c3)
	data		500006fd
ARR 500006ff (sz=92, trace=300718, nelems=23, elem type=int[])
OBJ 50000700 (sz=32, trace=300719, class=sun.misc.FDBigInteger@500003c3)
	data		500006ff
ARR 50000701 (sz=92, trace=300718, nelems=23, elem type=int[])
OBJ 50000702 (sz=32, trace=300719, class=sun.misc.FDBigInteger@500003c3)
	data		50000701
ARR 50000703 (sz=92, trace=300718, nelems=23, elem type=int[])
OBJ 50000704 (sz=32, trace=300719, class=sun.misc.FDBigInteger@500003c3)
	data		50000703
ARR 50000705 (sz=92, trace=300718, nelems=23, elem type=int[])
OBJ 50000706 (sz=32, trace=300719, class=sun.misc.FDBigInteger@500003c3)
	data		50000705
ARR 50000707 (sz=92, trace=300718, nelems=23, elem type=int[])
OBJ 50000708 (sz=32, trace=300719, class=sun.misc.FDBigInteger@500003c3)
	data		50000707
ARR 50000709 (sz=92, trace=300718, nelems=23, elem type=int[])
OBJ 5000070a (sz=32, trace=300719, class=sun.misc.FDBigInteger@500003c3)
	data		50000709
ARR 5000070b (sz=92, trace=300718, nelems=23, elem type=int[])
OBJ 5000070c (sz=32, trace=300719, class=sun.misc.FDBigInteger@500003c3)
	data		5000070b
ARR 5000070d (sz=92, trace=300718, nelems=23, elem type=int[])
OBJ 5000070e (sz=32, trace=300719, class=sun.misc.FDBigInteger@500003c3)
	data		5000070d
ARR 5000070f (sz=92, trace=300718, nelems=23, elem type=int[])
OBJ 50000710 (sz=32, trace=300719, class=sun.misc.FDBigInteger@500003c3)
	data		5000070f
ARR 50000711 (sz=92, trace=300718, nelems=23, elem type=int[])
OBJ 50000712 (sz=32, trace=300719, class=sun.misc.FDBigInteger@500003c3)
	data		50000711
ARR 50000713 (sz=92, trace=300718, nelems=23, elem type=int[])
OBJ 50000714 (sz=32, trace=300719, class=sun.misc.FDBigInteger@500003c3)
	data		50000713
ARR 50000715 (sz=92, trace=300718, nelems=23, elem type=int[])
OBJ 50000716 (sz=32, trace=300719, class=sun.misc.FDBigInteger@500003c3)
	data		50000715
ARR 50000717 (sz=96, trace=300718, nelems=24, elem type=int[])
OBJ 50000718 (sz=32, trace=300719, class=sun.misc.FDBigInteger@500003c3)
	data		50000717
ARR 50000719 (sz=96, trace=300718, nelems=24, elem type=int[])
OBJ 5000071a (sz=32, trace=300719, class=sun.misc.FDBigInteger@500003c3)
	data		50000719
ARR 5000071b (sz=96, trace=300718, nelems=24, elem type=int[])
OBJ 5000071c (sz=32, trace=300719, class=sun.misc.FDBigInteger@500003c3)
	data		5000071b
ARR 5000071d (sz=96, trace=300718, nelems=24, elem type=int[])
OBJ 5000071e (sz=32, trace=300719, class=sun.misc.FDBigInteger@500003c3)
	data		5000071d
ARR 5000071f (sz=96, trace=300718, nelems=24, elem type=int[])
OBJ 50000720 (sz=32, trace=300719, class=sun.misc.FDBigInteger@500003c3)
	data		5000071f
ARR 50000721 (sz=96, trace=300718, nelems=24, elem type=int[])
OBJ 50000722 (sz=32, trace=300719, class=sun.misc.FDBigInteger@500003c3)
	data		50000721
ARR 50000723 (sz=96, trace=300718, nelems=24, elem type=int[])
OBJ 50000724 (sz=32, trace=300719, class=sun.misc.FDBigInteger@500003c3)
	data		50000723
ARR 50000725 (sz=96, trace=300718, nelems=24, elem type=int[])
OBJ 50000726 (sz=32, trace=300719, class=sun.misc.FDBigInteger@500003c3)
	data		50000725
ARR 50000727 (sz=96, trace=300718, nelems=24, elem type=int[])
OBJ 50000728 (sz=32, trace=300719, class=sun.misc.FDBigInteger@500003c3)
	data		50000727
ARR 50000729 (sz=96, trace=300718, nelems=24, elem type=int[])
OBJ 5000072a (sz=32, trace=300719, class=sun.misc.FDBigInteger@500003c3)
	data		50000729
ARR 5000072b (sz=96, trace=300718, nelems=24, elem type=int[])
OBJ 5000072c (sz=32, trace=300719, class=sun.misc.FDBigInteger@500003c3)
	data		5000072b
ARR 5000072d (sz=96, trace=300718, nelems=24, elem type=int[])
OBJ 5000072e (sz=32, trace=300719, class=sun.misc.FDBigInteger@500003c3)
	data		5000072d
ARR 5000072f (sz=96, trace=300718, nelems=24, elem type=int[])
OBJ 50000730 (sz=32, trace=300719, class=sun.misc.FDBigInteger@500003c3)
	data		5000072f
ARR 50000731 (sz=100, trace=300718, nelems=25, elem type=int[])
OBJ 50000732 (sz=32, trace=300719, class=sun.misc.FDBigInteger@500003c3)
	data		50000731
ARR 50000733 (sz=100, trace=300718, nelems=25, elem type=int[])
OBJ 50000734 (sz=32, trace=300719, class=sun.misc.FDBigInteger@500003c3)
	data		50000733
ARR 50000735 (sz=100, trace=300718, nelems=25, elem type=int[])
OBJ 50000736 (sz=32, trace=300719, class=sun.misc.FDBigInteger@500003c3)
	data		50000735
ARR 50000737 (sz=100, trace=300718, nelems=25, elem type=int[])
OBJ 50000738 (sz=32, trace=300719, class=sun.misc.FDBigInteger@500003c3)
	data		50000737
ARR 50000739 (sz=100, trace=300718, nelems=25, elem type=int[])
OBJ 5000073a (sz=32, trace=300719, class=sun.misc.FDBigInteger@500003c3)
	data		50000739
ARR 5000073b (sz=100, trace=300718, nelems=25, elem type=int[])
OBJ 5000073c (sz=32, trace=300719, class=sun.misc.FDBigInteger@500003c3)
	data		5000073b
ARR 5000073d (sz=100, trace=300718, nelems=25, elem type=int[])
OBJ 5000073e (sz=32, trace=300719, class=sun.misc.FDBigInteger@500003c3)
	data		5000073d
ARR 5000073f (sz=100, trace=300718, nelems=25, elem type=int[])
OBJ 50000740 (sz=32, trace=300719, class=sun.misc.FDBigInteger@500003c3)
	data		5000073f
ARR 50000741 (sz=100, trace=300718, nelems=25, elem type=int[])
OBJ 50000742 (sz=32, trace=300719, class=sun.misc.FDBigInteger@500003c3)
	data		50000741
ARR 50000743 (sz=100, trace=300718, nelems=25, elem type=int[])
OBJ 50000744 (sz=32, trace=300719, class=sun.misc.FDBigInteger@500003c3)
	data		50000743
ARR 50000745 (sz=100, trace=300718, nelems=25, elem type=int[])
OBJ 50000746 (sz=32, trace=300719, class=sun.misc.FDBigInteger@500003c3)
	data		50000745
ARR 50000747 (sz=100, trace=300718, nelems=25, elem type=int[])
OBJ 50000748 (sz=32, trace=300719, class=sun.misc.FDBigInteger@500003c3)
	data		50000747
ARR 50000749 (sz=100, trace=300718, nelems=25, elem type=int[])
OBJ 5000074a (sz=32, trace=300719, class=sun.misc.FDBigInteger@500003c3)
	data		50000749
ARR 5000074b (sz=100, trace=300718, nelems=25, elem type=int[])
OBJ 5000074c (sz=32, trace=300719, class=sun.misc.FDBigInteger@500003c3)
	data		5000074b
ARR 5000074d (sz=104, trace=300718, nelems=26, elem type=int[])
OBJ 5000074e (sz=32, trace=300719, class=sun.misc.FDBigInteger@500003c3)
	data		5000074d
ARR 5000074f (sz=104, trace=300718, nelems=26, elem type=int[])
OBJ 50000750 (sz=32, trace=300719, class=sun.misc.FDBigInteger@500003c3)
	data		5000074f
ARR 50000751 (sz=104, trace=300718, nelems=26, elem type=int[])
OBJ 50000752 (sz=32, trace=300719, class=sun.misc.FDBigInteger@500003c3)
	data		50000751
ARR 50000753 (sz=104, trace=300718, nelems=26, elem type=int[])
OBJ 50000754 (sz=32, trace=300719, class=sun.misc.FDBigInteger@500003c3)
	data		50000753
ARR 50000755 (sz=104, trace=300718, nelems=26, elem type=int[])
OBJ 50000756 (sz=32, trace=300719, class=sun.misc.FDBigInteger@500003c3)
	data		50000755
ARR 50000757 (sz=104, trace=300718, nelems=26, elem type=int[])
OBJ 50000758 (sz=32, trace=300719, class=sun.misc.FDBigInteger@500003c3)
	data		50000757
ARR 50000759 (sz=104, trace=300718, nelems=26, elem type=int[])
OBJ 5000075a (sz=32, trace=300719, class=sun.misc.FDBigInteger@500003c3)
	data		50000759
ARR 5000075b (sz=104, trace=300718, nelems=26, elem type=int[])
OBJ 5000075c (sz=32, trace=300719, class=sun.misc.FDBigInteger@500003c3)
	data		5000075b
ARR 5000075d (sz=0, trace=300720, nelems=0, elem type=int[])
OBJ 5000075e (sz=32, trace=300721, class=sun.misc.FDBigInteger@500003c3)
	data		5000075d
ARR 5000075f (sz=160, trace=300722, nelems=0, elem type=char[])
ARR 50000760 (sz=304, trace=300724, nelems=0, elem type=char[])
OBJ 50000761 (sz=24, trace=300725, class=java.lang.String@50000173)
ARR 50000762 (sz=176, trace=300726, nelems=0, elem type=char[])
OBJ 50000763 (sz=16, trace=300727, class=java.lang.Object@50000177)
OBJ 50000764 (sz=32, trace=300728, class=java.util.concurrent.ConcurrentHashMap$Node@50000020)
	key		50000b2c
	val		50000763
OBJ 50000765 (sz=16, trace=300729, class=java.lang.Object@50000177)
OBJ 50000766 (sz=32, trace=300730, class=java.util.concurrent.ConcurrentHashMap$Node@50000020)
	key		50000b2c
	val		50000765
OBJ 50000767 (sz=48, trace=300731, class=java.nio.HeapCharBuffer@50000035)
OBJ 50000768 (sz=48, trace=300732, class=java.nio.HeapCharBuffer@50000035)
OBJ 50000769 (sz=16, trace=300733, class=Stats@500005ff)
OBJ 5000076a (sz=24, trace=300734, class=java.lang.StringBuilder@50000126)
ARR 5000076b (sz=48, trace=300735, nelems=0, elem type=char[])
ARR 5000076c (sz=88, trace=300736, nelems=0, elem type=char[])
ARR 5000076d (sz=160, trace=300737, nelems=0, elem type=char[])
ARR 5000076e (sz=304, trace=300738, nelems=0, elem type=char[])
OBJ 5000076f (sz=24, trace=300739, class=java.lang.String@50000173)
ARR 50000770 (sz=176, trace=300740, nelems=0, elem type=char[])
OBJ 50000771 (sz=48, trace=300741, class=java.nio.HeapCharBuffer@50000035)
OBJ 50000772 (sz=48, trace=300742, class=java.nio.HeapCharBuffer@50000035)
OBJ 50000773 (sz=16, trace=300743, class=Stats@500005ff)
OBJ 50000774 (sz=24, trace=300744, class=java.lang.StringBuilder@50000126)
ARR 50000775 (sz=48, trace=300745, nelems=0, elem type=char[])
ARR 50000776 (sz=88, trace=300746, nelems=0, elem type=char[])
ARR 50000777 (sz=160, trace=300747, nelems=0, elem type=char[])
ARR 50000778 (sz=304, trace=300749, nelems=0, elem type=char[])
OBJ 50000779 (sz=24, trace=300750, class=java.lang.String@50000173)
ARR 5000077a (sz=168, trace=300751, nelems=0, elem type=char[])
OBJ 5000077b (sz=48, trace=300752, class=java.nio.HeapCharBuffer@50000035)
OBJ 5000077c (sz=48, trace=300753, class=java.nio.HeapCharBuffer@50000035)
OBJ 5000077d (sz=376, trace=300754, class=java.lang.Thread@5000014f)
	name		50001435
	group		50000871
	inheritedAccessControlContext	50001434
	blockerLock	5000077e
OBJ 5000077e (sz=16, trace=300755, class=java.lang.Object@50000177)
ARR 50000780 (sz=56, trace=300757, nelems=0, elem type=java.lang.Runnable[]@500000d5)
OBJ 50000782 (sz=16, trace=300759, class=java.lang.Shutdown$Lock@50000781)
OBJ 50000783 (sz=16, trace=300760, class=java.lang.Shutdown$Lock@50000781)
OBJ 50000784 (sz=376, trace=300000, class=java.lang.Thread@5000014f)
	name		500014db
	contextClassLoader	5000078e
	blockerLock	500014da
OBJ 50000785 (sz=376, trace=300000, class=java.lang.Thread@5000014f)
	name		500014d8
	contextClassLoader	5000078e
	blockerLock	500014d7
OBJ 50000786 (sz=376, trace=300000, class=java.lang.Thread@5000014f)
	name		50001424
	group		50000872
	contextClassLoader	5000078e
	inheritedAccessControlContext	50001423
	blockerLock	50001422
OBJ 50000787 (sz=384, trace=300000, class=java.lang.ref.Finalizer$FinalizerThread@500000c2)
	name		50001428
	group		50000872
	inheritedAccessControlContext	50001427
	blockerLock	50001426
OBJ 50000788 (sz=32, trace=300000, class=java.lang.ref.ReferenceQueue@50000151)
	lock		50000789
OBJ 50000789 (sz=16, trace=300000, class=java.lang.ref.ReferenceQueue$Lock@500000d6)
OBJ 5000078a (sz=16, trace=300000, class=java.lang.System$2@5000004e)
OBJ 5000078b (sz=376, trace=300000, class=java.lang.ref.Reference$ReferenceHandler@500000e4)
	name		50000af6
	group		50000872
	inheritedAccessControlContext	50001430
	blockerLock	5000142f
OBJ 5000078c (sz=16, trace=300000, class=java.lang.ref.Reference$Lock@500000e5)
OBJ 5000078d (sz=24, trace=300000, class=java.lang.String@50000173)
	value		500009a0
OBJ 5000078e (sz=96, trace=300000, class=sun.misc.Launcher$AppClassLoader@5000011b)
	parent		50000790
	parallelLockMap	50000b12
	package2certs	50000b11
	classes		50000b10
	defaultDomain	50000b0f
	packages	50000b0e
	nativeLibraries	50000b0d
	assertionLock	50000b0c
	pdcache		50000b0b
	ucp		50000b08
	acc		50000b0a
	closeables	50000b09
	ucp		50000b08
ARR 5000078f (sz=0, trace=300000, nelems=0, elem type=int[])
OBJ 50000790 (sz=88, trace=300000, class=sun.misc.Launcher$ExtClassLoader@5000011a)
	parallelLockMap	50000b1d
	package2certs	50000b1c
	classes		50000b1b
	defaultDomain	50000b1a
	packages	50000b19
	nativeLibraries	50000b18
	assertionLock	50000b17
	pdcache		50000b16
	ucp		50000b15
	acc		50000b14
	closeables	50000b13
ARR 50000791 (sz=24, trace=300000, nelems=0, elem type=java.lang.Object[]@5000010d)
ARR 50000792 (sz=48, trace=300000, nelems=7, elem type=java.lang.Object[]@5000010d)
	[2]		500008fe
	[4]		500008ff
	[5]		50000900
	[6]		50000901
ARR 50000793 (sz=56, trace=300000, nelems=8, elem type=java.lang.Object[]@5000010d)
	[7]		500014cd
ARR 50000794 (sz=24, trace=300000, nelems=0, elem type=java.lang.Object[]@5000010d)
ARR 50000795 (sz=24, trace=300000, nelems=1, elem type=java.lang.Object[]@5000010d)
	[0]		500014ca
ARR 50000796 (sz=48, trace=300000, nelems=7, elem type=java.lang.Object[]@5000010d)
	[3]		50000908
	[5]		50000909
	[6]		5000090a
ARR 50000797 (sz=72, trace=300000, nelems=13, elem type=java.lang.Object[]@5000010d)
	[1]		50000aee
	[2]		50000aef
	[12]		50000af0
ARR 50000798 (sz=32, trace=300000, nelems=0, elem type=java.lang.Object[]@5000010d)
ARR 50000799 (sz=40, trace=300000, nelems=0, elem type=java.lang.Object[]@5000010d)
ARR 5000079a (sz=32, trace=300000, nelems=0, elem type=java.lang.Object[]@5000010d)
ARR 5000079b (sz=72, trace=300000, nelems=12, elem type=java.lang.Object[]@5000010d)
	[9]		5000091a
	[11]		50001207
ARR 5000079c (sz=32, trace=300000, nelems=3, elem type=java.lang.Object[]@5000010d)
	[0]		50000912
	[1]		50000c93
	[2]		50000c94
ARR 5000079d (sz=40, trace=300000, nelems=5, elem type=java.lang.Object[]@5000010d)
	[4]		50001335
ARR 5000079e (sz=24, trace=300000, nelems=0, elem type=java.lang.Object[]@5000010d)
ARR 5000079f (sz=24, trace=300000, nelems=1, elem type=java.lang.Object[]@5000010d)
	[0]		50000887
ARR 500007a0 (sz=104, trace=300000, nelems=0, elem type=java.lang.Object[]@5000010d)
ARR 500007a1 (sz=48, trace=300000, nelems=7, elem type=java.lang.Object[]@5000010d)
	[1]		50001133
	[2]		500011f3
	[3]		500011e5
	[4]		500011f5
	[5]		500011ff
	[6]		500011f8
ARR 500007a2 (sz=24, trace=300000, nelems=1, elem type=java.lang.Object[]@5000010d)
	[0]		50001133
ARR 500007a3 (sz=24, trace=300000, nelems=1, elem type=java.lang.Object[]@5000010d)
	[0]		500011f3
ARR 500007a4 (sz=24, trace=300000, nelems=1, elem type=java.lang.Object[]@5000010d)
	[0]		500011f5
ARR 500007a5 (sz=24, trace=300000, nelems=1, elem type=java.lang.Object[]@5000010d)
	[0]		500011ff
ARR 500007a6 (sz=24, trace=300000, nelems=1, elem type=java.lang.Object[]@5000010d)
	[0]		500011f8
ARR 500007a7 (sz=64, trace=300000, nelems=0, elem type=java.lang.Object[]@5000010d)
ARR 500007a8 (sz=48, trace=300000, nelems=0, elem type=java.lang.Object[]@5000010d)
ARR 500007a9 (sz=24, trace=300000, nelems=0, elem type=java.lang.Object[]@5000010d)
ARR 500007aa (sz=24, trace=300000, nelems=0, elem type=java.lang.Object[]@5000010d)
ARR 500007ab (sz=24, trace=300000, nelems=0, elem type=java.lang.Object[]@5000010d)
ARR 500007ac (sz=32, trace=300000, nelems=4, elem type=java.lang.Object[]@5000010d)
	[0]		50000c66
	[2]		50000c60
	[3]		50001221
ARR 500007ad (sz=24, trace=300000, nelems=0, elem type=java.lang.Object[]@5000010d)
ARR 500007ae (sz=24, trace=300000, nelems=0, elem type=java.lang.Object[]@5000010d)
ARR 500007af (sz=40, trace=300000, nelems=0, elem type=java.lang.Object[]@5000010d)
ARR 500007b0 (sz=40, trace=300000, nelems=6, elem type=java.lang.Object[]@5000010d)
	[0]		50001281
	[1]		50001282
	[2]		50001283
	[3]		50001284
	[4]		50001285
	[5]		50001286
ARR 500007b1 (sz=32, trace=300000, nelems=0, elem type=java.lang.Object[]@5000010d)
ARR 500007b2 (sz=32, trace=300000, nelems=0, elem type=java.lang.Object[]@5000010d)
ARR 500007b3 (sz=32, trace=300000, nelems=3, elem type=java.lang.Object[]@5000010d)
	[1]		50000cd0
	[2]		50000cd1
ARR 500007b4 (sz=144, trace=300000, nelems=0, elem type=java.lang.Object[]@5000010d)
ARR 500007b5 (sz=64, trace=300000, nelems=0, elem type=java.lang.Object[]@5000010d)
ARR 500007b6 (sz=56, trace=300000, nelems=10, elem type=java.lang.Object[]@5000010d)
	[5]		50000afe
	[6]		50000c9c
	[7]		50000c9d
	[8]		50000c9e
	[9]		50000c9f
ARR 500007b7 (sz=64, trace=300000, nelems=0, elem type=java.lang.Object[]@5000010d)
ARR 500007b8 (sz=72, trace=300000, nelems=8, elem type=java.lang.Object[]@5000010d)
	[2]		50000ca9
	[4]		50000caa
	[7]		50000afe
ARR 500007b9 (sz=24, trace=300000, nelems=1, elem type=java.lang.Object[]@5000010d)
	[0]		500008fe
ARR 500007ba (sz=32, trace=300000, nelems=3, elem type=java.lang.Object[]@5000010d)
	[2]		50000900
ARR 500007bb (sz=24, trace=300000, nelems=1, elem type=java.lang.Object[]@5000010d)
	[0]		50000887
ARR 500007bc (sz=24, trace=300000, nelems=0, elem type=java.lang.Object[]@5000010d)
ARR 500007bd (sz=24, trace=300000, nelems=2, elem type=java.lang.Object[]@5000010d)
	[0]		50000c4e
	[1]		50000c4f
ARR 500007be (sz=80, trace=300000, nelems=12, elem type=java.lang.Object[]@5000010d)
	[3]		50000887
	[6]		50000c8b
	[7]		50000c8c
	[8]		50000c8d
	[9]		50000c8e
	[10]		50000c8f
	[11]		50000c90
ARR 500007bf (sz=40, trace=300000, nelems=1, elem type=java.lang.Object[]@5000010d)
	[0]		50000887
ARR 500007c0 (sz=72, trace=300000, nelems=0, elem type=java.lang.Object[]@5000010d)
ARR 500007c1 (sz=72, trace=300000, nelems=0, elem type=java.lang.Object[]@5000010d)
ARR 500007c2 (sz=120, trace=300000, nelems=25, elem type=java.lang.Object[]@5000010d)
	[0]		50000c5b
	[15]		5000120b
	[16]		5000120c
	[17]		5000120d
	[18]		5000120e
	[19]		50000917
	[21]		5000120f
	[22]		50001210
	[23]		50001211
	[24]		5000091c
ARR 500007c3 (sz=64, trace=300000, nelems=3, elem type=java.lang.Object[]@5000010d)
	[2]		50000cc2
ARR 500007c4 (sz=24, trace=300000, nelems=2, elem type=java.lang.Object[]@5000010d)
	[0]		5000122b
	[1]		500008fa
ARR 500007c5 (sz=24, trace=300000, nelems=1, elem type=java.lang.Object[]@5000010d)
	[0]		5000129c
ARR 500007c6 (sz=48, trace=300000, nelems=0, elem type=java.lang.Object[]@5000010d)
ARR 500007c7 (sz=80, trace=300000, nelems=13, elem type=java.lang.Object[]@5000010d)
	[12]		5000144b
ARR 500007c8 (sz=120, trace=300000, nelems=0, elem type=java.lang.Object[]@5000010d)
ARR 500007c9 (sz=24, trace=300000, nelems=1, elem type=java.lang.Object[]@5000010d)
	[0]		50001460
ARR 500007ca (sz=64, trace=300000, nelems=0, elem type=java.lang.Object[]@5000010d)
ARR 500007cb (sz=24, trace=300000, nelems=0, elem type=java.lang.Object[]@5000010d)
ARR 500007cc (sz=24, trace=300000, nelems=0, elem type=java.lang.Object[]@5000010d)
ARR 500007cd (sz=40, trace=300000, nelems=0, elem type=java.lang.Object[]@5000010d)
ARR 500007ce (sz=56, trace=300000, nelems=10, elem type=java.lang.Object[]@5000010d)
	[0]		5000144c
	[1]		5000144d
	[2]		5000144e
	[3]		5000144f
	[4]		50001450
	[5]		50001451
	[6]		50001452
	[7]		50001453
	[8]		50000917
	[9]		50001454
ARR 500007cf (sz=144, trace=300000, nelems=0, elem type=java.lang.Object[]@5000010d)
ARR 500007d0 (sz=128, trace=300000, nelems=0, elem type=java.lang.Object[]@5000010d)
ARR 500007d1 (sz=88, trace=300000, nelems=14, elem type=java.lang.Object[]@5000010d)
	[0]		50001469
	[1]		5000146a
	[2]		5000146b
	[3]		5000146c
	[4]		5000146d
	[5]		5000146e
	[6]		50000ae6
	[7]		5000146f
	[8]		50001470
	[9]		50001471
	[10]		50001472
	[12]		50001473
	[13]		50001474
ARR 500007d2 (sz=240, trace=300000, nelems=54, elem type=java.lang.Object[]@5000010d)
	[0]		5000147e
	[1]		50001469
	[2]		50001472
	[3]		5000147f
	[5]		5000146e
	[6]		50001480
	[7]		50001470
	[8]		50001471
	[10]		50001473
	[11]		50001474
	[12]		5000146a
	[18]		50001481
	[26]		50001482
	[27]		50001483
	[42]		50000ae6
	[46]		50001484
	[47]		50001485
	[53]		500011e5
ARR 500007d3 (sz=24, trace=300000, nelems=1, elem type=java.lang.Object[]@5000010d)
	[0]		50000912
ARR 500007d4 (sz=32, trace=300000, nelems=3, elem type=java.lang.Object[]@5000010d)
	[0]		50001497
	[1]		50000917
	[2]		500014af
ARR 500007d5 (sz=296, trace=300000, nelems=68, elem type=java.lang.Object[]@5000010d)
	[55]		500014b9
	[61]		500014ba
	[66]		500014bb
	[67]		5000091b
ARR 500007d6 (sz=24, trace=300000, nelems=1, elem type=java.lang.Object[]@5000010d)
	[0]		50000d17
ARR 500007d7 (sz=48, trace=300000, nelems=1, elem type=java.lang.Object[]@5000010d)
	[0]		50001216
ARR 500007d8 (sz=24, trace=300000, nelems=2, elem type=java.lang.Object[]@5000010d)
	[0]		50000ae7
	[1]		50000c66
ARR 500007d9 (sz=24, trace=300000, nelems=0, elem type=java.lang.Object[]@5000010d)
ARR 500007da (sz=64, trace=300000, nelems=4, elem type=java.lang.Object[]@5000010d)
	[0]		50000c5b
	[1]		50000887
	[2]		50000cc3
	[3]		50000c66
ARR 500007db (sz=80, trace=300000, nelems=16, elem type=java.lang.Object[]@5000010d)
	[15]		50000b45
ARR 500007dc (sz=24, trace=300000, nelems=1, elem type=java.lang.Object[]@5000010d)
	[0]		50000919
ARR 500007dd (sz=48, trace=300000, nelems=8, elem type=java.lang.Object[]@5000010d)
	[0]		50001463
	[5]		50001464
	[7]		50001465
ARR 500007de (sz=48, trace=300000, nelems=8, elem type=java.lang.Object[]@5000010d)
	[2]		50001227
	[7]		50001228
ARR 500007df (sz=40, trace=300000, nelems=5, elem type=java.lang.Object[]@5000010d)
	[0]		50000c60
	[1]		50000c61
	[4]		50000c5f
ARR 500007e0 (sz=32, trace=300000, nelems=4, elem type=java.lang.Object[]@5000010d)
	[3]		50001298
ARR 500007e1 (sz=64, trace=300000, nelems=10, elem type=java.lang.Object[]@5000010d)
	[8]		50000afd
	[9]		50000afe
ARR 500007e2 (sz=32, trace=300000, nelems=2, elem type=java.lang.Object[]@5000010d)
	[0]		50001226
	[1]		50000d15
ARR 500007e3 (sz=264, trace=300000, nelems=62, elem type=java.lang.Object[]@5000010d)
	[57]		50000cc8
	[58]		50000cc9
	[61]		50000cca
ARR 500007e4 (sz=24, trace=300000, nelems=0, elem type=java.lang.Object[]@5000010d)
ARR 500007e5 (sz=24, trace=300000, nelems=0, elem type=java.lang.Object[]@5000010d)
ARR 500007e6 (sz=24, trace=300000, nelems=0, elem type=java.lang.Object[]@5000010d)
ARR 500007e7 (sz=24, trace=300000, nelems=0, elem type=java.lang.Object[]@5000010d)
ARR 500007e8 (sz=24, trace=300000, nelems=2, elem type=java.lang.Object[]@5000010d)
	[1]		50000c4d
ARR 500007e9 (sz=32, trace=300000, nelems=3, elem type=java.lang.Object[]@5000010d)
	[0]		50000d15
	[1]		50000d16
	[2]		50000d17
ARR 500007ea (sz=32, trace=300000, nelems=0, elem type=java.lang.Object[]@5000010d)
ARR 500007eb (sz=40, trace=300000, nelems=0, elem type=java.lang.Object[]@5000010d)
ARR 500007ec (sz=32, trace=300000, nelems=0, elem type=java.lang.Object[]@5000010d)
ARR 500007ed (sz=32, trace=300000, nelems=0, elem type=java.lang.Object[]@5000010d)
ARR 500007ee (sz=48, trace=300000, nelems=0, elem type=java.lang.Object[]@5000010d)
ARR 500007ef (sz=40, trace=300000, nelems=6, elem type=java.lang.Object[]@5000010d)
	[2]		50000db4
	[3]		50000db5
	[4]		50000db6
	[5]		50000db7
ARR 500007f0 (sz=24, trace=300000, nelems=0, elem type=java.lang.Object[]@5000010d)
ARR 500007f1 (sz=112, trace=300000, nelems=24, elem type=java.lang.Object[]@5000010d)
	[6]		50000ae7
	[7]		50000c66
	[8]		50000887
	[16]		50000c72
	[17]		50000c73
	[18]		50000afd
	[19]		50000c74
	[20]		50000c75
	[21]		50000c76
	[22]		50000c77
	[23]		50000c78
ARR 500007f2 (sz=80, trace=300000, nelems=8, elem type=java.lang.Object[]@5000010d)
	[7]		50000c7c
ARR 500007f3 (sz=24, trace=300000, nelems=0, elem type=java.lang.Object[]@5000010d)
ARR 500007f4 (sz=40, trace=300000, nelems=5, elem type=java.lang.Object[]@5000010d)
	[4]		50001337
ARR 500007f5 (sz=88, trace=300000, nelems=17, elem type=java.lang.Object[]@5000010d)
	[16]		50000907
ARR 500007f6 (sz=120, trace=300000, nelems=25, elem type=java.lang.Object[]@5000010d)
	[6]		50000c5b
	[7]		50000c5c
	[8]		50000ae7
	[12]		50000c5d
	[13]		50000887
	[14]		50000c5e
	[15]		50000c5f
	[16]		50000c60
	[17]		50000c61
	[18]		50000c62
	[19]		50000c63
	[20]		50000c64
	[21]		50000c65
	[22]		50000c66
	[23]		50000c67
	[24]		50000c68
ARR 500007f7 (sz=256, trace=300000, nelems=60, elem type=java.lang.Object[]@5000010d)
	[0]		50000887
	[2]		50000888
	[3]		50000889
	[4]		5000088a
	[5]		5000088b
	[6]		5000088c
	[7]		5000088d
	[29]		5000088e
	[30]		5000088f
	[31]		50000890
	[32]		50000891
	[33]		50000892
	[34]		50000893
	[41]		50000894
	[43]		50000895
	[44]		50000896
	[46]		50000897
	[47]		50000898
	[48]		50000899
	[49]		5000089a
	[50]		5000089b
	[51]		5000089c
	[52]		5000089d
	[53]		5000089e
	[54]		5000089f
	[55]		500008a0
	[56]		500008a1
	[57]		500008a2
	[58]		500008a3
	[59]		500008a4
ARR 500007f8 (sz=88, trace=300000, nelems=0, elem type=java.lang.Object[]@5000010d)
ARR 500007f9 (sz=56, trace=300000, nelems=9, elem type=java.lang.Object[]@5000010d)
	[1]		50000b2e
	[2]		50000b2f
	[3]		50000b30
	[4]		50000b31
	[5]		50000b32
	[6]		50000b33
	[7]		50000b34
	[8]		50000912
ARR 500007fa (sz=72, trace=300000, nelems=6, elem type=java.lang.Object[]@5000010d)
	[0]		50000887
	[1]		500008d4
	[3]		500008d5
	[5]		500008d6
ARR 500007fb (sz=32, trace=300000, nelems=3, elem type=java.lang.Object[]@5000010d)
	[0]		500011e8
	[1]		500011e9
	[2]		500011ea
ARR 500007fc (sz=24, trace=300000, nelems=0, elem type=java.lang.Object[]@5000010d)
ARR 500007fd (sz=24, trace=300000, nelems=0, elem type=java.lang.Object[]@5000010d)
ARR 500007fe (sz=24, trace=300000, nelems=0, elem type=java.lang.Object[]@5000010d)
ARR 500007ff (sz=40, trace=300000, nelems=0, elem type=java.lang.Object[]@5000010d)
ARR 50000800 (sz=104, trace=300000, nelems=6, elem type=java.lang.Object[]@5000010d)
	[0]		5000120b
	[1]		50001212
	[2]		50001301
	[3]		50001300
	[4]		500012f7
	[5]		500012f6
ARR 50000801 (sz=24, trace=300000, nelems=0, elem type=java.lang.Object[]@5000010d)
ARR 50000802 (sz=24, trace=300000, nelems=0, elem type=java.lang.Object[]@5000010d)
ARR 50000803 (sz=24, trace=300000, nelems=0, elem type=java.lang.Object[]@5000010d)
ARR 50000804 (sz=40, trace=300000, nelems=5, elem type=java.lang.Object[]@5000010d)
	[4]		500012b4
ARR 50000805 (sz=40, trace=300000, nelems=0, elem type=java.lang.Object[]@5000010d)
ARR 50000806 (sz=56, trace=300000, nelems=0, elem type=java.lang.Object[]@5000010d)
ARR 50000807 (sz=40, trace=300000, nelems=2, elem type=java.lang.Object[]@5000010d)
	[1]		50001238
ARR 50000808 (sz=24, trace=300000, nelems=0, elem type=java.lang.Object[]@5000010d)
ARR 50000809 (sz=24, trace=300000, nelems=0, elem type=java.lang.Object[]@5000010d)
ARR 5000080a (sz=32, trace=300000, nelems=0, elem type=java.lang.Object[]@5000010d)
ARR 5000080b (sz=24, trace=300000, nelems=0, elem type=java.lang.Object[]@5000010d)
ARR 5000080c (sz=80, trace=300000, nelems=15, elem type=java.lang.Object[]@5000010d)
	[2]		50000dd4
	[11]		50000dd6
	[12]		50000dd7
	[13]		50000dd8
	[14]		50000dd9
ARR 5000080d (sz=32, trace=300000, nelems=0, elem type=java.lang.Object[]@5000010d)
ARR 5000080e (sz=32, trace=300000, nelems=0, elem type=java.lang.Object[]@5000010d)
ARR 5000080f (sz=56, trace=300000, nelems=6, elem type=java.lang.Object[]@5000010d)
	[1]		50000dc7
	[2]		50000dc8
	[3]		50000dc9
	[4]		50000dca
	[5]		50000dcb
ARR 50000810 (sz=24, trace=300000, nelems=2, elem type=java.lang.Object[]@5000010d)
	[0]		50000dc1
	[1]		50000dc2
ARR 50000811 (sz=24, trace=300000, nelems=1, elem type=java.lang.Object[]@5000010d)
	[0]		50000912
ARR 50000812 (sz=32, trace=300000, nelems=2, elem type=java.lang.Object[]@5000010d)
	[1]		50000a34
ARR 50000813 (sz=96, trace=300000, nelems=19, elem type=java.lang.Object[]@5000010d)
	[0]		50000887
	[17]		50000a44
	[18]		50000a45
ARR 50000814 (sz=32, trace=300000, nelems=3, elem type=java.lang.Object[]@5000010d)
	[1]		50000ae9
	[2]		50000aea
ARR 50000815 (sz=40, trace=300000, nelems=6, elem type=java.lang.Object[]@5000010d)
	[0]		50000ae4
	[1]		50000ae5
	[2]		50000ae6
	[3]		50000ae7
	[4]		50000887
	[5]		50000ae8
ARR 50000816 (sz=32, trace=300000, nelems=0, elem type=java.lang.Object[]@5000010d)
ARR 50000817 (sz=24, trace=300000, nelems=2, elem type=java.lang.Object[]@5000010d)
	[0]		500012a9
	[1]		500012aa
ARR 50000818 (sz=32, trace=300000, nelems=3, elem type=java.lang.Object[]@5000010d)
	[0]		50000917
	[2]		50000a31
ARR 50000819 (sz=32, trace=300000, nelems=3, elem type=java.lang.Object[]@5000010d)
	[0]		50001310
	[1]		50001311
	[2]		50001312
ARR 5000081a (sz=40, trace=300000, nelems=0, elem type=java.lang.Object[]@5000010d)
ARR 5000081b (sz=56, trace=300000, nelems=10, elem type=java.lang.Object[]@5000010d)
	[6]		50001269
	[7]		5000126a
	[8]		5000126b
	[9]		5000126c
ARR 5000081c (sz=32, trace=300000, nelems=0, elem type=java.lang.Object[]@5000010d)
ARR 5000081d (sz=152, trace=300000, nelems=0, elem type=java.lang.Object[]@5000010d)
ARR 5000081e (sz=24, trace=300000, nelems=0, elem type=java.lang.Object[]@5000010d)
ARR 5000081f (sz=64, trace=300000, nelems=11, elem type=java.lang.Object[]@5000010d)
	[2]		50000914
	[3]		50000915
	[4]		50000916
	[5]		50000917
	[6]		50000918
	[7]		50000919
	[8]		5000091a
	[9]		5000091b
	[10]		5000091c
ARR 50000820 (sz=40, trace=300000, nelems=0, elem type=java.lang.Object[]@5000010d)
ARR 50000821 (sz=48, trace=300000, nelems=0, elem type=java.lang.Object[]@5000010d)
ARR 50000822 (sz=32, trace=300000, nelems=3, elem type=java.lang.Object[]@5000010d)
	[2]		50000905
ARR 50000823 (sz=24, trace=300000, nelems=0, elem type=java.lang.Object[]@5000010d)
ARR 50000824 (sz=56, trace=300000, nelems=10, elem type=java.lang.Object[]@5000010d)
	[9]		50000903
ARR 50000825 (sz=24, trace=300000, nelems=1, elem type=java.lang.Object[]@5000010d)
	[0]		50001428
ARR 50000826 (sz=24, trace=300000, nelems=0, elem type=java.lang.Object[]@5000010d)
ARR 50000827 (sz=48, trace=300000, nelems=5, elem type=java.lang.Object[]@5000010d)
	[0]		50000ddf
	[1]		50000887
	[2]		50000dd4
	[4]		50000de0
ARR 50000828 (sz=24, trace=300000, nelems=0, elem type=java.lang.Object[]@5000010d)
ARR 50000829 (sz=24, trace=300000, nelems=2, elem type=java.lang.Object[]@5000010d)
	[0]		50000e39
	[1]		50000c60
ARR 5000082a (sz=864, trace=300000, nelems=212, elem type=java.lang.Object[]@5000010d)
	[0]		50000de4
	[1]		500010b7
	[2]		50001135
	[3]		50001136
	[4]		50001137
	[5]		50001138
	[6]		50000fce
	[7]		50001139
	[8]		50000fca
	[9]		5000113a
	[10]		50000ffd
	[11]		50001085
	[12]		50000f86
	[13]		5000113b
	[14]		50000fba
	[15]		50001143
	[16]		500010e0
	[17]		50001144
	[18]		50001145
	[19]		50000e7e
	[20]		5000100f
	[21]		50000fbe
	[22]		50001146
	[23]		50000e73
	[24]		50001147
	[25]		50001148
	[26]		50001149
	[27]		50000ea1
	[28]		5000114a
	[29]		5000114b
	[30]		5000114c
	[31]		50000e9e
	[32]		5000114d
	[33]		50000e02
	[34]		5000114e
	[35]		50000e8a
	[36]		5000114f
	[37]		50000e20
	[38]		50001150
	[39]		50000e0e
	[40]		50001151
	[41]		5000103d
	[42]		50001152
	[43]		50001035
	[44]		50001078
	[45]		50001153
	[46]		500010c0
	[47]		50001154
	[48]		500010e2
	[49]		50001155
	[50]		50001156
	[51]		50001157
	[52]		50000e6d
	[53]		500010f5
	[54]		50001158
	[55]		5000109a
	[56]		500010f1
	[57]		5000103b
	[58]		50001159
	[59]		5000115a
	[60]		5000115b
	[61]		50001033
	[62]		50001074
	[63]		50001090
	[64]		50001081
	[65]		500010d6
	[66]		50001100
	[67]		5000115c
	[68]		50001098
	[69]		50000fb2
	[70]		500010ef
	[71]		5000102d
	[72]		5000115d
	[73]		5000115e
	[74]		50001031
	[75]		5000106b
	[76]		5000108e
	[77]		5000107e
	[78]		500010d4
	[79]		500010fe
	[80]		5000115f
	[81]		50001096
	[82]		500010ec
	[83]		5000100d
	[84]		50001160
	[85]		50001161
	[86]		50001162
	[87]		5000106e
	[88]		5000108c
	[89]		5000107a
	[90]		500010d2
	[91]		500010fc
	[92]		50001163
	[93]		50001094
	[94]		500010e8
	[95]		50001023
	[96]		50001164
	[97]		50001165
	[98]		50001166
	[99]		50001167
	[100]		50000fbc
	[101]		50001083
	[102]		50001168
	[103]		50000f9d
	[104]		5000104d
	[105]		50001043
	[106]		500010ea
	[107]		500010c3
	[108]		50000fae
	[109]		50001092
	[110]		500010e6
	[111]		5000100b
	[112]		50001169
	[113]		5000116a
	[114]		5000116b
	[115]		5000102f
	[116]		50001067
	[117]		5000107c
	[118]		50001051
	[119]		500010fa
	[120]		500010d0
	[121]		5000116c
	[122]		50000fdd
	[123]		50000fd0
	[124]		5000108a
	[125]		5000116d
	[126]		5000116e
	[127]		50000fcc
	[128]		5000116f
	[129]		50001170
	[130]		50001171
	[131]		50001172
	[132]		50001173
	[133]		500010ce
	[134]		500010f8
	[135]		50001174
	[136]		50001175
	[137]		50001176
	[138]		50001177
	[139]		50001178
	[140]		50001179
	[141]		500010da
	[142]		50001057
	[143]		50000fb4
	[144]		500010d8
	[145]		50000ff1
	[146]		50000f84
	[147]		50000fef
	[148]		50000f82
	[149]		500010c7
	[150]		50000fed
	[151]		50000f80
	[152]		50000feb
	[153]		50000f7e
	[154]		50000fe9
	[155]		50000f7a
	[156]		50000fe6
	[157]		50000f78
	[158]		50001011
	[159]		50000e2a
	[160]		50000fc6
	[161]		50001039
	[162]		500010c5
	[163]		50000f8e
	[164]		5000105d
	[165]		50001021
	[166]		50001015
	[167]		500010b2
	[168]		50001025
	[169]		50000e41
	[170]		50000fd4
	[171]		50001055
	[172]		50001070
	[173]		5000101d
	[174]		50000e47
	[175]		500010be
	[176]		50000f72
	[177]		50001069
	[178]		50000e3e
	[179]		5000101b
	[180]		500010bc
	[181]		5000117a
	[182]		50001065
	[183]		50001019
	[184]		50000e27
	[185]		500010ba
	[186]		50000f90
	[187]		50001060
	[188]		50000e1c
	[189]		50001017
	[190]		500010b5
	[191]		5000117b
	[192]		5000105b
	[193]		50000faa
	[194]		50000fd2
	[195]		500010b0
	[196]		5000117c
	[197]		5000104b
	[198]		50000ea8
	[199]		50001009
	[200]		500010ac
	[201]		5000117d
	[202]		50000fa8
	[203]		50001049
	[204]		50000e9a
	[205]		50001007
	[206]		500010aa
	[207]		5000117e
	[208]		5000103f
	[209]		50001005
	[210]		50001001
	[211]		500010a0
ARR 5000082b (sz=984, trace=300000, nelems=241, elem type=java.lang.Object[]@5000010d)
	[0]		50001112
	[1]		50000e2d
	[2]		50001110
	[3]		50000e6c
	[4]		5000110e
	[5]		50000e69
	[6]		5000110c
	[7]		50000e60
	[8]		5000110a
	[9]		50000e4f
	[10]		50001108
	[11]		50001106
	[12]		50000e15
	[13]		50001104
	[14]		50000e38
	[15]		50001102
	[16]		50000e56
	[17]		50001100
	[18]		500010fe
	[19]		500010fc
	[20]		50000e5c
	[21]		500010fa
	[22]		500010f8
	[23]		500010f3
	[24]		500010f5
	[25]		500010f1
	[26]		500010ef
	[27]		500010ea
	[28]		500010ec
	[29]		500010e8
	[30]		500010e6
	[31]		500010e4
	[32]		500010e2
	[33]		500010e0
	[34]		50000e63
	[35]		500010de
	[36]		50000ea0
	[37]		500010dc
	[38]		500010da
	[39]		50000e09
	[40]		500010d8
	[41]		50000e05
	[42]		500010d6
	[43]		500010d4
	[44]		500010d2
	[45]		500010d0
	[46]		500010ce
	[47]		500010cc
	[48]		50000e1f
	[49]		500010ca
	[50]		50000e72
	[51]		500010c5
	[52]		50000e2a
	[53]		500010c7
	[54]		50000e91
	[55]		500010c3
	[56]		500010be
	[57]		50000e47
	[58]		500010c0
	[59]		500010bc
	[60]		50000e3e
	[61]		500010ba
	[62]		50000e27
	[63]		500010b5
	[64]		50000e1c
	[65]		500010b7
	[66]		500010b0
	[67]		50000e19
	[68]		500010b2
	[69]		50000e4b
	[70]		500010ae
	[71]		500010ac
	[72]		50000ea8
	[73]		500010aa
	[74]		50000e9a
	[75]		500010a8
	[76]		50000e89
	[77]		500010a6
	[78]		500010a4
	[79]		50000e7d
	[80]		500010a2
	[81]		500010a0
	[82]		50000e53
	[83]		5000109e
	[84]		5000109c
	[85]		5000109a
	[86]		50001098
	[87]		50001096
	[88]		50001094
	[89]		50001092
	[90]		50001090
	[91]		5000108e
	[92]		5000108c
	[93]		5000108a
	[94]		50000e35
	[95]		50001088
	[96]		50001083
	[97]		50001085
	[98]		50001081
	[99]		5000107c
	[100]		5000107e
	[101]		5000107a
	[102]		50001078
	[103]		50001070
	[104]		50001072
	[105]		50001074
	[106]		5000106e
	[107]		50001069
	[108]		5000106b
	[109]		50001067
	[110]		50001065
	[111]		50001060
	[112]		50001062
	[113]		5000105b
	[114]		5000105d
	[115]		50001059
	[116]		50001057
	[117]		50001055
	[118]		50000e41
	[119]		50001053
	[120]		50001051
	[121]		5000104f
	[122]		5000104d
	[123]		5000104b
	[124]		50001049
	[125]		50001047
	[126]		50001045
	[127]		50001043
	[128]		50001041
	[129]		5000103f
	[130]		5000103d
	[131]		5000103b
	[132]		50001039
	[133]		50001037
	[134]		50001035
	[135]		50001033
	[136]		50001031
	[137]		5000102f
	[138]		5000102d
	[139]		5000102b
	[140]		50001029
	[141]		50001027
	[142]		50000e0d
	[143]		50001025
	[144]		50001023
	[145]		50001021
	[146]		5000101f
	[147]		5000101d
	[148]		5000101b
	[149]		50001019
	[150]		50001017
	[151]		50001015
	[152]		50001013
	[153]		50001011
	[154]		5000100f
	[155]		5000100d
	[156]		5000100b
	[157]		50001009
	[158]		50001007
	[159]		50001005
	[160]		50001003
	[161]		50000e01
	[162]		50001001
	[163]		50000fff
	[164]		50000ffd
	[165]		50000ffb
	[166]		50000e9d
	[167]		50000ff9
	[168]		50000ff7
	[169]		50000ff5
	[170]		50000ff3
	[171]		50000ff1
	[172]		50000e94
	[173]		50000fef
	[174]		50000fed
	[175]		50000e86
	[176]		50000feb
	[177]		50000e83
	[178]		50000fe9
	[179]		50000e7a
	[180]		50000fe4
	[181]		50000fe6
	[182]		50000e76
	[183]		50000fdf
	[184]		50000fe1
	[185]		50000e11
	[186]		50000fdd
	[187]		50000fd8
	[188]		50000fda
	[189]		50000fd6
	[190]		50000fd4
	[191]		50000fd2
	[192]		50000fd0
	[193]		50000fce
	[194]		50000fcc
	[195]		50000fca
	[196]		50000fc8
	[197]		50000fc6
	[198]		50000fc4
	[199]		50000fc2
	[200]		50000fc0
	[201]		50000fbe
	[202]		50000fbc
	[203]		50000fba
	[204]		50000fb8
	[205]		50000fb6
	[206]		50000fb4
	[207]		50000fb2
	[208]		50000fb0
	[209]		50000fae
	[210]		50000fac
	[211]		50000faa
	[212]		50000fa8
	[213]		50000fa6
	[214]		50000fa4
	[215]		50000f9f
	[216]		50000fa1
	[217]		50000f9d
	[218]		50000f9b
	[219]		50000f99
	[220]		50000f94
	[221]		50000f96
	[222]		50000f92
	[223]		50000f90
	[224]		50000f8e
	[225]		50000f8c
	[226]		50000f8a
	[227]		50000f88
	[228]		50000f86
	[229]		50000f84
	[230]		50000f82
	[231]		50000f80
	[232]		50000f7e
	[233]		50000f7c
	[234]		50000f7a
	[235]		50000f78
	[236]		50000f76
	[237]		50000f74
	[238]		50000f72
	[239]		50000f70
	[240]		50000f6e
ARR 5000082c (sz=328, trace=300000, nelems=78, elem type=java.lang.Object[]@5000010d)
	[0]		50000ea8
	[1]		50000ea9
	[2]		50000e9a
	[3]		50000e9b
	[4]		50000e9d
	[5]		50000e9e
	[6]		50000ea0
	[7]		50000ea1
	[8]		50000e91
	[9]		50000e92
	[10]		50000e94
	[11]		50000e95
	[12]		50000e83
	[13]		50000e84
	[14]		50000e86
	[15]		50000e87
	[16]		50000e89
	[17]		50000e8a
	[18]		50000e7a
	[19]		50000e7b
	[20]		50000e7d
	[21]		50000e7e
	[22]		50000e76
	[23]		50000e77
	[24]		50000e72
	[25]		50000e73
	[26]		50000e69
	[27]		50000e6a
	[28]		50000e6c
	[29]		50000e6d
	[30]		50000e60
	[31]		50000e61
	[32]		50000e63
	[33]		50000e64
	[34]		50000e5c
	[35]		50000e5d
	[36]		50000e53
	[37]		50000e54
	[38]		50000e56
	[39]		50000e57
	[40]		50000e4f
	[41]		50000e50
	[42]		50000e4b
	[43]		50000e4c
	[44]		50000e47
	[45]		50000e48
	[46]		50000e3e
	[47]		50000e3f
	[48]		50000e41
	[49]		50000e42
	[50]		50000e35
	[51]		50000e36
	[52]		50000e38
	[53]		50000e39
	[54]		50000e27
	[55]		50000e28
	[56]		50000e2a
	[57]		50000e2b
	[58]		50000e2d
	[59]		50000e2e
	[60]		50000e19
	[61]		50000e1a
	[62]		50000e1c
	[63]		50000e1d
	[64]		50000e1f
	[65]		50000e20
	[66]		50000e15
	[67]		50000e16
	[68]		50000e11
	[69]		50000e12
	[70]		50000e0d
	[71]		50000e0e
	[72]		50000e09
	[73]		50000e0a
	[74]		50000e05
	[75]		50000e06
	[76]		50000e01
	[77]		50000e02
ARR 5000082d (sz=176, trace=300000, nelems=39, elem type=java.lang.Object[]@5000010d)
	[0]		50000ea8
	[1]		50000e9a
	[2]		50000e9d
	[3]		50000ea0
	[4]		50000e91
	[5]		50000e94
	[6]		50000e83
	[7]		50000e86
	[8]		50000e89
	[9]		50000e7a
	[10]		50000e7d
	[11]		50000e76
	[12]		50000e72
	[13]		50000e69
	[14]		50000e6c
	[15]		50000e60
	[16]		50000e63
	[17]		50000e5c
	[18]		50000e53
	[19]		50000e56
	[20]		50000e4f
	[21]		50000e4b
	[22]		50000e47
	[23]		50000e3e
	[24]		50000e41
	[25]		50000e35
	[26]		50000e38
	[27]		50000e27
	[28]		50000e2a
	[29]		50000e2d
	[30]		50000e19
	[31]		50000e1c
	[32]		50000e1f
	[33]		50000e15
	[34]		50000e11
	[35]		50000e0d
	[36]		50000e09
	[37]		50000e05
	[38]		50000e01
ARR 5000082e (sz=24, trace=300000, nelems=1, elem type=java.lang.Object[]@5000010d)
	[0]		50000912
ARR 5000082f (sz=24, trace=300000, nelems=1, elem type=java.lang.Object[]@5000010d)
	[0]		50001344
ARR 50000830 (sz=40, trace=300000, nelems=5, elem type=java.lang.Object[]@5000010d)
	[2]		5000133e
	[3]		5000133f
	[4]		50001340
ARR 50000831 (sz=32, trace=300000, nelems=0, elem type=java.lang.Object[]@5000010d)
ARR 50000832 (sz=72, trace=300000, nelems=0, elem type=java.lang.Object[]@5000010d)
ARR 50000833 (sz=104, trace=300000, nelems=0, elem type=java.lang.Object[]@5000010d)
ARR 50000834 (sz=72, trace=300000, nelems=0, elem type=java.lang.Object[]@5000010d)
ARR 50000835 (sz=192, trace=300000, nelems=0, elem type=java.lang.Object[]@5000010d)
ARR 50000836 (sz=24, trace=300000, nelems=1, elem type=java.lang.Object[]@5000010d)
	[0]		500011e5
ARR 50000837 (sz=32, trace=300000, nelems=0, elem type=java.lang.Object[]@5000010d)
ARR 50000838 (sz=32, trace=300000, nelems=3, elem type=java.lang.Object[]@5000010d)
	[0]		5000133a
	[2]		5000133b
ARR 50000839 (sz=32, trace=300000, nelems=0, elem type=java.lang.Object[]@5000010d)
ARR 5000083a (sz=80, trace=300000, nelems=15, elem type=java.lang.Object[]@5000010d)
	[2]		50000dd4
	[4]		50000dd5
	[11]		50000dd6
	[12]		50000dd7
	[13]		50000dd8
	[14]		50000dd9
ARR 5000083b (sz=32, trace=300000, nelems=0, elem type=java.lang.Object[]@5000010d)
ARR 5000083c (sz=96, trace=300000, nelems=0, elem type=java.lang.Object[]@5000010d)
ARR 5000083d (sz=24, trace=300000, nelems=1, elem type=java.lang.Object[]@5000010d)
	[0]		50000af6
ARR 5000083e (sz=24, trace=300000, nelems=2, elem type=java.lang.Object[]@5000010d)
	[1]		50000913
ARR 5000083f (sz=88, trace=300000, nelems=10, elem type=java.lang.Object[]@5000010d)
	[1]		50000aff
	[3]		50000887
	[8]		50000b00
	[9]		50000b01
ARR 50000840 (sz=56, trace=300000, nelems=10, elem type=java.lang.Object[]@5000010d)
	[9]		50000cc7
ARR 50000841 (sz=56, trace=300000, nelems=0, elem type=java.lang.Object[]@5000010d)
ARR 50000842 (sz=56, trace=300000, nelems=7, elem type=java.lang.Object[]@5000010d)
	[4]		50000882
	[5]		50000883
	[6]		50000884
ARR 50000843 (sz=208, trace=300000, nelems=0, elem type=java.lang.Object[]@5000010d)
ARR 50000844 (sz=32, trace=300000, nelems=0, elem type=java.lang.Object[]@5000010d)
ARR 50000845 (sz=72, trace=300000, nelems=13, elem type=java.lang.Object[]@5000010d)
	[5]		50000887
	[9]		50000a34
	[10]		50000a35
	[11]		50000a36
	[12]		50000a37
ARR 50000846 (sz=48, trace=300000, nelems=1, elem type=java.lang.Object[]@5000010d)
	[0]		5000129f
ARR 50000847 (sz=64, trace=300000, nelems=12, elem type=java.lang.Object[]@5000010d)
	[11]		5000087e
ARR 50000848 (sz=32, trace=300000, nelems=0, elem type=java.lang.Object[]@5000010d)
ARR 50000849 (sz=40, trace=300000, nelems=6, elem type=java.lang.Object[]@5000010d)
	[3]		500008fa
	[4]		500008fb
	[5]		500008fc
ARR 5000084a (sz=48, trace=300000, nelems=0, elem type=java.lang.Object[]@5000010d)
ARR 5000084b (sz=72, trace=300000, nelems=0, elem type=java.lang.Object[]@5000010d)
ARR 5000084c (sz=80, trace=300000, nelems=0, elem type=java.lang.Object[]@5000010d)
ARR 5000084d (sz=32, trace=300000, nelems=0, elem type=java.lang.Object[]@5000010d)
ARR 5000084e (sz=112, trace=300000, nelems=0, elem type=java.lang.Object[]@5000010d)
ARR 5000084f (sz=32, trace=300000, nelems=3, elem type=java.lang.Object[]@5000010d)
	[2]		5000127e
ARR 50000850 (sz=72, trace=300000, nelems=0, elem type=java.lang.Object[]@5000010d)
ARR 50000851 (sz=32, trace=300000, nelems=0, elem type=java.lang.Object[]@5000010d)
ARR 50000852 (sz=32, trace=300000, nelems=0, elem type=java.lang.Object[]@5000010d)
ARR 50000853 (sz=24, trace=300000, nelems=0, elem type=java.lang.Object[]@5000010d)
ARR 50000854 (sz=48, trace=300000, nelems=0, elem type=java.lang.Object[]@5000010d)
ARR 50000855 (sz=64, trace=300000, nelems=12, elem type=java.lang.Object[]@5000010d)
	[11]		500008f6
ARR 50000856 (sz=48, trace=300000, nelems=0, elem type=java.lang.Object[]@5000010d)
ARR 50000857 (sz=24, trace=300000, nelems=0, elem type=java.lang.Object[]@5000010d)
ARR 50000858 (sz=24, trace=300000, nelems=0, elem type=java.lang.Object[]@5000010d)
ARR 50000859 (sz=24, trace=300000, nelems=0, elem type=java.lang.Object[]@5000010d)
ARR 5000085a (sz=24, trace=300000, nelems=0, elem type=java.lang.Object[]@5000010d)
OBJ 5000085b (sz=104, trace=300000, class=java.lang.Class@5000016f)
OBJ 5000085c (sz=104, trace=300000, class=java.lang.Class@5000016f)
OBJ 5000085d (sz=104, trace=300000, class=java.lang.Class@5000016f)
OBJ 5000085e (sz=104, trace=300000, class=java.lang.Class@5000016f)
OBJ 5000085f (sz=104, trace=300000, class=java.lang.Class@5000016f)
OBJ 50000860 (sz=104, trace=300000, class=java.lang.Class@5000016f)
OBJ 50000861 (sz=104, trace=300000, class=java.lang.Class@5000016f)
OBJ 50000862 (sz=104, trace=300000, class=java.lang.Class@5000016f)
OBJ 50000863 (sz=104, trace=300000, class=java.lang.Class@5000016f)
ARR 50000864 (sz=16, trace=300000, nelems=0, elem type=java.lang.Class[]@50000108)
OBJ 50000865 (sz=24, trace=300000, class=java.lang.String@50000173)
	value		5000144a
OBJ 50000866 (sz=24, trace=300000, class=java.lang.String@50000173)
	value		50001449
OBJ 50000867 (sz=32, trace=300000, class=java.lang.OutOfMemoryError@5000015b)
	detailMessage	50001447
OBJ 50000868 (sz=32, trace=300000, class=java.lang.OutOfMemoryError@5000015b)
	detailMessage	50001445
OBJ 50000869 (sz=32, trace=300000, class=java.lang.OutOfMemoryError@5000015b)
	detailMessage	50001443
OBJ 5000086a (sz=32, trace=300000, class=java.lang.OutOfMemoryError@5000015b)
	detailMessage	50001441
OBJ 5000086b (sz=32, trace=300000, class=java.lang.OutOfMemoryError@5000015b)
	detailMessage	5000143f
OBJ 5000086c (sz=32, trace=300000, class=java.lang.OutOfMemoryError@5000015b)
	detailMessage	5000143d
ARR 5000086d (sz=32, trace=300000, nelems=4, elem type=java.lang.OutOfMemoryError[]@50000102)
	[0]		50001439
	[1]		5000143a
	[2]		5000143b
	[3]		5000143c
OBJ 5000086e (sz=32, trace=300000, class=java.lang.NullPointerException@50000107)
OBJ 5000086f (sz=32, trace=300000, class=java.lang.ArithmeticException@50000106)
	detailMessage	50001437
OBJ 50000870 (sz=32, trace=300000, class=java.lang.VirtualMachineError@5000015c)
OBJ 50000871 (sz=48, trace=300000, class=java.lang.ThreadGroup@5000014d)
	parent		50000872
	name		50001432
	threads		50001431
OBJ 50000872 (sz=48, trace=300000, class=java.lang.ThreadGroup@5000014d)
	name		5000129f
	threads		50001421
	groups		50001420
OBJ 50000873 (sz=32, trace=300000, class=java.lang.VirtualMachineError@5000015c)
ARR 50000874 (sz=16, trace=300000, nelems=0, elem type=java.lang.Throwable[]@50000105)
OBJ 50000875 (sz=24, trace=300000, class=java.lang.String@50000173)
	value		5000141f
OBJ 50000876 (sz=24, trace=300000, class=java.lang.String@50000173)
	value		5000141e
OBJ 50000877 (sz=24, trace=300000, class=java.lang.String@50000173)
	value		5000141d
OBJ 50000878 (sz=24, trace=300000, class=java.lang.String@50000173)
	value		5000141c
OBJ 50000879 (sz=24, trace=300000, class=java.util.Collections$UnmodifiableRandomAccessList@500000d8)
	c		5000087b
	list		5000087b
ARR 5000087a (sz=16, trace=300000, nelems=0, elem type=java.lang.StackTraceElement[]@500000f9)
OBJ 5000087b (sz=24, trace=300000, class=java.util.ArrayList@500000e2)
	elementData	5000087c
ARR 5000087c (sz=16, trace=300000, nelems=0, elem type=java.lang.Object[]@5000010d)
ARR 5000087d (sz=16, trace=300000, nelems=0, elem type=java.lang.Object[]@5000010d)
OBJ 5000087e (sz=24, trace=300000, class=java.lang.String@50000173)
	value		50000881
OBJ 5000087f (sz=24, trace=300000, class=java.lang.RuntimePermission@500000f5)
	name		5000087e
	path		5000087e
ARR 50000880 (sz=16, trace=300000, nelems=0, elem type=java.lang.StackTraceElement[]@500000f9)
ARR 50000881 (sz=64, trace=300000, nelems=32, elem type=char[])
OBJ 50000882 (sz=24, trace=300000, class=java.lang.String@50000173)
	value		5000141b
OBJ 50000883 (sz=24, trace=300000, class=java.lang.String@50000173)
	value		5000141a
OBJ 50000884 (sz=24, trace=300000, class=java.lang.String@50000173)
	value		50001419
OBJ 50000885 (sz=16, trace=300000, class=java.lang.String$CaseInsensitiveComparator@500000fd)
ARR 50000886 (sz=16, trace=300000, nelems=0, elem type=java.io.ObjectStreamField[]@500000ff)
OBJ 50000887 (sz=24, trace=300000, class=java.lang.String@50000173)
	value		500008d2
OBJ 50000888 (sz=24, trace=300000, class=java.lang.String@50000173)
	value		50001416
OBJ 50000889 (sz=24, trace=300000, class=java.lang.String@50000173)
	value		500008d1
OBJ 5000088a (sz=24, trace=300000, class=java.lang.String@50000173)
	value		50001415
OBJ 5000088b (sz=24, trace=300000, class=java.lang.String@50000173)
	value		50001414
OBJ 5000088c (sz=24, trace=300000, class=java.lang.String@50000173)
	value		50001413
OBJ 5000088d (sz=24, trace=300000, class=java.lang.String@50000173)
	value		50001412
OBJ 5000088e (sz=24, trace=300000, class=java.lang.String@50000173)
	value		50001410
OBJ 5000088f (sz=24, trace=300000, class=java.lang.String@50000173)
	value		5000140c
OBJ 50000890 (sz=24, trace=300000, class=java.lang.String@50000173)
	value		5000140f
OBJ 50000891 (sz=24, trace=300000, class=java.lang.String@50000173)
	value		5000140e
OBJ 50000892 (sz=24, trace=300000, class=java.lang.String@50000173)
	value		5000140b
OBJ 50000893 (sz=24, trace=300000, class=java.lang.String@50000173)
	value		5000140d
OBJ 50000894 (sz=24, trace=300000, class=java.lang.String@50000173)
	value		50001358
OBJ 50000895 (sz=24, trace=300000, class=java.lang.String@50000173)
	value		5000137a
OBJ 50000896 (sz=24, trace=300000, class=java.lang.String@50000173)
	value		50001411
OBJ 50000897 (sz=24, trace=300000, class=java.lang.String@50000173)
	value		500008f0
OBJ 50000898 (sz=24, trace=300000, class=java.lang.String@50000173)
	value		50001371
OBJ 50000899 (sz=24, trace=300000, class=java.lang.String@50000173)
	value		50001383
OBJ 5000089a (sz=24, trace=300000, class=java.lang.String@50000173)
	value		5000134f
OBJ 5000089b (sz=24, trace=300000, class=java.lang.String@50000173)
	value		50001360
OBJ 5000089c (sz=24, trace=300000, class=java.lang.String@50000173)
	value		500013d1
OBJ 5000089d (sz=24, trace=300000, class=java.lang.String@50000173)
	value		50001399
OBJ 5000089e (sz=24, trace=300000, class=java.lang.String@50000173)
	value		500013a2
OBJ 5000089f (sz=24, trace=300000, class=java.lang.String@50000173)
	value		50001372
OBJ 500008a0 (sz=24, trace=300000, class=java.lang.String@50000173)
	value		500013ba
OBJ 500008a1 (sz=24, trace=300000, class=java.lang.String@50000173)
	value		50001350
OBJ 500008a2 (sz=24, trace=300000, class=java.lang.String@50000173)
	value		500008d3
OBJ 500008a3 (sz=24, trace=300000, class=java.lang.String@50000173)
	value		500013ab
OBJ 500008a4 (sz=24, trace=300000, class=java.lang.String@50000173)
	value		50001346
ARR 500008a5 (sz=40, trace=300000, nelems=6, elem type=java.io.ObjectStreamField[]@500000ff)
	[0]		50001405
	[1]		50001406
	[2]		50001407
	[3]		50001408
	[4]		50001409
	[5]		5000140a
OBJ 500008a6 (sz=32, trace=300000, class=java.util.Locale@5000002b)
	baseLocale	500013ac
OBJ 500008a7 (sz=32, trace=300000, class=java.util.Locale@5000002b)
	baseLocale	500013d9
OBJ 500008a8 (sz=32, trace=300000, class=java.util.Locale@5000002b)
	baseLocale	50001347
OBJ 500008a9 (sz=32, trace=300000, class=java.util.Locale@5000002b)
	baseLocale	500013b3
OBJ 500008aa (sz=32, trace=300000, class=java.util.Locale@5000002b)
	baseLocale	500008d0
OBJ 500008ab (sz=32, trace=300000, class=java.util.Locale@5000002b)
	baseLocale	5000139a
OBJ 500008ac (sz=32, trace=300000, class=java.util.Locale@5000002b)
	baseLocale	500013d2
OBJ 500008ad (sz=32, trace=300000, class=java.util.Locale@5000002b)
	baseLocale	50001351
OBJ 500008ae (sz=32, trace=300000, class=java.util.Locale@5000002b)
	baseLocale	5000137b
OBJ 500008af (sz=32, trace=300000, class=java.util.Locale@5000002b)
	baseLocale	500013bb
OBJ 500008b0 (sz=32, trace=300000, class=java.util.Locale@5000002b)
	baseLocale	50001373
OBJ 500008b1 (sz=32, trace=300000, class=java.util.Locale@5000002b)
	baseLocale	500013a3
OBJ 500008b2 (sz=32, trace=300000, class=java.util.Locale@5000002b)
	baseLocale	50001361
OBJ 500008b3 (sz=32, trace=300000, class=java.util.Locale@5000002b)
	baseLocale	500013c2
OBJ 500008b4 (sz=32, trace=300000, class=java.util.Locale@5000002b)
	baseLocale	50001359
OBJ 500008b5 (sz=32, trace=300000, class=java.util.Locale@5000002b)
	baseLocale	50001384
OBJ 500008b6 (sz=32, trace=300000, class=java.util.Locale@5000002b)
	baseLocale	500013c9
OBJ 500008b7 (sz=32, trace=300000, class=java.util.Locale@5000002b)
	baseLocale	50001369
OBJ 500008b8 (sz=32, trace=300000, class=java.util.Locale@5000002b)
	baseLocale	50001391
OBJ 500008b9 (sz=24, trace=300000, class=java.util.Locale$Cache@50000029)
	map		500008bb
	queue		500008ba
OBJ 500008ba (sz=32, trace=300000, class=java.lang.ref.ReferenceQueue@50000151)
	lock		500013dd
OBJ 500008bb (sz=64, trace=300000, class=java.util.concurrent.ConcurrentHashMap@50000027)
	table		500008bc
ARR 500008bc (sz=144, trace=300000, nelems=31, elem type=java.util.concurrent.ConcurrentHashMap$Node[]@5000001f)
	[0]		500008bd
	[1]		500008be
	[2]		500008bf
	[4]		500008c0
	[5]		500008c1
	[8]		500008c2
	[9]		500008c3
	[10]		500008c4
	[14]		500008c6
	[16]		500008c7
	[20]		500008c8
	[22]		500008c9
	[23]		500008ca
	[26]		500008cb
	[27]		500008cc
	[30]		500008cd
OBJ 500008bd (sz=32, trace=300000, class=java.util.concurrent.ConcurrentHashMap$Node@50000020)
	key		50001402
	val		50001401
	next		50001400
OBJ 500008be (sz=32, trace=300000, class=java.util.concurrent.ConcurrentHashMap$Node@50000020)
	key		500013ff
	val		500013fe
OBJ 500008bf (sz=32, trace=300000, class=java.util.concurrent.ConcurrentHashMap$Node@50000020)
	key		500013fd
	val		500013fc
OBJ 500008c0 (sz=32, trace=300000, class=java.util.concurrent.ConcurrentHashMap$Node@50000020)
	key		500013fb
	val		500013fa
OBJ 500008c1 (sz=32, trace=300000, class=java.util.concurrent.ConcurrentHashMap$Node@50000020)
	key		500013f9
	val		500013f8
OBJ 500008c2 (sz=32, trace=300000, class=java.util.concurrent.ConcurrentHashMap$Node@50000020)
	key		500013f5
	val		500013f4
	next		500013f3
OBJ 500008c3 (sz=32, trace=300000, class=java.util.concurrent.ConcurrentHashMap$Node@50000020)
	key		500013f2
	val		500013f1
OBJ 500008c4 (sz=32, trace=300000, class=java.util.concurrent.ConcurrentHashMap$Node@50000020)
	key		500013f0
	val		500013ef
ARR 500008c5 (sz=8024, trace=300608, nelems=0, elem type=double[])
OBJ 500008c6 (sz=32, trace=300000, class=java.util.concurrent.ConcurrentHashMap$Node@50000020)
	key		500013ee
	val		500013ed
OBJ 500008c7 (sz=32, trace=300000, class=java.util.concurrent.ConcurrentHashMap$Node@50000020)
	key		500013ec
	val		500013eb
OBJ 500008c8 (sz=32, trace=300000, class=java.util.concurrent.ConcurrentHashMap$Node@50000020)
	key		500013ea
	val		500013e9
OBJ 500008c9 (sz=32, trace=300000, class=java.util.concurrent.ConcurrentHashMap$Node@50000020)
	key		500013e8
	val		500013e7
OBJ 500008ca (sz=32, trace=300000, class=java.util.concurrent.ConcurrentHashMap$Node@50000020)
	key		500013e6
	val		500013e5
OBJ 500008cb (sz=32, trace=300000, class=java.util.concurrent.ConcurrentHashMap$Node@50000020)
	key		500013e4
	val		500013e3
OBJ 500008cc (sz=32, trace=300000, class=java.util.concurrent.ConcurrentHashMap$Node@50000020)
	key		500013e0
	val		500013df
	next		500013de
OBJ 500008cd (sz=32, trace=300000, class=java.util.concurrent.ConcurrentHashMap$Node@50000020)
	key		500008cf
	val		500008ce
OBJ 500008ce (sz=48, trace=300000, class=sun.util.locale.LocaleObjectCache$CacheEntry@50000015)
	referent	500008aa
	queue		500008ba
	key		500008cf
OBJ 500008cf (sz=24, trace=300000, class=java.util.Locale$LocaleKey@50000014)
	base		500008d0
OBJ 500008d0 (sz=32, trace=300000, class=sun.util.locale.BaseLocale@50000018)
	language	50000889
	script		50000887
	region		500008a2
	variant		50000887
ARR 500008d1 (sz=4, trace=300000, nelems=2, elem type=char[])
ARR 500008d2 (sz=0, trace=300000, nelems=0, elem type=char[])
ARR 500008d3 (sz=4, trace=300000, nelems=2, elem type=char[])
OBJ 500008d4 (sz=24, trace=300000, class=java.lang.String@50000173)
	value		500013dc
OBJ 500008d5 (sz=24, trace=300000, class=java.lang.String@50000173)
	value		500013db
OBJ 500008d6 (sz=24, trace=300000, class=java.lang.String@50000173)
	value		500013da
OBJ 500008d7 (sz=24, trace=300000, class=sun.util.locale.BaseLocale$Cache@50000017)
	map		500008db
	queue		500008da
OBJ 500008d8 (sz=24, trace=300000, class=java.lang.String@50000173)
	value		500008d9
ARR 500008d9 (sz=2, trace=300000, nelems=1, elem type=char[])
OBJ 500008da (sz=32, trace=300000, class=java.lang.ref.ReferenceQueue@50000151)
	lock		50001348
OBJ 500008db (sz=64, trace=300000, class=java.util.concurrent.ConcurrentHashMap@50000027)
	table		500008dc
ARR 500008dc (sz=144, trace=300000, nelems=27, elem type=java.util.concurrent.ConcurrentHashMap$Node[]@5000001f)
	[0]		500008dd
	[1]		500008de
	[4]		500008df
	[7]		500008e0
	[8]		500008e1
	[9]		500008e2
	[11]		500008e3
	[12]		500008e4
	[14]		500008e5
	[23]		500008e6
	[25]		500008e7
	[26]		500008e8
OBJ 500008dd (sz=32, trace=300000, class=java.util.concurrent.ConcurrentHashMap$Node@50000020)
	key		500013cc
	val		500013cb
	next		500013ca
OBJ 500008de (sz=32, trace=300000, class=java.util.concurrent.ConcurrentHashMap$Node@50000020)
	key		500013c4
	val		500013c3
OBJ 500008df (sz=32, trace=300000, class=java.util.concurrent.ConcurrentHashMap$Node@50000020)
	key		500013bd
	val		500013bc
OBJ 500008e0 (sz=32, trace=300000, class=java.util.concurrent.ConcurrentHashMap$Node@50000020)
	key		500013b5
	val		500013b4
OBJ 500008e1 (sz=32, trace=300000, class=java.util.concurrent.ConcurrentHashMap$Node@50000020)
	key		50001394
	val		50001393
	next		50001392
OBJ 500008e2 (sz=32, trace=300000, class=java.util.concurrent.ConcurrentHashMap$Node@50000020)
	key		5000138c
	val		5000138b
OBJ 500008e3 (sz=32, trace=300000, class=java.util.concurrent.ConcurrentHashMap$Node@50000020)
	key		5000137e
	val		5000137d
	next		5000137c
OBJ 500008e4 (sz=32, trace=300000, class=java.util.concurrent.ConcurrentHashMap$Node@50000020)
	key		50001364
	val		50001363
	next		50001362
OBJ 500008e5 (sz=32, trace=300000, class=java.util.concurrent.ConcurrentHashMap$Node@50000020)
	key		5000135b
	val		5000135a
OBJ 500008e6 (sz=32, trace=300000, class=java.util.concurrent.ConcurrentHashMap$Node@50000020)
	key		50001353
	val		50001352
OBJ 500008e7 (sz=32, trace=300000, class=java.util.concurrent.ConcurrentHashMap$Node@50000020)
	key		5000134a
	val		50001349
OBJ 500008e8 (sz=32, trace=300000, class=java.util.concurrent.ConcurrentHashMap$Node@50000020)
	key		500008ea
	val		500008e9
OBJ 500008e9 (sz=48, trace=300000, class=sun.util.locale.LocaleObjectCache$CacheEntry@50000015)
	referent	50001347
	queue		500008da
	key		500008ea
OBJ 500008ea (sz=40, trace=300000, class=sun.util.locale.BaseLocale$Key@50000016)
	lang		500008ee
	scrt		500008ed
	regn		500008ec
	vart		500008eb
OBJ 500008eb (sz=40, trace=300000, class=java.lang.ref.SoftReference@50000157)
	referent	50000887
	queue		500008ef
OBJ 500008ec (sz=40, trace=300000, class=java.lang.ref.SoftReference@50000157)
	referent	500008a4
	queue		500008ef
OBJ 500008ed (sz=40, trace=300000, class=java.lang.ref.SoftReference@50000157)
	referent	50000887
	queue		500008ef
OBJ 500008ee (sz=40, trace=300000, class=java.lang.ref.SoftReference@50000157)
	referent	50000897
	queue		500008ef
OBJ 500008ef (sz=32, trace=300000, class=java.lang.ref.ReferenceQueue$Null@500000d7)
	lock		500008f1
ARR 500008f0 (sz=4, trace=300000, nelems=2, elem type=char[])
OBJ 500008f1 (sz=16, trace=300000, class=java.lang.ref.ReferenceQueue$Lock@500000d6)
OBJ 500008f2 (sz=32, trace=300000, class=java.lang.ref.ReferenceQueue$Null@500000d7)
	lock		500008f3
OBJ 500008f3 (sz=16, trace=300000, class=java.lang.ref.ReferenceQueue$Lock@500000d6)
OBJ 500008f4 (sz=16, trace=300000, class=sun.reflect.ReflectionFactory@500000e6)
ARR 500008f5 (sz=16, trace=300000, nelems=0, elem type=java.io.ObjectStreamField[]@500000ff)
OBJ 500008f6 (sz=24, trace=300000, class=java.lang.String@50000173)
	value		500008f9
OBJ 500008f7 (sz=16, trace=300000, class=java.lang.reflect.ReflectAccess@500000a8)
OBJ 500008f8 (sz=24, trace=300000, class=java.lang.RuntimePermission@500000f5)
	name		500008f6
	path		500008f6
ARR 500008f9 (sz=46, trace=300000, nelems=23, elem type=char[])
OBJ 500008fa (sz=24, trace=300000, class=java.lang.String@50000173)
	value		5000122c
OBJ 500008fb (sz=24, trace=300000, class=java.lang.String@50000173)
	value		50001244
OBJ 500008fc (sz=24, trace=300000, class=java.lang.String@50000173)
	value		500008fd
ARR 500008fd (sz=16, trace=300000, nelems=8, elem type=char[])
OBJ 500008fe (sz=24, trace=300000, class=java.lang.String@50000173)
	value		50000cad
OBJ 500008ff (sz=24, trace=300000, class=java.lang.String@50000173)
	value		50001339
OBJ 50000900 (sz=24, trace=300000, class=java.lang.String@50000173)
	value		50000cab
OBJ 50000901 (sz=24, trace=300000, class=java.lang.String@50000173)
	value		50000902
ARR 50000902 (sz=18, trace=300000, nelems=9, elem type=char[])
OBJ 50000903 (sz=24, trace=300000, class=java.lang.String@50000173)
	value		50000904
ARR 50000904 (sz=12, trace=300000, nelems=6, elem type=char[])
OBJ 50000905 (sz=24, trace=300000, class=java.lang.String@50000173)
	value		50000906
ARR 50000906 (sz=10, trace=300000, nelems=5, elem type=char[])
OBJ 50000907 (sz=24, trace=300000, class=java.lang.String@50000173)
	value		50001334
OBJ 50000908 (sz=24, trace=300000, class=java.lang.String@50000173)
	value		50001333
OBJ 50000909 (sz=24, trace=300000, class=java.lang.String@50000173)
	value		50001332
OBJ 5000090a (sz=24, trace=300000, class=java.lang.String@50000173)
	value		50001331
OBJ 5000090b (sz=16, trace=300000, class=sun.misc.Unsafe@50000125)
OBJ 5000090c (sz=24, trace=300000, class=java.lang.String@50000173)
	value		50000911
OBJ 5000090d (sz=24, trace=300000, class=java.lang.String@50000173)
	value		50000910
OBJ 5000090e (sz=24, trace=300000, class=java.lang.String@50000173)
	value		5000090f
ARR 5000090f (sz=44, trace=300000, nelems=22, elem type=char[])
ARR 50000910 (sz=66, trace=300000, nelems=33, elem type=char[])
ARR 50000911 (sz=50, trace=300000, nelems=25, elem type=char[])
OBJ 50000912 (sz=24, trace=300000, class=java.lang.String@50000173)
	value		50000af5
OBJ 50000913 (sz=24, trace=300000, class=java.lang.String@50000173)
	value		5000127d
OBJ 50000914 (sz=24, trace=300000, class=java.lang.String@50000173)
	value		50001330
OBJ 50000915 (sz=24, trace=300000, class=java.lang.String@50000173)
	value		5000132f
OBJ 50000916 (sz=24, trace=300000, class=java.lang.String@50000173)
	value		5000132e
OBJ 50000917 (sz=24, trace=300000, class=java.lang.String@50000173)
	value		5000121c
OBJ 50000918 (sz=24, trace=300000, class=java.lang.String@50000173)
	value		5000132d
OBJ 50000919 (sz=24, trace=300000, class=java.lang.String@50000173)
	value		50000c4c
OBJ 5000091a (sz=24, trace=300000, class=java.lang.String@50000173)
	value		50001209
OBJ 5000091b (sz=24, trace=300000, class=java.lang.String@50000173)
	value		5000132c
OBJ 5000091c (sz=24, trace=300000, class=java.lang.String@50000173)
	value		50001218
OBJ 5000091d (sz=48, trace=300000, class=java.util.Properties@50000149)
	table		5000091f
OBJ 5000091e (sz=16, trace=300000, class=java.lang.Object@50000177)
ARR 5000091f (sz=400, trace=300000, nelems=89, elem type=java.util.Hashtable$Entry[]@500000c4)
	[0]		50000920
	[1]		50000921
	[4]		50000922
	[9]		50000923
	[10]		50000924
	[11]		50000925
	[13]		50000926
	[16]		50000927
	[17]		50000928
	[18]		50000929
	[19]		5000092a
	[21]		5000092b
	[22]		5000092c
	[24]		5000092d
	[26]		5000092e
	[27]		5000092f
	[33]		50000930
	[38]		50000931
	[39]		50000932
	[40]		50000933
	[41]		50000934
	[42]		50000935
	[44]		50000936
	[49]		50000937
	[54]		50000938
	[57]		50000939
	[63]		5000093a
	[65]		5000093b
	[67]		5000093c
	[70]		5000093d
	[72]		5000093e
	[76]		5000093f
	[79]		50000940
	[80]		50000941
	[81]		50000942
	[82]		50000943
	[85]		50000944
	[88]		50000945
OBJ 50000920 (sz=32, trace=300000, class=java.util.Hashtable$Entry@500000c5)
	key		50000a2a
	value		50000a29
OBJ 50000921 (sz=32, trace=300000, class=java.util.Hashtable$Entry@500000c5)
	key		50000a26
	value		50000a25
OBJ 50000922 (sz=32, trace=300000, class=java.util.Hashtable$Entry@500000c5)
	key		50000a22
	value		50000a21
OBJ 50000923 (sz=32, trace=300000, class=java.util.Hashtable$Entry@500000c5)
	key		50000a1a
	value		50000a19
	next		50000a18
OBJ 50000924 (sz=32, trace=300000, class=java.util.Hashtable$Entry@500000c5)
	key		50000a15
	value		50000a14
OBJ 50000925 (sz=32, trace=300000, class=java.util.Hashtable$Entry@500000c5)
	key		50000a11
	value		50000a10
OBJ 50000926 (sz=32, trace=300000, class=java.util.Hashtable$Entry@500000c5)
	key		50000a0d
	value		50000a0c
OBJ 50000927 (sz=32, trace=300000, class=java.util.Hashtable$Entry@500000c5)
	key		50000a09
	value		50000a08
OBJ 50000928 (sz=32, trace=300000, class=java.util.Hashtable$Entry@500000c5)
	key		50000a05
	value		50000a04
OBJ 50000929 (sz=32, trace=300000, class=java.util.Hashtable$Entry@500000c5)
	key		50000a01
	value		50000a00
OBJ 5000092a (sz=32, trace=300000, class=java.util.Hashtable$Entry@500000c5)
	key		500009fd
	value		500009fc
OBJ 5000092b (sz=32, trace=300000, class=java.util.Hashtable$Entry@500000c5)
	key		500009f5
	value		500009f4
	next		500009f3
OBJ 5000092c (sz=32, trace=300000, class=java.util.Hashtable$Entry@500000c5)
	key		500009f0
	value		500009ef
OBJ 5000092d (sz=32, trace=300000, class=java.util.Hashtable$Entry@500000c5)
	key		500009e8
	value		500009e7
	next		500009e6
OBJ 5000092e (sz=32, trace=300000, class=java.util.Hashtable$Entry@500000c5)
	key		500009da
	value		500009d9
	next		500009d8
OBJ 5000092f (sz=32, trace=300000, class=java.util.Hashtable$Entry@500000c5)
	key		500009d5
	value		500009d4
OBJ 50000930 (sz=32, trace=300000, class=java.util.Hashtable$Entry@500000c5)
	key		500009cd
	value		500009cc
	next		500009cb
OBJ 50000931 (sz=32, trace=300000, class=java.util.Hashtable$Entry@500000c5)
	key		500009c4
	value		500009c3
	next		500009c2
OBJ 50000932 (sz=32, trace=300000, class=java.util.Hashtable$Entry@500000c5)
	key		500009bf
	value		500009be
OBJ 50000933 (sz=32, trace=300000, class=java.util.Hashtable$Entry@500000c5)
	key		500009bb
	value		500009ba
OBJ 50000934 (sz=32, trace=300000, class=java.util.Hashtable$Entry@500000c5)
	key		500009b7
	value		500009b6
OBJ 50000935 (sz=32, trace=300000, class=java.util.Hashtable$Entry@500000c5)
	key		500009b3
	value		500009b2
OBJ 50000936 (sz=32, trace=300000, class=java.util.Hashtable$Entry@500000c5)
	key		500009af
	value		500009ae
OBJ 50000937 (sz=32, trace=300000, class=java.util.Hashtable$Entry@500000c5)
	key		500009a7
	value		500009a6
	next		500009a5
OBJ 50000938 (sz=32, trace=300000, class=java.util.Hashtable$Entry@500000c5)
	key		500009a2
	value		500009a1
OBJ 50000939 (sz=32, trace=300000, class=java.util.Hashtable$Entry@500000c5)
	key		5000099e
	value		5000078d
OBJ 5000093a (sz=32, trace=300000, class=java.util.Hashtable$Entry@500000c5)
	key		5000099b
	value		5000099a
OBJ 5000093b (sz=32, trace=300000, class=java.util.Hashtable$Entry@500000c5)
	key		50000997
	value		50000996
OBJ 5000093c (sz=32, trace=300000, class=java.util.Hashtable$Entry@500000c5)
	key		5000098f
	value		5000098e
	next		5000098d
OBJ 5000093d (sz=32, trace=300000, class=java.util.Hashtable$Entry@500000c5)
	key		50000986
	value		50000985
	next		50000984
OBJ 5000093e (sz=32, trace=300000, class=java.util.Hashtable$Entry@500000c5)
	key		50000981
	value		50000980
OBJ 5000093f (sz=32, trace=300000, class=java.util.Hashtable$Entry@500000c5)
	key		50000979
	value		50000978
	next		50000977
OBJ 50000940 (sz=32, trace=300000, class=java.util.Hashtable$Entry@500000c5)
	key		5000096b
	value		5000096a
	next		50000969
OBJ 50000941 (sz=32, trace=300000, class=java.util.Hashtable$Entry@500000c5)
	key		50000962
	value		50000961
	next		50000960
OBJ 50000942 (sz=32, trace=300000, class=java.util.Hashtable$Entry@500000c5)
	key		5000095d
	value		5000095c
OBJ 50000943 (sz=32, trace=300000, class=java.util.Hashtable$Entry@500000c5)
	key		50000955
	value		50000954
	next		50000953
OBJ 50000944 (sz=32, trace=300000, class=java.util.Hashtable$Entry@500000c5)
	key		50000950
	value		5000094f
OBJ 50000945 (sz=32, trace=300000, class=java.util.Hashtable$Entry@500000c5)
	key		50000948
	value		50000947
	next		50000946
OBJ 50000946 (sz=32, trace=300000, class=java.util.Hashtable$Entry@500000c5)
	key		5000094c
	value		5000094b
OBJ 50000947 (sz=24, trace=300000, class=java.lang.String@50000173)
	value		5000094a
OBJ 50000948 (sz=24, trace=300000, class=java.lang.String@50000173)
	value		50000949
ARR 50000949 (sz=42, trace=300000, nelems=21, elem type=char[])
ARR 5000094a (sz=144, trace=300000, nelems=72, elem type=char[])
OBJ 5000094b (sz=24, trace=300000, class=java.lang.String@50000173)
	value		5000094e
OBJ 5000094c (sz=24, trace=300000, class=java.lang.String@50000173)
	value		5000094d
ARR 5000094d (sz=30, trace=300000, nelems=15, elem type=char[])
ARR 5000094e (sz=20, trace=300000, nelems=10, elem type=char[])
OBJ 5000094f (sz=24, trace=300000, class=java.lang.String@50000173)
	value		50000952
OBJ 50000950 (sz=24, trace=300000, class=java.lang.String@50000173)
	value		50000951
ARR 50000951 (sz=28, trace=300000, nelems=14, elem type=char[])
ARR 50000952 (sz=10, trace=300000, nelems=5, elem type=char[])
OBJ 50000953 (sz=32, trace=300000, class=java.util.Hashtable$Entry@500000c5)
	key		50000959
	value		50000958
OBJ 50000954 (sz=24, trace=300000, class=java.lang.String@50000173)
	value		50000957
OBJ 50000955 (sz=24, trace=300000, class=java.lang.String@50000173)
	value		50000956
ARR 50000956 (sz=28, trace=300000, nelems=14, elem type=char[])
ARR 50000957 (sz=36, trace=300000, nelems=18, elem type=char[])
OBJ 50000958 (sz=24, trace=300000, class=java.lang.String@50000173)
	value		5000095b
OBJ 50000959 (sz=24, trace=300000, class=java.lang.String@50000173)
	value		5000095a
ARR 5000095a (sz=30, trace=300000, nelems=15, elem type=char[])
ARR 5000095b (sz=46, trace=300000, nelems=23, elem type=char[])
OBJ 5000095c (sz=24, trace=300000, class=java.lang.String@50000173)
	value		5000095f
OBJ 5000095d (sz=24, trace=300000, class=java.lang.String@50000173)
	value		5000095e
ARR 5000095e (sz=28, trace=300000, nelems=14, elem type=char[])
ARR 5000095f (sz=2, trace=300000, nelems=1, elem type=char[])
OBJ 50000960 (sz=32, trace=300000, class=java.util.Hashtable$Entry@500000c5)
	key		50000966
	value		50000965
OBJ 50000961 (sz=24, trace=300000, class=java.lang.String@50000173)
	value		50000964
OBJ 50000962 (sz=24, trace=300000, class=java.lang.String@50000173)
	value		50000963
ARR 50000963 (sz=24, trace=300000, nelems=12, elem type=char[])
ARR 50000964 (sz=66, trace=300000, nelems=33, elem type=char[])
OBJ 50000965 (sz=24, trace=300000, class=java.lang.String@50000173)
	value		50000968
OBJ 50000966 (sz=24, trace=300000, class=java.lang.String@50000173)
	value		50000967
ARR 50000967 (sz=34, trace=300000, nelems=17, elem type=char[])
ARR 50000968 (sz=12, trace=300000, nelems=6, elem type=char[])
OBJ 50000969 (sz=32, trace=300000, class=java.util.Hashtable$Entry@500000c5)
	key		50000970
	value		5000096f
	next		5000096e
OBJ 5000096a (sz=24, trace=300000, class=java.lang.String@50000173)
	value		5000096d
OBJ 5000096b (sz=24, trace=300000, class=java.lang.String@50000173)
	value		5000096c
ARR 5000096c (sz=24, trace=300000, nelems=12, elem type=char[])
ARR 5000096d (sz=4, trace=300000, nelems=2, elem type=char[])
OBJ 5000096e (sz=32, trace=300000, class=java.util.Hashtable$Entry@500000c5)
	key		50000974
	value		50000973
OBJ 5000096f (sz=24, trace=300000, class=java.lang.String@50000173)
	value		50000972
OBJ 50000970 (sz=24, trace=300000, class=java.lang.String@50000173)
	value		50000971
ARR 50000971 (sz=34, trace=300000, nelems=17, elem type=char[])
ARR 50000972 (sz=24, trace=300000, nelems=12, elem type=char[])
OBJ 50000973 (sz=24, trace=300000, class=java.lang.String@50000173)
	value		50000976
OBJ 50000974 (sz=24, trace=300000, class=java.lang.String@50000173)
	value		50000975
ARR 50000975 (sz=36, trace=300000, nelems=18, elem type=char[])
ARR 50000976 (sz=14, trace=300000, nelems=7, elem type=char[])
OBJ 50000977 (sz=32, trace=300000, class=java.util.Hashtable$Entry@500000c5)
	key		5000097d
	value		5000097c
OBJ 50000978 (sz=24, trace=300000, class=java.lang.String@50000173)
	value		5000097b
OBJ 50000979 (sz=24, trace=300000, class=java.lang.String@50000173)
	value		5000097a
ARR 5000097a (sz=52, trace=300000, nelems=26, elem type=char[])
ARR 5000097b (sz=68, trace=300000, nelems=34, elem type=char[])
OBJ 5000097c (sz=24, trace=300000, class=java.lang.String@50000173)
	value		5000097f
OBJ 5000097d (sz=24, trace=300000, class=java.lang.String@50000173)
	value		5000097e
ARR 5000097e (sz=16, trace=300000, nelems=8, elem type=char[])
ARR 5000097f (sz=192, trace=300000, nelems=96, elem type=char[])
OBJ 50000980 (sz=24, trace=300000, class=java.lang.String@50000173)
	value		50000983
OBJ 50000981 (sz=24, trace=300000, class=java.lang.String@50000173)
	value		50000982
ARR 50000982 (sz=40, trace=300000, nelems=20, elem type=char[])
ARR 50000983 (sz=56, trace=300000, nelems=28, elem type=char[])
OBJ 50000984 (sz=32, trace=300000, class=java.util.Hashtable$Entry@500000c5)
	key		5000098a
	value		50000989
OBJ 50000985 (sz=24, trace=300000, class=java.lang.String@50000173)
	value		50000988
OBJ 50000986 (sz=24, trace=300000, class=java.lang.String@50000173)
	value		50000987
ARR 50000987 (sz=36, trace=300000, nelems=18, elem type=char[])
ARR 50000988 (sz=162, trace=300000, nelems=81, elem type=char[])
OBJ 50000989 (sz=24, trace=300000, class=java.lang.String@50000173)
	value		5000098c
OBJ 5000098a (sz=24, trace=300000, class=java.lang.String@50000173)
	value		5000098b
ARR 5000098b (sz=14, trace=300000, nelems=7, elem type=char[])
ARR 5000098c (sz=12, trace=300000, nelems=6, elem type=char[])
OBJ 5000098d (sz=32, trace=300000, class=java.util.Hashtable$Entry@500000c5)
	key		50000993
	value		50000992
OBJ 5000098e (sz=24, trace=300000, class=java.lang.String@50000173)
	value		50000991
OBJ 5000098f (sz=24, trace=300000, class=java.lang.String@50000173)
	value		50000990
ARR 50000990 (sz=28, trace=300000, nelems=14, elem type=char[])
ARR 50000991 (sz=98, trace=300000, nelems=49, elem type=char[])
OBJ 50000992 (sz=24, trace=300000, class=java.lang.String@50000173)
	value		50000995
OBJ 50000993 (sz=24, trace=300000, class=java.lang.String@50000173)
	value		50000994
ARR 50000994 (sz=28, trace=300000, nelems=14, elem type=char[])
ARR 50000995 (sz=2, trace=300000, nelems=1, elem type=char[])
OBJ 50000996 (sz=24, trace=300000, class=java.lang.String@50000173)
	value		50000999
OBJ 50000997 (sz=24, trace=300000, class=java.lang.String@50000173)
	value		50000998
ARR 50000998 (sz=56, trace=300000, nelems=28, elem type=char[])
ARR 50000999 (sz=36, trace=300000, nelems=18, elem type=char[])
OBJ 5000099a (sz=24, trace=300000, class=java.lang.String@50000173)
	value		5000099d
OBJ 5000099b (sz=24, trace=300000, class=java.lang.String@50000173)
	value		5000099c
ARR 5000099c (sz=14, trace=300000, nelems=7, elem type=char[])
ARR 5000099d (sz=16, trace=300000, nelems=8, elem type=char[])
OBJ 5000099e (sz=24, trace=300000, class=java.lang.String@50000173)
	value		5000099f
ARR 5000099f (sz=32, trace=300000, nelems=16, elem type=char[])
ARR 500009a0 (sz=10, trace=300000, nelems=5, elem type=char[])
OBJ 500009a1 (sz=24, trace=300000, class=java.lang.String@50000173)
	value		500009a4
OBJ 500009a2 (sz=24, trace=300000, class=java.lang.String@50000173)
	value		500009a3
ARR 500009a3 (sz=34, trace=300000, nelems=17, elem type=char[])
ARR 500009a4 (sz=282, trace=300000, nelems=141, elem type=char[])
OBJ 500009a5 (sz=32, trace=300000, class=java.util.Hashtable$Entry@500000c5)
	key		500009ab
	value		500009aa
OBJ 500009a6 (sz=24, trace=300000, class=java.lang.String@50000173)
	value		500009a9
OBJ 500009a7 (sz=24, trace=300000, class=java.lang.String@50000173)
	value		500009a8
ARR 500009a8 (sz=46, trace=300000, nelems=23, elem type=char[])
ARR 500009a9 (sz=62, trace=300000, nelems=31, elem type=char[])
OBJ 500009aa (sz=24, trace=300000, class=java.lang.String@50000173)
	value		500009ad
OBJ 500009ab (sz=24, trace=300000, class=java.lang.String@50000173)
	value		500009ac
ARR 500009ac (sz=36, trace=300000, nelems=18, elem type=char[])
ARR 500009ad (sz=8, trace=300000, nelems=4, elem type=char[])
OBJ 500009ae (sz=24, trace=300000, class=java.lang.String@50000173)
	value		500009b1
OBJ 500009af (sz=24, trace=300000, class=java.lang.String@50000173)
	value		500009b0
ARR 500009b0 (sz=20, trace=300000, nelems=10, elem type=char[])
ARR 500009b1 (sz=10, trace=300000, nelems=5, elem type=char[])
OBJ 500009b2 (sz=24, trace=300000, class=java.lang.String@50000173)
	value		500009b5
OBJ 500009b3 (sz=24, trace=300000, class=java.lang.String@50000173)
	value		500009b4
ARR 500009b4 (sz=36, trace=300000, nelems=18, elem type=char[])
ARR 500009b5 (sz=74, trace=300000, nelems=37, elem type=char[])
OBJ 500009b6 (sz=24, trace=300000, class=java.lang.String@50000173)
	value		500009b9
OBJ 500009b7 (sz=24, trace=300000, class=java.lang.String@50000173)
	value		500009b8
ARR 500009b8 (sz=18, trace=300000, nelems=9, elem type=char[])
ARR 500009b9 (sz=22, trace=300000, nelems=11, elem type=char[])
OBJ 500009ba (sz=24, trace=300000, class=java.lang.String@50000173)
	value		500009bd
OBJ 500009bb (sz=24, trace=300000, class=java.lang.String@50000173)
	value		500009bc
ARR 500009bc (sz=26, trace=300000, nelems=13, elem type=char[])
ARR 500009bd (sz=0, trace=300000, nelems=0, elem type=char[])
OBJ 500009be (sz=24, trace=300000, class=java.lang.String@50000173)
	value		500009c1
OBJ 500009bf (sz=24, trace=300000, class=java.lang.String@50000173)
	value		500009c0
ARR 500009c0 (sz=38, trace=300000, nelems=19, elem type=char[])
ARR 500009c1 (sz=56, trace=300000, nelems=28, elem type=char[])
OBJ 500009c2 (sz=32, trace=300000, class=java.util.Hashtable$Entry@500000c5)
	key		500009c8
	value		500009c7
OBJ 500009c3 (sz=24, trace=300000, class=java.lang.String@50000173)
	value		500009c6
OBJ 500009c4 (sz=24, trace=300000, class=java.lang.String@50000173)
	value		500009c5
ARR 500009c5 (sz=26, trace=300000, nelems=13, elem type=char[])
ARR 500009c6 (sz=10, trace=300000, nelems=5, elem type=char[])
OBJ 500009c7 (sz=24, trace=300000, class=java.lang.String@50000173)
	value		500009ca
OBJ 500009c8 (sz=24, trace=300000, class=java.lang.String@50000173)
	value		500009c9
ARR 500009c9 (sz=52, trace=300000, nelems=26, elem type=char[])
ARR 500009ca (sz=6, trace=300000, nelems=3, elem type=char[])
OBJ 500009cb (sz=32, trace=300000, class=java.util.Hashtable$Entry@500000c5)
	key		500009d1
	value		500009d0
OBJ 500009cc (sz=24, trace=300000, class=java.lang.String@50000173)
	value		500009cf
OBJ 500009cd (sz=24, trace=300000, class=java.lang.String@50000173)
	value		500009ce
ARR 500009ce (sz=18, trace=300000, nelems=9, elem type=char[])
ARR 500009cf (sz=8, trace=300000, nelems=4, elem type=char[])
OBJ 500009d0 (sz=24, trace=300000, class=java.lang.String@50000173)
	value		500009d3
OBJ 500009d1 (sz=24, trace=300000, class=java.lang.String@50000173)
	value		500009d2
ARR 500009d2 (sz=30, trace=300000, nelems=15, elem type=char[])
ARR 500009d3 (sz=48, trace=300000, nelems=24, elem type=char[])
OBJ 500009d4 (sz=24, trace=300000, class=java.lang.String@50000173)
	value		500009d7
OBJ 500009d5 (sz=24, trace=300000, class=java.lang.String@50000173)
	value		500009d6
ARR 500009d6 (sz=58, trace=300000, nelems=29, elem type=char[])
ARR 500009d7 (sz=6, trace=300000, nelems=3, elem type=char[])
OBJ 500009d8 (sz=32, trace=300000, class=java.util.Hashtable$Entry@500000c5)
	key		500009df
	value		500009de
	next		500009dd
OBJ 500009d9 (sz=24, trace=300000, class=java.lang.String@50000173)
	value		500009dc
OBJ 500009da (sz=24, trace=300000, class=java.lang.String@50000173)
	value		500009db
ARR 500009db (sz=38, trace=300000, nelems=19, elem type=char[])
ARR 500009dc (sz=4, trace=300000, nelems=2, elem type=char[])
OBJ 500009dd (sz=32, trace=300000, class=java.util.Hashtable$Entry@500000c5)
	key		500009e3
	value		500009e2
OBJ 500009de (sz=24, trace=300000, class=java.lang.String@50000173)
	value		500009e1
OBJ 500009df (sz=24, trace=300000, class=java.lang.String@50000173)
	value		500009e0
ARR 500009e0 (sz=18, trace=300000, nelems=9, elem type=char[])
ARR 500009e1 (sz=136, trace=300000, nelems=68, elem type=char[])
OBJ 500009e2 (sz=24, trace=300000, class=java.lang.String@50000173)
	value		500009e5
OBJ 500009e3 (sz=24, trace=300000, class=java.lang.String@50000173)
	value		500009e4
ARR 500009e4 (sz=32, trace=300000, nelems=16, elem type=char[])
ARR 500009e5 (sz=28, trace=300000, nelems=14, elem type=char[])
OBJ 500009e6 (sz=32, trace=300000, class=java.util.Hashtable$Entry@500000c5)
	key		500009ec
	value		500009eb
OBJ 500009e7 (sz=24, trace=300000, class=java.lang.String@50000173)
	value		500009ea
OBJ 500009e8 (sz=24, trace=300000, class=java.lang.String@50000173)
	value		500009e9
ARR 500009e9 (sz=50, trace=300000, nelems=25, elem type=char[])
ARR 500009ea (sz=36, trace=300000, nelems=18, elem type=char[])
OBJ 500009eb (sz=24, trace=300000, class=java.lang.String@50000173)
	value		500009ee
OBJ 500009ec (sz=24, trace=300000, class=java.lang.String@50000173)
	value		500009ed
ARR 500009ed (sz=26, trace=300000, nelems=13, elem type=char[])
ARR 500009ee (sz=4, trace=300000, nelems=2, elem type=char[])
OBJ 500009ef (sz=24, trace=300000, class=java.lang.String@50000173)
	value		500009f2
OBJ 500009f0 (sz=24, trace=300000, class=java.lang.String@50000173)
	value		500009f1
ARR 500009f1 (sz=22, trace=300000, nelems=11, elem type=char[])
ARR 500009f2 (sz=54, trace=300000, nelems=27, elem type=char[])
OBJ 500009f3 (sz=32, trace=300000, class=java.util.Hashtable$Entry@500000c5)
	key		500009f9
	value		500009f8
OBJ 500009f4 (sz=24, trace=300000, class=java.lang.String@50000173)
	value		500009f7
OBJ 500009f5 (sz=24, trace=300000, class=java.lang.String@50000173)
	value		500009f6
ARR 500009f6 (sz=24, trace=300000, nelems=12, elem type=char[])
ARR 500009f7 (sz=50, trace=300000, nelems=25, elem type=char[])
OBJ 500009f8 (sz=24, trace=300000, class=java.lang.String@50000173)
	value		500009fb
OBJ 500009f9 (sz=24, trace=300000, class=java.lang.String@50000173)
	value		500009fa
ARR 500009fa (sz=54, trace=300000, nelems=27, elem type=char[])
ARR 500009fb (sz=4, trace=300000, nelems=2, elem type=char[])
OBJ 500009fc (sz=24, trace=300000, class=java.lang.String@50000173)
	value		500009ff
OBJ 500009fd (sz=24, trace=300000, class=java.lang.String@50000173)
	value		500009fe
ARR 500009fe (sz=24, trace=300000, nelems=12, elem type=char[])
ARR 500009ff (sz=18, trace=300000, nelems=9, elem type=char[])
OBJ 50000a00 (sz=24, trace=300000, class=java.lang.String@50000173)
	value		50000a03
OBJ 50000a01 (sz=24, trace=300000, class=java.lang.String@50000173)
	value		50000a02
ARR 50000a02 (sz=26, trace=300000, nelems=13, elem type=char[])
ARR 50000a03 (sz=432, trace=300000, nelems=216, elem type=char[])
OBJ 50000a04 (sz=24, trace=300000, class=java.lang.String@50000173)
	value		50000a07
OBJ 50000a05 (sz=24, trace=300000, class=java.lang.String@50000173)
	value		50000a06
ARR 50000a06 (sz=38, trace=300000, nelems=19, elem type=char[])
ARR 50000a07 (sz=1322, trace=300000, nelems=661, elem type=char[])
OBJ 50000a08 (sz=24, trace=300000, class=java.lang.String@50000173)
	value		50000a0b
OBJ 50000a09 (sz=24, trace=300000, class=java.lang.String@50000173)
	value		50000a0a
ARR 50000a0a (sz=22, trace=300000, nelems=11, elem type=char[])
ARR 50000a0b (sz=36, trace=300000, nelems=18, elem type=char[])
OBJ 50000a0c (sz=24, trace=300000, class=java.lang.String@50000173)
	value		50000a0f
OBJ 50000a0d (sz=24, trace=300000, class=java.lang.String@50000173)
	value		50000a0e
ARR 50000a0e (sz=28, trace=300000, nelems=14, elem type=char[])
ARR 50000a0f (sz=2, trace=300000, nelems=1, elem type=char[])
OBJ 50000a10 (sz=24, trace=300000, class=java.lang.String@50000173)
	value		50000a13
OBJ 50000a11 (sz=24, trace=300000, class=java.lang.String@50000173)
	value		50000a12
ARR 50000a12 (sz=38, trace=300000, nelems=19, elem type=char[])
ARR 50000a13 (sz=70, trace=300000, nelems=35, elem type=char[])
OBJ 50000a14 (sz=24, trace=300000, class=java.lang.String@50000173)
	value		50000a17
OBJ 50000a15 (sz=24, trace=300000, class=java.lang.String@50000173)
	value		50000a16
ARR 50000a16 (sz=62, trace=300000, nelems=31, elem type=char[])
ARR 50000a17 (sz=10, trace=300000, nelems=5, elem type=char[])
OBJ 50000a18 (sz=32, trace=300000, class=java.util.Hashtable$Entry@500000c5)
	key		50000a1e
	value		50000a1d
OBJ 50000a19 (sz=24, trace=300000, class=java.lang.String@50000173)
	value		50000a1c
OBJ 50000a1a (sz=24, trace=300000, class=java.lang.String@50000173)
	value		50000a1b
ARR 50000a1b (sz=28, trace=300000, nelems=14, elem type=char[])
ARR 50000a1c (sz=12, trace=300000, nelems=6, elem type=char[])
OBJ 50000a1d (sz=24, trace=300000, class=java.lang.String@50000173)
	value		50000a20
OBJ 50000a1e (sz=24, trace=300000, class=java.lang.String@50000173)
	value		50000a1f
ARR 50000a1f (sz=46, trace=300000, nelems=23, elem type=char[])
ARR 50000a20 (sz=20, trace=300000, nelems=10, elem type=char[])
OBJ 50000a21 (sz=24, trace=300000, class=java.lang.String@50000173)
	value		50000a24
OBJ 50000a22 (sz=24, trace=300000, class=java.lang.String@50000173)
	value		50000a23
ARR 50000a23 (sz=36, trace=300000, nelems=18, elem type=char[])
ARR 50000a24 (sz=74, trace=300000, nelems=37, elem type=char[])
OBJ 50000a25 (sz=24, trace=300000, class=java.lang.String@50000173)
	value		50000a28
OBJ 50000a26 (sz=24, trace=300000, class=java.lang.String@50000173)
	value		50000a27
ARR 50000a27 (sz=34, trace=300000, nelems=17, elem type=char[])
ARR 50000a28 (sz=74, trace=300000, nelems=37, elem type=char[])
OBJ 50000a29 (sz=24, trace=300000, class=java.lang.String@50000173)
	value		50000a2c
OBJ 50000a2a (sz=24, trace=300000, class=java.lang.String@50000173)
	value		50000a2b
ARR 50000a2b (sz=30, trace=300000, nelems=15, elem type=char[])
ARR 50000a2c (sz=0, trace=300000, nelems=0, elem type=char[])
ARR 50000a2d (sz=32, trace=300000, nelems=16, elem type=char[])
OBJ 50000a2e (sz=24, trace=300000, class=java.util.Collections$EmptyMap@500000db)
OBJ 50000a2f (sz=16, trace=300000, class=java.util.Collections$EmptyList@500000dd)
OBJ 50000a30 (sz=16, trace=300000, class=java.util.Collections$EmptySet@500000de)
OBJ 50000a31 (sz=24, trace=300000, class=java.lang.String@50000173)
	value		5000132b
OBJ 50000a32 (sz=16, trace=300000, class=java.lang.Boolean@50000116)
OBJ 50000a33 (sz=16, trace=300000, class=java.lang.Boolean@50000116)
OBJ 50000a34 (sz=24, trace=300000, class=java.lang.String@50000173)
	value		5000123a
OBJ 50000a35 (sz=24, trace=300000, class=java.lang.String@50000173)
	value		5000132a
OBJ 50000a36 (sz=24, trace=300000, class=java.lang.String@50000173)
	value		50001329
OBJ 50000a37 (sz=24, trace=300000, class=java.lang.String@50000173)
	value		50001328
OBJ 50000a38 (sz=48, trace=300000, class=java.util.Properties@50000149)
	table		500012ce
	entrySet	500012cd
OBJ 50000a39 (sz=32, trace=300000, class=java.io.PrintStream@5000007a)
	out		500012c5
	textOut		500012c4
	charOut		500012c3
OBJ 50000a3a (sz=32, trace=300000, class=java.io.PrintStream@5000007a)
	out		500012bb
	textOut		500012ba
	charOut		500012b9
OBJ 50000a3b (sz=40, trace=300000, class=java.io.BufferedInputStream@50000081)
	in		50000a3d
	buf		50000a3c
ARR 50000a3c (sz=8192, trace=300000, nelems=8192, elem type=byte[])
OBJ 50000a3d (sz=32, trace=300000, class=java.io.FileInputStream@50000089)
	fd		50000a3f
	closeLock	50000a3e
OBJ 50000a3e (sz=16, trace=300000, class=java.lang.Object@50000177)
OBJ 50000a3f (sz=32, trace=300000, class=java.io.FileDescriptor@50000088)
	parent		50000a3d
OBJ 50000a40 (sz=32, trace=300000, class=java.io.FileDescriptor@50000088)
	parent		500012b2
OBJ 50000a41 (sz=32, trace=300000, class=java.io.FileDescriptor@50000088)
	parent		50000a42
OBJ 50000a42 (sz=32, trace=300000, class=java.io.FileOutputStream@50000083)
	fd		50000a41
	closeLock	50000a43
OBJ 50000a43 (sz=16, trace=300000, class=java.lang.Object@50000177)
OBJ 50000a44 (sz=24, trace=300000, class=java.lang.String@50000173)
	value		500012b1
OBJ 50000a45 (sz=24, trace=300000, class=java.lang.String@50000173)
	value		500012b0
OBJ 50000a46 (sz=24, trace=300000, class=java.lang.String@50000173)
	value		500012a8
OBJ 50000a47 (sz=24, trace=300000, class=java.lang.String@50000173)
	value		500012a7
OBJ 50000a48 (sz=32, trace=300000, class=java.io.UnixFileSystem@50000067)
	javaHome	500009de
	cache		50000a4a
	javaHomePrefixCache	50000a49
OBJ 50000a49 (sz=40, trace=300000, class=java.io.ExpiringCache@50000066)
	map		50000ad6
OBJ 50000a4a (sz=40, trace=300000, class=java.io.ExpiringCache@50000066)
	map		50000a4b
OBJ 50000a4b (sz=64, trace=300000, class=java.io.ExpiringCache$1@50000064)
	table		500005b0
	head		50000a4c
	tail		500005af
	this$0		50000a4a
OBJ 50000a4c (sz=40, trace=300000, class=java.util.LinkedHashMap$Entry@5000005a)
	key		50000ad2
	value		50000ad1
	next		50000513
	after		50000a51
OBJ 50000a4d (sz=40, trace=300000, class=java.util.LinkedHashMap$Entry@5000005a)
	key		50000a79
	value		50000a78
	before		50000a4f
	after		50000202
OBJ 50000a4e (sz=40, trace=300000, class=java.util.LinkedHashMap$Entry@5000005a)
	key		50000ab3
	value		50000ab2
	next		50000a83
	before		50000a56
	after		50000a53
OBJ 50000a4f (sz=40, trace=300000, class=java.util.LinkedHashMap$Entry@5000005a)
	key		50000a74
	value		50000a73
	before		50000a5c
	after		50000a4d
OBJ 50000a50 (sz=40, trace=300000, class=java.util.LinkedHashMap$Entry@5000005a)
	key		50000a65
	value		50000a64
	next		50000a5e
	before		50000a5b
	after		50000a5d
OBJ 50000a51 (sz=40, trace=300000, class=java.util.LinkedHashMap$Entry@5000005a)
	key		50000acd
	value		50000acc
	before		50000a4c
	after		50000a5a
OBJ 50000a52 (sz=40, trace=300000, class=java.util.LinkedHashMap$Entry@5000005a)
	key		50000a95
	value		50000a94
	before		50000a93
	after		50000a59
OBJ 50000a53 (sz=40, trace=300000, class=java.util.LinkedHashMap$Entry@5000005a)
	key		50000aae
	value		50000aad
	before		50000a4e
	after		50000a54
OBJ 50000a54 (sz=40, trace=300000, class=java.util.LinkedHashMap$Entry@5000005a)
	key		50000aa9
	value		50000aa8
	before		50000a53
	after		50000a55
OBJ 50000a55 (sz=40, trace=300000, class=java.util.LinkedHashMap$Entry@5000005a)
	key		50000aa4
	value		50000aa3
	before		50000a54
	after		50000a57
OBJ 50000a56 (sz=40, trace=300000, class=java.util.LinkedHashMap$Entry@5000005a)
	key		50000ab8
	value		50000ab7
	before		50000a58
	after		50000a4e
OBJ 50000a57 (sz=40, trace=300000, class=java.util.LinkedHashMap$Entry@5000005a)
	key		50000a9f
	value		50000a9e
	next		50000a93
	before		50000a55
	after		50000a93
OBJ 50000a58 (sz=40, trace=300000, class=java.util.LinkedHashMap$Entry@5000005a)
	key		50000abe
	value		50000abd
	before		50000abc
	after		50000a56
OBJ 50000a59 (sz=40, trace=300000, class=java.util.LinkedHashMap$Entry@5000005a)
	key		50000a8f
	value		50000a8e
	before		50000a52
	after		50000a83
OBJ 50000a5a (sz=40, trace=300000, class=java.util.LinkedHashMap$Entry@5000005a)
	key		50000ac8
	value		50000ac7
	next		50000abc
	before		50000a51
	after		50000abc
OBJ 50000a5b (sz=40, trace=300000, class=java.util.LinkedHashMap$Entry@5000005a)
	key		50000a85
	value		50000a84
	next		500005af
	before		50000a83
	after		50000a50
OBJ 50000a5c (sz=40, trace=300000, class=java.util.LinkedHashMap$Entry@5000005a)
	key		50000a6f
	value		50000a6e
	before		50000a5e
	after		50000a4f
OBJ 50000a5d (sz=40, trace=300000, class=java.util.LinkedHashMap$Entry@5000005a)
	key		50000a60
	value		50000a5f
	before		50000a50
	after		50000a5e
OBJ 50000a5e (sz=40, trace=300000, class=java.util.LinkedHashMap$Entry@5000005a)
	key		50000a6a
	value		50000a69
	before		50000a5d
	after		50000a5c
OBJ 50000a5f (sz=24, trace=300000, class=java.io.ExpiringCache$Entry@5000005b)
	val		50000a62
OBJ 50000a60 (sz=24, trace=300000, class=java.lang.String@50000173)
	value		50000a61
ARR 50000a61 (sz=84, trace=300000, nelems=42, elem type=char[])
OBJ 50000a62 (sz=24, trace=300000, class=java.lang.String@50000173)
	value		50000a63
ARR 50000a63 (sz=84, trace=300000, nelems=42, elem type=char[])
OBJ 50000a64 (sz=24, trace=300000, class=java.io.ExpiringCache$Entry@5000005b)
	val		50000a67
OBJ 50000a65 (sz=24, trace=300000, class=java.lang.String@50000173)
	value		50000a66
ARR 50000a66 (sz=88, trace=300000, nelems=44, elem type=char[])
OBJ 50000a67 (sz=24, trace=300000, class=java.lang.String@50000173)
	value		50000a68
ARR 50000a68 (sz=86, trace=300000, nelems=43, elem type=char[])
OBJ 50000a69 (sz=24, trace=300000, class=java.io.ExpiringCache$Entry@5000005b)
	val		50000a6c
OBJ 50000a6a (sz=24, trace=300000, class=java.lang.String@50000173)
	value		50000a6b
ARR 50000a6b (sz=86, trace=300000, nelems=43, elem type=char[])
OBJ 50000a6c (sz=24, trace=300000, class=java.lang.String@50000173)
	value		50000a6d
ARR 50000a6d (sz=86, trace=300000, nelems=43, elem type=char[])
OBJ 50000a6e (sz=24, trace=300000, class=java.io.ExpiringCache$Entry@5000005b)
	val		50000a71
OBJ 50000a6f (sz=24, trace=300000, class=java.lang.String@50000173)
	value		50000a70
ARR 50000a70 (sz=196, trace=300000, nelems=98, elem type=char[])
OBJ 50000a71 (sz=24, trace=300000, class=java.lang.String@50000173)
	value		50000a72
ARR 50000a72 (sz=192, trace=300000, nelems=96, elem type=char[])
OBJ 50000a73 (sz=24, trace=300000, class=java.io.ExpiringCache$Entry@5000005b)
	val		50000a76
OBJ 50000a74 (sz=24, trace=300000, class=java.lang.String@50000173)
	value		50000a75
ARR 50000a75 (sz=212, trace=300000, nelems=106, elem type=char[])
OBJ 50000a76 (sz=24, trace=300000, class=java.lang.String@50000173)
	value		50000a77
ARR 50000a77 (sz=212, trace=300000, nelems=106, elem type=char[])
OBJ 50000a78 (sz=24, trace=300000, class=java.io.ExpiringCache$Entry@5000005b)
	val		50000a7b
OBJ 50000a79 (sz=24, trace=300000, class=java.lang.String@50000173)
	value		50000a7a
ARR 50000a7a (sz=218, trace=300000, nelems=109, elem type=char[])
OBJ 50000a7b (sz=24, trace=300000, class=java.lang.String@50000173)
	value		50000a7c
ARR 50000a7c (sz=218, trace=300000, nelems=109, elem type=char[])
OBJ 50000a7d (sz=24, trace=300000, class=java.lang.String@50000173)
	value		50000a7e
ARR 50000a7e (sz=136, trace=300000, nelems=68, elem type=char[])
OBJ 50000a7f (sz=24, trace=300000, class=java.lang.String@50000173)
	value		50000a80
ARR 50000a80 (sz=192, trace=300000, nelems=96, elem type=char[])
OBJ 50000a81 (sz=24, trace=300000, class=java.lang.String@50000173)
	value		50000a82
ARR 50000a82 (sz=196, trace=300000, nelems=98, elem type=char[])
OBJ 50000a83 (sz=40, trace=300000, class=java.util.LinkedHashMap$Entry@5000005a)
	key		50000a8a
	value		50000a89
	before		50000a59
	after		50000a5b
OBJ 50000a84 (sz=24, trace=300000, class=java.io.ExpiringCache$Entry@5000005b)
	val		50000a87
OBJ 50000a85 (sz=24, trace=300000, class=java.lang.String@50000173)
	value		50000a86
ARR 50000a86 (sz=86, trace=300000, nelems=43, elem type=char[])
OBJ 50000a87 (sz=24, trace=300000, class=java.lang.String@50000173)
	value		50000a88
ARR 50000a88 (sz=84, trace=300000, nelems=42, elem type=char[])
OBJ 50000a89 (sz=24, trace=300000, class=java.io.ExpiringCache$Entry@5000005b)
	val		50000a8c
OBJ 50000a8a (sz=24, trace=300000, class=java.lang.String@50000173)
	value		50000a8b
ARR 50000a8b (sz=88, trace=300000, nelems=44, elem type=char[])
OBJ 50000a8c (sz=24, trace=300000, class=java.lang.String@50000173)
	value		50000a8d
ARR 50000a8d (sz=86, trace=300000, nelems=43, elem type=char[])
OBJ 50000a8e (sz=24, trace=300000, class=java.io.ExpiringCache$Entry@5000005b)
	val		50000a91
OBJ 50000a8f (sz=24, trace=300000, class=java.lang.String@50000173)
	value		50000a90
ARR 50000a90 (sz=86, trace=300000, nelems=43, elem type=char[])
OBJ 50000a91 (sz=24, trace=300000, class=java.lang.String@50000173)
	value		50000a92
ARR 50000a92 (sz=86, trace=300000, nelems=43, elem type=char[])
OBJ 50000a93 (sz=40, trace=300000, class=java.util.LinkedHashMap$Entry@5000005a)
	key		50000a9a
	value		50000a99
	before		50000a57
	after		50000a52
OBJ 50000a94 (sz=24, trace=300000, class=java.io.ExpiringCache$Entry@5000005b)
	val		50000a97
OBJ 50000a95 (sz=24, trace=300000, class=java.lang.String@50000173)
	value		50000a96
ARR 50000a96 (sz=82, trace=300000, nelems=41, elem type=char[])
OBJ 50000a97 (sz=24, trace=300000, class=java.lang.String@50000173)
	value		50000a98
ARR 50000a98 (sz=82, trace=300000, nelems=41, elem type=char[])
OBJ 50000a99 (sz=24, trace=300000, class=java.io.ExpiringCache$Entry@5000005b)
	val		50000a9c
OBJ 50000a9a (sz=24, trace=300000, class=java.lang.String@50000173)
	value		50000a9b
ARR 50000a9b (sz=172, trace=300000, nelems=86, elem type=char[])
OBJ 50000a9c (sz=24, trace=300000, class=java.lang.String@50000173)
	value		50000a9d
ARR 50000a9d (sz=172, trace=300000, nelems=86, elem type=char[])
OBJ 50000a9e (sz=24, trace=300000, class=java.io.ExpiringCache$Entry@5000005b)
	val		50000aa1
OBJ 50000a9f (sz=24, trace=300000, class=java.lang.String@50000173)
	value		50000aa0
ARR 50000aa0 (sz=176, trace=300000, nelems=88, elem type=char[])
OBJ 50000aa1 (sz=24, trace=300000, class=java.lang.String@50000173)
	value		50000aa2
ARR 50000aa2 (sz=176, trace=300000, nelems=88, elem type=char[])
OBJ 50000aa3 (sz=24, trace=300000, class=java.io.ExpiringCache$Entry@5000005b)
	val		50000aa6
OBJ 50000aa4 (sz=24, trace=300000, class=java.lang.String@50000173)
	value		50000aa5
ARR 50000aa5 (sz=180, trace=300000, nelems=90, elem type=char[])
OBJ 50000aa6 (sz=24, trace=300000, class=java.lang.String@50000173)
	value		50000aa7
ARR 50000aa7 (sz=180, trace=300000, nelems=90, elem type=char[])
OBJ 50000aa8 (sz=24, trace=300000, class=java.io.ExpiringCache$Entry@5000005b)
	val		50000aab
OBJ 50000aa9 (sz=24, trace=300000, class=java.lang.String@50000173)
	value		50000aaa
ARR 50000aaa (sz=192, trace=300000, nelems=96, elem type=char[])
OBJ 50000aab (sz=24, trace=300000, class=java.lang.String@50000173)
	value		50000aac
ARR 50000aac (sz=192, trace=300000, nelems=96, elem type=char[])
OBJ 50000aad (sz=24, trace=300000, class=java.io.ExpiringCache$Entry@5000005b)
	val		50000ab0
OBJ 50000aae (sz=24, trace=300000, class=java.lang.String@50000173)
	value		50000aaf
ARR 50000aaf (sz=182, trace=300000, nelems=91, elem type=char[])
OBJ 50000ab0 (sz=24, trace=300000, class=java.lang.String@50000173)
	value		50000ab1
ARR 50000ab1 (sz=182, trace=300000, nelems=91, elem type=char[])
OBJ 50000ab2 (sz=24, trace=300000, class=java.io.ExpiringCache$Entry@5000005b)
	val		50000ab5
OBJ 50000ab3 (sz=24, trace=300000, class=java.lang.String@50000173)
	value		50000ab4
ARR 50000ab4 (sz=172, trace=300000, nelems=86, elem type=char[])
OBJ 50000ab5 (sz=24, trace=300000, class=java.lang.String@50000173)
	value		50000ab6
ARR 50000ab6 (sz=172, trace=300000, nelems=86, elem type=char[])
OBJ 50000ab7 (sz=24, trace=300000, class=java.io.ExpiringCache$Entry@5000005b)
	val		50000aba
OBJ 50000ab8 (sz=24, trace=300000, class=java.lang.String@50000173)
	value		50000ab9
ARR 50000ab9 (sz=172, trace=300000, nelems=86, elem type=char[])
OBJ 50000aba (sz=24, trace=300000, class=java.lang.String@50000173)
	value		50000abb
ARR 50000abb (sz=172, trace=300000, nelems=86, elem type=char[])
OBJ 50000abc (sz=40, trace=300000, class=java.util.LinkedHashMap$Entry@5000005a)
	key		50000ac3
	value		50000ac2
	before		50000a5a
	after		50000a58
OBJ 50000abd (sz=24, trace=300000, class=java.io.ExpiringCache$Entry@5000005b)
	val		50000ac0
OBJ 50000abe (sz=24, trace=300000, class=java.lang.String@50000173)
	value		50000abf
ARR 50000abf (sz=178, trace=300000, nelems=89, elem type=char[])
OBJ 50000ac0 (sz=24, trace=300000, class=java.lang.String@50000173)
	value		50000ac1
ARR 50000ac1 (sz=178, trace=300000, nelems=89, elem type=char[])
OBJ 50000ac2 (sz=24, trace=300000, class=java.io.ExpiringCache$Entry@5000005b)
	val		50000ac5
OBJ 50000ac3 (sz=24, trace=300000, class=java.lang.String@50000173)
	value		50000ac4
ARR 50000ac4 (sz=176, trace=300000, nelems=88, elem type=char[])
OBJ 50000ac5 (sz=24, trace=300000, class=java.lang.String@50000173)
	value		50000ac6
ARR 50000ac6 (sz=176, trace=300000, nelems=88, elem type=char[])
OBJ 50000ac7 (sz=24, trace=300000, class=java.io.ExpiringCache$Entry@5000005b)
	val		50000aca
OBJ 50000ac8 (sz=24, trace=300000, class=java.lang.String@50000173)
	value		50000ac9
ARR 50000ac9 (sz=172, trace=300000, nelems=86, elem type=char[])
OBJ 50000aca (sz=24, trace=300000, class=java.lang.String@50000173)
	value		50000acb
ARR 50000acb (sz=172, trace=300000, nelems=86, elem type=char[])
OBJ 50000acc (sz=24, trace=300000, class=java.io.ExpiringCache$Entry@5000005b)
	val		50000acf
OBJ 50000acd (sz=24, trace=300000, class=java.lang.String@50000173)
	value		50000ace
ARR 50000ace (sz=152, trace=300000, nelems=76, elem type=char[])
OBJ 50000acf (sz=24, trace=300000, class=java.lang.String@50000173)
	value		50000ad0
ARR 50000ad0 (sz=152, trace=300000, nelems=76, elem type=char[])
OBJ 50000ad1 (sz=24, trace=300000, class=java.io.ExpiringCache$Entry@5000005b)
	val		50000ad4
OBJ 50000ad2 (sz=24, trace=300000, class=java.lang.String@50000173)
	value		50000ad3
ARR 50000ad3 (sz=170, trace=300000, nelems=85, elem type=char[])
OBJ 50000ad4 (sz=24, trace=300000, class=java.lang.String@50000173)
	value		50000ad5
ARR 50000ad5 (sz=170, trace=300000, nelems=85, elem type=char[])
OBJ 50000ad6 (sz=64, trace=300000, class=java.io.ExpiringCache$1@50000064)
	table		50000ad9
	head		50000ad8
	tail		50000ad7
	this$0		50000a49
OBJ 50000ad7 (sz=40, trace=300000, class=java.util.LinkedHashMap$Entry@5000005a)
	key		50000adb
	value		50000ada
	before		50000ad8
OBJ 50000ad8 (sz=40, trace=300000, class=java.util.LinkedHashMap$Entry@5000005a)
	key		50000ae0
	value		50000adf
	after		50000ad7
ARR 50000ad9 (sz=80, trace=300000, nelems=16, elem type=java.util.HashMap$Node[]@500000c7)
	[7]		50000ad8
	[15]		50000ad7
OBJ 50000ada (sz=24, trace=300000, class=java.io.ExpiringCache$Entry@5000005b)
	val		50000add
OBJ 50000adb (sz=24, trace=300000, class=java.lang.String@50000173)
	value		50000adc
ARR 50000adc (sz=152, trace=300000, nelems=76, elem type=char[])
OBJ 50000add (sz=24, trace=300000, class=java.lang.String@50000173)
	value		50000ade
ARR 50000ade (sz=152, trace=300000, nelems=76, elem type=char[])
OBJ 50000adf (sz=24, trace=300000, class=java.io.ExpiringCache$Entry@5000005b)
	val		50000ae2
OBJ 50000ae0 (sz=24, trace=300000, class=java.lang.String@50000173)
	value		50000ae1
ARR 50000ae1 (sz=144, trace=300000, nelems=72, elem type=char[])
OBJ 50000ae2 (sz=24, trace=300000, class=java.lang.String@50000173)
	value		50000ae3
ARR 50000ae3 (sz=144, trace=300000, nelems=72, elem type=char[])
OBJ 50000ae4 (sz=24, trace=300000, class=java.lang.String@50000173)
	value		500012a6
OBJ 50000ae5 (sz=24, trace=300000, class=java.lang.String@50000173)
	value		500012a5
OBJ 50000ae6 (sz=24, trace=300000, class=java.lang.String@50000173)
	value		500012a4
OBJ 50000ae7 (sz=24, trace=300000, class=java.lang.String@50000173)
	value		50000c8a
OBJ 50000ae8 (sz=24, trace=300000, class=java.lang.String@50000173)
	value		50000aed
OBJ 50000ae9 (sz=24, trace=300000, class=java.lang.String@50000173)
	value		50000aec
OBJ 50000aea (sz=24, trace=300000, class=java.lang.String@50000173)
	value		50000aeb
ARR 50000aeb (sz=52, trace=300000, nelems=26, elem type=char[])
ARR 50000aec (sz=42, trace=300000, nelems=21, elem type=char[])
ARR 50000aed (sz=16, trace=300000, nelems=8, elem type=char[])
OBJ 50000aee (sz=24, trace=300000, class=java.lang.String@50000173)
	value		50000af2
OBJ 50000aef (sz=24, trace=300000, class=java.lang.String@50000173)
	value		50000af1
OBJ 50000af0 (sz=24, trace=300000, class=java.lang.String@50000173)
	value		50000af3
ARR 50000af1 (sz=16, trace=300000, nelems=8, elem type=char[])
ARR 50000af2 (sz=6, trace=300000, nelems=3, elem type=char[])
ARR 50000af3 (sz=18, trace=300000, nelems=9, elem type=char[])
OBJ 50000af4 (sz=16, trace=300000, class=java.util.concurrent.atomic.AtomicInteger@500000b8)
ARR 50000af5 (sz=10, trace=300000, nelems=5, elem type=char[])
OBJ 50000af6 (sz=24, trace=300000, class=java.lang.String@50000173)
	value		500012a1
OBJ 50000af7 (sz=16, trace=300000, class=java.security.ProtectionDomain$JavaSecurityAccessImpl@5000000a)
OBJ 50000af8 (sz=16, trace=300000, class=java.security.ProtectionDomain$2@50000008)
OBJ 50000af9 (sz=16, trace=300000, class=java.io.FileDescriptor$1@50000086)
OBJ 50000afa (sz=16, trace=300000, class=java.nio.Bits$1@5000006b)
OBJ 50000afb (sz=16, trace=300000, class=java.net.URLClassLoader$7@50000041)
OBJ 50000afc (sz=16, trace=300000, class=java.lang.ref.Reference$1@500000d2)
OBJ 50000afd (sz=24, trace=300000, class=java.lang.String@50000173)
	value		50000c87
OBJ 50000afe (sz=24, trace=300000, class=java.lang.String@50000173)
	value		50000ca8
OBJ 50000aff (sz=24, trace=300000, class=java.lang.String@50000173)
	value		5000129e
OBJ 50000b00 (sz=24, trace=300000, class=java.lang.String@50000173)
	value		5000129b
OBJ 50000b01 (sz=24, trace=300000, class=java.lang.String@50000173)
	value		5000129a
ARR 50000b02 (sz=24, trace=300000, nelems=1, elem type=java.lang.String[]@500000cd)
	[0]		50000947
ARR 50000b03 (sz=40, trace=300000, nelems=6, elem type=java.lang.String[]@500000cd)
	[0]		5000125d
	[1]		5000125e
	[2]		5000125f
	[3]		50001260
	[4]		50001261
	[5]		50001262
OBJ 50000b04 (sz=32, trace=300000, class=java.util.Stack@500000e7)
	elementData	5000125c
OBJ 50000b05 (sz=32, trace=300000, class=java.util.Vector@500000e8)
	elementData	5000125a
OBJ 50000b06 (sz=32, trace=300000, class=java.util.Vector@500000e8)
	elementData	50001259
ARR 50000b07 (sz=16, trace=300000, nelems=0, elem type=java.security.cert.Certificate[]@500000ef)
OBJ 50000b08 (sz=48, trace=300000, class=sun.misc.URLClassPath@50000004)
	path		5000124d
	urls		5000124c
	loaders		5000124b
	lmap		5000124a
	jarHandler	50001249
	acc		50000b0a
OBJ 50000b09 (sz=48, trace=300000, class=java.util.WeakHashMap@500000ac)
	table		50001257
	queue		50001256
OBJ 50000b0a (sz=40, trace=300000, class=java.security.AccessControlContext@50000164)
OBJ 50000b0b (sz=48, trace=300000, class=java.util.HashMap@500000cb)
	table		500005f3
OBJ 50000b0c (sz=16, trace=300000, class=java.lang.Object@50000177)
OBJ 50000b0d (sz=32, trace=300000, class=java.util.Vector@500000e8)
	elementData	50001248
OBJ 50000b0e (sz=48, trace=300000, class=java.util.HashMap@500000cb)
OBJ 50000b0f (sz=40, trace=300000, class=java.security.ProtectionDomain@50000165)
	codesource	50001247
	classloader	5000078e
	principals	50001246
	key		50001245
OBJ 50000b10 (sz=32, trace=300000, class=java.util.Vector@500000e8)
	elementData	50001231
OBJ 50000b11 (sz=64, trace=300000, class=java.util.concurrent.ConcurrentHashMap@50000027)
	table		500005f5
OBJ 50000b12 (sz=64, trace=300000, class=java.util.concurrent.ConcurrentHashMap@50000027)
	table		50000238
OBJ 50000b13 (sz=48, trace=300000, class=java.util.WeakHashMap@500000ac)
	table		50001224
	queue		50001223
OBJ 50000b14 (sz=40, trace=300000, class=java.security.AccessControlContext@50000164)
OBJ 50000b15 (sz=48, trace=300000, class=sun.misc.URLClassPath@50000004)
	path		50000cd9
	urls		50000cd8
	loaders		50000cd7
	lmap		50000cd6
	jarHandler	50000cd5
	acc		50000b14
OBJ 50000b16 (sz=48, trace=300000, class=java.util.HashMap@500000cb)
OBJ 50000b17 (sz=16, trace=300000, class=java.lang.Object@50000177)
OBJ 50000b18 (sz=32, trace=300000, class=java.util.Vector@500000e8)
	elementData	50000cd4
OBJ 50000b19 (sz=48, trace=300000, class=java.util.HashMap@500000cb)
OBJ 50000b1a (sz=40, trace=300000, class=java.security.ProtectionDomain@50000165)
	codesource	50000c5a
	classloader	50000790
	principals	50000c59
	key		50000c58
OBJ 50000b1b (sz=32, trace=300000, class=java.util.Vector@500000e8)
	elementData	50000c57
OBJ 50000b1c (sz=64, trace=300000, class=java.util.concurrent.ConcurrentHashMap@50000027)
OBJ 50000b1d (sz=64, trace=300000, class=java.util.concurrent.ConcurrentHashMap@50000027)
	table		5000023b
OBJ 50000b1e (sz=24, trace=300000, class=java.lang.String@50000173)
	value		50000b1f
ARR 50000b1f (sz=34, trace=300000, nelems=17, elem type=char[])
OBJ 50000b20 (sz=24, trace=300000, class=java.lang.String@50000173)
	value		50000b21
ARR 50000b21 (sz=32, trace=300000, nelems=16, elem type=char[])
OBJ 50000b22 (sz=24, trace=300000, class=java.lang.String@50000173)
	value		50000b23
ARR 50000b23 (sz=32, trace=300000, nelems=16, elem type=char[])
OBJ 50000b24 (sz=24, trace=300000, class=java.lang.String@50000173)
	value		50000b25
ARR 50000b25 (sz=46, trace=300000, nelems=23, elem type=char[])
OBJ 50000b26 (sz=24, trace=300000, class=java.lang.String@50000173)
	value		50000b27
ARR 50000b27 (sz=28, trace=300000, nelems=14, elem type=char[])
OBJ 50000b28 (sz=24, trace=300000, class=java.lang.String@50000173)
	value		50000b29
ARR 50000b29 (sz=32, trace=300000, nelems=16, elem type=char[])
OBJ 50000b2a (sz=24, trace=300000, class=java.lang.String@50000173)
	value		50000b2b
ARR 50000b2b (sz=64, trace=300000, nelems=32, elem type=char[])
OBJ 50000b2c (sz=24, trace=300000, class=java.lang.String@50000173)
	value		50000b2d
ARR 50000b2d (sz=38, trace=300000, nelems=19, elem type=char[])
OBJ 50000b2e (sz=24, trace=300000, class=java.lang.String@50000173)
	value		50000b3e
OBJ 50000b2f (sz=24, trace=300000, class=java.lang.String@50000173)
	value		50000b3a
OBJ 50000b30 (sz=24, trace=300000, class=java.lang.String@50000173)
	value		50000b3c
OBJ 50000b31 (sz=24, trace=300000, class=java.lang.String@50000173)
	value		50000b44
OBJ 50000b32 (sz=24, trace=300000, class=java.lang.String@50000173)
	value		50000b43
OBJ 50000b33 (sz=24, trace=300000, class=java.lang.String@50000173)
	value		50000b42
OBJ 50000b34 (sz=24, trace=300000, class=java.lang.String@50000173)
	value		50000b41
ARR 50000b35 (sz=32, trace=300000, nelems=3, elem type=java.io.ObjectStreamField[]@500000ff)
	[0]		50000b36
	[1]		50000b37
	[2]		50000b38
OBJ 50000b36 (sz=40, trace=300000, class=java.io.ObjectStreamField@50000101)
	name		50000b2e
	signature	50000b3d
	type		50000021
OBJ 50000b37 (sz=40, trace=300000, class=java.io.ObjectStreamField@50000101)
	name		50000b30
	signature	50000b39
	type		5000085c
OBJ 50000b38 (sz=40, trace=300000, class=java.io.ObjectStreamField@50000101)
	name		50000b2f
	signature	50000b39
	type		5000085c
OBJ 50000b39 (sz=24, trace=300000, class=java.lang.String@50000173)
	value		50000b3b
ARR 50000b3a (sz=24, trace=300000, nelems=12, elem type=char[])
ARR 50000b3b (sz=2, trace=300000, nelems=1, elem type=char[])
ARR 50000b3c (sz=22, trace=300000, nelems=11, elem type=char[])
OBJ 50000b3d (sz=24, trace=300000, class=java.lang.String@50000173)
	value		50000b3f
ARR 50000b3e (sz=16, trace=300000, nelems=8, elem type=char[])
ARR 50000b3f (sz=98, trace=300000, nelems=49, elem type=char[])
OBJ 50000b40 (sz=16, trace=300000, class=java.lang.Runtime@5000008b)
ARR 50000b41 (sz=18, trace=300000, nelems=9, elem type=char[])
ARR 50000b42 (sz=18, trace=300000, nelems=9, elem type=char[])
ARR 50000b43 (sz=26, trace=300000, nelems=13, elem type=char[])
ARR 50000b44 (sz=14, trace=300000, nelems=7, elem type=char[])
OBJ 50000b45 (sz=24, trace=300000, class=java.lang.String@50000173)
	value		50000b4a
ARR 50000b46 (sz=40, trace=300000, nelems=10, elem type=int[])
ARR 50000b47 (sz=200, trace=300000, nelems=100, elem type=char[])
ARR 50000b48 (sz=200, trace=300000, nelems=100, elem type=char[])
ARR 50000b49 (sz=72, trace=300000, nelems=36, elem type=char[])
ARR 50000b4a (sz=6, trace=300000, nelems=3, elem type=char[])
ARR 50000b4b (sz=1040, trace=300000, nelems=256, elem type=java.lang.Integer[]@50000051)
	[0]		50000b4c
	[1]		50000b4d
	[2]		50000b4e
	[3]		50000b4f
	[4]		50000b50
	[5]		50000b51
	[6]		50000b52
	[7]		50000b53
	[8]		50000b54
	[9]		50000b55
	[10]		50000b56
	[11]		50000b57
	[12]		50000b58
	[13]		50000b59
	[14]		50000b5a
	[15]		50000b5b
	[16]		50000b5c
	[17]		50000b5d
	[18]		50000b5e
	[19]		50000b5f
	[20]		50000b60
	[21]		50000b61
	[22]		50000b62
	[23]		50000b63
	[24]		50000b64
	[25]		50000b65
	[26]		50000b66
	[27]		50000b67
	[28]		50000b68
	[29]		50000b69
	[30]		50000b6a
	[31]		50000b6b
	[32]		50000b6c
	[33]		50000b6d
	[34]		50000b6e
	[35]		50000b6f
	[36]		50000b70
	[37]		50000b71
	[38]		50000b72
	[39]		50000b73
	[40]		50000b74
	[41]		50000b75
	[42]		50000b76
	[43]		50000b77
	[44]		50000b78
	[45]		50000b79
	[46]		50000b7a
	[47]		50000b7b
	[48]		50000b7c
	[49]		50000b7d
	[50]		50000b7e
	[51]		50000b7f
	[52]		50000b80
	[53]		50000b81
	[54]		50000b82
	[55]		50000b83
	[56]		50000b84
	[57]		50000b85
	[58]		50000b86
	[59]		50000b87
	[60]		50000b88
	[61]		50000b89
	[62]		50000b8a
	[63]		50000b8b
	[64]		50000b8c
	[65]		50000b8d
	[66]		50000b8e
	[67]		50000b8f
	[68]		50000b90
	[69]		50000b91
	[70]		50000b92
	[71]		50000b93
	[72]		50000b94
	[73]		50000b95
	[74]		50000b96
	[75]		50000b97
	[76]		50000b98
	[77]		50000b99
	[78]		50000b9a
	[79]		50000b9b
	[80]		50000b9c
	[81]		50000b9d
	[82]		50000b9e
	[83]		50000b9f
	[84]		50000ba0
	[85]		50000ba1
	[86]		50000ba2
	[87]		50000ba3
	[88]		50000ba4
	[89]		50000ba5
	[90]		50000ba6
	[91]		50000ba7
	[92]		50000ba8
	[93]		50000ba9
	[94]		50000baa
	[95]		50000bab
	[96]		50000bac
	[97]		50000bad
	[98]		50000bae
	[99]		50000baf
	[100]		50000bb0
	[101]		50000bb1
	[102]		50000bb2
	[103]		50000bb3
	[104]		50000bb4
	[105]		50000bb5
	[106]		50000bb6
	[107]		50000bb7
	[108]		50000bb8
	[109]		50000bb9
	[110]		50000bba
	[111]		50000bbb
	[112]		50000bbc
	[113]		50000bbd
	[114]		50000bbe
	[115]		50000bbf
	[116]		50000bc0
	[117]		50000bc1
	[118]		50000bc2
	[119]		50000bc3
	[120]		50000bc4
	[121]		50000bc5
	[122]		50000bc6
	[123]		50000bc7
	[124]		50000bc8
	[125]		50000bc9
	[126]		50000bca
	[127]		50000bcb
	[128]		50000bcc
	[129]		50000bcd
	[130]		50000bce
	[131]		50000bcf
	[132]		50000bd0
	[133]		50000bd1
	[134]		50000bd2
	[135]		50000bd3
	[136]		50000bd4
	[137]		50000bd5
	[138]		50000bd6
	[139]		50000bd7
	[140]		50000bd8
	[141]		50000bd9
	[142]		50000bda
	[143]		50000bdb
	[144]		50000bdc
	[145]		50000bdd
	[146]		50000bde
	[147]		50000bdf
	[148]		50000be0
	[149]		50000be1
	[150]		50000be2
	[151]		50000be3
	[152]		50000be4
	[153]		50000be5
	[154]		50000be6
	[155]		50000be7
	[156]		50000be8
	[157]		50000be9
	[158]		50000bea
	[159]		50000beb
	[160]		50000bec
	[161]		50000bed
	[162]		50000bee
	[163]		50000bef
	[164]		50000bf0
	[165]		50000bf1
	[166]		50000bf2
	[167]		50000bf3
	[168]		50000bf4
	[169]		50000bf5
	[170]		50000bf6
	[171]		50000bf7
	[172]		50000bf8
	[173]		50000bf9
	[174]		50000bfa
	[175]		50000bfb
	[176]		50000bfc
	[177]		50000bfd
	[178]		50000bfe
	[179]		50000bff
	[180]		50000c00
	[181]		50000c01
	[182]		50000c02
	[183]		50000c03
	[184]		50000c04
	[185]		50000c05
	[186]		50000c06
	[187]		50000c07
	[188]		50000c08
	[189]		50000c09
	[190]		50000c0a
	[191]		50000c0b
	[192]		50000c0c
	[193]		50000c0d
	[194]		50000c0e
	[195]		50000c0f
	[196]		50000c10
	[197]		50000c11
	[198]		50000c12
	[199]		50000c13
	[200]		50000c14
	[201]		50000c15
	[202]		50000c16
	[203]		50000c17
	[204]		50000c18
	[205]		50000c19
	[206]		50000c1a
	[207]		50000c1b
	[208]		50000c1c
	[209]		50000c1d
	[210]		50000c1e
	[211]		50000c1f
	[212]		50000c20
	[213]		50000c21
	[214]		50000c22
	[215]		50000c23
	[216]		50000c24
	[217]		50000c25
	[218]		50000c26
	[219]		50000c27
	[220]		50000c28
	[221]		50000c29
	[222]		50000c2a
	[223]		50000c2b
	[224]		50000c2c
	[225]		50000c2d
	[226]		50000c2e
	[227]		50000c2f
	[228]		50000c30
	[229]		50000c31
	[230]		50000c32
	[231]		50000c33
	[232]		50000c34
	[233]		50000c35
	[234]		50000c36
	[235]		50000c37
	[236]		50000c38
	[237]		50000c39
	[238]		50000c3a
	[239]		50000c3b
	[240]		50000c3c
	[241]		50000c3d
	[242]		50000c3e
	[243]		50000c3f
	[244]		50000c40
	[245]		50000c41
	[246]		50000c42
	[247]		50000c43
	[248]		50000c44
	[249]		50000c45
	[250]		50000c46
	[251]		50000c47
	[252]		50000c48
	[253]		50000c49
	[254]		50000c4a
	[255]		50000c4b
OBJ 50000b4c (sz=16, trace=300000, class=java.lang.Integer@5000010f)
OBJ 50000b4d (sz=16, trace=300000, class=java.lang.Integer@5000010f)
OBJ 50000b4e (sz=16, trace=300000, class=java.lang.Integer@5000010f)
OBJ 50000b4f (sz=16, trace=300000, class=java.lang.Integer@5000010f)
OBJ 50000b50 (sz=16, trace=300000, class=java.lang.Integer@5000010f)
OBJ 50000b51 (sz=16, trace=300000, class=java.lang.Integer@5000010f)
OBJ 50000b52 (sz=16, trace=300000, class=java.lang.Integer@5000010f)
OBJ 50000b53 (sz=16, trace=300000, class=java.lang.Integer@5000010f)
OBJ 50000b54 (sz=16, trace=300000, class=java.lang.Integer@5000010f)
OBJ 50000b55 (sz=16, trace=300000, class=java.lang.Integer@5000010f)
OBJ 50000b56 (sz=16, trace=300000, class=java.lang.Integer@5000010f)
OBJ 50000b57 (sz=16, trace=300000, class=java.lang.Integer@5000010f)
OBJ 50000b58 (sz=16, trace=300000, class=java.lang.Integer@5000010f)
OBJ 50000b59 (sz=16, trace=300000, class=java.lang.Integer@5000010f)
OBJ 50000b5a (sz=16, trace=300000, class=java.lang.Integer@5000010f)
OBJ 50000b5b (sz=16, trace=300000, class=java.lang.Integer@5000010f)
OBJ 50000b5c (sz=16, trace=300000, class=java.lang.Integer@5000010f)
OBJ 50000b5d (sz=16, trace=300000, class=java.lang.Integer@5000010f)
OBJ 50000b5e (sz=16, trace=300000, class=java.lang.Integer@5000010f)
OBJ 50000b5f (sz=16, trace=300000, class=java.lang.Integer@5000010f)
OBJ 50000b60 (sz=16, trace=300000, class=java.lang.Integer@5000010f)
OBJ 50000b61 (sz=16, trace=300000, class=java.lang.Integer@5000010f)
OBJ 50000b62 (sz=16, trace=300000, class=java.lang.Integer@5000010f)
OBJ 50000b63 (sz=16, trace=300000, class=java.lang.Integer@5000010f)
OBJ 50000b64 (sz=16, trace=300000, class=java.lang.Integer@5000010f)
OBJ 50000b65 (sz=16, trace=300000, class=java.lang.Integer@5000010f)
OBJ 50000b66 (sz=16, trace=300000, class=java.lang.Integer@5000010f)
OBJ 50000b67 (sz=16, trace=300000, class=java.lang.Integer@5000010f)
OBJ 50000b68 (sz=16, trace=300000, class=java.lang.Integer@5000010f)
OBJ 50000b69 (sz=16, trace=300000, class=java.lang.Integer@5000010f)
OBJ 50000b6a (sz=16, trace=300000, class=java.lang.Integer@5000010f)
OBJ 50000b6b (sz=16, trace=300000, class=java.lang.Integer@5000010f)
OBJ 50000b6c (sz=16, trace=300000, class=java.lang.Integer@5000010f)
OBJ 50000b6d (sz=16, trace=300000, class=java.lang.Integer@5000010f)
OBJ 50000b6e (sz=16, trace=300000, class=java.lang.Integer@5000010f)
OBJ 50000b6f (sz=16, trace=300000, class=java.lang.Integer@5000010f)
OBJ 50000b70 (sz=16, trace=300000, class=java.lang.Integer@5000010f)
OBJ 50000b71 (sz=16, trace=300000, class=java.lang.Integer@5000010f)
OBJ 50000b72 (sz=16, trace=300000, class=java.lang.Integer@5000010f)
OBJ 50000b73 (sz=16, trace=300000, class=java.lang.Integer@5000010f)
OBJ 50000b74 (sz=16, trace=300000, class=java.lang.Integer@5000010f)
OBJ 50000b75 (sz=16, trace=300000, class=java.lang.Integer@5000010f)
OBJ 50000b76 (sz=16, trace=300000, class=java.lang.Integer@5000010f)
OBJ 50000b77 (sz=16, trace=300000, class=java.lang.Integer@5000010f)
OBJ 50000b78 (sz=16, trace=300000, class=java.lang.Integer@5000010f)
OBJ 50000b79 (sz=16, trace=300000, class=java.lang.Integer@5000010f)
OBJ 50000b7a (sz=16, trace=300000, class=java.lang.Integer@5000010f)
OBJ 50000b7b (sz=16, trace=300000, class=java.lang.Integer@5000010f)
OBJ 50000b7c (sz=16, trace=300000, class=java.lang.Integer@5000010f)
OBJ 50000b7d (sz=16, trace=300000, class=java.lang.Integer@5000010f)
OBJ 50000b7e (sz=16, trace=300000, class=java.lang.Integer@5000010f)
OBJ 50000b7f (sz=16, trace=300000, class=java.lang.Integer@5000010f)
OBJ 50000b80 (sz=16, trace=300000, class=java.lang.Integer@5000010f)
OBJ 50000b81 (sz=16, trace=300000, class=java.lang.Integer@5000010f)
OBJ 50000b82 (sz=16, trace=300000, class=java.lang.Integer@5000010f)
OBJ 50000b83 (sz=16, trace=300000, class=java.lang.Integer@5000010f)
OBJ 50000b84 (sz=16, trace=300000, class=java.lang.Integer@5000010f)
OBJ 50000b85 (sz=16, trace=300000, class=java.lang.Integer@5000010f)
OBJ 50000b86 (sz=16, trace=300000, class=java.lang.Integer@5000010f)
OBJ 50000b87 (sz=16, trace=300000, class=java.lang.Integer@5000010f)
OBJ 50000b88 (sz=16, trace=300000, class=java.lang.Integer@5000010f)
OBJ 50000b89 (sz=16, trace=300000, class=java.lang.Integer@5000010f)
OBJ 50000b8a (sz=16, trace=300000, class=java.lang.Integer@5000010f)
OBJ 50000b8b (sz=16, trace=300000, class=java.lang.Integer@5000010f)
OBJ 50000b8c (sz=16, trace=300000, class=java.lang.Integer@5000010f)
OBJ 50000b8d (sz=16, trace=300000, class=java.lang.Integer@5000010f)
OBJ 50000b8e (sz=16, trace=300000, class=java.lang.Integer@5000010f)
OBJ 50000b8f (sz=16, trace=300000, class=java.lang.Integer@5000010f)
OBJ 50000b90 (sz=16, trace=300000, class=java.lang.Integer@5000010f)
OBJ 50000b91 (sz=16, trace=300000, class=java.lang.Integer@5000010f)
OBJ 50000b92 (sz=16, trace=300000, class=java.lang.Integer@5000010f)
OBJ 50000b93 (sz=16, trace=300000, class=java.lang.Integer@5000010f)
OBJ 50000b94 (sz=16, trace=300000, class=java.lang.Integer@5000010f)
OBJ 50000b95 (sz=16, trace=300000, class=java.lang.Integer@5000010f)
OBJ 50000b96 (sz=16, trace=300000, class=java.lang.Integer@5000010f)
OBJ 50000b97 (sz=16, trace=300000, class=java.lang.Integer@5000010f)
OBJ 50000b98 (sz=16, trace=300000, class=java.lang.Integer@5000010f)
OBJ 50000b99 (sz=16, trace=300000, class=java.lang.Integer@5000010f)
OBJ 50000b9a (sz=16, trace=300000, class=java.lang.Integer@5000010f)
OBJ 50000b9b (sz=16, trace=300000, class=java.lang.Integer@5000010f)
OBJ 50000b9c (sz=16, trace=300000, class=java.lang.Integer@5000010f)
OBJ 50000b9d (sz=16, trace=300000, class=java.lang.Integer@5000010f)
OBJ 50000b9e (sz=16, trace=300000, class=java.lang.Integer@5000010f)
OBJ 50000b9f (sz=16, trace=300000, class=java.lang.Integer@5000010f)
OBJ 50000ba0 (sz=16, trace=300000, class=java.lang.Integer@5000010f)
OBJ 50000ba1 (sz=16, trace=300000, class=java.lang.Integer@5000010f)
OBJ 50000ba2 (sz=16, trace=300000, class=java.lang.Integer@5000010f)
OBJ 50000ba3 (sz=16, trace=300000, class=java.lang.Integer@5000010f)
OBJ 50000ba4 (sz=16, trace=300000, class=java.lang.Integer@5000010f)
OBJ 50000ba5 (sz=16, trace=300000, class=java.lang.Integer@5000010f)
OBJ 50000ba6 (sz=16, trace=300000, class=java.lang.Integer@5000010f)
OBJ 50000ba7 (sz=16, trace=300000, class=java.lang.Integer@5000010f)
OBJ 50000ba8 (sz=16, trace=300000, class=java.lang.Integer@5000010f)
OBJ 50000ba9 (sz=16, trace=300000, class=java.lang.Integer@5000010f)
OBJ 50000baa (sz=16, trace=300000, class=java.lang.Integer@5000010f)
OBJ 50000bab (sz=16, trace=300000, class=java.lang.Integer@5000010f)
OBJ 50000bac (sz=16, trace=300000, class=java.lang.Integer@5000010f)
OBJ 50000bad (sz=16, trace=300000, class=java.lang.Integer@5000010f)
OBJ 50000bae (sz=16, trace=300000, class=java.lang.Integer@5000010f)
OBJ 50000baf (sz=16, trace=300000, class=java.lang.Integer@5000010f)
OBJ 50000bb0 (sz=16, trace=300000, class=java.lang.Integer@5000010f)
OBJ 50000bb1 (sz=16, trace=300000, class=java.lang.Integer@5000010f)
OBJ 50000bb2 (sz=16, trace=300000, class=java.lang.Integer@5000010f)
OBJ 50000bb3 (sz=16, trace=300000, class=java.lang.Integer@5000010f)
OBJ 50000bb4 (sz=16, trace=300000, class=java.lang.Integer@5000010f)
OBJ 50000bb5 (sz=16, trace=300000, class=java.lang.Integer@5000010f)
OBJ 50000bb6 (sz=16, trace=300000, class=java.lang.Integer@5000010f)
OBJ 50000bb7 (sz=16, trace=300000, class=java.lang.Integer@5000010f)
OBJ 50000bb8 (sz=16, trace=300000, class=java.lang.Integer@5000010f)
OBJ 50000bb9 (sz=16, trace=300000, class=java.lang.Integer@5000010f)
OBJ 50000bba (sz=16, trace=300000, class=java.lang.Integer@5000010f)
OBJ 50000bbb (sz=16, trace=300000, class=java.lang.Integer@5000010f)
OBJ 50000bbc (sz=16, trace=300000, class=java.lang.Integer@5000010f)
OBJ 50000bbd (sz=16, trace=300000, class=java.lang.Integer@5000010f)
OBJ 50000bbe (sz=16, trace=300000, class=java.lang.Integer@5000010f)
OBJ 50000bbf (sz=16, trace=300000, class=java.lang.Integer@5000010f)
OBJ 50000bc0 (sz=16, trace=300000, class=java.lang.Integer@5000010f)
OBJ 50000bc1 (sz=16, trace=300000, class=java.lang.Integer@5000010f)
OBJ 50000bc2 (sz=16, trace=300000, class=java.lang.Integer@5000010f)
OBJ 50000bc3 (sz=16, trace=300000, class=java.lang.Integer@5000010f)
OBJ 50000bc4 (sz=16, trace=300000, class=java.lang.Integer@5000010f)
OBJ 50000bc5 (sz=16, trace=300000, class=java.lang.Integer@5000010f)
OBJ 50000bc6 (sz=16, trace=300000, class=java.lang.Integer@5000010f)
OBJ 50000bc7 (sz=16, trace=300000, class=java.lang.Integer@5000010f)
OBJ 50000bc8 (sz=16, trace=300000, class=java.lang.Integer@5000010f)
OBJ 50000bc9 (sz=16, trace=300000, class=java.lang.Integer@5000010f)
OBJ 50000bca (sz=16, trace=300000, class=java.lang.Integer@5000010f)
OBJ 50000bcb (sz=16, trace=300000, class=java.lang.Integer@5000010f)
OBJ 50000bcc (sz=16, trace=300000, class=java.lang.Integer@5000010f)
OBJ 50000bcd (sz=16, trace=300000, class=java.lang.Integer@5000010f)
OBJ 50000bce (sz=16, trace=300000, class=java.lang.Integer@5000010f)
OBJ 50000bcf (sz=16, trace=300000, class=java.lang.Integer@5000010f)
OBJ 50000bd0 (sz=16, trace=300000, class=java.lang.Integer@5000010f)
OBJ 50000bd1 (sz=16, trace=300000, class=java.lang.Integer@5000010f)
OBJ 50000bd2 (sz=16, trace=300000, class=java.lang.Integer@5000010f)
OBJ 50000bd3 (sz=16, trace=300000, class=java.lang.Integer@5000010f)
OBJ 50000bd4 (sz=16, trace=300000, class=java.lang.Integer@5000010f)
OBJ 50000bd5 (sz=16, trace=300000, class=java.lang.Integer@5000010f)
OBJ 50000bd6 (sz=16, trace=300000, class=java.lang.Integer@5000010f)
OBJ 50000bd7 (sz=16, trace=300000, class=java.lang.Integer@5000010f)
OBJ 50000bd8 (sz=16, trace=300000, class=java.lang.Integer@5000010f)
OBJ 50000bd9 (sz=16, trace=300000, class=java.lang.Integer@5000010f)
OBJ 50000bda (sz=16, trace=300000, class=java.lang.Integer@5000010f)
OBJ 50000bdb (sz=16, trace=300000, class=java.lang.Integer@5000010f)
OBJ 50000bdc (sz=16, trace=300000, class=java.lang.Integer@5000010f)
OBJ 50000bdd (sz=16, trace=300000, class=java.lang.Integer@5000010f)
OBJ 50000bde (sz=16, trace=300000, class=java.lang.Integer@5000010f)
OBJ 50000bdf (sz=16, trace=300000, class=java.lang.Integer@5000010f)
OBJ 50000be0 (sz=16, trace=300000, class=java.lang.Integer@5000010f)
OBJ 50000be1 (sz=16, trace=300000, class=java.lang.Integer@5000010f)
OBJ 50000be2 (sz=16, trace=300000, class=java.lang.Integer@5000010f)
OBJ 50000be3 (sz=16, trace=300000, class=java.lang.Integer@5000010f)
OBJ 50000be4 (sz=16, trace=300000, class=java.lang.Integer@5000010f)
OBJ 50000be5 (sz=16, trace=300000, class=java.lang.Integer@5000010f)
OBJ 50000be6 (sz=16, trace=300000, class=java.lang.Integer@5000010f)
OBJ 50000be7 (sz=16, trace=300000, class=java.lang.Integer@5000010f)
OBJ 50000be8 (sz=16, trace=300000, class=java.lang.Integer@5000010f)
OBJ 50000be9 (sz=16, trace=300000, class=java.lang.Integer@5000010f)
OBJ 50000bea (sz=16, trace=300000, class=java.lang.Integer@5000010f)
OBJ 50000beb (sz=16, trace=300000, class=java.lang.Integer@5000010f)
OBJ 50000bec (sz=16, trace=300000, class=java.lang.Integer@5000010f)
OBJ 50000bed (sz=16, trace=300000, class=java.lang.Integer@5000010f)
OBJ 50000bee (sz=16, trace=300000, class=java.lang.Integer@5000010f)
OBJ 50000bef (sz=16, trace=300000, class=java.lang.Integer@5000010f)
OBJ 50000bf0 (sz=16, trace=300000, class=java.lang.Integer@5000010f)
OBJ 50000bf1 (sz=16, trace=300000, class=java.lang.Integer@5000010f)
OBJ 50000bf2 (sz=16, trace=300000, class=java.lang.Integer@5000010f)
OBJ 50000bf3 (sz=16, trace=300000, class=java.lang.Integer@5000010f)
OBJ 50000bf4 (sz=16, trace=300000, class=java.lang.Integer@5000010f)
OBJ 50000bf5 (sz=16, trace=300000, class=java.lang.Integer@5000010f)
OBJ 50000bf6 (sz=16, trace=300000, class=java.lang.Integer@5000010f)
OBJ 50000bf7 (sz=16, trace=300000, class=java.lang.Integer@5000010f)
OBJ 50000bf8 (sz=16, trace=300000, class=java.lang.Integer@5000010f)
OBJ 50000bf9 (sz=16, trace=300000, class=java.lang.Integer@5000010f)
OBJ 50000bfa (sz=16, trace=300000, class=java.lang.Integer@5000010f)
OBJ 50000bfb (sz=16, trace=300000, class=java.lang.Integer@5000010f)
OBJ 50000bfc (sz=16, trace=300000, class=java.lang.Integer@5000010f)
OBJ 50000bfd (sz=16, trace=300000, class=java.lang.Integer@5000010f)
OBJ 50000bfe (sz=16, trace=300000, class=java.lang.Integer@5000010f)
OBJ 50000bff (sz=16, trace=300000, class=java.lang.Integer@5000010f)
OBJ 50000c00 (sz=16, trace=300000, class=java.lang.Integer@5000010f)
OBJ 50000c01 (sz=16, trace=300000, class=java.lang.Integer@5000010f)
OBJ 50000c02 (sz=16, trace=300000, class=java.lang.Integer@5000010f)
OBJ 50000c03 (sz=16, trace=300000, class=java.lang.Integer@5000010f)
OBJ 50000c04 (sz=16, trace=300000, class=java.lang.Integer@5000010f)
OBJ 50000c05 (sz=16, trace=300000, class=java.lang.Integer@5000010f)
OBJ 50000c06 (sz=16, trace=300000, class=java.lang.Integer@5000010f)
OBJ 50000c07 (sz=16, trace=300000, class=java.lang.Integer@5000010f)
OBJ 50000c08 (sz=16, trace=300000, class=java.lang.Integer@5000010f)
OBJ 50000c09 (sz=16, trace=300000, class=java.lang.Integer@5000010f)
OBJ 50000c0a (sz=16, trace=300000, class=java.lang.Integer@5000010f)
OBJ 50000c0b (sz=16, trace=300000, class=java.lang.Integer@5000010f)
OBJ 50000c0c (sz=16, trace=300000, class=java.lang.Integer@5000010f)
OBJ 50000c0d (sz=16, trace=300000, class=java.lang.Integer@5000010f)
OBJ 50000c0e (sz=16, trace=300000, class=java.lang.Integer@5000010f)
OBJ 50000c0f (sz=16, trace=300000, class=java.lang.Integer@5000010f)
OBJ 50000c10 (sz=16, trace=300000, class=java.lang.Integer@5000010f)
OBJ 50000c11 (sz=16, trace=300000, class=java.lang.Integer@5000010f)
OBJ 50000c12 (sz=16, trace=300000, class=java.lang.Integer@5000010f)
OBJ 50000c13 (sz=16, trace=300000, class=java.lang.Integer@5000010f)
OBJ 50000c14 (sz=16, trace=300000, class=java.lang.Integer@5000010f)
OBJ 50000c15 (sz=16, trace=300000, class=java.lang.Integer@5000010f)
OBJ 50000c16 (sz=16, trace=300000, class=java.lang.Integer@5000010f)
OBJ 50000c17 (sz=16, trace=300000, class=java.lang.Integer@5000010f)
OBJ 50000c18 (sz=16, trace=300000, class=java.lang.Integer@5000010f)
OBJ 50000c19 (sz=16, trace=300000, class=java.lang.Integer@5000010f)
OBJ 50000c1a (sz=16, trace=300000, class=java.lang.Integer@5000010f)
OBJ 50000c1b (sz=16, trace=300000, class=java.lang.Integer@5000010f)
OBJ 50000c1c (sz=16, trace=300000, class=java.lang.Integer@5000010f)
OBJ 50000c1d (sz=16, trace=300000, class=java.lang.Integer@5000010f)
OBJ 50000c1e (sz=16, trace=300000, class=java.lang.Integer@5000010f)
OBJ 50000c1f (sz=16, trace=300000, class=java.lang.Integer@5000010f)
OBJ 50000c20 (sz=16, trace=300000, class=java.lang.Integer@5000010f)
OBJ 50000c21 (sz=16, trace=300000, class=java.lang.Integer@5000010f)
OBJ 50000c22 (sz=16, trace=300000, class=java.lang.Integer@5000010f)
OBJ 50000c23 (sz=16, trace=300000, class=java.lang.Integer@5000010f)
OBJ 50000c24 (sz=16, trace=300000, class=java.lang.Integer@5000010f)
OBJ 50000c25 (sz=16, trace=300000, class=java.lang.Integer@5000010f)
OBJ 50000c26 (sz=16, trace=300000, class=java.lang.Integer@5000010f)
OBJ 50000c27 (sz=16, trace=300000, class=java.lang.Integer@5000010f)
OBJ 50000c28 (sz=16, trace=300000, class=java.lang.Integer@5000010f)
OBJ 50000c29 (sz=16, trace=300000, class=java.lang.Integer@5000010f)
OBJ 50000c2a (sz=16, trace=300000, class=java.lang.Integer@5000010f)
OBJ 50000c2b (sz=16, trace=300000, class=java.lang.Integer@5000010f)
OBJ 50000c2c (sz=16, trace=300000, class=java.lang.Integer@5000010f)
OBJ 50000c2d (sz=16, trace=300000, class=java.lang.Integer@5000010f)
OBJ 50000c2e (sz=16, trace=300000, class=java.lang.Integer@5000010f)
OBJ 50000c2f (sz=16, trace=300000, class=java.lang.Integer@5000010f)
OBJ 50000c30 (sz=16, trace=300000, class=java.lang.Integer@5000010f)
OBJ 50000c31 (sz=16, trace=300000, class=java.lang.Integer@5000010f)
OBJ 50000c32 (sz=16, trace=300000, class=java.lang.Integer@5000010f)
OBJ 50000c33 (sz=16, trace=300000, class=java.lang.Integer@5000010f)
OBJ 50000c34 (sz=16, trace=300000, class=java.lang.Integer@5000010f)
OBJ 50000c35 (sz=16, trace=300000, class=java.lang.Integer@5000010f)
OBJ 50000c36 (sz=16, trace=300000, class=java.lang.Integer@5000010f)
OBJ 50000c37 (sz=16, trace=300000, class=java.lang.Integer@5000010f)
OBJ 50000c38 (sz=16, trace=300000, class=java.lang.Integer@5000010f)
OBJ 50000c39 (sz=16, trace=300000, class=java.lang.Integer@5000010f)
OBJ 50000c3a (sz=16, trace=300000, class=java.lang.Integer@5000010f)
OBJ 50000c3b (sz=16, trace=300000, class=java.lang.Integer@5000010f)
OBJ 50000c3c (sz=16, trace=300000, class=java.lang.Integer@5000010f)
OBJ 50000c3d (sz=16, trace=300000, class=java.lang.Integer@5000010f)
OBJ 50000c3e (sz=16, trace=300000, class=java.lang.Integer@5000010f)
OBJ 50000c3f (sz=16, trace=300000, class=java.lang.Integer@5000010f)
OBJ 50000c40 (sz=16, trace=300000, class=java.lang.Integer@5000010f)
OBJ 50000c41 (sz=16, trace=300000, class=java.lang.Integer@5000010f)
OBJ 50000c42 (sz=16, trace=300000, class=java.lang.Integer@5000010f)
OBJ 50000c43 (sz=16, trace=300000, class=java.lang.Integer@5000010f)
OBJ 50000c44 (sz=16, trace=300000, class=java.lang.Integer@5000010f)
OBJ 50000c45 (sz=16, trace=300000, class=java.lang.Integer@5000010f)
OBJ 50000c46 (sz=16, trace=300000, class=java.lang.Integer@5000010f)
OBJ 50000c47 (sz=16, trace=300000, class=java.lang.Integer@5000010f)
OBJ 50000c48 (sz=16, trace=300000, class=java.lang.Integer@5000010f)
OBJ 50000c49 (sz=16, trace=300000, class=java.lang.Integer@5000010f)
OBJ 50000c4a (sz=16, trace=300000, class=java.lang.Integer@5000010f)
OBJ 50000c4b (sz=16, trace=300000, class=java.lang.Integer@5000010f)
ARR 50000c4c (sz=70, trace=300000, nelems=35, elem type=char[])
OBJ 50000c4d (sz=24, trace=300000, class=java.lang.String@50000173)
	value		50000c56
OBJ 50000c4e (sz=24, trace=300000, class=java.lang.String@50000173)
	value		50000c55
OBJ 50000c4f (sz=24, trace=300000, class=java.lang.String@50000173)
	value		50000c54
ARR 50000c50 (sz=512, trace=300000, nelems=256, elem type=char[])
ARR 50000c51 (sz=1024, trace=300000, nelems=256, elem type=int[])
OBJ 50000c52 (sz=16, trace=300000, class=java.lang.CharacterDataLatin1@50000011)
ARR 50000c53 (sz=4, trace=300000, nelems=2, elem type=char[])
ARR 50000c54 (sz=1024, trace=300000, nelems=512, elem type=char[])
ARR 50000c55 (sz=512, trace=300000, nelems=256, elem type=char[])
ARR 50000c56 (sz=8, trace=300000, nelems=4, elem type=char[])
ARR 50000c57 (sz=56, trace=300000, nelems=0, elem type=java.lang.Object[]@5000010d)
OBJ 50000c58 (sz=16, trace=300000, class=java.security.ProtectionDomain$Key@50000007)
	this$0		50000b1a
ARR 50000c59 (sz=16, trace=300000, nelems=0, elem type=java.security.Principal[]@50000005)
OBJ 50000c5a (sz=32, trace=300000, class=java.security.CodeSource@50000119)
OBJ 50000c5b (sz=24, trace=300000, class=java.lang.String@50000173)
	value		50000cc6
OBJ 50000c5c (sz=24, trace=300000, class=java.lang.String@50000173)
	value		50000cc1
OBJ 50000c5d (sz=24, trace=300000, class=java.lang.String@50000173)
	value		50000c6d
OBJ 50000c5e (sz=24, trace=300000, class=java.lang.String@50000173)
	value		50000cc0
OBJ 50000c5f (sz=24, trace=300000, class=java.lang.String@50000173)
	value		50000c6c
OBJ 50000c60 (sz=24, trace=300000, class=java.lang.String@50000173)
	value		50000cbf
OBJ 50000c61 (sz=24, trace=300000, class=java.lang.String@50000173)
	value		50000cbe
OBJ 50000c62 (sz=24, trace=300000, class=java.lang.String@50000173)
	value		50000cbd
OBJ 50000c63 (sz=24, trace=300000, class=java.lang.String@50000173)
	value		50000cbc
OBJ 50000c64 (sz=24, trace=300000, class=java.lang.String@50000173)
	value		50000cbb
OBJ 50000c65 (sz=24, trace=300000, class=java.lang.String@50000173)
	value		50000cba
OBJ 50000c66 (sz=24, trace=300000, class=java.lang.String@50000173)
	value		50000c71
OBJ 50000c67 (sz=24, trace=300000, class=java.lang.String@50000173)
	value		50000cb8
OBJ 50000c68 (sz=24, trace=300000, class=java.lang.String@50000173)
	value		50000cb6
ARR 50000c69 (sz=48, trace=300000, nelems=7, elem type=java.io.ObjectStreamField[]@500000ff)
	[0]		50000caf
	[1]		50000cb0
	[2]		50000cb1
	[3]		50000cb2
	[4]		50000cb3
	[5]		50000cb4
	[6]		50000cb5
OBJ 50000c6a (sz=16, trace=300000, class=java.lang.Object@50000177)
OBJ 50000c6b (sz=48, trace=300000, class=java.util.Hashtable@5000014a)
	table		50000c6e
ARR 50000c6c (sz=40, trace=300000, nelems=20, elem type=char[])
ARR 50000c6d (sz=52, trace=300000, nelems=26, elem type=char[])
ARR 50000c6e (sz=64, trace=300000, nelems=7, elem type=java.util.Hashtable$Entry[]@500000c4)
	[6]		50000c6f
OBJ 50000c6f (sz=32, trace=300000, class=java.util.Hashtable$Entry@500000c5)
	key		50000c66
	value		50000c70
OBJ 50000c70 (sz=16, trace=300000, class=sun.net.www.protocol.file.Handler@5000000e)
ARR 50000c71 (sz=8, trace=300000, nelems=4, elem type=char[])
OBJ 50000c72 (sz=24, trace=300000, class=java.lang.String@50000173)
	value		50000c89
OBJ 50000c73 (sz=24, trace=300000, class=java.lang.String@50000173)
	value		50000c88
OBJ 50000c74 (sz=24, trace=300000, class=java.lang.String@50000173)
	value		50000c86
OBJ 50000c75 (sz=24, trace=300000, class=java.lang.String@50000173)
	value		50000c85
OBJ 50000c76 (sz=24, trace=300000, class=java.lang.String@50000173)
	value		50000c84
OBJ 50000c77 (sz=24, trace=300000, class=java.lang.String@50000173)
	value		50000c83
OBJ 50000c78 (sz=24, trace=300000, class=java.lang.String@50000173)
	value		50000c82
ARR 50000c79 (sz=32, trace=300000, nelems=16, elem type=char[])
OBJ 50000c7a (sz=24, trace=300000, class=java.util.BitSet@5000002c)
	words		50000c7b
ARR 50000c7b (sz=32, trace=300000, nelems=4, elem type=long[])
OBJ 50000c7c (sz=24, trace=300000, class=java.lang.String@50000173)
	value		50000c80
ARR 50000c7d (sz=24, trace=300000, nelems=1, elem type=java.io.ObjectStreamField[]@500000ff)
	[0]		50000c7e
OBJ 50000c7e (sz=40, trace=300000, class=java.io.ObjectStreamField@50000101)
	name		50000c7c
	signature	50000c7f
	type		50000178
OBJ 50000c7f (sz=24, trace=300000, class=java.lang.String@50000173)
	value		50000c81
ARR 50000c80 (sz=8, trace=300000, nelems=4, elem type=char[])
ARR 50000c81 (sz=4, trace=300000, nelems=2, elem type=char[])
ARR 50000c82 (sz=10, trace=300000, nelems=5, elem type=char[])
ARR 50000c83 (sz=16, trace=300000, nelems=8, elem type=char[])
ARR 50000c84 (sz=14, trace=300000, nelems=7, elem type=char[])
ARR 50000c85 (sz=4, trace=300000, nelems=2, elem type=char[])
ARR 50000c86 (sz=14, trace=300000, nelems=7, elem type=char[])
ARR 50000c87 (sz=2, trace=300000, nelems=1, elem type=char[])
ARR 50000c88 (sz=24, trace=300000, nelems=12, elem type=char[])
ARR 50000c89 (sz=18, trace=300000, nelems=9, elem type=char[])
ARR 50000c8a (sz=2, trace=300000, nelems=1, elem type=char[])
OBJ 50000c8b (sz=24, trace=300000, class=java.lang.String@50000173)
	value		50000c9b
OBJ 50000c8c (sz=24, trace=300000, class=java.lang.String@50000173)
	value		50000c9a
OBJ 50000c8d (sz=24, trace=300000, class=java.lang.String@50000173)
	value		50000c99
OBJ 50000c8e (sz=24, trace=300000, class=java.lang.String@50000173)
	value		50000c98
OBJ 50000c8f (sz=24, trace=300000, class=java.lang.String@50000173)
	value		50000c97
OBJ 50000c90 (sz=24, trace=300000, class=java.lang.String@50000173)
	value		50000c92
ARR 50000c91 (sz=34, trace=300000, nelems=17, elem type=char[])
ARR 50000c92 (sz=2, trace=300000, nelems=1, elem type=char[])
OBJ 50000c93 (sz=24, trace=300000, class=java.lang.String@50000173)
	value		50000c96
OBJ 50000c94 (sz=24, trace=300000, class=java.lang.String@50000173)
	value		50000c95
ARR 50000c95 (sz=12, trace=300000, nelems=6, elem type=char[])
ARR 50000c96 (sz=10, trace=300000, nelems=5, elem type=char[])
ARR 50000c97 (sz=4, trace=300000, nelems=2, elem type=char[])
ARR 50000c98 (sz=4, trace=300000, nelems=2, elem type=char[])
ARR 50000c99 (sz=6, trace=300000, nelems=3, elem type=char[])
ARR 50000c9a (sz=8, trace=300000, nelems=4, elem type=char[])
ARR 50000c9b (sz=6, trace=300000, nelems=3, elem type=char[])
OBJ 50000c9c (sz=24, trace=300000, class=java.lang.String@50000173)
	value		50000ca0
OBJ 50000c9d (sz=24, trace=300000, class=java.lang.String@50000173)
	value		50000ca1
OBJ 50000c9e (sz=24, trace=300000, class=java.lang.String@50000173)
	value		50000ca2
OBJ 50000c9f (sz=24, trace=300000, class=java.lang.String@50000173)
	value		50000ca3
ARR 50000ca0 (sz=28, trace=300000, nelems=14, elem type=char[])
ARR 50000ca1 (sz=24, trace=300000, nelems=12, elem type=char[])
ARR 50000ca2 (sz=20, trace=300000, nelems=10, elem type=char[])
ARR 50000ca3 (sz=26, trace=300000, nelems=13, elem type=char[])
OBJ 50000ca4 (sz=24, trace=300000, class=java.lang.String@50000173)
	value		50000ca7
OBJ 50000ca5 (sz=24, trace=300000, class=java.lang.String@50000173)
	value		50000ca6
ARR 50000ca6 (sz=38, trace=300000, nelems=19, elem type=char[])
ARR 50000ca7 (sz=50, trace=300000, nelems=25, elem type=char[])
ARR 50000ca8 (sz=8, trace=300000, nelems=4, elem type=char[])
OBJ 50000ca9 (sz=24, trace=300000, class=java.lang.String@50000173)
	value		50000cae
OBJ 50000caa (sz=24, trace=300000, class=java.lang.String@50000173)
	value		50000cac
ARR 50000cab (sz=22, trace=300000, nelems=11, elem type=char[])
ARR 50000cac (sz=4, trace=300000, nelems=2, elem type=char[])
ARR 50000cad (sz=2, trace=300000, nelems=1, elem type=char[])
ARR 50000cae (sz=26, trace=300000, nelems=13, elem type=char[])
OBJ 50000caf (sz=40, trace=300000, class=java.io.ObjectStreamField@50000101)
	name		50000c62
	signature	50000cb7
	type		50000173
OBJ 50000cb0 (sz=40, trace=300000, class=java.io.ObjectStreamField@50000101)
	name		50000c63
	signature	50000cb7
	type		50000173
OBJ 50000cb1 (sz=40, trace=300000, class=java.io.ObjectStreamField@50000101)
	name		50000c64
	signature	50000b39
	type		5000085c
OBJ 50000cb2 (sz=40, trace=300000, class=java.io.ObjectStreamField@50000101)
	name		50000c65
	signature	50000cb7
	type		50000173
OBJ 50000cb3 (sz=40, trace=300000, class=java.io.ObjectStreamField@50000101)
	name		50000c66
	signature	50000cb7
	type		50000173
OBJ 50000cb4 (sz=40, trace=300000, class=java.io.ObjectStreamField@50000101)
	name		50000c67
	signature	50000cb7
	type		50000173
OBJ 50000cb5 (sz=40, trace=300000, class=java.io.ObjectStreamField@50000101)
	name		50000c68
	signature	50000b39
	type		5000085c
ARR 50000cb6 (sz=16, trace=300000, nelems=8, elem type=char[])
OBJ 50000cb7 (sz=24, trace=300000, class=java.lang.String@50000173)
	value		50000cb9
ARR 50000cb8 (sz=6, trace=300000, nelems=3, elem type=char[])
ARR 50000cb9 (sz=36, trace=300000, nelems=18, elem type=char[])
ARR 50000cba (sz=18, trace=300000, nelems=9, elem type=char[])
ARR 50000cbb (sz=8, trace=300000, nelems=4, elem type=char[])
ARR 50000cbc (sz=8, trace=300000, nelems=4, elem type=char[])
ARR 50000cbd (sz=16, trace=300000, nelems=8, elem type=char[])
ARR 50000cbe (sz=16, trace=300000, nelems=8, elem type=char[])
ARR 50000cbf (sz=2, trace=300000, nelems=1, elem type=char[])
ARR 50000cc0 (sz=2, trace=300000, nelems=1, elem type=char[])
ARR 50000cc1 (sz=8, trace=300000, nelems=4, elem type=char[])
OBJ 50000cc2 (sz=24, trace=300000, class=java.lang.String@50000173)
	value		50000cc5
OBJ 50000cc3 (sz=24, trace=300000, class=java.lang.String@50000173)
	value		50000cc4
ARR 50000cc4 (sz=4, trace=300000, nelems=2, elem type=char[])
ARR 50000cc5 (sz=8, trace=300000, nelems=4, elem type=char[])
ARR 50000cc6 (sz=6, trace=300000, nelems=3, elem type=char[])
OBJ 50000cc7 (sz=24, trace=300000, class=java.lang.String@50000173)
	value		50000ccf
OBJ 50000cc8 (sz=24, trace=300000, class=java.lang.String@50000173)
	value		50000cce
OBJ 50000cc9 (sz=24, trace=300000, class=java.lang.String@50000173)
	value		50000ccd
OBJ 50000cca (sz=24, trace=300000, class=java.lang.String@50000173)
	value		50000ccc
ARR 50000ccb (sz=32, trace=300000, nelems=16, elem type=char[])
ARR 50000ccc (sz=32, trace=300000, nelems=16, elem type=char[])
ARR 50000ccd (sz=48, trace=300000, nelems=24, elem type=char[])
ARR 50000cce (sz=38, trace=300000, nelems=19, elem type=char[])
ARR 50000ccf (sz=12, trace=300000, nelems=6, elem type=char[])
OBJ 50000cd0 (sz=24, trace=300000, class=java.lang.String@50000173)
	value		50000cd2
OBJ 50000cd1 (sz=24, trace=300000, class=java.lang.String@50000173)
	value		50000cd3
ARR 50000cd2 (sz=26, trace=300000, nelems=13, elem type=char[])
ARR 50000cd3 (sz=10, trace=300000, nelems=5, elem type=char[])
ARR 50000cd4 (sz=56, trace=300000, nelems=0, elem type=java.lang.Object[]@5000010d)
OBJ 50000cd5 (sz=16, trace=300000, class=sun.net.www.protocol.jar.Handler@50000003)
OBJ 50000cd6 (sz=48, trace=300000, class=java.util.HashMap@500000cb)
	table		50000273
OBJ 50000cd7 (sz=24, trace=300000, class=java.util.ArrayList@500000e2)
	elementData	50000272
OBJ 50000cd8 (sz=32, trace=300000, class=java.util.Stack@500000e7)
	elementData	50000d0e
OBJ 50000cd9 (sz=24, trace=300000, class=java.util.ArrayList@500000e2)
	elementData	50000cda
ARR 50000cda (sz=104, trace=300000, nelems=17, elem type=java.lang.Object[]@5000010d)
	[0]		50000cdb
	[1]		50000cdc
	[2]		50000cdd
	[3]		50000cde
	[4]		50000cdf
	[5]		50000ce0
	[6]		50000ce1
	[7]		50000ce2
	[8]		50000ce3
	[9]		50000ce4
	[10]		50000ce5
	[11]		50000ce6
	[12]		50000ce7
	[13]		50000ce8
	[14]		50000ce9
	[15]		50000cea
	[16]		50000ceb
OBJ 50000cdb (sz=64, trace=300000, class=java.net.URL@5000011e)
	protocol	50000c66
	host		50000887
	file		50000d0c
	authority	50000887
	path		50000d0c
	handler		50000c70
OBJ 50000cdc (sz=64, trace=300000, class=java.net.URL@5000011e)
	protocol	50000c66
	host		50000887
	file		50000d0a
	authority	50000887
	path		50000d0a
	handler		50000c70
OBJ 50000cdd (sz=64, trace=300000, class=java.net.URL@5000011e)
	protocol	50000c66
	host		50000887
	file		50000d08
	authority	50000887
	path		50000d08
	handler		50000c70
OBJ 50000cde (sz=64, trace=300000, class=java.net.URL@5000011e)
	protocol	50000c66
	host		50000887
	file		50000d06
	authority	50000887
	path		50000d06
	handler		50000c70
OBJ 50000cdf (sz=64, trace=300000, class=java.net.URL@5000011e)
	protocol	50000c66
	host		50000887
	file		50000d04
	authority	50000887
	path		50000d04
	handler		50000c70
OBJ 50000ce0 (sz=64, trace=300000, class=java.net.URL@5000011e)
	protocol	50000c66
	host		50000887
	file		50000d02
	authority	50000887
	path		50000d02
	handler		50000c70
OBJ 50000ce1 (sz=64, trace=300000, class=java.net.URL@5000011e)
	protocol	50000c66
	host		50000887
	file		50000d00
	authority	50000887
	path		50000d00
	handler		50000c70
OBJ 50000ce2 (sz=64, trace=300000, class=java.net.URL@5000011e)
	protocol	50000c66
	host		50000887
	file		50000cfe
	authority	50000887
	path		50000cfe
	handler		50000c70
OBJ 50000ce3 (sz=64, trace=300000, class=java.net.URL@5000011e)
	protocol	50000c66
	host		50000887
	file		50000cfc
	authority	50000887
	path		50000cfc
	handler		50000c70
OBJ 50000ce4 (sz=64, trace=300000, class=java.net.URL@5000011e)
	protocol	50000c66
	host		50000887
	file		50000cfa
	authority	50000887
	path		50000cfa
	handler		50000c70
OBJ 50000ce5 (sz=64, trace=300000, class=java.net.URL@5000011e)
	protocol	50000c66
	host		50000887
	file		50000cf8
	authority	50000887
	path		50000cf8
	handler		50000c70
OBJ 50000ce6 (sz=64, trace=300000, class=java.net.URL@5000011e)
	protocol	50000c66
	host		50000887
	file		50000cf6
	authority	50000887
	path		50000cf6
	handler		50000c70
OBJ 50000ce7 (sz=64, trace=300000, class=java.net.URL@5000011e)
	protocol	50000c66
	host		50000887
	file		50000cf4
	authority	50000887
	path		50000cf4
	handler		50000c70
OBJ 50000ce8 (sz=64, trace=300000, class=java.net.URL@5000011e)
	protocol	50000c66
	host		50000887
	file		50000cf2
	authority	50000887
	path		50000cf2
	handler		50000c70
OBJ 50000ce9 (sz=64, trace=300000, class=java.net.URL@5000011e)
	protocol	50000c66
	host		50000887
	file		50000cf0
	authority	50000887
	path		50000cf0
	handler		50000c70
OBJ 50000cea (sz=64, trace=300000, class=java.net.URL@5000011e)
	protocol	50000c66
	host		50000887
	file		50000cee
	authority	50000887
	path		50000cee
	handler		50000c70
OBJ 50000ceb (sz=64, trace=300000, class=java.net.URL@5000011e)
	protocol	50000c66
	host		50000887
	file		50000cec
	authority	50000887
	path		50000cec
	handler		50000c70
OBJ 50000cec (sz=24, trace=300000, class=java.lang.String@50000173)
	value		50000ced
ARR 50000ced (sz=86, trace=300000, nelems=43, elem type=char[])
OBJ 50000cee (sz=24, trace=300000, class=java.lang.String@50000173)
	value		50000cef
ARR 50000cef (sz=84, trace=300000, nelems=42, elem type=char[])
OBJ 50000cf0 (sz=24, trace=300000, class=java.lang.String@50000173)
	value		50000cf1
ARR 50000cf1 (sz=86, trace=300000, nelems=43, elem type=char[])
OBJ 50000cf2 (sz=24, trace=300000, class=java.lang.String@50000173)
	value		50000cf3
ARR 50000cf3 (sz=84, trace=300000, nelems=42, elem type=char[])
OBJ 50000cf4 (sz=24, trace=300000, class=java.lang.String@50000173)
	value		50000cf5
ARR 50000cf5 (sz=86, trace=300000, nelems=43, elem type=char[])
OBJ 50000cf6 (sz=24, trace=300000, class=java.lang.String@50000173)
	value		50000cf7
ARR 50000cf7 (sz=86, trace=300000, nelems=43, elem type=char[])
OBJ 50000cf8 (sz=24, trace=300000, class=java.lang.String@50000173)
	value		50000cf9
ARR 50000cf9 (sz=82, trace=300000, nelems=41, elem type=char[])
OBJ 50000cfa (sz=24, trace=300000, class=java.lang.String@50000173)
	value		50000cfb
ARR 50000cfb (sz=172, trace=300000, nelems=86, elem type=char[])
OBJ 50000cfc (sz=24, trace=300000, class=java.lang.String@50000173)
	value		50000cfd
ARR 50000cfd (sz=176, trace=300000, nelems=88, elem type=char[])
OBJ 50000cfe (sz=24, trace=300000, class=java.lang.String@50000173)
	value		50000cff
ARR 50000cff (sz=180, trace=300000, nelems=90, elem type=char[])
OBJ 50000d00 (sz=24, trace=300000, class=java.lang.String@50000173)
	value		50000d01
ARR 50000d01 (sz=192, trace=300000, nelems=96, elem type=char[])
OBJ 50000d02 (sz=24, trace=300000, class=java.lang.String@50000173)
	value		50000d03
ARR 50000d03 (sz=182, trace=300000, nelems=91, elem type=char[])
OBJ 50000d04 (sz=24, trace=300000, class=java.lang.String@50000173)
	value		50000d05
ARR 50000d05 (sz=172, trace=300000, nelems=86, elem type=char[])
OBJ 50000d06 (sz=24, trace=300000, class=java.lang.String@50000173)
	value		50000d07
ARR 50000d07 (sz=172, trace=300000, nelems=86, elem type=char[])
OBJ 50000d08 (sz=24, trace=300000, class=java.lang.String@50000173)
	value		50000d09
ARR 50000d09 (sz=178, trace=300000, nelems=89, elem type=char[])
OBJ 50000d0a (sz=24, trace=300000, class=java.lang.String@50000173)
	value		50000d0b
ARR 50000d0b (sz=176, trace=300000, nelems=88, elem type=char[])
OBJ 50000d0c (sz=24, trace=300000, class=java.lang.String@50000173)
	value		50000d0d
ARR 50000d0d (sz=172, trace=300000, nelems=86, elem type=char[])
ARR 50000d0e (sz=96, trace=300000, nelems=0, elem type=java.lang.Object[]@5000010d)
OBJ 50000d0f (sz=24, trace=300000, class=sun.misc.MetaIndex@5000003d)
	contents	50000d10
ARR 50000d10 (sz=24, trace=300000, nelems=2, elem type=java.lang.String[]@500000cd)
	[0]		50000d11
	[1]		50000d12
OBJ 50000d11 (sz=24, trace=300000, class=java.lang.String@50000173)
	value		50000d14
OBJ 50000d12 (sz=24, trace=300000, class=java.lang.String@50000173)
	value		50000d13
ARR 50000d13 (sz=24, trace=300000, nelems=12, elem type=char[])
ARR 50000d14 (sz=108, trace=300000, nelems=54, elem type=char[])
OBJ 50000d15 (sz=24, trace=300000, class=java.lang.String@50000173)
	value		50001204
OBJ 50000d16 (sz=24, trace=300000, class=java.lang.String@50000173)
	value		50000db3
OBJ 50000d17 (sz=24, trace=300000, class=java.lang.String@50000173)
	value		50000db2
OBJ 50000d18 (sz=48, trace=300000, class=java.util.HashMap@500000cb)
	table		50000d19
ARR 50000d19 (sz=80, trace=300000, nelems=14, elem type=java.util.HashMap$Node[]@500000c7)
	[3]		50000d1a
	[4]		50000d1b
	[7]		50000d1c
	[9]		50000d1d
	[10]		50000d1e
	[12]		50000d1f
	[13]		50000d20
OBJ 50000d1a (sz=32, trace=300000, class=java.util.HashMap$Node@500000c9)
	key		50000daa
	value		50000da9
OBJ 50000d1b (sz=32, trace=300000, class=java.util.HashMap$Node@500000c9)
	key		50000d94
	value		50000d93
	next		50000d92
OBJ 50000d1c (sz=32, trace=300000, class=java.util.HashMap$Node@500000c9)
	key		50000d8a
	value		50000d89
OBJ 50000d1d (sz=32, trace=300000, class=java.util.HashMap$Node@500000c9)
	key		50000d7f
	value		50000d7e
OBJ 50000d1e (sz=32, trace=300000, class=java.util.HashMap$Node@500000c9)
	key		50000d6b
	value		50000d6a
	next		50000d69
OBJ 50000d1f (sz=32, trace=300000, class=java.util.HashMap$Node@500000c9)
	key		50000d60
	value		50000d5f
	next		50000d5e
OBJ 50000d20 (sz=32, trace=300000, class=java.util.HashMap$Node@500000c9)
	key		50000d22
	value		50000d21
OBJ 50000d21 (sz=24, trace=300000, class=sun.misc.MetaIndex@5000003d)
	contents	50000d25
OBJ 50000d22 (sz=32, trace=300000, class=java.io.File@50000120)
	path		50000d23
OBJ 50000d23 (sz=24, trace=300000, class=java.lang.String@50000173)
	value		50000d24
ARR 50000d24 (sz=172, trace=300000, nelems=86, elem type=char[])
ARR 50000d25 (sz=128, trace=300000, nelems=28, elem type=java.lang.String[]@500000cd)
	[0]		50000d26
	[1]		50000d27
	[2]		50000d28
	[3]		50000d29
	[4]		50000d2a
	[5]		50000d2b
	[6]		50000d2c
	[7]		50000d2d
	[8]		50000d2e
	[9]		50000d2f
	[10]		50000d30
	[11]		50000d31
	[12]		50000d32
	[13]		50000d33
	[14]		50000d34
	[15]		50000d35
	[16]		50000d36
	[17]		50000d37
	[18]		50000d38
	[19]		50000d39
	[20]		50000d3a
	[21]		50000d3b
	[22]		50000d3c
	[23]		50000d3d
	[24]		50000d3e
	[25]		50000d3f
	[26]		50000d40
	[27]		50000d41
OBJ 50000d26 (sz=24, trace=300000, class=java.lang.String@50000173)
	value		50000d5d
OBJ 50000d27 (sz=24, trace=300000, class=java.lang.String@50000173)
	value		50000d5c
OBJ 50000d28 (sz=24, trace=300000, class=java.lang.String@50000173)
	value		50000d5b
OBJ 50000d29 (sz=24, trace=300000, class=java.lang.String@50000173)
	value		50000d5a
OBJ 50000d2a (sz=24, trace=300000, class=java.lang.String@50000173)
	value		50000d59
OBJ 50000d2b (sz=24, trace=300000, class=java.lang.String@50000173)
	value		50000d58
OBJ 50000d2c (sz=24, trace=300000, class=java.lang.String@50000173)
	value		50000d57
OBJ 50000d2d (sz=24, trace=300000, class=java.lang.String@50000173)
	value		50000d56
OBJ 50000d2e (sz=24, trace=300000, class=java.lang.String@50000173)
	value		50000d55
OBJ 50000d2f (sz=24, trace=300000, class=java.lang.String@50000173)
	value		50000d54
OBJ 50000d30 (sz=24, trace=300000, class=java.lang.String@50000173)
	value		50000d53
OBJ 50000d31 (sz=24, trace=300000, class=java.lang.String@50000173)
	value		50000d52
OBJ 50000d32 (sz=24, trace=300000, class=java.lang.String@50000173)
	value		50000d51
OBJ 50000d33 (sz=24, trace=300000, class=java.lang.String@50000173)
	value		50000d50
OBJ 50000d34 (sz=24, trace=300000, class=java.lang.String@50000173)
	value		50000d4f
OBJ 50000d35 (sz=24, trace=300000, class=java.lang.String@50000173)
	value		50000d4e
OBJ 50000d36 (sz=24, trace=300000, class=java.lang.String@50000173)
	value		50000d4d
OBJ 50000d37 (sz=24, trace=300000, class=java.lang.String@50000173)
	value		50000d4c
OBJ 50000d38 (sz=24, trace=300000, class=java.lang.String@50000173)
	value		50000d4b
OBJ 50000d39 (sz=24, trace=300000, class=java.lang.String@50000173)
	value		50000d4a
OBJ 50000d3a (sz=24, trace=300000, class=java.lang.String@50000173)
	value		50000d49
OBJ 50000d3b (sz=24, trace=300000, class=java.lang.String@50000173)
	value		50000d48
OBJ 50000d3c (sz=24, trace=300000, class=java.lang.String@50000173)
	value		50000d47
OBJ 50000d3d (sz=24, trace=300000, class=java.lang.String@50000173)
	value		50000d46
OBJ 50000d3e (sz=24, trace=300000, class=java.lang.String@50000173)
	value		50000d45
OBJ 50000d3f (sz=24, trace=300000, class=java.lang.String@50000173)
	value		50000d44
OBJ 50000d40 (sz=24, trace=300000, class=java.lang.String@50000173)
	value		50000d43
OBJ 50000d41 (sz=24, trace=300000, class=java.lang.String@50000173)
	value		50000d42
ARR 50000d42 (sz=40, trace=300000, nelems=20, elem type=char[])
ARR 50000d43 (sz=24, trace=300000, nelems=12, elem type=char[])
ARR 50000d44 (sz=26, trace=300000, nelems=13, elem type=char[])
ARR 50000d45 (sz=26, trace=300000, nelems=13, elem type=char[])
ARR 50000d46 (sz=26, trace=300000, nelems=13, elem type=char[])
ARR 50000d47 (sz=32, trace=300000, nelems=16, elem type=char[])
ARR 50000d48 (sz=24, trace=300000, nelems=12, elem type=char[])
ARR 50000d49 (sz=26, trace=300000, nelems=13, elem type=char[])
ARR 50000d4a (sz=38, trace=300000, nelems=19, elem type=char[])
ARR 50000d4b (sz=22, trace=300000, nelems=11, elem type=char[])
ARR 50000d4c (sz=36, trace=300000, nelems=18, elem type=char[])
ARR 50000d4d (sz=38, trace=300000, nelems=19, elem type=char[])
ARR 50000d4e (sz=26, trace=300000, nelems=13, elem type=char[])
ARR 50000d4f (sz=38, trace=300000, nelems=19, elem type=char[])
ARR 50000d50 (sz=34, trace=300000, nelems=17, elem type=char[])
ARR 50000d51 (sz=30, trace=300000, nelems=15, elem type=char[])
ARR 50000d52 (sz=34, trace=300000, nelems=17, elem type=char[])
ARR 50000d53 (sz=28, trace=300000, nelems=14, elem type=char[])
ARR 50000d54 (sz=30, trace=300000, nelems=15, elem type=char[])
ARR 50000d55 (sz=38, trace=300000, nelems=19, elem type=char[])
ARR 50000d56 (sz=54, trace=300000, nelems=27, elem type=char[])
ARR 50000d57 (sz=46, trace=300000, nelems=23, elem type=char[])
ARR 50000d58 (sz=30, trace=300000, nelems=15, elem type=char[])
ARR 50000d59 (sz=40, trace=300000, nelems=20, elem type=char[])
ARR 50000d5a (sz=34, trace=300000, nelems=17, elem type=char[])
ARR 50000d5b (sz=42, trace=300000, nelems=21, elem type=char[])
ARR 50000d5c (sz=66, trace=300000, nelems=33, elem type=char[])
ARR 50000d5d (sz=38, trace=300000, nelems=19, elem type=char[])
OBJ 50000d5e (sz=32, trace=300000, class=java.util.HashMap$Node@500000c9)
	key		50000d66
	value		50000d0f
OBJ 50000d5f (sz=24, trace=300000, class=sun.misc.MetaIndex@5000003d)
	contents	50000d63
OBJ 50000d60 (sz=32, trace=300000, class=java.io.File@50000120)
	path		50000d61
OBJ 50000d61 (sz=24, trace=300000, class=java.lang.String@50000173)
	value		50000d62
ARR 50000d62 (sz=176, trace=300000, nelems=88, elem type=char[])
ARR 50000d63 (sz=24, trace=300000, nelems=1, elem type=java.lang.String[]@500000cd)
	[0]		50000d64
OBJ 50000d64 (sz=24, trace=300000, class=java.lang.String@50000173)
	value		50000d65
ARR 50000d65 (sz=54, trace=300000, nelems=27, elem type=char[])
OBJ 50000d66 (sz=32, trace=300000, class=java.io.File@50000120)
	path		50000d67
OBJ 50000d67 (sz=24, trace=300000, class=java.lang.String@50000173)
	value		50000d68
ARR 50000d68 (sz=172, trace=300000, nelems=86, elem type=char[])
OBJ 50000d69 (sz=32, trace=300000, class=java.util.HashMap$Node@500000c9)
	key		50000d74
	value		50000d73
OBJ 50000d6a (sz=24, trace=300000, class=sun.misc.MetaIndex@5000003d)
	contents	50000d6e
OBJ 50000d6b (sz=32, trace=300000, class=java.io.File@50000120)
	path		50000d6c
OBJ 50000d6c (sz=24, trace=300000, class=java.lang.String@50000173)
	value		50000d6d
ARR 50000d6d (sz=172, trace=300000, nelems=86, elem type=char[])
ARR 50000d6e (sz=24, trace=300000, nelems=2, elem type=java.lang.String[]@500000cd)
	[0]		50000d6f
	[1]		50000d70
OBJ 50000d6f (sz=24, trace=300000, class=java.lang.String@50000173)
	value		50000d72
OBJ 50000d70 (sz=24, trace=300000, class=java.lang.String@50000173)
	value		50000d71
ARR 50000d71 (sz=14, trace=300000, nelems=7, elem type=char[])
ARR 50000d72 (sz=126, trace=300000, nelems=63, elem type=char[])
OBJ 50000d73 (sz=24, trace=300000, class=sun.misc.MetaIndex@5000003d)
	contents	50000d77
OBJ 50000d74 (sz=32, trace=300000, class=java.io.File@50000120)
	path		50000d75
OBJ 50000d75 (sz=24, trace=300000, class=java.lang.String@50000173)
	value		50000d76
ARR 50000d76 (sz=192, trace=300000, nelems=96, elem type=char[])
ARR 50000d77 (sz=32, trace=300000, nelems=3, elem type=java.lang.String[]@500000cd)
	[0]		50000d78
	[1]		50000d79
	[2]		50000d7a
OBJ 50000d78 (sz=24, trace=300000, class=java.lang.String@50000173)
	value		50000d7d
OBJ 50000d79 (sz=24, trace=300000, class=java.lang.String@50000173)
	value		50000d7c
OBJ 50000d7a (sz=24, trace=300000, class=java.lang.String@50000173)
	value		50000d7b
ARR 50000d7b (sz=40, trace=300000, nelems=20, elem type=char[])
ARR 50000d7c (sz=42, trace=300000, nelems=21, elem type=char[])
ARR 50000d7d (sz=30, trace=300000, nelems=15, elem type=char[])
OBJ 50000d7e (sz=24, trace=300000, class=sun.misc.MetaIndex@5000003d)
	contents	50000d82
OBJ 50000d7f (sz=32, trace=300000, class=java.io.File@50000120)
	path		50000d80
OBJ 50000d80 (sz=24, trace=300000, class=java.lang.String@50000173)
	value		50000d81
ARR 50000d81 (sz=180, trace=300000, nelems=90, elem type=char[])
ARR 50000d82 (sz=32, trace=300000, nelems=3, elem type=java.lang.String[]@500000cd)
	[0]		50000d83
	[1]		50000d84
	[2]		50000d85
OBJ 50000d83 (sz=24, trace=300000, class=java.lang.String@50000173)
	value		50000d88
OBJ 50000d84 (sz=24, trace=300000, class=java.lang.String@50000173)
	value		50000d87
OBJ 50000d85 (sz=24, trace=300000, class=java.lang.String@50000173)
	value		50000d86
ARR 50000d86 (sz=40, trace=300000, nelems=20, elem type=char[])
ARR 50000d87 (sz=42, trace=300000, nelems=21, elem type=char[])
ARR 50000d88 (sz=24, trace=300000, nelems=12, elem type=char[])
OBJ 50000d89 (sz=24, trace=300000, class=sun.misc.MetaIndex@5000003d)
	contents	50000d8d
OBJ 50000d8a (sz=32, trace=300000, class=java.io.File@50000120)
	path		50000d8b
OBJ 50000d8b (sz=24, trace=300000, class=java.lang.String@50000173)
	value		50000d8c
ARR 50000d8c (sz=182, trace=300000, nelems=91, elem type=char[])
ARR 50000d8d (sz=24, trace=300000, nelems=2, elem type=java.lang.String[]@500000cd)
	[0]		50000d8e
	[1]		50000d8f
OBJ 50000d8e (sz=24, trace=300000, class=java.lang.String@50000173)
	value		50000d91
OBJ 50000d8f (sz=24, trace=300000, class=java.lang.String@50000173)
	value		50000d90
ARR 50000d90 (sz=16, trace=300000, nelems=8, elem type=char[])
ARR 50000d91 (sz=16, trace=300000, nelems=8, elem type=char[])
OBJ 50000d92 (sz=32, trace=300000, class=java.util.HashMap$Node@500000c9)
	key		50000d9f
	value		50000d9e
OBJ 50000d93 (sz=24, trace=300000, class=sun.misc.MetaIndex@5000003d)
	contents	50000d97
OBJ 50000d94 (sz=32, trace=300000, class=java.io.File@50000120)
	path		50000d95
OBJ 50000d95 (sz=24, trace=300000, class=java.lang.String@50000173)
	value		50000d96
ARR 50000d96 (sz=176, trace=300000, nelems=88, elem type=char[])
ARR 50000d97 (sz=32, trace=300000, nelems=3, elem type=java.lang.String[]@500000cd)
	[0]		50000d98
	[1]		50000d99
	[2]		50000d9a
OBJ 50000d98 (sz=24, trace=300000, class=java.lang.String@50000173)
	value		50000d9d
OBJ 50000d99 (sz=24, trace=300000, class=java.lang.String@50000173)
	value		50000d9c
OBJ 50000d9a (sz=24, trace=300000, class=java.lang.String@50000173)
	value		50000d9b
ARR 50000d9b (sz=24, trace=300000, nelems=12, elem type=char[])
ARR 50000d9c (sz=100, trace=300000, nelems=50, elem type=char[])
ARR 50000d9d (sz=22, trace=300000, nelems=11, elem type=char[])
OBJ 50000d9e (sz=24, trace=300000, class=sun.misc.MetaIndex@5000003d)
	contents	50000da2
OBJ 50000d9f (sz=32, trace=300000, class=java.io.File@50000120)
	path		50000da0
OBJ 50000da0 (sz=24, trace=300000, class=java.lang.String@50000173)
	value		50000da1
ARR 50000da1 (sz=172, trace=300000, nelems=86, elem type=char[])
ARR 50000da2 (sz=32, trace=300000, nelems=3, elem type=java.lang.String[]@500000cd)
	[0]		50000da3
	[1]		50000da4
	[2]		50000da5
OBJ 50000da3 (sz=24, trace=300000, class=java.lang.String@50000173)
	value		50000da8
OBJ 50000da4 (sz=24, trace=300000, class=java.lang.String@50000173)
	value		50000da7
OBJ 50000da5 (sz=24, trace=300000, class=java.lang.String@50000173)
	value		50000da6
ARR 50000da6 (sz=40, trace=300000, nelems=20, elem type=char[])
ARR 50000da7 (sz=42, trace=300000, nelems=21, elem type=char[])
ARR 50000da8 (sz=24, trace=300000, nelems=12, elem type=char[])
OBJ 50000da9 (sz=24, trace=300000, class=sun.misc.MetaIndex@5000003d)
	contents	50000dad
OBJ 50000daa (sz=32, trace=300000, class=java.io.File@50000120)
	path		50000dab
OBJ 50000dab (sz=24, trace=300000, class=java.lang.String@50000173)
	value		50000dac
ARR 50000dac (sz=178, trace=300000, nelems=89, elem type=char[])
ARR 50000dad (sz=24, trace=300000, nelems=2, elem type=java.lang.String[]@500000cd)
	[0]		50000dae
	[1]		50000daf
OBJ 50000dae (sz=24, trace=300000, class=java.lang.String@50000173)
	value		50000db1
OBJ 50000daf (sz=24, trace=300000, class=java.lang.String@50000173)
	value		50000db0
ARR 50000db0 (sz=16, trace=300000, nelems=8, elem type=char[])
ARR 50000db1 (sz=16, trace=300000, nelems=8, elem type=char[])
ARR 50000db2 (sz=12, trace=300000, nelems=6, elem type=char[])
ARR 50000db3 (sz=22, trace=300000, nelems=11, elem type=char[])
OBJ 50000db4 (sz=24, trace=300000, class=java.lang.String@50000173)
	value		50000dc0
OBJ 50000db5 (sz=24, trace=300000, class=java.lang.String@50000173)
	value		50000dbf
OBJ 50000db6 (sz=24, trace=300000, class=java.lang.String@50000173)
	value		50000dbe
OBJ 50000db7 (sz=24, trace=300000, class=java.lang.String@50000173)
	value		50000dbd
OBJ 50000db8 (sz=16, trace=300000, class=java.nio.charset.CoderResult$2@50000031)
OBJ 50000db9 (sz=16, trace=300000, class=java.nio.charset.CoderResult$1@50000032)
OBJ 50000dba (sz=24, trace=300000, class=java.nio.charset.CoderResult@50000034)
OBJ 50000dbb (sz=24, trace=300000, class=java.nio.charset.CoderResult@50000034)
ARR 50000dbc (sz=32, trace=300000, nelems=4, elem type=java.lang.String[]@500000cd)
	[0]		50000db4
	[1]		50000db5
	[2]		50000db6
	[3]		50000db7
ARR 50000dbd (sz=20, trace=300000, nelems=10, elem type=char[])
ARR 50000dbe (sz=18, trace=300000, nelems=9, elem type=char[])
ARR 50000dbf (sz=16, trace=300000, nelems=8, elem type=char[])
ARR 50000dc0 (sz=18, trace=300000, nelems=9, elem type=char[])
OBJ 50000dc1 (sz=24, trace=300000, class=java.lang.String@50000173)
	value		50000dc5
OBJ 50000dc2 (sz=24, trace=300000, class=java.lang.String@50000173)
	value		50000dc6
OBJ 50000dc3 (sz=16, trace=300000, class=java.nio.ByteOrder@5000006e)
	name		50000dc2
OBJ 50000dc4 (sz=16, trace=300000, class=java.nio.ByteOrder@5000006e)
	name		50000dc1
ARR 50000dc5 (sz=20, trace=300000, nelems=10, elem type=char[])
ARR 50000dc6 (sz=26, trace=300000, nelems=13, elem type=char[])
OBJ 50000dc7 (sz=24, trace=300000, class=java.lang.String@50000173)
	value		50000dd3
OBJ 50000dc8 (sz=24, trace=300000, class=java.lang.String@50000173)
	value		50000dd2
OBJ 50000dc9 (sz=24, trace=300000, class=java.lang.String@50000173)
	value		50000dd1
OBJ 50000dca (sz=24, trace=300000, class=java.lang.String@50000173)
	value		50000dd0
OBJ 50000dcb (sz=24, trace=300000, class=java.lang.String@50000173)
	value		50000dcf
OBJ 50000dcc (sz=24, trace=300000, class=java.util.concurrent.atomic.AtomicLong@5000006d)
OBJ 50000dcd (sz=24, trace=300000, class=java.util.concurrent.atomic.AtomicLong@5000006d)
OBJ 50000dce (sz=24, trace=300000, class=java.util.concurrent.atomic.AtomicLong@5000006d)
ARR 50000dcf (sz=12, trace=300000, nelems=6, elem type=char[])
ARR 50000dd0 (sz=10, trace=300000, nelems=5, elem type=char[])
ARR 50000dd1 (sz=6, trace=300000, nelems=3, elem type=char[])
ARR 50000dd2 (sz=8, trace=300000, nelems=4, elem type=char[])
ARR 50000dd3 (sz=14, trace=300000, nelems=7, elem type=char[])
OBJ 50000dd4 (sz=24, trace=300000, class=java.lang.String@50000173)
	value		500011f1
OBJ 50000dd5 (sz=24, trace=300000, class=java.lang.String@50000173)
	value		50001203
OBJ 50000dd6 (sz=24, trace=300000, class=java.lang.String@50000173)
	value		50000dde
OBJ 50000dd7 (sz=24, trace=300000, class=java.lang.String@50000173)
	value		50000ddd
OBJ 50000dd8 (sz=24, trace=300000, class=java.lang.String@50000173)
	value		50000ddc
OBJ 50000dd9 (sz=24, trace=300000, class=java.lang.String@50000173)
	value		50000ddb
ARR 50000dda (sz=32, trace=300000, nelems=4, elem type=java.lang.String[]@500000cd)
	[0]		50000dd6
	[1]		50000dd7
	[2]		50000dd8
	[3]		50000dd9
ARR 50000ddb (sz=14, trace=300000, nelems=7, elem type=char[])
ARR 50000ddc (sz=20, trace=300000, nelems=10, elem type=char[])
ARR 50000ddd (sz=12, trace=300000, nelems=6, elem type=char[])
ARR 50000dde (sz=10, trace=300000, nelems=5, elem type=char[])
OBJ 50000ddf (sz=24, trace=300000, class=java.lang.String@50000173)
	value		50001202
OBJ 50000de0 (sz=24, trace=300000, class=java.lang.String@50000173)
	value		50001201
OBJ 50000de1 (sz=24, trace=300000, class=sun.nio.cs.UTF_8@500000a4)
	name		500011e5
	aliases		500011a4
OBJ 50000de2 (sz=16, trace=300000, class=java.lang.ThreadLocal@500000b9)
OBJ 50000de3 (sz=32, trace=300000, class=sun.nio.cs.StandardCharsets@500000be)
	classMap	50000de7
	aliasMap	50000de6
	cache		50000de5
	packagePrefix	50000de4
OBJ 50000de4 (sz=24, trace=300000, class=java.lang.String@50000173)
	value		500011e1
OBJ 50000de5 (sz=40, trace=300000, class=sun.nio.cs.StandardCharsets$Cache@500000ba)
	ht		50001114
OBJ 50000de6 (sz=40, trace=300000, class=sun.nio.cs.StandardCharsets$Aliases@500000bc)
	ht		50000eac
OBJ 50000de7 (sz=40, trace=300000, class=sun.nio.cs.StandardCharsets$Classes@500000bb)
	ht		50000de8
ARR 50000de8 (sz=144, trace=300000, nelems=32, elem type=java.lang.Object[]@5000010d)
	[0]		50000de9
	[2]		50000dea
	[3]		50000deb
	[4]		50000dec
	[5]		50000ded
	[6]		50000dee
	[7]		50000def
	[8]		50000df0
	[9]		50000df1
	[10]		50000df2
	[11]		50000df3
	[12]		50000df4
	[14]		50000df5
	[15]		50000df6
	[16]		50000df7
	[17]		50000df8
	[18]		50000df9
	[19]		50000dfa
	[22]		50000dfb
	[23]		50000dfc
	[24]		50000dfd
	[28]		50000dfe
	[29]		50000dff
	[31]		50000e00
ARR 50000de9 (sz=24, trace=300000, nelems=2, elem type=java.lang.Object[]@5000010d)
	[0]		50000ea8
	[1]		50000ea9
ARR 50000dea (sz=32, trace=300000, nelems=3, elem type=java.lang.Object[]@5000010d)
	[0]		50000e9a
	[1]		50000e9b
	[2]		50000e9c
ARR 50000deb (sz=32, trace=300000, nelems=3, elem type=java.lang.Object[]@5000010d)
	[0]		50000e91
	[1]		50000e92
	[2]		50000e93
ARR 50000dec (sz=32, trace=300000, nelems=3, elem type=java.lang.Object[]@5000010d)
	[0]		50000e83
	[1]		50000e84
	[2]		50000e85
ARR 50000ded (sz=32, trace=300000, nelems=3, elem type=java.lang.Object[]@5000010d)
	[0]		50000e7a
	[1]		50000e7b
	[2]		50000e7c
ARR 50000dee (sz=24, trace=300000, nelems=2, elem type=java.lang.Object[]@5000010d)
	[0]		50000e76
	[1]		50000e77
ARR 50000def (sz=24, trace=300000, nelems=2, elem type=java.lang.Object[]@5000010d)
	[0]		50000e72
	[1]		50000e73
ARR 50000df0 (sz=32, trace=300000, nelems=3, elem type=java.lang.Object[]@5000010d)
	[0]		50000e69
	[1]		50000e6a
	[2]		50000e6b
ARR 50000df1 (sz=32, trace=300000, nelems=3, elem type=java.lang.Object[]@5000010d)
	[0]		50000e60
	[1]		50000e61
	[2]		50000e62
ARR 50000df2 (sz=24, trace=300000, nelems=2, elem type=java.lang.Object[]@5000010d)
	[0]		50000e5c
	[1]		50000e5d
ARR 50000df3 (sz=32, trace=300000, nelems=3, elem type=java.lang.Object[]@5000010d)
	[0]		50000e53
	[1]		50000e54
	[2]		50000e55
ARR 50000df4 (sz=24, trace=300000, nelems=2, elem type=java.lang.Object[]@5000010d)
	[0]		50000e4f
	[1]		50000e50
ARR 50000df5 (sz=24, trace=300000, nelems=2, elem type=java.lang.Object[]@5000010d)
	[0]		50000e4b
	[1]		50000e4c
ARR 50000df6 (sz=24, trace=300000, nelems=2, elem type=java.lang.Object[]@5000010d)
	[0]		50000e47
	[1]		50000e48
ARR 50000df7 (sz=32, trace=300000, nelems=3, elem type=java.lang.Object[]@5000010d)
	[0]		50000e3e
	[1]		50000e3f
	[2]		50000e40
ARR 50000df8 (sz=32, trace=300000, nelems=3, elem type=java.lang.Object[]@5000010d)
	[0]		50000e35
	[1]		50000e36
	[2]		50000e37
ARR 50000df9 (sz=32, trace=300000, nelems=3, elem type=java.lang.Object[]@5000010d)
	[0]		50000e27
	[1]		50000e28
	[2]		50000e29
ARR 50000dfa (sz=32, trace=300000, nelems=3, elem type=java.lang.Object[]@5000010d)
	[0]		50000e19
	[1]		50000e1a
	[2]		50000e1b
ARR 50000dfb (sz=24, trace=300000, nelems=2, elem type=java.lang.Object[]@5000010d)
	[0]		50000e15
	[1]		50000e16
ARR 50000dfc (sz=24, trace=300000, nelems=2, elem type=java.lang.Object[]@5000010d)
	[0]		50000e11
	[1]		50000e12
ARR 50000dfd (sz=24, trace=300000, nelems=2, elem type=java.lang.Object[]@5000010d)
	[0]		50000e0d
	[1]		50000e0e
ARR 50000dfe (sz=24, trace=300000, nelems=2, elem type=java.lang.Object[]@5000010d)
	[0]		50000e09
	[1]		50000e0a
ARR 50000dff (sz=24, trace=300000, nelems=2, elem type=java.lang.Object[]@5000010d)
	[0]		50000e05
	[1]		50000e06
ARR 50000e00 (sz=24, trace=300000, nelems=2, elem type=java.lang.Object[]@5000010d)
	[0]		50000e01
	[1]		50000e02
OBJ 50000e01 (sz=24, trace=300000, class=java.lang.String@50000173)
	value		50000e04
OBJ 50000e02 (sz=24, trace=300000, class=java.lang.String@50000173)
	value		50000e03
ARR 50000e03 (sz=16, trace=300000, nelems=8, elem type=char[])
ARR 50000e04 (sz=16, trace=300000, nelems=8, elem type=char[])
OBJ 50000e05 (sz=24, trace=300000, class=java.lang.String@50000173)
	value		50000e08
OBJ 50000e06 (sz=24, trace=300000, class=java.lang.String@50000173)
	value		50000e07
ARR 50000e07 (sz=12, trace=300000, nelems=6, elem type=char[])
ARR 50000e08 (sz=12, trace=300000, nelems=6, elem type=char[])
OBJ 50000e09 (sz=24, trace=300000, class=java.lang.String@50000173)
	value		50000e0c
OBJ 50000e0a (sz=24, trace=300000, class=java.lang.String@50000173)
	value		50000e0b
ARR 50000e0b (sz=12, trace=300000, nelems=6, elem type=char[])
ARR 50000e0c (sz=12, trace=300000, nelems=6, elem type=char[])
OBJ 50000e0d (sz=24, trace=300000, class=java.lang.String@50000173)
	value		50000e10
OBJ 50000e0e (sz=24, trace=300000, class=java.lang.String@50000173)
	value		50000e0f
ARR 50000e0f (sz=24, trace=300000, nelems=12, elem type=char[])
ARR 50000e10 (sz=28, trace=300000, nelems=14, elem type=char[])
OBJ 50000e11 (sz=24, trace=300000, class=java.lang.String@50000173)
	value		50000e14
OBJ 50000e12 (sz=24, trace=300000, class=java.lang.String@50000173)
	value		50000e13
ARR 50000e13 (sz=12, trace=300000, nelems=6, elem type=char[])
ARR 50000e14 (sz=12, trace=300000, nelems=6, elem type=char[])
OBJ 50000e15 (sz=24, trace=300000, class=java.lang.String@50000173)
	value		50000e18
OBJ 50000e16 (sz=24, trace=300000, class=java.lang.String@50000173)
	value		50000e17
ARR 50000e17 (sz=24, trace=300000, nelems=12, elem type=char[])
ARR 50000e18 (sz=28, trace=300000, nelems=14, elem type=char[])
OBJ 50000e19 (sz=24, trace=300000, class=java.lang.String@50000173)
	value		50000e26
OBJ 50000e1a (sz=24, trace=300000, class=java.lang.String@50000173)
	value		50000e25
ARR 50000e1b (sz=32, trace=300000, nelems=3, elem type=java.lang.Object[]@5000010d)
	[0]		50000e1c
	[1]		50000e1d
	[2]		50000e1e
OBJ 50000e1c (sz=24, trace=300000, class=java.lang.String@50000173)
	value		50000e24
OBJ 50000e1d (sz=24, trace=300000, class=java.lang.String@50000173)
	value		50000e23
ARR 50000e1e (sz=24, trace=300000, nelems=2, elem type=java.lang.Object[]@5000010d)
	[0]		50000e1f
	[1]		50000e20
OBJ 50000e1f (sz=24, trace=300000, class=java.lang.String@50000173)
	value		50000e22
OBJ 50000e20 (sz=24, trace=300000, class=java.lang.String@50000173)
	value		50000e21
ARR 50000e21 (sz=24, trace=300000, nelems=12, elem type=char[])
ARR 50000e22 (sz=28, trace=300000, nelems=14, elem type=char[])
ARR 50000e23 (sz=12, trace=300000, nelems=6, elem type=char[])
ARR 50000e24 (sz=12, trace=300000, nelems=6, elem type=char[])
ARR 50000e25 (sz=12, trace=300000, nelems=6, elem type=char[])
ARR 50000e26 (sz=16, trace=300000, nelems=8, elem type=char[])
OBJ 50000e27 (sz=24, trace=300000, class=java.lang.String@50000173)
	value		50000e34
OBJ 50000e28 (sz=24, trace=300000, class=java.lang.String@50000173)
	value		50000e33
ARR 50000e29 (sz=32, trace=300000, nelems=3, elem type=java.lang.Object[]@5000010d)
	[0]		50000e2a
	[1]		50000e2b
	[2]		50000e2c
OBJ 50000e2a (sz=24, trace=300000, class=java.lang.String@50000173)
	value		50000e32
OBJ 50000e2b (sz=24, trace=300000, class=java.lang.String@50000173)
	value		50000e31
ARR 50000e2c (sz=24, trace=300000, nelems=2, elem type=java.lang.Object[]@5000010d)
	[0]		50000e2d
	[1]		50000e2e
OBJ 50000e2d (sz=24, trace=300000, class=java.lang.String@50000173)
	value		50000e30
OBJ 50000e2e (sz=24, trace=300000, class=java.lang.String@50000173)
	value		50000e2f
ARR 50000e2f (sz=22, trace=300000, nelems=11, elem type=char[])
ARR 50000e30 (sz=22, trace=300000, nelems=11, elem type=char[])
ARR 50000e31 (sz=12, trace=300000, nelems=6, elem type=char[])
ARR 50000e32 (sz=12, trace=300000, nelems=6, elem type=char[])
ARR 50000e33 (sz=12, trace=300000, nelems=6, elem type=char[])
ARR 50000e34 (sz=12, trace=300000, nelems=6, elem type=char[])
OBJ 50000e35 (sz=24, trace=300000, class=java.lang.String@50000173)
	value		50000e3d
OBJ 50000e36 (sz=24, trace=300000, class=java.lang.String@50000173)
	value		50000e3c
ARR 50000e37 (sz=24, trace=300000, nelems=2, elem type=java.lang.Object[]@5000010d)
	[0]		50000e38
	[1]		50000e39
OBJ 50000e38 (sz=24, trace=300000, class=java.lang.String@50000173)
	value		50000e3b
OBJ 50000e39 (sz=24, trace=300000, class=java.lang.String@50000173)
	value		50000e3a
ARR 50000e3a (sz=16, trace=300000, nelems=8, elem type=char[])
ARR 50000e3b (sz=16, trace=300000, nelems=8, elem type=char[])
ARR 50000e3c (sz=22, trace=300000, nelems=11, elem type=char[])
ARR 50000e3d (sz=22, trace=300000, nelems=11, elem type=char[])
OBJ 50000e3e (sz=24, trace=300000, class=java.lang.String@50000173)
	value		50000e46
OBJ 50000e3f (sz=24, trace=300000, class=java.lang.String@50000173)
	value		50000e45
ARR 50000e40 (sz=24, trace=300000, nelems=2, elem type=java.lang.Object[]@5000010d)
	[0]		50000e41
	[1]		50000e42
OBJ 50000e41 (sz=24, trace=300000, class=java.lang.String@50000173)
	value		50000e44
OBJ 50000e42 (sz=24, trace=300000, class=java.lang.String@50000173)
	value		50000e43
ARR 50000e43 (sz=12, trace=300000, nelems=6, elem type=char[])
ARR 50000e44 (sz=12, trace=300000, nelems=6, elem type=char[])
ARR 50000e45 (sz=12, trace=300000, nelems=6, elem type=char[])
ARR 50000e46 (sz=12, trace=300000, nelems=6, elem type=char[])
OBJ 50000e47 (sz=24, trace=300000, class=java.lang.String@50000173)
	value		50000e4a
OBJ 50000e48 (sz=24, trace=300000, class=java.lang.String@50000173)
	value		50000e49
ARR 50000e49 (sz=12, trace=300000, nelems=6, elem type=char[])
ARR 50000e4a (sz=12, trace=300000, nelems=6, elem type=char[])
OBJ 50000e4b (sz=24, trace=300000, class=java.lang.String@50000173)
	value		50000e4e
OBJ 50000e4c (sz=24, trace=300000, class=java.lang.String@50000173)
	value		50000e4d
ARR 50000e4d (sz=12, trace=300000, nelems=6, elem type=char[])
ARR 50000e4e (sz=16, trace=300000, nelems=8, elem type=char[])
OBJ 50000e4f (sz=24, trace=300000, class=java.lang.String@50000173)
	value		50000e52
OBJ 50000e50 (sz=24, trace=300000, class=java.lang.String@50000173)
	value		50000e51
ARR 50000e51 (sz=20, trace=300000, nelems=10, elem type=char[])
ARR 50000e52 (sz=20, trace=300000, nelems=10, elem type=char[])
OBJ 50000e53 (sz=24, trace=300000, class=java.lang.String@50000173)
	value		50000e5b
OBJ 50000e54 (sz=24, trace=300000, class=java.lang.String@50000173)
	value		50000e5a
ARR 50000e55 (sz=24, trace=300000, nelems=2, elem type=java.lang.Object[]@5000010d)
	[0]		50000e56
	[1]		50000e57
OBJ 50000e56 (sz=24, trace=300000, class=java.lang.String@50000173)
	value		50000e59
OBJ 50000e57 (sz=24, trace=300000, class=java.lang.String@50000173)
	value		50000e58
ARR 50000e58 (sz=20, trace=300000, nelems=10, elem type=char[])
ARR 50000e59 (sz=20, trace=300000, nelems=10, elem type=char[])
ARR 50000e5a (sz=12, trace=300000, nelems=6, elem type=char[])
ARR 50000e5b (sz=16, trace=300000, nelems=8, elem type=char[])
OBJ 50000e5c (sz=24, trace=300000, class=java.lang.String@50000173)
	value		50000e5f
OBJ 50000e5d (sz=24, trace=300000, class=java.lang.String@50000173)
	value		50000e5e
ARR 50000e5e (sz=20, trace=300000, nelems=10, elem type=char[])
ARR 50000e5f (sz=20, trace=300000, nelems=10, elem type=char[])
OBJ 50000e60 (sz=24, trace=300000, class=java.lang.String@50000173)
	value		50000e68
OBJ 50000e61 (sz=24, trace=300000, class=java.lang.String@50000173)
	value		50000e67
ARR 50000e62 (sz=24, trace=300000, nelems=2, elem type=java.lang.Object[]@5000010d)
	[0]		50000e63
	[1]		50000e64
OBJ 50000e63 (sz=24, trace=300000, class=java.lang.String@50000173)
	value		50000e66
OBJ 50000e64 (sz=24, trace=300000, class=java.lang.String@50000173)
	value		50000e65
ARR 50000e65 (sz=10, trace=300000, nelems=5, elem type=char[])
ARR 50000e66 (sz=10, trace=300000, nelems=5, elem type=char[])
ARR 50000e67 (sz=20, trace=300000, nelems=10, elem type=char[])
ARR 50000e68 (sz=20, trace=300000, nelems=10, elem type=char[])
OBJ 50000e69 (sz=24, trace=300000, class=java.lang.String@50000173)
	value		50000e71
OBJ 50000e6a (sz=24, trace=300000, class=java.lang.String@50000173)
	value		50000e70
ARR 50000e6b (sz=24, trace=300000, nelems=2, elem type=java.lang.Object[]@5000010d)
	[0]		50000e6c
	[1]		50000e6d
OBJ 50000e6c (sz=24, trace=300000, class=java.lang.String@50000173)
	value		50000e6f
OBJ 50000e6d (sz=24, trace=300000, class=java.lang.String@50000173)
	value		50000e6e
ARR 50000e6e (sz=20, trace=300000, nelems=10, elem type=char[])
ARR 50000e6f (sz=20, trace=300000, nelems=10, elem type=char[])
ARR 50000e70 (sz=20, trace=300000, nelems=10, elem type=char[])
ARR 50000e71 (sz=20, trace=300000, nelems=10, elem type=char[])
OBJ 50000e72 (sz=24, trace=300000, class=java.lang.String@50000173)
	value		50000e75
OBJ 50000e73 (sz=24, trace=300000, class=java.lang.String@50000173)
	value		50000e74
ARR 50000e74 (sz=16, trace=300000, nelems=8, elem type=char[])
ARR 50000e75 (sz=16, trace=300000, nelems=8, elem type=char[])
OBJ 50000e76 (sz=24, trace=300000, class=java.lang.String@50000173)
	value		50000e79
OBJ 50000e77 (sz=24, trace=300000, class=java.lang.String@50000173)
	value		50000e78
ARR 50000e78 (sz=12, trace=300000, nelems=6, elem type=char[])
ARR 50000e79 (sz=24, trace=300000, nelems=12, elem type=char[])
OBJ 50000e7a (sz=24, trace=300000, class=java.lang.String@50000173)
	value		50000e82
OBJ 50000e7b (sz=24, trace=300000, class=java.lang.String@50000173)
	value		50000e81
ARR 50000e7c (sz=24, trace=300000, nelems=2, elem type=java.lang.Object[]@5000010d)
	[0]		50000e7d
	[1]		50000e7e
OBJ 50000e7d (sz=24, trace=300000, class=java.lang.String@50000173)
	value		50000e80
OBJ 50000e7e (sz=24, trace=300000, class=java.lang.String@50000173)
	value		50000e7f
ARR 50000e7f (sz=12, trace=300000, nelems=6, elem type=char[])
ARR 50000e80 (sz=12, trace=300000, nelems=6, elem type=char[])
ARR 50000e81 (sz=12, trace=300000, nelems=6, elem type=char[])
ARR 50000e82 (sz=24, trace=300000, nelems=12, elem type=char[])
OBJ 50000e83 (sz=24, trace=300000, class=java.lang.String@50000173)
	value		50000e90
OBJ 50000e84 (sz=24, trace=300000, class=java.lang.String@50000173)
	value		50000e8f
ARR 50000e85 (sz=32, trace=300000, nelems=3, elem type=java.lang.Object[]@5000010d)
	[0]		50000e86
	[1]		50000e87
	[2]		50000e88
OBJ 50000e86 (sz=24, trace=300000, class=java.lang.String@50000173)
	value		50000e8e
OBJ 50000e87 (sz=24, trace=300000, class=java.lang.String@50000173)
	value		50000e8d
ARR 50000e88 (sz=24, trace=300000, nelems=2, elem type=java.lang.Object[]@5000010d)
	[0]		50000e89
	[1]		50000e8a
OBJ 50000e89 (sz=24, trace=300000, class=java.lang.String@50000173)
	value		50000e8c
OBJ 50000e8a (sz=24, trace=300000, class=java.lang.String@50000173)
	value		50000e8b
ARR 50000e8b (sz=16, trace=300000, nelems=8, elem type=char[])
ARR 50000e8c (sz=16, trace=300000, nelems=8, elem type=char[])
ARR 50000e8d (sz=12, trace=300000, nelems=6, elem type=char[])
ARR 50000e8e (sz=24, trace=300000, nelems=12, elem type=char[])
ARR 50000e8f (sz=12, trace=300000, nelems=6, elem type=char[])
ARR 50000e90 (sz=24, trace=300000, nelems=12, elem type=char[])
OBJ 50000e91 (sz=24, trace=300000, class=java.lang.String@50000173)
	value		50000e99
OBJ 50000e92 (sz=24, trace=300000, class=java.lang.String@50000173)
	value		50000e98
ARR 50000e93 (sz=24, trace=300000, nelems=2, elem type=java.lang.Object[]@5000010d)
	[0]		50000e94
	[1]		50000e95
OBJ 50000e94 (sz=24, trace=300000, class=java.lang.String@50000173)
	value		50000e97
OBJ 50000e95 (sz=24, trace=300000, class=java.lang.String@50000173)
	value		50000e96
ARR 50000e96 (sz=12, trace=300000, nelems=6, elem type=char[])
ARR 50000e97 (sz=24, trace=300000, nelems=12, elem type=char[])
ARR 50000e98 (sz=12, trace=300000, nelems=6, elem type=char[])
ARR 50000e99 (sz=24, trace=300000, nelems=12, elem type=char[])
OBJ 50000e9a (sz=24, trace=300000, class=java.lang.String@50000173)
	value		50000ea7
OBJ 50000e9b (sz=24, trace=300000, class=java.lang.String@50000173)
	value		50000ea6
ARR 50000e9c (sz=32, trace=300000, nelems=3, elem type=java.lang.Object[]@5000010d)
	[0]		50000e9d
	[1]		50000e9e
	[2]		50000e9f
OBJ 50000e9d (sz=24, trace=300000, class=java.lang.String@50000173)
	value		50000ea5
OBJ 50000e9e (sz=24, trace=300000, class=java.lang.String@50000173)
	value		50000ea4
ARR 50000e9f (sz=24, trace=300000, nelems=2, elem type=java.lang.Object[]@5000010d)
	[0]		50000ea0
	[1]		50000ea1
OBJ 50000ea0 (sz=24, trace=300000, class=java.lang.String@50000173)
	value		50000ea3
OBJ 50000ea1 (sz=24, trace=300000, class=java.lang.String@50000173)
	value		50000ea2
ARR 50000ea2 (sz=16, trace=300000, nelems=8, elem type=char[])
ARR 50000ea3 (sz=16, trace=300000, nelems=8, elem type=char[])
ARR 50000ea4 (sz=12, trace=300000, nelems=6, elem type=char[])
ARR 50000ea5 (sz=12, trace=300000, nelems=6, elem type=char[])
ARR 50000ea6 (sz=12, trace=300000, nelems=6, elem type=char[])
ARR 50000ea7 (sz=12, trace=300000, nelems=6, elem type=char[])
OBJ 50000ea8 (sz=24, trace=300000, class=java.lang.String@50000173)
	value		50000eab
OBJ 50000ea9 (sz=24, trace=300000, class=java.lang.String@50000173)
	value		50000eaa
ARR 50000eaa (sz=12, trace=300000, nelems=6, elem type=char[])
ARR 50000eab (sz=12, trace=300000, nelems=6, elem type=char[])
ARR 50000eac (sz=4112, trace=300000, nelems=1016, elem type=java.lang.Object[]@5000010d)
	[1]		50000ead
	[2]		50000eae
	[3]		50000eaf
	[5]		50000eb0
	[6]		50000eb1
	[10]		50000eb2
	[19]		50000eb3
	[24]		50000eb4
	[25]		50000eb5
	[26]		50000eb6
	[28]		50000eb7
	[29]		50000eb8
	[55]		50000eb9
	[58]		50000eba
	[86]		50000ebb
	[87]		50000ebc
	[89]		50000ebd
	[90]		50000ebe
	[92]		50000ebf
	[94]		50000ec0
	[95]		50000ec1
	[96]		50000ec2
	[106]		50000ec3
	[121]		50000ec4
	[125]		50000ec5
	[134]		50000ec6
	[137]		50000ec7
	[141]		50000ec8
	[143]		50000ec9
	[144]		50000eca
	[170]		50000ecb
	[173]		50000ecc
	[177]		50000ecd
	[192]		50000ece
	[199]		50000ecf
	[205]		50000ed0
	[211]		50000ed1
	[213]		50000ed2
	[216]		50000ed3
	[218]		50000ed4
	[219]		50000ed5
	[225]		50000ed6
	[244]		50000ed7
	[248]		50000ed8
	[253]		50000ed9
	[254]		50000eda
	[259]		50000edb
	[269]		50000edc
	[277]		50000edd
	[280]		50000ede
	[283]		50000edf
	[284]		50000ee0
	[286]		50000ee1
	[287]		50000ee2
	[289]		50000ee3
	[291]		50000ee4
	[294]		50000ee5
	[296]		50000ee6
	[297]		50000ee7
	[305]		50000ee8
	[307]		50000ee9
	[312]		50000eea
	[321]		50000eeb
	[323]		50000eec
	[324]		50000eed
	[325]		50000eee
	[326]		50000eef
	[327]		50000ef0
	[328]		50000ef1
	[329]		50000ef2
	[331]		50000ef3
	[333]		50000ef4
	[334]		50000ef5
	[336]		50000ef6
	[339]		50000ef7
	[341]		50000ef8
	[345]		50000ef9
	[350]		50000efa
	[353]		50000efb
	[358]		50000efc
	[359]		50000efd
	[363]		50000efe
	[364]		50000eff
	[378]		50000f00
	[385]		50000f01
	[391]		50000f02
	[392]		50000f03
	[405]		50000f04
	[406]		50000f05
	[408]		50000f06
	[421]		50000f07
	[428]		50000f08
	[429]		50000f09
	[430]		50000f0a
	[432]		50000f0b
	[433]		50000f0c
	[436]		50000f0d
	[437]		50000f0e
	[438]		50000f0f
	[443]		50000f10
	[456]		50000f11
	[473]		50000f12
	[479]		50000f13
	[481]		50000f14
	[484]		50000f15
	[486]		50000f16
	[487]		50000f17
	[502]		50000f18
	[506]		50000f19
	[508]		50000f1a
	[511]		50000f1b
	[512]		50000f1c
	[513]		50000f1d
	[514]		50000f1e
	[516]		50000f1f
	[520]		50000f20
	[523]		50000f21
	[524]		50000f22
	[533]		50000f23
	[537]		50000f24
	[539]		50000f25
	[543]		50000f26
	[545]		50000f27
	[563]		50000f28
	[572]		50000f29
	[573]		50000f2a
	[577]		50000f2b
	[582]		50000f2c
	[583]		50000f2d
	[588]		50000f2e
	[593]		50000f2f
	[598]		50000f30
	[609]		50000f31
	[617]		50000f32
	[618]		50000f33
	[619]		50000f34
	[620]		50000f35
	[621]		50000f36
	[624]		50000f37
	[628]		50000f38
	[632]		50000f39
	[634]		50000f3a
	[635]		50000f3b
	[636]		50000f3c
	[654]		50000f3d
	[669]		50000f3e
	[670]		50000f3f
	[671]		50000f40
	[676]		50000f41
	[679]		50000f42
	[686]		50000f43
	[703]		50000f44
	[710]		50000f45
	[712]		50000f46
	[732]		50000f47
	[733]		50000f48
	[768]		50000f49
	[774]		50000f4a
	[781]		50000f4b
	[782]		50000f4c
	[783]		50000f4d
	[784]		50000f4e
	[785]		50000f4f
	[787]		50000f50
	[789]		50000f51
	[813]		50000f52
	[818]		50000f53
	[832]		50000f54
	[834]		50000f55
	[835]		50000f56
	[836]		50000f57
	[837]		50000f58
	[838]		50000f59
	[840]		50000f5a
	[842]		50000f5b
	[843]		50000f5c
	[846]		50000f5d
	[849]		50000f5e
	[863]		50000f5f
	[881]		50000f60
	[896]		50000f61
	[909]		50000f62
	[910]		50000f63
	[911]		50000f64
	[912]		50000f65
	[925]		50000f66
	[934]		50000f67
	[937]		50000f68
	[944]		50000f69
	[957]		50000f6a
	[993]		50000f6b
	[1009]		50000f6c
	[1015]		50000f6d
ARR 50000ead (sz=24, trace=300000, nelems=2, elem type=java.lang.Object[]@5000010d)
	[0]		50001112
	[1]		50000e2d
ARR 50000eae (sz=24, trace=300000, nelems=2, elem type=java.lang.Object[]@5000010d)
	[0]		50001110
	[1]		50000e6c
ARR 50000eaf (sz=24, trace=300000, nelems=2, elem type=java.lang.Object[]@5000010d)
	[0]		5000110e
	[1]		50000e69
ARR 50000eb0 (sz=24, trace=300000, nelems=2, elem type=java.lang.Object[]@5000010d)
	[0]		5000110c
	[1]		50000e60
ARR 50000eb1 (sz=24, trace=300000, nelems=2, elem type=java.lang.Object[]@5000010d)
	[0]		5000110a
	[1]		50000e4f
ARR 50000eb2 (sz=24, trace=300000, nelems=2, elem type=java.lang.Object[]@5000010d)
	[0]		50001108
	[1]		50000e2d
ARR 50000eb3 (sz=24, trace=300000, nelems=2, elem type=java.lang.Object[]@5000010d)
	[0]		50001106
	[1]		50000e15
ARR 50000eb4 (sz=24, trace=300000, nelems=2, elem type=java.lang.Object[]@5000010d)
	[0]		50001104
	[1]		50000e38
ARR 50000eb5 (sz=24, trace=300000, nelems=2, elem type=java.lang.Object[]@5000010d)
	[0]		50001102
	[1]		50000e56
ARR 50000eb6 (sz=24, trace=300000, nelems=2, elem type=java.lang.Object[]@5000010d)
	[0]		50001100
	[1]		50000e69
ARR 50000eb7 (sz=24, trace=300000, nelems=2, elem type=java.lang.Object[]@5000010d)
	[0]		500010fe
	[1]		50000e60
ARR 50000eb8 (sz=24, trace=300000, nelems=2, elem type=java.lang.Object[]@5000010d)
	[0]		500010fc
	[1]		50000e5c
ARR 50000eb9 (sz=24, trace=300000, nelems=2, elem type=java.lang.Object[]@5000010d)
	[0]		500010fa
	[1]		50000e4f
ARR 50000eba (sz=24, trace=300000, nelems=2, elem type=java.lang.Object[]@5000010d)
	[0]		500010f8
	[1]		50000e2d
ARR 50000ebb (sz=32, trace=300000, nelems=3, elem type=java.lang.Object[]@5000010d)
	[0]		500010f3
	[1]		50000e5c
	[2]		500010f4
ARR 50000ebc (sz=24, trace=300000, nelems=2, elem type=java.lang.Object[]@5000010d)
	[0]		500010f1
	[1]		50000e69
ARR 50000ebd (sz=24, trace=300000, nelems=2, elem type=java.lang.Object[]@5000010d)
	[0]		500010ef
	[1]		50000e60
ARR 50000ebe (sz=32, trace=300000, nelems=3, elem type=java.lang.Object[]@5000010d)
	[0]		500010ea
	[1]		50000e56
	[2]		500010eb
ARR 50000ebf (sz=24, trace=300000, nelems=2, elem type=java.lang.Object[]@5000010d)
	[0]		500010e8
	[1]		50000e56
ARR 50000ec0 (sz=24, trace=300000, nelems=2, elem type=java.lang.Object[]@5000010d)
	[0]		500010e6
	[1]		50000e4f
ARR 50000ec1 (sz=24, trace=300000, nelems=2, elem type=java.lang.Object[]@5000010d)
	[0]		500010e4
	[1]		50000e6c
ARR 50000ec2 (sz=24, trace=300000, nelems=2, elem type=java.lang.Object[]@5000010d)
	[0]		500010e2
	[1]		50000e6c
ARR 50000ec3 (sz=24, trace=300000, nelems=2, elem type=java.lang.Object[]@5000010d)
	[0]		500010e0
	[1]		50000e63
ARR 50000ec4 (sz=24, trace=300000, nelems=2, elem type=java.lang.Object[]@5000010d)
	[0]		500010de
	[1]		50000ea0
ARR 50000ec5 (sz=24, trace=300000, nelems=2, elem type=java.lang.Object[]@5000010d)
	[0]		500010dc
	[1]		50000e56
ARR 50000ec6 (sz=24, trace=300000, nelems=2, elem type=java.lang.Object[]@5000010d)
	[0]		500010da
	[1]		50000e09
ARR 50000ec7 (sz=24, trace=300000, nelems=2, elem type=java.lang.Object[]@5000010d)
	[0]		500010d8
	[1]		50000e05
ARR 50000ec8 (sz=24, trace=300000, nelems=2, elem type=java.lang.Object[]@5000010d)
	[0]		500010d6
	[1]		50000e69
ARR 50000ec9 (sz=24, trace=300000, nelems=2, elem type=java.lang.Object[]@5000010d)
	[0]		500010d4
	[1]		50000e60
ARR 50000eca (sz=24, trace=300000, nelems=2, elem type=java.lang.Object[]@5000010d)
	[0]		500010d2
	[1]		50000e5c
ARR 50000ecb (sz=24, trace=300000, nelems=2, elem type=java.lang.Object[]@5000010d)
	[0]		500010d0
	[1]		50000e4f
ARR 50000ecc (sz=24, trace=300000, nelems=2, elem type=java.lang.Object[]@5000010d)
	[0]		500010ce
	[1]		50000e2d
ARR 50000ecd (sz=24, trace=300000, nelems=2, elem type=java.lang.Object[]@5000010d)
	[0]		500010cc
	[1]		50000e1f
ARR 50000ece (sz=24, trace=300000, nelems=2, elem type=java.lang.Object[]@5000010d)
	[0]		500010ca
	[1]		50000e72
ARR 50000ecf (sz=32, trace=300000, nelems=3, elem type=java.lang.Object[]@5000010d)
	[0]		500010c5
	[1]		50000e2a
	[2]		500010c6
ARR 50000ed0 (sz=24, trace=300000, nelems=2, elem type=java.lang.Object[]@5000010d)
	[0]		500010c3
	[1]		50000e56
ARR 50000ed1 (sz=32, trace=300000, nelems=3, elem type=java.lang.Object[]@5000010d)
	[0]		500010be
	[1]		50000e47
	[2]		500010bf
ARR 50000ed2 (sz=24, trace=300000, nelems=2, elem type=java.lang.Object[]@5000010d)
	[0]		500010bc
	[1]		50000e3e
ARR 50000ed3 (sz=24, trace=300000, nelems=2, elem type=java.lang.Object[]@5000010d)
	[0]		500010ba
	[1]		50000e27
ARR 50000ed4 (sz=32, trace=300000, nelems=3, elem type=java.lang.Object[]@5000010d)
	[0]		500010b5
	[1]		50000e1c
	[2]		500010b6
ARR 50000ed5 (sz=32, trace=300000, nelems=3, elem type=java.lang.Object[]@5000010d)
	[0]		500010b0
	[1]		50000e19
	[2]		500010b1
ARR 50000ed6 (sz=24, trace=300000, nelems=2, elem type=java.lang.Object[]@5000010d)
	[0]		500010ae
	[1]		50000e38
ARR 50000ed7 (sz=24, trace=300000, nelems=2, elem type=java.lang.Object[]@5000010d)
	[0]		500010ac
	[1]		50000ea8
ARR 50000ed8 (sz=24, trace=300000, nelems=2, elem type=java.lang.Object[]@5000010d)
	[0]		500010aa
	[1]		50000e9a
ARR 50000ed9 (sz=24, trace=300000, nelems=2, elem type=java.lang.Object[]@5000010d)
	[0]		500010a8
	[1]		50000e89
ARR 50000eda (sz=24, trace=300000, nelems=2, elem type=java.lang.Object[]@5000010d)
	[0]		500010a6
	[1]		50000e69
ARR 50000edb (sz=24, trace=300000, nelems=2, elem type=java.lang.Object[]@5000010d)
	[0]		500010a4
	[1]		50000e7d
ARR 50000edc (sz=24, trace=300000, nelems=2, elem type=java.lang.Object[]@5000010d)
	[0]		500010a2
	[1]		50000e2d
ARR 50000edd (sz=24, trace=300000, nelems=2, elem type=java.lang.Object[]@5000010d)
	[0]		500010a0
	[1]		50000e53
ARR 50000ede (sz=24, trace=300000, nelems=2, elem type=java.lang.Object[]@5000010d)
	[0]		5000109e
	[1]		50000ea0
ARR 50000edf (sz=24, trace=300000, nelems=2, elem type=java.lang.Object[]@5000010d)
	[0]		5000109c
	[1]		50000e6c
ARR 50000ee0 (sz=24, trace=300000, nelems=2, elem type=java.lang.Object[]@5000010d)
	[0]		5000109a
	[1]		50000e69
ARR 50000ee1 (sz=24, trace=300000, nelems=2, elem type=java.lang.Object[]@5000010d)
	[0]		50001098
	[1]		50000e60
ARR 50000ee2 (sz=24, trace=300000, nelems=2, elem type=java.lang.Object[]@5000010d)
	[0]		50001096
	[1]		50000e5c
ARR 50000ee3 (sz=24, trace=300000, nelems=2, elem type=java.lang.Object[]@5000010d)
	[0]		50001094
	[1]		50000e56
ARR 50000ee4 (sz=24, trace=300000, nelems=2, elem type=java.lang.Object[]@5000010d)
	[0]		50001092
	[1]		50000e4f
ARR 50000ee5 (sz=24, trace=300000, nelems=2, elem type=java.lang.Object[]@5000010d)
	[0]		50001090
	[1]		50000e69
ARR 50000ee6 (sz=24, trace=300000, nelems=2, elem type=java.lang.Object[]@5000010d)
	[0]		5000108e
	[1]		50000e60
ARR 50000ee7 (sz=24, trace=300000, nelems=2, elem type=java.lang.Object[]@5000010d)
	[0]		5000108c
	[1]		50000e5c
ARR 50000ee8 (sz=24, trace=300000, nelems=2, elem type=java.lang.Object[]@5000010d)
	[0]		5000108a
	[1]		50000e35
ARR 50000ee9 (sz=24, trace=300000, nelems=2, elem type=java.lang.Object[]@5000010d)
	[0]		50001088
	[1]		50000e2d
ARR 50000eea (sz=32, trace=300000, nelems=3, elem type=java.lang.Object[]@5000010d)
	[0]		50001083
	[1]		50000e56
	[2]		50001084
ARR 50000eeb (sz=24, trace=300000, nelems=2, elem type=java.lang.Object[]@5000010d)
	[0]		50001081
	[1]		50000e69
ARR 50000eec (sz=32, trace=300000, nelems=3, elem type=java.lang.Object[]@5000010d)
	[0]		5000107c
	[1]		50000e4f
	[2]		5000107d
ARR 50000eed (sz=24, trace=300000, nelems=2, elem type=java.lang.Object[]@5000010d)
	[0]		5000107a
	[1]		50000e5c
ARR 50000eee (sz=24, trace=300000, nelems=2, elem type=java.lang.Object[]@5000010d)
	[0]		50001078
	[1]		50000e6c
ARR 50000eef (sz=32, trace=300000, nelems=3, elem type=java.lang.Object[]@5000010d)
	[0]		50001070
	[1]		50000e47
	[2]		50001071
ARR 50000ef0 (sz=24, trace=300000, nelems=2, elem type=java.lang.Object[]@5000010d)
	[0]		5000106e
	[1]		50000e5c
ARR 50000ef1 (sz=32, trace=300000, nelems=3, elem type=java.lang.Object[]@5000010d)
	[0]		50001069
	[1]		50000e3e
	[2]		5000106a
ARR 50000ef2 (sz=24, trace=300000, nelems=2, elem type=java.lang.Object[]@5000010d)
	[0]		50001067
	[1]		50000e4f
ARR 50000ef3 (sz=24, trace=300000, nelems=2, elem type=java.lang.Object[]@5000010d)
	[0]		50001065
	[1]		50000e27
ARR 50000ef4 (sz=32, trace=300000, nelems=3, elem type=java.lang.Object[]@5000010d)
	[0]		50001060
	[1]		50000e1c
	[2]		50001061
ARR 50000ef5 (sz=32, trace=300000, nelems=3, elem type=java.lang.Object[]@5000010d)
	[0]		5000105b
	[1]		50000e19
	[2]		5000105c
ARR 50000ef6 (sz=24, trace=300000, nelems=2, elem type=java.lang.Object[]@5000010d)
	[0]		50001059
	[1]		50000e6c
ARR 50000ef7 (sz=24, trace=300000, nelems=2, elem type=java.lang.Object[]@5000010d)
	[0]		50001057
	[1]		50000e09
ARR 50000ef8 (sz=24, trace=300000, nelems=2, elem type=java.lang.Object[]@5000010d)
	[0]		50001055
	[1]		50000e41
ARR 50000ef9 (sz=24, trace=300000, nelems=2, elem type=java.lang.Object[]@5000010d)
	[0]		50001053
	[1]		50000e4f
ARR 50000efa (sz=24, trace=300000, nelems=2, elem type=java.lang.Object[]@5000010d)
	[0]		50001051
	[1]		50000e4f
ARR 50000efb (sz=24, trace=300000, nelems=2, elem type=java.lang.Object[]@5000010d)
	[0]		5000104f
	[1]		50000e2d
ARR 50000efc (sz=24, trace=300000, nelems=2, elem type=java.lang.Object[]@5000010d)
	[0]		5000104d
	[1]		50000e56
ARR 50000efd (sz=24, trace=300000, nelems=2, elem type=java.lang.Object[]@5000010d)
	[0]		5000104b
	[1]		50000ea8
ARR 50000efe (sz=24, trace=300000, nelems=2, elem type=java.lang.Object[]@5000010d)
	[0]		50001049
	[1]		50000e9a
ARR 50000eff (sz=24, trace=300000, nelems=2, elem type=java.lang.Object[]@5000010d)
	[0]		50001047
	[1]		50000e6c
ARR 50000f00 (sz=24, trace=300000, nelems=2, elem type=java.lang.Object[]@5000010d)
	[0]		50001045
	[1]		50000e38
ARR 50000f01 (sz=24, trace=300000, nelems=2, elem type=java.lang.Object[]@5000010d)
	[0]		50001043
	[1]		50000e56
ARR 50000f02 (sz=24, trace=300000, nelems=2, elem type=java.lang.Object[]@5000010d)
	[0]		50001041
	[1]		50000e6c
ARR 50000f03 (sz=24, trace=300000, nelems=2, elem type=java.lang.Object[]@5000010d)
	[0]		5000103f
	[1]		50000e53
ARR 50000f04 (sz=24, trace=300000, nelems=2, elem type=java.lang.Object[]@5000010d)
	[0]		5000103d
	[1]		50000e6c
ARR 50000f05 (sz=24, trace=300000, nelems=2, elem type=java.lang.Object[]@5000010d)
	[0]		5000103b
	[1]		50000e69
ARR 50000f06 (sz=24, trace=300000, nelems=2, elem type=java.lang.Object[]@5000010d)
	[0]		50001039
	[1]		50000e2a
ARR 50000f07 (sz=24, trace=300000, nelems=2, elem type=java.lang.Object[]@5000010d)
	[0]		50000e2d
	[1]		50000e2d
ARR 50000f08 (sz=24, trace=300000, nelems=2, elem type=java.lang.Object[]@5000010d)
	[0]		50001037
	[1]		50000e2d
ARR 50000f09 (sz=24, trace=300000, nelems=2, elem type=java.lang.Object[]@5000010d)
	[0]		50001035
	[1]		50000e6c
ARR 50000f0a (sz=24, trace=300000, nelems=2, elem type=java.lang.Object[]@5000010d)
	[0]		50001033
	[1]		50000e69
ARR 50000f0b (sz=24, trace=300000, nelems=2, elem type=java.lang.Object[]@5000010d)
	[0]		50001031
	[1]		50000e60
ARR 50000f0c (sz=24, trace=300000, nelems=2, elem type=java.lang.Object[]@5000010d)
	[0]		5000102f
	[1]		50000e4f
ARR 50000f0d (sz=24, trace=300000, nelems=2, elem type=java.lang.Object[]@5000010d)
	[0]		5000102d
	[1]		50000e60
ARR 50000f0e (sz=24, trace=300000, nelems=2, elem type=java.lang.Object[]@5000010d)
	[0]		5000102b
	[1]		50000e2d
ARR 50000f0f (sz=24, trace=300000, nelems=2, elem type=java.lang.Object[]@5000010d)
	[0]		50001029
	[1]		50000e38
ARR 50000f10 (sz=24, trace=300000, nelems=2, elem type=java.lang.Object[]@5000010d)
	[0]		50001027
	[1]		50000e0d
ARR 50000f11 (sz=24, trace=300000, nelems=2, elem type=java.lang.Object[]@5000010d)
	[0]		50001025
	[1]		50000e41
ARR 50000f12 (sz=24, trace=300000, nelems=2, elem type=java.lang.Object[]@5000010d)
	[0]		50001023
	[1]		50000e56
ARR 50000f13 (sz=24, trace=300000, nelems=2, elem type=java.lang.Object[]@5000010d)
	[0]		50000e47
	[1]		50000e47
ARR 50000f14 (sz=24, trace=300000, nelems=2, elem type=java.lang.Object[]@5000010d)
	[0]		50000e3e
	[1]		50000e3e
ARR 50000f15 (sz=24, trace=300000, nelems=2, elem type=java.lang.Object[]@5000010d)
	[0]		50000e27
	[1]		50000e27
ARR 50000f16 (sz=24, trace=300000, nelems=2, elem type=java.lang.Object[]@5000010d)
	[0]		50000e1c
	[1]		50000e1c
ARR 50000f17 (sz=24, trace=300000, nelems=2, elem type=java.lang.Object[]@5000010d)
	[0]		50001021
	[1]		50000e4b
ARR 50000f18 (sz=24, trace=300000, nelems=2, elem type=java.lang.Object[]@5000010d)
	[0]		5000101f
	[1]		50000ea0
ARR 50000f19 (sz=24, trace=300000, nelems=2, elem type=java.lang.Object[]@5000010d)
	[0]		5000101d
	[1]		50000e47
ARR 50000f1a (sz=24, trace=300000, nelems=2, elem type=java.lang.Object[]@5000010d)
	[0]		5000101b
	[1]		50000e3e
ARR 50000f1b (sz=24, trace=300000, nelems=2, elem type=java.lang.Object[]@5000010d)
	[0]		50001019
	[1]		50000e27
ARR 50000f1c (sz=24, trace=300000, nelems=2, elem type=java.lang.Object[]@5000010d)
	[0]		50000ea8
	[1]		50000ea8
ARR 50000f1d (sz=24, trace=300000, nelems=2, elem type=java.lang.Object[]@5000010d)
	[0]		50001017
	[1]		50000e1c
ARR 50000f1e (sz=24, trace=300000, nelems=2, elem type=java.lang.Object[]@5000010d)
	[0]		50001015
	[1]		50000e4b
ARR 50000f1f (sz=24, trace=300000, nelems=2, elem type=java.lang.Object[]@5000010d)
	[0]		50000e9a
	[1]		50000e9a
ARR 50000f20 (sz=24, trace=300000, nelems=2, elem type=java.lang.Object[]@5000010d)
	[0]		50001013
	[1]		50000e72
ARR 50000f21 (sz=24, trace=300000, nelems=2, elem type=java.lang.Object[]@5000010d)
	[0]		50001011
	[1]		50000e2a
ARR 50000f22 (sz=24, trace=300000, nelems=2, elem type=java.lang.Object[]@5000010d)
	[0]		5000100f
	[1]		50000e7d
ARR 50000f23 (sz=24, trace=300000, nelems=2, elem type=java.lang.Object[]@5000010d)
	[0]		5000100d
	[1]		50000e5c
ARR 50000f24 (sz=24, trace=300000, nelems=2, elem type=java.lang.Object[]@5000010d)
	[0]		5000100b
	[1]		50000e4f
ARR 50000f25 (sz=24, trace=300000, nelems=2, elem type=java.lang.Object[]@5000010d)
	[0]		50001009
	[1]		50000ea8
ARR 50000f26 (sz=24, trace=300000, nelems=2, elem type=java.lang.Object[]@5000010d)
	[0]		50001007
	[1]		50000e9a
ARR 50000f27 (sz=24, trace=300000, nelems=2, elem type=java.lang.Object[]@5000010d)
	[0]		50001005
	[1]		50000e53
ARR 50000f28 (sz=24, trace=300000, nelems=2, elem type=java.lang.Object[]@5000010d)
	[0]		50001003
	[1]		50000e01
ARR 50000f29 (sz=24, trace=300000, nelems=2, elem type=java.lang.Object[]@5000010d)
	[0]		50001001
	[1]		50000e53
ARR 50000f2a (sz=24, trace=300000, nelems=2, elem type=java.lang.Object[]@5000010d)
	[0]		50000fff
	[1]		50000e60
ARR 50000f2b (sz=24, trace=300000, nelems=2, elem type=java.lang.Object[]@5000010d)
	[0]		50000ffd
	[1]		50000e38
ARR 50000f2c (sz=24, trace=300000, nelems=2, elem type=java.lang.Object[]@5000010d)
	[0]		50000ffb
	[1]		50000e9d
ARR 50000f2d (sz=24, trace=300000, nelems=2, elem type=java.lang.Object[]@5000010d)
	[0]		50000ff9
	[1]		50000e19
ARR 50000f2e (sz=24, trace=300000, nelems=2, elem type=java.lang.Object[]@5000010d)
	[0]		50000ff7
	[1]		50000e56
ARR 50000f2f (sz=24, trace=300000, nelems=2, elem type=java.lang.Object[]@5000010d)
	[0]		50000ff5
	[1]		50000e56
ARR 50000f30 (sz=24, trace=300000, nelems=2, elem type=java.lang.Object[]@5000010d)
	[0]		50000ff3
	[1]		50000e1c
ARR 50000f31 (sz=24, trace=300000, nelems=2, elem type=java.lang.Object[]@5000010d)
	[0]		50000e41
	[1]		50000e41
ARR 50000f32 (sz=24, trace=300000, nelems=2, elem type=java.lang.Object[]@5000010d)
	[0]		50000ff1
	[1]		50000e94
ARR 50000f33 (sz=24, trace=300000, nelems=2, elem type=java.lang.Object[]@5000010d)
	[0]		50000fef
	[1]		50000e91
ARR 50000f34 (sz=24, trace=300000, nelems=2, elem type=java.lang.Object[]@5000010d)
	[0]		50000fed
	[1]		50000e86
ARR 50000f35 (sz=24, trace=300000, nelems=2, elem type=java.lang.Object[]@5000010d)
	[0]		50000feb
	[1]		50000e83
ARR 50000f36 (sz=24, trace=300000, nelems=2, elem type=java.lang.Object[]@5000010d)
	[0]		50000fe9
	[1]		50000e7a
ARR 50000f37 (sz=32, trace=300000, nelems=3, elem type=java.lang.Object[]@5000010d)
	[0]		50000fe4
	[1]		50000ea8
	[2]		50000fe5
ARR 50000f38 (sz=32, trace=300000, nelems=3, elem type=java.lang.Object[]@5000010d)
	[0]		50000fdf
	[1]		50000e9a
	[2]		50000fe0
ARR 50000f39 (sz=24, trace=300000, nelems=2, elem type=java.lang.Object[]@5000010d)
	[0]		50000fdd
	[1]		50000e35
ARR 50000f3a (sz=32, trace=300000, nelems=3, elem type=java.lang.Object[]@5000010d)
	[0]		50000fd8
	[1]		50000e2d
	[2]		50000fd9
ARR 50000f3b (sz=24, trace=300000, nelems=2, elem type=java.lang.Object[]@5000010d)
	[0]		50000fd6
	[1]		50000e0d
ARR 50000f3c (sz=24, trace=300000, nelems=2, elem type=java.lang.Object[]@5000010d)
	[0]		50000fd4
	[1]		50000e41
ARR 50000f3d (sz=24, trace=300000, nelems=2, elem type=java.lang.Object[]@5000010d)
	[0]		50000fd2
	[1]		50000e19
ARR 50000f3e (sz=24, trace=300000, nelems=2, elem type=java.lang.Object[]@5000010d)
	[0]		50000fd0
	[1]		50000e35
ARR 50000f3f (sz=24, trace=300000, nelems=2, elem type=java.lang.Object[]@5000010d)
	[0]		50000fce
	[1]		50000e38
ARR 50000f40 (sz=24, trace=300000, nelems=2, elem type=java.lang.Object[]@5000010d)
	[0]		50000fcc
	[1]		50000e2d
ARR 50000f41 (sz=24, trace=300000, nelems=2, elem type=java.lang.Object[]@5000010d)
	[0]		50000e2a
	[1]		50000e2a
ARR 50000f42 (sz=24, trace=300000, nelems=2, elem type=java.lang.Object[]@5000010d)
	[0]		50000fca
	[1]		50000e38
ARR 50000f43 (sz=24, trace=300000, nelems=2, elem type=java.lang.Object[]@5000010d)
	[0]		50000fc8
	[1]		50000e72
ARR 50000f44 (sz=24, trace=300000, nelems=2, elem type=java.lang.Object[]@5000010d)
	[0]		50000fc6
	[1]		50000e2a
ARR 50000f45 (sz=24, trace=300000, nelems=2, elem type=java.lang.Object[]@5000010d)
	[0]		50000fc4
	[1]		50000e35
ARR 50000f46 (sz=24, trace=300000, nelems=2, elem type=java.lang.Object[]@5000010d)
	[0]		50000fc2
	[1]		50000e2d
ARR 50000f47 (sz=24, trace=300000, nelems=2, elem type=java.lang.Object[]@5000010d)
	[0]		50000fc0
	[1]		50000e5c
ARR 50000f48 (sz=24, trace=300000, nelems=2, elem type=java.lang.Object[]@5000010d)
	[0]		50000fbe
	[1]		50000e7d
ARR 50000f49 (sz=24, trace=300000, nelems=2, elem type=java.lang.Object[]@5000010d)
	[0]		50000fbc
	[1]		50000e56
ARR 50000f4a (sz=24, trace=300000, nelems=2, elem type=java.lang.Object[]@5000010d)
	[0]		50000fba
	[1]		50000e38
ARR 50000f4b (sz=24, trace=300000, nelems=2, elem type=java.lang.Object[]@5000010d)
	[0]		50000fb8
	[1]		50000e6c
ARR 50000f4c (sz=24, trace=300000, nelems=2, elem type=java.lang.Object[]@5000010d)
	[0]		50000fb6
	[1]		50000e69
ARR 50000f4d (sz=24, trace=300000, nelems=2, elem type=java.lang.Object[]@5000010d)
	[0]		50000fb4
	[1]		50000e09
ARR 50000f4e (sz=24, trace=300000, nelems=2, elem type=java.lang.Object[]@5000010d)
	[0]		50000fb2
	[1]		50000e60
ARR 50000f4f (sz=24, trace=300000, nelems=2, elem type=java.lang.Object[]@5000010d)
	[0]		50000fb0
	[1]		50000e5c
ARR 50000f50 (sz=24, trace=300000, nelems=2, elem type=java.lang.Object[]@5000010d)
	[0]		50000fae
	[1]		50000e56
ARR 50000f51 (sz=24, trace=300000, nelems=2, elem type=java.lang.Object[]@5000010d)
	[0]		50000fac
	[1]		50000e4f
ARR 50000f52 (sz=24, trace=300000, nelems=2, elem type=java.lang.Object[]@5000010d)
	[0]		50000faa
	[1]		50000e19
ARR 50000f53 (sz=24, trace=300000, nelems=2, elem type=java.lang.Object[]@5000010d)
	[0]		50000fa8
	[1]		50000ea8
ARR 50000f54 (sz=24, trace=300000, nelems=2, elem type=java.lang.Object[]@5000010d)
	[0]		50000fa6
	[1]		50000e38
ARR 50000f55 (sz=24, trace=300000, nelems=2, elem type=java.lang.Object[]@5000010d)
	[0]		50000fa4
	[1]		50000e6c
ARR 50000f56 (sz=32, trace=300000, nelems=3, elem type=java.lang.Object[]@5000010d)
	[0]		50000f9f
	[1]		50000e69
	[2]		50000fa0
ARR 50000f57 (sz=24, trace=300000, nelems=2, elem type=java.lang.Object[]@5000010d)
	[0]		50000f9d
	[1]		50000e56
ARR 50000f58 (sz=24, trace=300000, nelems=2, elem type=java.lang.Object[]@5000010d)
	[0]		50000f9b
	[1]		50000e60
ARR 50000f59 (sz=24, trace=300000, nelems=2, elem type=java.lang.Object[]@5000010d)
	[0]		50000f99
	[1]		50000e5c
ARR 50000f5a (sz=32, trace=300000, nelems=3, elem type=java.lang.Object[]@5000010d)
	[0]		50000f94
	[1]		50000e3e
	[2]		50000f95
ARR 50000f5b (sz=24, trace=300000, nelems=2, elem type=java.lang.Object[]@5000010d)
	[0]		50000f92
	[1]		50000e4f
ARR 50000f5c (sz=24, trace=300000, nelems=2, elem type=java.lang.Object[]@5000010d)
	[0]		50000f90
	[1]		50000e27
ARR 50000f5d (sz=24, trace=300000, nelems=2, elem type=java.lang.Object[]@5000010d)
	[0]		50000f8e
	[1]		50000e2a
ARR 50000f5e (sz=24, trace=300000, nelems=2, elem type=java.lang.Object[]@5000010d)
	[0]		50000f8c
	[1]		50000e38
ARR 50000f5f (sz=24, trace=300000, nelems=2, elem type=java.lang.Object[]@5000010d)
	[0]		50000f8a
	[1]		50000e11
ARR 50000f60 (sz=24, trace=300000, nelems=2, elem type=java.lang.Object[]@5000010d)
	[0]		50000f88
	[1]		50000e63
ARR 50000f61 (sz=24, trace=300000, nelems=2, elem type=java.lang.Object[]@5000010d)
	[0]		50000f86
	[1]		50000e38
ARR 50000f62 (sz=24, trace=300000, nelems=2, elem type=java.lang.Object[]@5000010d)
	[0]		50000f84
	[1]		50000e94
ARR 50000f63 (sz=24, trace=300000, nelems=2, elem type=java.lang.Object[]@5000010d)
	[0]		50000f82
	[1]		50000e91
ARR 50000f64 (sz=24, trace=300000, nelems=2, elem type=java.lang.Object[]@5000010d)
	[0]		50000f80
	[1]		50000e86
ARR 50000f65 (sz=24, trace=300000, nelems=2, elem type=java.lang.Object[]@5000010d)
	[0]		50000f7e
	[1]		50000e83
ARR 50000f66 (sz=24, trace=300000, nelems=2, elem type=java.lang.Object[]@5000010d)
	[0]		50000f7c
	[1]		50000e38
ARR 50000f67 (sz=24, trace=300000, nelems=2, elem type=java.lang.Object[]@5000010d)
	[0]		50000f7a
	[1]		50000e7a
ARR 50000f68 (sz=24, trace=300000, nelems=2, elem type=java.lang.Object[]@5000010d)
	[0]		50000f78
	[1]		50000e76
ARR 50000f69 (sz=24, trace=300000, nelems=2, elem type=java.lang.Object[]@5000010d)
	[0]		50000f76
	[1]		50000e01
ARR 50000f6a (sz=24, trace=300000, nelems=2, elem type=java.lang.Object[]@5000010d)
	[0]		50000f74
	[1]		50000e7d
ARR 50000f6b (sz=24, trace=300000, nelems=2, elem type=java.lang.Object[]@5000010d)
	[0]		50000f72
	[1]		50000e47
ARR 50000f6c (sz=24, trace=300000, nelems=2, elem type=java.lang.Object[]@5000010d)
	[0]		50000f70
	[1]		50000e1f
ARR 50000f6d (sz=24, trace=300000, nelems=2, elem type=java.lang.Object[]@5000010d)
	[0]		50000f6e
	[1]		50000e9d
OBJ 50000f6e (sz=24, trace=300000, class=java.lang.String@50000173)
	value		50000f6f
ARR 50000f6f (sz=12, trace=300000, nelems=6, elem type=char[])
OBJ 50000f70 (sz=24, trace=300000, class=java.lang.String@50000173)
	value		50000f71
ARR 50000f71 (sz=24, trace=300000, nelems=12, elem type=char[])
OBJ 50000f72 (sz=24, trace=300000, class=java.lang.String@50000173)
	value		50000f73
ARR 50000f73 (sz=38, trace=300000, nelems=19, elem type=char[])
OBJ 50000f74 (sz=24, trace=300000, class=java.lang.String@50000173)
	value		50000f75
ARR 50000f75 (sz=12, trace=300000, nelems=6, elem type=char[])
OBJ 50000f76 (sz=24, trace=300000, class=java.lang.String@50000173)
	value		50000f77
ARR 50000f77 (sz=16, trace=300000, nelems=8, elem type=char[])
OBJ 50000f78 (sz=24, trace=300000, class=java.lang.String@50000173)
	value		50000f79
ARR 50000f79 (sz=12, trace=300000, nelems=6, elem type=char[])
OBJ 50000f7a (sz=24, trace=300000, class=java.lang.String@50000173)
	value		50000f7b
ARR 50000f7b (sz=12, trace=300000, nelems=6, elem type=char[])
OBJ 50000f7c (sz=24, trace=300000, class=java.lang.String@50000173)
	value		50000f7d
ARR 50000f7d (sz=32, trace=300000, nelems=16, elem type=char[])
OBJ 50000f7e (sz=24, trace=300000, class=java.lang.String@50000173)
	value		50000f7f
ARR 50000f7f (sz=12, trace=300000, nelems=6, elem type=char[])
OBJ 50000f80 (sz=24, trace=300000, class=java.lang.String@50000173)
	value		50000f81
ARR 50000f81 (sz=12, trace=300000, nelems=6, elem type=char[])
OBJ 50000f82 (sz=24, trace=300000, class=java.lang.String@50000173)
	value		50000f83
ARR 50000f83 (sz=12, trace=300000, nelems=6, elem type=char[])
OBJ 50000f84 (sz=24, trace=300000, class=java.lang.String@50000173)
	value		50000f85
ARR 50000f85 (sz=12, trace=300000, nelems=6, elem type=char[])
OBJ 50000f86 (sz=24, trace=300000, class=java.lang.String@50000173)
	value		50000f87
ARR 50000f87 (sz=32, trace=300000, nelems=16, elem type=char[])
OBJ 50000f88 (sz=24, trace=300000, class=java.lang.String@50000173)
	value		50000f89
ARR 50000f89 (sz=8, trace=300000, nelems=4, elem type=char[])
OBJ 50000f8a (sz=24, trace=300000, class=java.lang.String@50000173)
	value		50000f8b
ARR 50000f8b (sz=16, trace=300000, nelems=8, elem type=char[])
OBJ 50000f8c (sz=24, trace=300000, class=java.lang.String@50000173)
	value		50000f8d
ARR 50000f8d (sz=10, trace=300000, nelems=5, elem type=char[])
OBJ 50000f8e (sz=24, trace=300000, class=java.lang.String@50000173)
	value		50000f8f
ARR 50000f8f (sz=22, trace=300000, nelems=11, elem type=char[])
OBJ 50000f90 (sz=24, trace=300000, class=java.lang.String@50000173)
	value		50000f91
ARR 50000f91 (sz=16, trace=300000, nelems=8, elem type=char[])
OBJ 50000f92 (sz=24, trace=300000, class=java.lang.String@50000173)
	value		50000f93
ARR 50000f93 (sz=20, trace=300000, nelems=10, elem type=char[])
OBJ 50000f94 (sz=24, trace=300000, class=java.lang.String@50000173)
	value		50000f98
ARR 50000f95 (sz=24, trace=300000, nelems=2, elem type=java.lang.Object[]@5000010d)
	[0]		50000f96
	[1]		50000e56
OBJ 50000f96 (sz=24, trace=300000, class=java.lang.String@50000173)
	value		50000f97
ARR 50000f97 (sz=20, trace=300000, nelems=10, elem type=char[])
ARR 50000f98 (sz=16, trace=300000, nelems=8, elem type=char[])
OBJ 50000f99 (sz=24, trace=300000, class=java.lang.String@50000173)
	value		50000f9a
ARR 50000f9a (sz=20, trace=300000, nelems=10, elem type=char[])
OBJ 50000f9b (sz=24, trace=300000, class=java.lang.String@50000173)
	value		50000f9c
ARR 50000f9c (sz=20, trace=300000, nelems=10, elem type=char[])
OBJ 50000f9d (sz=24, trace=300000, class=java.lang.String@50000173)
	value		50000f9e
ARR 50000f9e (sz=24, trace=300000, nelems=12, elem type=char[])
OBJ 50000f9f (sz=24, trace=300000, class=java.lang.String@50000173)
	value		50000fa3
ARR 50000fa0 (sz=24, trace=300000, nelems=2, elem type=java.lang.Object[]@5000010d)
	[0]		50000fa1
	[1]		50000e72
OBJ 50000fa1 (sz=24, trace=300000, class=java.lang.String@50000173)
	value		50000fa2
ARR 50000fa2 (sz=20, trace=300000, nelems=10, elem type=char[])
ARR 50000fa3 (sz=20, trace=300000, nelems=10, elem type=char[])
OBJ 50000fa4 (sz=24, trace=300000, class=java.lang.String@50000173)
	value		50000fa5
ARR 50000fa5 (sz=20, trace=300000, nelems=10, elem type=char[])
OBJ 50000fa6 (sz=24, trace=300000, class=java.lang.String@50000173)
	value		50000fa7
ARR 50000fa7 (sz=12, trace=300000, nelems=6, elem type=char[])
OBJ 50000fa8 (sz=24, trace=300000, class=java.lang.String@50000173)
	value		50000fa9
ARR 50000fa9 (sz=36, trace=300000, nelems=18, elem type=char[])
OBJ 50000faa (sz=24, trace=300000, class=java.lang.String@50000173)
	value		50000fab
ARR 50000fab (sz=20, trace=300000, nelems=10, elem type=char[])
OBJ 50000fac (sz=24, trace=300000, class=java.lang.String@50000173)
	value		50000fad
ARR 50000fad (sz=18, trace=300000, nelems=9, elem type=char[])
OBJ 50000fae (sz=24, trace=300000, class=java.lang.String@50000173)
	value		50000faf
ARR 50000faf (sz=18, trace=300000, nelems=9, elem type=char[])
OBJ 50000fb0 (sz=24, trace=300000, class=java.lang.String@50000173)
	value		50000fb1
ARR 50000fb1 (sz=18, trace=300000, nelems=9, elem type=char[])
OBJ 50000fb2 (sz=24, trace=300000, class=java.lang.String@50000173)
	value		50000fb3
ARR 50000fb3 (sz=18, trace=300000, nelems=9, elem type=char[])
OBJ 50000fb4 (sz=24, trace=300000, class=java.lang.String@50000173)
	value		50000fb5
ARR 50000fb5 (sz=14, trace=300000, nelems=7, elem type=char[])
OBJ 50000fb6 (sz=24, trace=300000, class=java.lang.String@50000173)
	value		50000fb7
ARR 50000fb7 (sz=18, trace=300000, nelems=9, elem type=char[])
OBJ 50000fb8 (sz=24, trace=300000, class=java.lang.String@50000173)
	value		50000fb9
ARR 50000fb9 (sz=18, trace=300000, nelems=9, elem type=char[])
OBJ 50000fba (sz=24, trace=300000, class=java.lang.String@50000173)
	value		50000fbb
ARR 50000fbb (sz=12, trace=300000, nelems=6, elem type=char[])
OBJ 50000fbc (sz=24, trace=300000, class=java.lang.String@50000173)
	value		50000fbd
ARR 50000fbd (sz=10, trace=300000, nelems=5, elem type=char[])
OBJ 50000fbe (sz=24, trace=300000, class=java.lang.String@50000173)
	value		50000fbf
ARR 50000fbf (sz=14, trace=300000, nelems=7, elem type=char[])
OBJ 50000fc0 (sz=24, trace=300000, class=java.lang.String@50000173)
	value		50000fc1
ARR 50000fc1 (sz=30, trace=300000, nelems=15, elem type=char[])
OBJ 50000fc2 (sz=24, trace=300000, class=java.lang.String@50000173)
	value		50000fc3
ARR 50000fc3 (sz=20, trace=300000, nelems=10, elem type=char[])
OBJ 50000fc4 (sz=24, trace=300000, class=java.lang.String@50000173)
	value		50000fc5
ARR 50000fc5 (sz=20, trace=300000, nelems=10, elem type=char[])
OBJ 50000fc6 (sz=24, trace=300000, class=java.lang.String@50000173)
	value		50000fc7
ARR 50000fc7 (sz=14, trace=300000, nelems=7, elem type=char[])
OBJ 50000fc8 (sz=24, trace=300000, class=java.lang.String@50000173)
	value		50000fc9
ARR 50000fc9 (sz=30, trace=300000, nelems=15, elem type=char[])
OBJ 50000fca (sz=24, trace=300000, class=java.lang.String@50000173)
	value		50000fcb
ARR 50000fcb (sz=10, trace=300000, nelems=5, elem type=char[])
OBJ 50000fcc (sz=24, trace=300000, class=java.lang.String@50000173)
	value		50000fcd
ARR 50000fcd (sz=14, trace=300000, nelems=7, elem type=char[])
OBJ 50000fce (sz=24, trace=300000, class=java.lang.String@50000173)
	value		50000fcf
ARR 50000fcf (sz=4, trace=300000, nelems=2, elem type=char[])
OBJ 50000fd0 (sz=24, trace=300000, class=java.lang.String@50000173)
	value		50000fd1
ARR 50000fd1 (sz=14, trace=300000, nelems=7, elem type=char[])
OBJ 50000fd2 (sz=24, trace=300000, class=java.lang.String@50000173)
	value		50000fd3
ARR 50000fd3 (sz=14, trace=300000, nelems=7, elem type=char[])
OBJ 50000fd4 (sz=24, trace=300000, class=java.lang.String@50000173)
	value		50000fd5
ARR 50000fd5 (sz=14, trace=300000, nelems=7, elem type=char[])
OBJ 50000fd6 (sz=24, trace=300000, class=java.lang.String@50000173)
	value		50000fd7
ARR 50000fd7 (sz=24, trace=300000, nelems=12, elem type=char[])
OBJ 50000fd8 (sz=24, trace=300000, class=java.lang.String@50000173)
	value		50000fdc
ARR 50000fd9 (sz=24, trace=300000, nelems=2, elem type=java.lang.Object[]@5000010d)
	[0]		50000fda
	[1]		50000e89
OBJ 50000fda (sz=24, trace=300000, class=java.lang.String@50000173)
	value		50000fdb
ARR 50000fdb (sz=16, trace=300000, nelems=8, elem type=char[])
ARR 50000fdc (sz=20, trace=300000, nelems=10, elem type=char[])
OBJ 50000fdd (sz=24, trace=300000, class=java.lang.String@50000173)
	value		50000fde
ARR 50000fde (sz=20, trace=300000, nelems=10, elem type=char[])
OBJ 50000fdf (sz=24, trace=300000, class=java.lang.String@50000173)
	value		50000fe3
ARR 50000fe0 (sz=24, trace=300000, nelems=2, elem type=java.lang.Object[]@5000010d)
	[0]		50000fe1
	[1]		50000e11
OBJ 50000fe1 (sz=24, trace=300000, class=java.lang.String@50000173)
	value		50000fe2
ARR 50000fe2 (sz=10, trace=300000, nelems=5, elem type=char[])
ARR 50000fe3 (sz=16, trace=300000, nelems=8, elem type=char[])
OBJ 50000fe4 (sz=24, trace=300000, class=java.lang.String@50000173)
	value		50000fe8
ARR 50000fe5 (sz=24, trace=300000, nelems=2, elem type=java.lang.Object[]@5000010d)
	[0]		50000fe6
	[1]		50000e76
OBJ 50000fe6 (sz=24, trace=300000, class=java.lang.String@50000173)
	value		50000fe7
ARR 50000fe7 (sz=12, trace=300000, nelems=6, elem type=char[])
ARR 50000fe8 (sz=16, trace=300000, nelems=8, elem type=char[])
OBJ 50000fe9 (sz=24, trace=300000, class=java.lang.String@50000173)
	value		50000fea
ARR 50000fea (sz=12, trace=300000, nelems=6, elem type=char[])
OBJ 50000feb (sz=24, trace=300000, class=java.lang.String@50000173)
	value		50000fec
ARR 50000fec (sz=12, trace=300000, nelems=6, elem type=char[])
OBJ 50000fed (sz=24, trace=300000, class=java.lang.String@50000173)
	value		50000fee
ARR 50000fee (sz=12, trace=300000, nelems=6, elem type=char[])
OBJ 50000fef (sz=24, trace=300000, class=java.lang.String@50000173)
	value		50000ff0
ARR 50000ff0 (sz=12, trace=300000, nelems=6, elem type=char[])
OBJ 50000ff1 (sz=24, trace=300000, class=java.lang.String@50000173)
	value		50000ff2
ARR 50000ff2 (sz=12, trace=300000, nelems=6, elem type=char[])
OBJ 50000ff3 (sz=24, trace=300000, class=java.lang.String@50000173)
	value		50000ff4
ARR 50000ff4 (sz=16, trace=300000, nelems=8, elem type=char[])
OBJ 50000ff5 (sz=24, trace=300000, class=java.lang.String@50000173)
	value		50000ff6
ARR 50000ff6 (sz=30, trace=300000, nelems=15, elem type=char[])
OBJ 50000ff7 (sz=24, trace=300000, class=java.lang.String@50000173)
	value		50000ff8
ARR 50000ff8 (sz=16, trace=300000, nelems=8, elem type=char[])
OBJ 50000ff9 (sz=24, trace=300000, class=java.lang.String@50000173)
	value		50000ffa
ARR 50000ffa (sz=48, trace=300000, nelems=24, elem type=char[])
OBJ 50000ffb (sz=24, trace=300000, class=java.lang.String@50000173)
	value		50000ffc
ARR 50000ffc (sz=10, trace=300000, nelems=5, elem type=char[])
OBJ 50000ffd (sz=24, trace=300000, class=java.lang.String@50000173)
	value		50000ffe
ARR 50000ffe (sz=14, trace=300000, nelems=7, elem type=char[])
OBJ 50000fff (sz=24, trace=300000, class=java.lang.String@50000173)
	value		50001000
ARR 50001000 (sz=30, trace=300000, nelems=15, elem type=char[])
OBJ 50001001 (sz=24, trace=300000, class=java.lang.String@50000173)
	value		50001002
ARR 50001002 (sz=14, trace=300000, nelems=7, elem type=char[])
OBJ 50001003 (sz=24, trace=300000, class=java.lang.String@50000173)
	value		50001004
ARR 50001004 (sz=20, trace=300000, nelems=10, elem type=char[])
OBJ 50001005 (sz=24, trace=300000, class=java.lang.String@50000173)
	value		50001006
ARR 50001006 (sz=12, trace=300000, nelems=6, elem type=char[])
OBJ 50001007 (sz=24, trace=300000, class=java.lang.String@50000173)
	value		50001008
ARR 50001008 (sz=14, trace=300000, nelems=7, elem type=char[])
OBJ 50001009 (sz=24, trace=300000, class=java.lang.String@50000173)
	value		5000100a
ARR 5000100a (sz=14, trace=300000, nelems=7, elem type=char[])
OBJ 5000100b (sz=24, trace=300000, class=java.lang.String@50000173)
	value		5000100c
ARR 5000100c (sz=20, trace=300000, nelems=10, elem type=char[])
OBJ 5000100d (sz=24, trace=300000, class=java.lang.String@50000173)
	value		5000100e
ARR 5000100e (sz=20, trace=300000, nelems=10, elem type=char[])
OBJ 5000100f (sz=24, trace=300000, class=java.lang.String@50000173)
	value		50001010
ARR 50001010 (sz=10, trace=300000, nelems=5, elem type=char[])
OBJ 50001011 (sz=24, trace=300000, class=java.lang.String@50000173)
	value		50001012
ARR 50001012 (sz=10, trace=300000, nelems=5, elem type=char[])
OBJ 50001013 (sz=24, trace=300000, class=java.lang.String@50000173)
	value		50001014
ARR 50001014 (sz=36, trace=300000, nelems=18, elem type=char[])
OBJ 50001015 (sz=24, trace=300000, class=java.lang.String@50000173)
	value		50001016
ARR 50001016 (sz=14, trace=300000, nelems=7, elem type=char[])
OBJ 50001017 (sz=24, trace=300000, class=java.lang.String@50000173)
	value		50001018
ARR 50001018 (sz=14, trace=300000, nelems=7, elem type=char[])
OBJ 50001019 (sz=24, trace=300000, class=java.lang.String@50000173)
	value		5000101a
ARR 5000101a (sz=14, trace=300000, nelems=7, elem type=char[])
OBJ 5000101b (sz=24, trace=300000, class=java.lang.String@50000173)
	value		5000101c
ARR 5000101c (sz=14, trace=300000, nelems=7, elem type=char[])
OBJ 5000101d (sz=24, trace=300000, class=java.lang.String@50000173)
	value		5000101e
ARR 5000101e (sz=14, trace=300000, nelems=7, elem type=char[])
OBJ 5000101f (sz=24, trace=300000, class=java.lang.String@50000173)
	value		50001020
ARR 50001020 (sz=16, trace=300000, nelems=8, elem type=char[])
OBJ 50001021 (sz=24, trace=300000, class=java.lang.String@50000173)
	value		50001022
ARR 50001022 (sz=12, trace=300000, nelems=6, elem type=char[])
OBJ 50001023 (sz=24, trace=300000, class=java.lang.String@50000173)
	value		50001024
ARR 50001024 (sz=20, trace=300000, nelems=10, elem type=char[])
OBJ 50001025 (sz=24, trace=300000, class=java.lang.String@50000173)
	value		50001026
ARR 50001026 (sz=10, trace=300000, nelems=5, elem type=char[])
OBJ 50001027 (sz=24, trace=300000, class=java.lang.String@50000173)
	value		50001028
ARR 50001028 (sz=24, trace=300000, nelems=12, elem type=char[])
OBJ 50001029 (sz=24, trace=300000, class=java.lang.String@50000173)
	value		5000102a
ARR 5000102a (sz=28, trace=300000, nelems=14, elem type=char[])
OBJ 5000102b (sz=24, trace=300000, class=java.lang.String@50000173)
	value		5000102c
ARR 5000102c (sz=12, trace=300000, nelems=6, elem type=char[])
OBJ 5000102d (sz=24, trace=300000, class=java.lang.String@50000173)
	value		5000102e
ARR 5000102e (sz=20, trace=300000, nelems=10, elem type=char[])
OBJ 5000102f (sz=24, trace=300000, class=java.lang.String@50000173)
	value		50001030
ARR 50001030 (sz=12, trace=300000, nelems=6, elem type=char[])
OBJ 50001031 (sz=24, trace=300000, class=java.lang.String@50000173)
	value		50001032
ARR 50001032 (sz=12, trace=300000, nelems=6, elem type=char[])
OBJ 50001033 (sz=24, trace=300000, class=java.lang.String@50000173)
	value		50001034
ARR 50001034 (sz=12, trace=300000, nelems=6, elem type=char[])
OBJ 50001035 (sz=24, trace=300000, class=java.lang.String@50000173)
	value		50001036
ARR 50001036 (sz=12, trace=300000, nelems=6, elem type=char[])
OBJ 50001037 (sz=24, trace=300000, class=java.lang.String@50000173)
	value		50001038
ARR 50001038 (sz=12, trace=300000, nelems=6, elem type=char[])
OBJ 50001039 (sz=24, trace=300000, class=java.lang.String@50000173)
	value		5000103a
ARR 5000103a (sz=6, trace=300000, nelems=3, elem type=char[])
OBJ 5000103b (sz=24, trace=300000, class=java.lang.String@50000173)
	value		5000103c
ARR 5000103c (sz=20, trace=300000, nelems=10, elem type=char[])
OBJ 5000103d (sz=24, trace=300000, class=java.lang.String@50000173)
	value		5000103e
ARR 5000103e (sz=20, trace=300000, nelems=10, elem type=char[])
OBJ 5000103f (sz=24, trace=300000, class=java.lang.String@50000173)
	value		50001040
ARR 50001040 (sz=10, trace=300000, nelems=5, elem type=char[])
OBJ 50001041 (sz=24, trace=300000, class=java.lang.String@50000173)
	value		50001042
ARR 50001042 (sz=14, trace=300000, nelems=7, elem type=char[])
OBJ 50001043 (sz=24, trace=300000, class=java.lang.String@50000173)
	value		50001044
ARR 50001044 (sz=14, trace=300000, nelems=7, elem type=char[])
OBJ 50001045 (sz=24, trace=300000, class=java.lang.String@50000173)
	value		50001046
ARR 50001046 (sz=28, trace=300000, nelems=14, elem type=char[])
OBJ 50001047 (sz=24, trace=300000, class=java.lang.String@50000173)
	value		50001048
ARR 50001048 (sz=12, trace=300000, nelems=6, elem type=char[])
OBJ 50001049 (sz=24, trace=300000, class=java.lang.String@50000173)
	value		5000104a
ARR 5000104a (sz=10, trace=300000, nelems=5, elem type=char[])
OBJ 5000104b (sz=24, trace=300000, class=java.lang.String@50000173)
	value		5000104c
ARR 5000104c (sz=10, trace=300000, nelems=5, elem type=char[])
OBJ 5000104d (sz=24, trace=300000, class=java.lang.String@50000173)
	value		5000104e
ARR 5000104e (sz=12, trace=300000, nelems=6, elem type=char[])
OBJ 5000104f (sz=24, trace=300000, class=java.lang.String@50000173)
	value		50001050
ARR 50001050 (sz=14, trace=300000, nelems=7, elem type=char[])
OBJ 50001051 (sz=24, trace=300000, class=java.lang.String@50000173)
	value		50001052
ARR 50001052 (sz=14, trace=300000, nelems=7, elem type=char[])
OBJ 50001053 (sz=24, trace=300000, class=java.lang.String@50000173)
	value		50001054
ARR 50001054 (sz=30, trace=300000, nelems=15, elem type=char[])
OBJ 50001055 (sz=24, trace=300000, class=java.lang.String@50000173)
	value		50001056
ARR 50001056 (sz=6, trace=300000, nelems=3, elem type=char[])
OBJ 50001057 (sz=24, trace=300000, class=java.lang.String@50000173)
	value		50001058
ARR 50001058 (sz=8, trace=300000, nelems=4, elem type=char[])
OBJ 50001059 (sz=24, trace=300000, class=java.lang.String@50000173)
	value		5000105a
ARR 5000105a (sz=20, trace=300000, nelems=10, elem type=char[])
OBJ 5000105b (sz=24, trace=300000, class=java.lang.String@50000173)
	value		5000105f
ARR 5000105c (sz=24, trace=300000, nelems=2, elem type=java.lang.Object[]@5000010d)
	[0]		5000105d
	[1]		50000e4b
OBJ 5000105d (sz=24, trace=300000, class=java.lang.String@50000173)
	value		5000105e
ARR 5000105e (sz=10, trace=300000, nelems=5, elem type=char[])
ARR 5000105f (sz=10, trace=300000, nelems=5, elem type=char[])
OBJ 50001060 (sz=24, trace=300000, class=java.lang.String@50000173)
	value		50001064
ARR 50001061 (sz=24, trace=300000, nelems=2, elem type=java.lang.Object[]@5000010d)
	[0]		50001062
	[1]		50000e2d
OBJ 50001062 (sz=24, trace=300000, class=java.lang.String@50000173)
	value		50001063
ARR 50001063 (sz=4, trace=300000, nelems=2, elem type=char[])
ARR 50001064 (sz=10, trace=300000, nelems=5, elem type=char[])
OBJ 50001065 (sz=24, trace=300000, class=java.lang.String@50000173)
	value		50001066
ARR 50001066 (sz=10, trace=300000, nelems=5, elem type=char[])
OBJ 50001067 (sz=24, trace=300000, class=java.lang.String@50000173)
	value		50001068
ARR 50001068 (sz=4, trace=300000, nelems=2, elem type=char[])
OBJ 50001069 (sz=24, trace=300000, class=java.lang.String@50000173)
	value		5000106d
ARR 5000106a (sz=24, trace=300000, nelems=2, elem type=java.lang.Object[]@5000010d)
	[0]		5000106b
	[1]		50000e60
OBJ 5000106b (sz=24, trace=300000, class=java.lang.String@50000173)
	value		5000106c
ARR 5000106c (sz=4, trace=300000, nelems=2, elem type=char[])
ARR 5000106d (sz=10, trace=300000, nelems=5, elem type=char[])
OBJ 5000106e (sz=24, trace=300000, class=java.lang.String@50000173)
	value		5000106f
ARR 5000106f (sz=16, trace=300000, nelems=8, elem type=char[])
OBJ 50001070 (sz=24, trace=300000, class=java.lang.String@50000173)
	value		50001077
ARR 50001071 (sz=32, trace=300000, nelems=3, elem type=java.lang.Object[]@5000010d)
	[0]		50001072
	[1]		50000e2d
	[2]		50001073
OBJ 50001072 (sz=24, trace=300000, class=java.lang.String@50000173)
	value		50001076
ARR 50001073 (sz=24, trace=300000, nelems=2, elem type=java.lang.Object[]@5000010d)
	[0]		50001074
	[1]		50000e69
OBJ 50001074 (sz=24, trace=300000, class=java.lang.String@50000173)
	value		50001075
ARR 50001075 (sz=4, trace=300000, nelems=2, elem type=char[])
ARR 50001076 (sz=12, trace=300000, nelems=6, elem type=char[])
ARR 50001077 (sz=10, trace=300000, nelems=5, elem type=char[])
OBJ 50001078 (sz=24, trace=300000, class=java.lang.String@50000173)
	value		50001079
ARR 50001079 (sz=4, trace=300000, nelems=2, elem type=char[])
OBJ 5000107a (sz=24, trace=300000, class=java.lang.String@50000173)
	value		5000107b
ARR 5000107b (sz=14, trace=300000, nelems=7, elem type=char[])
OBJ 5000107c (sz=24, trace=300000, class=java.lang.String@50000173)
	value		50001080
ARR 5000107d (sz=24, trace=300000, nelems=2, elem type=java.lang.Object[]@5000010d)
	[0]		5000107e
	[1]		50000e60
OBJ 5000107e (sz=24, trace=300000, class=java.lang.String@50000173)
	value		5000107f
ARR 5000107f (sz=14, trace=300000, nelems=7, elem type=char[])
ARR 50001080 (sz=12, trace=300000, nelems=6, elem type=char[])
OBJ 50001081 (sz=24, trace=300000, class=java.lang.String@50000173)
	value		50001082
ARR 50001082 (sz=14, trace=300000, nelems=7, elem type=char[])
OBJ 50001083 (sz=24, trace=300000, class=java.lang.String@50000173)
	value		50001087
ARR 50001084 (sz=24, trace=300000, nelems=2, elem type=java.lang.Object[]@5000010d)
	[0]		50001085
	[1]		50000e38
OBJ 50001085 (sz=24, trace=300000, class=java.lang.String@50000173)
	value		50001086
ARR 50001086 (sz=6, trace=300000, nelems=3, elem type=char[])
ARR 50001087 (sz=12, trace=300000, nelems=6, elem type=char[])
OBJ 50001088 (sz=24, trace=300000, class=java.lang.String@50000173)
	value		50001089
ARR 50001089 (sz=22, trace=300000, nelems=11, elem type=char[])
OBJ 5000108a (sz=24, trace=300000, class=java.lang.String@50000173)
	value		5000108b
ARR 5000108b (sz=22, trace=300000, nelems=11, elem type=char[])
OBJ 5000108c (sz=24, trace=300000, class=java.lang.String@50000173)
	value		5000108d
ARR 5000108d (sz=12, trace=300000, nelems=6, elem type=char[])
OBJ 5000108e (sz=24, trace=300000, class=java.lang.String@50000173)
	value		5000108f
ARR 5000108f (sz=12, trace=300000, nelems=6, elem type=char[])
OBJ 50001090 (sz=24, trace=300000, class=java.lang.String@50000173)
	value		50001091
ARR 50001091 (sz=12, trace=300000, nelems=6, elem type=char[])
OBJ 50001092 (sz=24, trace=300000, class=java.lang.String@50000173)
	value		50001093
ARR 50001093 (sz=18, trace=300000, nelems=9, elem type=char[])
OBJ 50001094 (sz=24, trace=300000, class=java.lang.String@50000173)
	value		50001095
ARR 50001095 (sz=18, trace=300000, nelems=9, elem type=char[])
OBJ 50001096 (sz=24, trace=300000, class=java.lang.String@50000173)
	value		50001097
ARR 50001097 (sz=18, trace=300000, nelems=9, elem type=char[])
OBJ 50001098 (sz=24, trace=300000, class=java.lang.String@50000173)
	value		50001099
ARR 50001099 (sz=18, trace=300000, nelems=9, elem type=char[])
OBJ 5000109a (sz=24, trace=300000, class=java.lang.String@50000173)
	value		5000109b
ARR 5000109b (sz=18, trace=300000, nelems=9, elem type=char[])
OBJ 5000109c (sz=24, trace=300000, class=java.lang.String@50000173)
	value		5000109d
ARR 5000109d (sz=18, trace=300000, nelems=9, elem type=char[])
OBJ 5000109e (sz=24, trace=300000, class=java.lang.String@50000173)
	value		5000109f
ARR 5000109f (sz=42, trace=300000, nelems=21, elem type=char[])
OBJ 500010a0 (sz=24, trace=300000, class=java.lang.String@50000173)
	value		500010a1
ARR 500010a1 (sz=6, trace=300000, nelems=3, elem type=char[])
OBJ 500010a2 (sz=24, trace=300000, class=java.lang.String@50000173)
	value		500010a3
ARR 500010a3 (sz=30, trace=300000, nelems=15, elem type=char[])
OBJ 500010a4 (sz=24, trace=300000, class=java.lang.String@50000173)
	value		500010a5
ARR 500010a5 (sz=20, trace=300000, nelems=10, elem type=char[])
OBJ 500010a6 (sz=24, trace=300000, class=java.lang.String@50000173)
	value		500010a7
ARR 500010a7 (sz=30, trace=300000, nelems=15, elem type=char[])
OBJ 500010a8 (sz=24, trace=300000, class=java.lang.String@50000173)
	value		500010a9
ARR 500010a9 (sz=20, trace=300000, nelems=10, elem type=char[])
OBJ 500010aa (sz=24, trace=300000, class=java.lang.String@50000173)
	value		500010ab
ARR 500010ab (sz=6, trace=300000, nelems=3, elem type=char[])
OBJ 500010ac (sz=24, trace=300000, class=java.lang.String@50000173)
	value		500010ad
ARR 500010ad (sz=6, trace=300000, nelems=3, elem type=char[])
OBJ 500010ae (sz=24, trace=300000, class=java.lang.String@50000173)
	value		500010af
ARR 500010af (sz=14, trace=300000, nelems=7, elem type=char[])
OBJ 500010b0 (sz=24, trace=300000, class=java.lang.String@50000173)
	value		500010b4
ARR 500010b1 (sz=24, trace=300000, nelems=2, elem type=java.lang.Object[]@5000010d)
	[0]		500010b2
	[1]		50000e4b
OBJ 500010b2 (sz=24, trace=300000, class=java.lang.String@50000173)
	value		500010b3
ARR 500010b3 (sz=6, trace=300000, nelems=3, elem type=char[])
ARR 500010b4 (sz=6, trace=300000, nelems=3, elem type=char[])
OBJ 500010b5 (sz=24, trace=300000, class=java.lang.String@50000173)
	value		500010b9
ARR 500010b6 (sz=24, trace=300000, nelems=2, elem type=java.lang.Object[]@5000010d)
	[0]		500010b7
	[1]		50000e38
OBJ 500010b7 (sz=24, trace=300000, class=java.lang.String@50000173)
	value		500010b8
ARR 500010b8 (sz=16, trace=300000, nelems=8, elem type=char[])
ARR 500010b9 (sz=6, trace=300000, nelems=3, elem type=char[])
OBJ 500010ba (sz=24, trace=300000, class=java.lang.String@50000173)
	value		500010bb
ARR 500010bb (sz=6, trace=300000, nelems=3, elem type=char[])
OBJ 500010bc (sz=24, trace=300000, class=java.lang.String@50000173)
	value		500010bd
ARR 500010bd (sz=6, trace=300000, nelems=3, elem type=char[])
OBJ 500010be (sz=24, trace=300000, class=java.lang.String@50000173)
	value		500010c2
ARR 500010bf (sz=24, trace=300000, nelems=2, elem type=java.lang.Object[]@5000010d)
	[0]		500010c0
	[1]		50000e6c
OBJ 500010c0 (sz=24, trace=300000, class=java.lang.String@50000173)
	value		500010c1
ARR 500010c1 (sz=10, trace=300000, nelems=5, elem type=char[])
ARR 500010c2 (sz=6, trace=300000, nelems=3, elem type=char[])
OBJ 500010c3 (sz=24, trace=300000, class=java.lang.String@50000173)
	value		500010c4
ARR 500010c4 (sz=10, trace=300000, nelems=5, elem type=char[])
OBJ 500010c5 (sz=24, trace=300000, class=java.lang.String@50000173)
	value		500010c9
ARR 500010c6 (sz=24, trace=300000, nelems=2, elem type=java.lang.Object[]@5000010d)
	[0]		500010c7
	[1]		50000e91
OBJ 500010c7 (sz=24, trace=300000, class=java.lang.String@50000173)
	value		500010c8
ARR 500010c8 (sz=18, trace=300000, nelems=9, elem type=char[])
ARR 500010c9 (sz=32, trace=300000, nelems=16, elem type=char[])
OBJ 500010ca (sz=24, trace=300000, class=java.lang.String@50000173)
	value		500010cb
ARR 500010cb (sz=16, trace=300000, nelems=8, elem type=char[])
OBJ 500010cc (sz=24, trace=300000, class=java.lang.String@50000173)
	value		500010cd
ARR 500010cd (sz=24, trace=300000, nelems=12, elem type=char[])
OBJ 500010ce (sz=24, trace=300000, class=java.lang.String@50000173)
	value		500010cf
ARR 500010cf (sz=10, trace=300000, nelems=5, elem type=char[])
OBJ 500010d0 (sz=24, trace=300000, class=java.lang.String@50000173)
	value		500010d1
ARR 500010d1 (sz=10, trace=300000, nelems=5, elem type=char[])
OBJ 500010d2 (sz=24, trace=300000, class=java.lang.String@50000173)
	value		500010d3
ARR 500010d3 (sz=10, trace=300000, nelems=5, elem type=char[])
OBJ 500010d4 (sz=24, trace=300000, class=java.lang.String@50000173)
	value		500010d5
ARR 500010d5 (sz=10, trace=300000, nelems=5, elem type=char[])
OBJ 500010d6 (sz=24, trace=300000, class=java.lang.String@50000173)
	value		500010d7
ARR 500010d7 (sz=10, trace=300000, nelems=5, elem type=char[])
OBJ 500010d8 (sz=24, trace=300000, class=java.lang.String@50000173)
	value		500010d9
ARR 500010d9 (sz=12, trace=300000, nelems=6, elem type=char[])
OBJ 500010da (sz=24, trace=300000, class=java.lang.String@50000173)
	value		500010db
ARR 500010db (sz=12, trace=300000, nelems=6, elem type=char[])
OBJ 500010dc (sz=24, trace=300000, class=java.lang.String@50000173)
	value		500010dd
ARR 500010dd (sz=16, trace=300000, nelems=8, elem type=char[])
OBJ 500010de (sz=24, trace=300000, class=java.lang.String@50000173)
	value		500010df
ARR 500010df (sz=20, trace=300000, nelems=10, elem type=char[])
OBJ 500010e0 (sz=24, trace=300000, class=java.lang.String@50000173)
	value		500010e1
ARR 500010e1 (sz=34, trace=300000, nelems=17, elem type=char[])
OBJ 500010e2 (sz=24, trace=300000, class=java.lang.String@50000173)
	value		500010e3
ARR 500010e3 (sz=6, trace=300000, nelems=3, elem type=char[])
OBJ 500010e4 (sz=24, trace=300000, class=java.lang.String@50000173)
	value		500010e5
ARR 500010e5 (sz=30, trace=300000, nelems=15, elem type=char[])
OBJ 500010e6 (sz=24, trace=300000, class=java.lang.String@50000173)
	value		500010e7
ARR 500010e7 (sz=12, trace=300000, nelems=6, elem type=char[])
OBJ 500010e8 (sz=24, trace=300000, class=java.lang.String@50000173)
	value		500010e9
ARR 500010e9 (sz=12, trace=300000, nelems=6, elem type=char[])
OBJ 500010ea (sz=24, trace=300000, class=java.lang.String@50000173)
	value		500010ee
ARR 500010eb (sz=24, trace=300000, nelems=2, elem type=java.lang.Object[]@5000010d)
	[0]		500010ec
	[1]		50000e5c
OBJ 500010ec (sz=24, trace=300000, class=java.lang.String@50000173)
	value		500010ed
ARR 500010ed (sz=12, trace=300000, nelems=6, elem type=char[])
ARR 500010ee (sz=6, trace=300000, nelems=3, elem type=char[])
OBJ 500010ef (sz=24, trace=300000, class=java.lang.String@50000173)
	value		500010f0
ARR 500010f0 (sz=12, trace=300000, nelems=6, elem type=char[])
OBJ 500010f1 (sz=24, trace=300000, class=java.lang.String@50000173)
	value		500010f2
ARR 500010f2 (sz=12, trace=300000, nelems=6, elem type=char[])
OBJ 500010f3 (sz=24, trace=300000, class=java.lang.String@50000173)
	value		500010f7
ARR 500010f4 (sz=24, trace=300000, nelems=2, elem type=java.lang.Object[]@5000010d)
	[0]		500010f5
	[1]		50000e6c
OBJ 500010f5 (sz=24, trace=300000, class=java.lang.String@50000173)
	value		500010f6
ARR 500010f6 (sz=12, trace=300000, nelems=6, elem type=char[])
ARR 500010f7 (sz=36, trace=300000, nelems=18, elem type=char[])
OBJ 500010f8 (sz=24, trace=300000, class=java.lang.String@50000173)
	value		500010f9
ARR 500010f9 (sz=6, trace=300000, nelems=3, elem type=char[])
OBJ 500010fa (sz=24, trace=300000, class=java.lang.String@50000173)
	value		500010fb
ARR 500010fb (sz=6, trace=300000, nelems=3, elem type=char[])
OBJ 500010fc (sz=24, trace=300000, class=java.lang.String@50000173)
	value		500010fd
ARR 500010fd (sz=6, trace=300000, nelems=3, elem type=char[])
OBJ 500010fe (sz=24, trace=300000, class=java.lang.String@50000173)
	value		500010ff
ARR 500010ff (sz=6, trace=300000, nelems=3, elem type=char[])
OBJ 50001100 (sz=24, trace=300000, class=java.lang.String@50000173)
	value		50001101
ARR 50001101 (sz=6, trace=300000, nelems=3, elem type=char[])
OBJ 50001102 (sz=24, trace=300000, class=java.lang.String@50000173)
	value		50001103
ARR 50001103 (sz=30, trace=300000, nelems=15, elem type=char[])
OBJ 50001104 (sz=24, trace=300000, class=java.lang.String@50000173)
	value		50001105
ARR 50001105 (sz=18, trace=300000, nelems=9, elem type=char[])
OBJ 50001106 (sz=24, trace=300000, class=java.lang.String@50000173)
	value		50001107
ARR 50001107 (sz=26, trace=300000, nelems=13, elem type=char[])
OBJ 50001108 (sz=24, trace=300000, class=java.lang.String@50000173)
	value		50001109
ARR 50001109 (sz=22, trace=300000, nelems=11, elem type=char[])
OBJ 5000110a (sz=24, trace=300000, class=java.lang.String@50000173)
	value		5000110b
ARR 5000110b (sz=22, trace=300000, nelems=11, elem type=char[])
OBJ 5000110c (sz=24, trace=300000, class=java.lang.String@50000173)
	value		5000110d
ARR 5000110d (sz=22, trace=300000, nelems=11, elem type=char[])
OBJ 5000110e (sz=24, trace=300000, class=java.lang.String@50000173)
	value		5000110f
ARR 5000110f (sz=22, trace=300000, nelems=11, elem type=char[])
OBJ 50001110 (sz=24, trace=300000, class=java.lang.String@50000173)
	value		50001111
ARR 50001111 (sz=22, trace=300000, nelems=11, elem type=char[])
OBJ 50001112 (sz=24, trace=300000, class=java.lang.String@50000173)
	value		50001113
ARR 50001113 (sz=22, trace=300000, nelems=11, elem type=char[])
ARR 50001114 (sz=144, trace=300000, nelems=32, elem type=java.lang.Object[]@5000010d)
	[0]		50001115
	[2]		50001116
	[3]		50001117
	[4]		50001118
	[5]		50001119
	[6]		5000111a
	[7]		5000111b
	[8]		5000111c
	[9]		5000111d
	[10]		5000111e
	[11]		5000111f
	[12]		50001120
	[14]		50001121
	[15]		50001122
	[16]		50001123
	[17]		50001124
	[18]		50001125
	[19]		50001126
	[22]		50001127
	[23]		50001128
	[24]		50001129
	[28]		5000112a
	[29]		5000112b
	[31]		5000112c
ARR 50001115 (sz=24, trace=300000, nelems=1, elem type=java.lang.Object[]@5000010d)
	[0]		50000ea8
ARR 50001116 (sz=32, trace=300000, nelems=3, elem type=java.lang.Object[]@5000010d)
	[0]		50000e9a
	[2]		500011fd
ARR 50001117 (sz=32, trace=300000, nelems=3, elem type=java.lang.Object[]@5000010d)
	[0]		50000e91
	[2]		500011fc
ARR 50001118 (sz=32, trace=300000, nelems=3, elem type=java.lang.Object[]@5000010d)
	[0]		50000e83
	[2]		500011fa
ARR 50001119 (sz=32, trace=300000, nelems=3, elem type=java.lang.Object[]@5000010d)
	[0]		50000e7a
	[2]		500011f7
ARR 5000111a (sz=24, trace=300000, nelems=1, elem type=java.lang.Object[]@5000010d)
	[0]		50000e76
ARR 5000111b (sz=24, trace=300000, nelems=2, elem type=java.lang.Object[]@5000010d)
	[0]		50000e72
	[1]		500003a8
ARR 5000111c (sz=32, trace=300000, nelems=3, elem type=java.lang.Object[]@5000010d)
	[0]		50000e69
	[2]		500011f2
ARR 5000111d (sz=32, trace=300000, nelems=3, elem type=java.lang.Object[]@5000010d)
	[0]		50000e60
	[2]		500011e4
ARR 5000111e (sz=24, trace=300000, nelems=1, elem type=java.lang.Object[]@5000010d)
	[0]		50000e5c
ARR 5000111f (sz=32, trace=300000, nelems=3, elem type=java.lang.Object[]@5000010d)
	[0]		50000e53
	[2]		500011e3
ARR 50001120 (sz=24, trace=300000, nelems=1, elem type=java.lang.Object[]@5000010d)
	[0]		50000e4f
ARR 50001121 (sz=24, trace=300000, nelems=1, elem type=java.lang.Object[]@5000010d)
	[0]		50000e4b
ARR 50001122 (sz=24, trace=300000, nelems=1, elem type=java.lang.Object[]@5000010d)
	[0]		50000e47
ARR 50001123 (sz=32, trace=300000, nelems=3, elem type=java.lang.Object[]@5000010d)
	[0]		50000e3e
	[2]		500011e2
ARR 50001124 (sz=32, trace=300000, nelems=3, elem type=java.lang.Object[]@5000010d)
	[0]		50000e35
	[2]		50001131
ARR 50001125 (sz=32, trace=300000, nelems=3, elem type=java.lang.Object[]@5000010d)
	[0]		50000e27
	[2]		5000112f
ARR 50001126 (sz=32, trace=300000, nelems=3, elem type=java.lang.Object[]@5000010d)
	[0]		50000e19
	[2]		5000112d
ARR 50001127 (sz=24, trace=300000, nelems=1, elem type=java.lang.Object[]@5000010d)
	[0]		50000e15
ARR 50001128 (sz=24, trace=300000, nelems=1, elem type=java.lang.Object[]@5000010d)
	[0]		50000e11
ARR 50001129 (sz=24, trace=300000, nelems=1, elem type=java.lang.Object[]@5000010d)
	[0]		50000e0d
ARR 5000112a (sz=24, trace=300000, nelems=1, elem type=java.lang.Object[]@5000010d)
	[0]		50000e09
ARR 5000112b (sz=24, trace=300000, nelems=1, elem type=java.lang.Object[]@5000010d)
	[0]		50000e05
ARR 5000112c (sz=24, trace=300000, nelems=1, elem type=java.lang.Object[]@5000010d)
	[0]		50000e01
ARR 5000112d (sz=32, trace=300000, nelems=3, elem type=java.lang.Object[]@5000010d)
	[0]		50000e1c
	[2]		5000112e
ARR 5000112e (sz=24, trace=300000, nelems=1, elem type=java.lang.Object[]@5000010d)
	[0]		50000e1f
ARR 5000112f (sz=32, trace=300000, nelems=3, elem type=java.lang.Object[]@5000010d)
	[0]		50000e2a
	[2]		50001130
ARR 50001130 (sz=24, trace=300000, nelems=1, elem type=java.lang.Object[]@5000010d)
	[0]		50000e2d
ARR 50001131 (sz=24, trace=300000, nelems=2, elem type=java.lang.Object[]@5000010d)
	[0]		50000e38
	[1]		50000380
ARR 50001132 (sz=72, trace=300000, nelems=14, elem type=java.lang.String[]@500000cd)
	[0]		500010b7
	[1]		50001135
	[2]		50001136
	[3]		50001137
	[4]		50001138
	[5]		50000fce
	[6]		50001139
	[7]		50000fca
	[8]		5000113a
	[9]		50000ffd
	[10]		50001085
	[11]		50000f86
	[12]		5000113b
	[13]		50000fba
OBJ 50001133 (sz=24, trace=300000, class=java.lang.String@50000173)
	value		50001134
ARR 50001134 (sz=16, trace=300000, nelems=8, elem type=char[])
OBJ 50001135 (sz=24, trace=300000, class=java.lang.String@50000173)
	value		50001142
OBJ 50001136 (sz=24, trace=300000, class=java.lang.String@50000173)
	value		50001141
OBJ 50001137 (sz=24, trace=300000, class=java.lang.String@50000173)
	value		50001140
OBJ 50001138 (sz=24, trace=300000, class=java.lang.String@50000173)
	value		5000113f
OBJ 50001139 (sz=24, trace=300000, class=java.lang.String@50000173)
	value		5000113e
OBJ 5000113a (sz=24, trace=300000, class=java.lang.String@50000173)
	value		5000113d
OBJ 5000113b (sz=24, trace=300000, class=java.lang.String@50000173)
	value		5000113c
ARR 5000113c (sz=28, trace=300000, nelems=14, elem type=char[])
ARR 5000113d (sz=14, trace=300000, nelems=7, elem type=char[])
ARR 5000113e (sz=12, trace=300000, nelems=6, elem type=char[])
ARR 5000113f (sz=18, trace=300000, nelems=9, elem type=char[])
ARR 50001140 (sz=10, trace=300000, nelems=5, elem type=char[])
ARR 50001141 (sz=32, trace=300000, nelems=16, elem type=char[])
ARR 50001142 (sz=28, trace=300000, nelems=14, elem type=char[])
OBJ 50001143 (sz=24, trace=300000, class=java.lang.String@50000173)
	value		500011a5
OBJ 50001144 (sz=24, trace=300000, class=java.lang.String@50000173)
	value		500011a7
OBJ 50001145 (sz=24, trace=300000, class=java.lang.String@50000173)
	value		500011a6
OBJ 50001146 (sz=24, trace=300000, class=java.lang.String@50000173)
	value		500011a8
OBJ 50001147 (sz=24, trace=300000, class=java.lang.String@50000173)
	value		500011ab
OBJ 50001148 (sz=24, trace=300000, class=java.lang.String@50000173)
	value		500011aa
OBJ 50001149 (sz=24, trace=300000, class=java.lang.String@50000173)
	value		500011a9
OBJ 5000114a (sz=24, trace=300000, class=java.lang.String@50000173)
	value		500011ad
OBJ 5000114b (sz=24, trace=300000, class=java.lang.String@50000173)
	value		500011ac
OBJ 5000114c (sz=24, trace=300000, class=java.lang.String@50000173)
	value		500011ae
OBJ 5000114d (sz=24, trace=300000, class=java.lang.String@50000173)
	value		500011af
OBJ 5000114e (sz=24, trace=300000, class=java.lang.String@50000173)
	value		500011b0
OBJ 5000114f (sz=24, trace=300000, class=java.lang.String@50000173)
	value		500011b1
OBJ 50001150 (sz=24, trace=300000, class=java.lang.String@50000173)
	value		500011b2
OBJ 50001151 (sz=24, trace=300000, class=java.lang.String@50000173)
	value		500011b3
OBJ 50001152 (sz=24, trace=300000, class=java.lang.String@50000173)
	value		500011ba
OBJ 50001153 (sz=24, trace=300000, class=java.lang.String@50000173)
	value		500011b9
OBJ 50001154 (sz=24, trace=300000, class=java.lang.String@50000173)
	value		500011b8
OBJ 50001155 (sz=24, trace=300000, class=java.lang.String@50000173)
	value		500011b7
OBJ 50001156 (sz=24, trace=300000, class=java.lang.String@50000173)
	value		500011b6
OBJ 50001157 (sz=24, trace=300000, class=java.lang.String@50000173)
	value		500011b5
OBJ 50001158 (sz=24, trace=300000, class=java.lang.String@50000173)
	value		500011b4
OBJ 50001159 (sz=24, trace=300000, class=java.lang.String@50000173)
	value		500011be
OBJ 5000115a (sz=24, trace=300000, class=java.lang.String@50000173)
	value		500011bd
OBJ 5000115b (sz=24, trace=300000, class=java.lang.String@50000173)
	value		500011bc
OBJ 5000115c (sz=24, trace=300000, class=java.lang.String@50000173)
	value		500011bb
OBJ 5000115d (sz=24, trace=300000, class=java.lang.String@50000173)
	value		500011c1
OBJ 5000115e (sz=24, trace=300000, class=java.lang.String@50000173)
	value		500011c0
OBJ 5000115f (sz=24, trace=300000, class=java.lang.String@50000173)
	value		500011bf
OBJ 50001160 (sz=24, trace=300000, class=java.lang.String@50000173)
	value		500011c5
OBJ 50001161 (sz=24, trace=300000, class=java.lang.String@50000173)
	value		500011c4
OBJ 50001162 (sz=24, trace=300000, class=java.lang.String@50000173)
	value		500011c3
OBJ 50001163 (sz=24, trace=300000, class=java.lang.String@50000173)
	value		500011c2
OBJ 50001164 (sz=24, trace=300000, class=java.lang.String@50000173)
	value		500011ca
OBJ 50001165 (sz=24, trace=300000, class=java.lang.String@50000173)
	value		500011c9
OBJ 50001166 (sz=24, trace=300000, class=java.lang.String@50000173)
	value		500011c8
OBJ 50001167 (sz=24, trace=300000, class=java.lang.String@50000173)
	value		500011c7
OBJ 50001168 (sz=24, trace=300000, class=java.lang.String@50000173)
	value		500011c6
OBJ 50001169 (sz=24, trace=300000, class=java.lang.String@50000173)
	value		500011ce
OBJ 5000116a (sz=24, trace=300000, class=java.lang.String@50000173)
	value		500011cd
OBJ 5000116b (sz=24, trace=300000, class=java.lang.String@50000173)
	value		500011cc
OBJ 5000116c (sz=24, trace=300000, class=java.lang.String@50000173)
	value		500011cb
OBJ 5000116d (sz=24, trace=300000, class=java.lang.String@50000173)
	value		500011cf
OBJ 5000116e (sz=24, trace=300000, class=java.lang.String@50000173)
	value		500011db
OBJ 5000116f (sz=24, trace=300000, class=java.lang.String@50000173)
	value		500011da
OBJ 50001170 (sz=24, trace=300000, class=java.lang.String@50000173)
	value		500011d9
OBJ 50001171 (sz=24, trace=300000, class=java.lang.String@50000173)
	value		500011d8
OBJ 50001172 (sz=24, trace=300000, class=java.lang.String@50000173)
	value		500011d7
OBJ 50001173 (sz=24, trace=300000, class=java.lang.String@50000173)
	value		500011d6
OBJ 50001174 (sz=24, trace=300000, class=java.lang.String@50000173)
	value		500011d5
OBJ 50001175 (sz=24, trace=300000, class=java.lang.String@50000173)
	value		500011d4
OBJ 50001176 (sz=24, trace=300000, class=java.lang.String@50000173)
	value		500011d3
OBJ 50001177 (sz=24, trace=300000, class=java.lang.String@50000173)
	value		500011d2
OBJ 50001178 (sz=24, trace=300000, class=java.lang.String@50000173)
	value		500011d1
OBJ 50001179 (sz=24, trace=300000, class=java.lang.String@50000173)
	value		500011d0
OBJ 5000117a (sz=24, trace=300000, class=java.lang.String@50000173)
	value		500011dc
OBJ 5000117b (sz=24, trace=300000, class=java.lang.String@50000173)
	value		500011dd
OBJ 5000117c (sz=24, trace=300000, class=java.lang.String@50000173)
	value		500011de
OBJ 5000117d (sz=24, trace=300000, class=java.lang.String@50000173)
	value		500011df
OBJ 5000117e (sz=24, trace=300000, class=java.lang.String@50000173)
	value		500011e0
ARR 5000117f (sz=32, trace=300000, nelems=4, elem type=java.lang.String[]@500000cd)
	[0]		5000103f
	[1]		50001005
	[2]		50001001
	[3]		500010a0
ARR 50001180 (sz=40, trace=300000, nelems=5, elem type=java.lang.String[]@500000cd)
	[0]		50001049
	[1]		50000e9a
	[2]		50001007
	[3]		500010aa
	[4]		5000117e
ARR 50001181 (sz=40, trace=300000, nelems=6, elem type=java.lang.String[]@500000cd)
	[0]		5000104b
	[1]		50000ea8
	[2]		50001009
	[3]		500010ac
	[4]		5000117d
	[5]		50000fa8
ARR 50001182 (sz=40, trace=300000, nelems=5, elem type=java.lang.String[]@500000cd)
	[0]		5000105b
	[1]		50000faa
	[2]		50000fd2
	[3]		500010b0
	[4]		5000117c
ARR 50001183 (sz=40, trace=300000, nelems=5, elem type=java.lang.String[]@500000cd)
	[0]		50001060
	[1]		50000e1c
	[2]		50001017
	[3]		500010b5
	[4]		5000117b
ARR 50001184 (sz=40, trace=300000, nelems=5, elem type=java.lang.String[]@500000cd)
	[0]		50001065
	[1]		50001019
	[2]		50000e27
	[3]		500010ba
	[4]		50000f90
ARR 50001185 (sz=40, trace=300000, nelems=5, elem type=java.lang.String[]@500000cd)
	[0]		50001069
	[1]		50000e3e
	[2]		5000101b
	[3]		500010bc
	[4]		5000117a
ARR 50001186 (sz=40, trace=300000, nelems=5, elem type=java.lang.String[]@500000cd)
	[0]		50001070
	[1]		5000101d
	[2]		50000e47
	[3]		500010be
	[4]		50000f72
ARR 50001187 (sz=32, trace=300000, nelems=4, elem type=java.lang.String[]@500000cd)
	[0]		50001025
	[1]		50000e41
	[2]		50000fd4
	[3]		50001055
ARR 50001188 (sz=32, trace=300000, nelems=4, elem type=java.lang.String[]@500000cd)
	[0]		5000105d
	[1]		50001021
	[2]		50001015
	[3]		500010b2
ARR 50001189 (sz=40, trace=300000, nelems=6, elem type=java.lang.String[]@500000cd)
	[0]		50001011
	[1]		50000e2a
	[2]		50000fc6
	[3]		50001039
	[4]		500010c5
	[5]		50000f8e
ARR 5000118a (sz=24, trace=300000, nelems=2, elem type=java.lang.String[]@500000cd)
	[0]		50000fe6
	[1]		50000f78
ARR 5000118b (sz=24, trace=300000, nelems=2, elem type=java.lang.String[]@500000cd)
	[0]		50000fe9
	[1]		50000f7a
ARR 5000118c (sz=24, trace=300000, nelems=2, elem type=java.lang.String[]@500000cd)
	[0]		50000feb
	[1]		50000f7e
ARR 5000118d (sz=24, trace=300000, nelems=2, elem type=java.lang.String[]@500000cd)
	[0]		50000fed
	[1]		50000f80
ARR 5000118e (sz=32, trace=300000, nelems=3, elem type=java.lang.String[]@500000cd)
	[0]		50000fef
	[1]		50000f82
	[2]		500010c7
ARR 5000118f (sz=24, trace=300000, nelems=2, elem type=java.lang.String[]@500000cd)
	[0]		50000ff1
	[1]		50000f84
ARR 50001190 (sz=24, trace=300000, nelems=1, elem type=java.lang.String[]@500000cd)
	[0]		500010d8
ARR 50001191 (sz=32, trace=300000, nelems=3, elem type=java.lang.String[]@500000cd)
	[0]		500010da
	[1]		50001057
	[2]		50000fb4
ARR 50001192 (sz=80, trace=300000, nelems=15, elem type=java.lang.String[]@500000cd)
	[0]		5000116e
	[1]		50000fcc
	[2]		5000116f
	[3]		50001170
	[4]		50001171
	[5]		50001172
	[6]		50001173
	[7]		500010ce
	[8]		500010f8
	[9]		50001174
	[10]		50001175
	[11]		50001176
	[12]		50001177
	[13]		50001178
	[14]		50001179
ARR 50001193 (sz=32, trace=300000, nelems=4, elem type=java.lang.String[]@500000cd)
	[0]		50000fdd
	[1]		50000fd0
	[2]		5000108a
	[3]		5000116d
ARR 50001194 (sz=72, trace=300000, nelems=13, elem type=java.lang.String[]@500000cd)
	[0]		50001092
	[1]		500010e6
	[2]		5000100b
	[3]		50001169
	[4]		5000116a
	[5]		5000116b
	[6]		5000102f
	[7]		50001067
	[8]		5000107c
	[9]		50001051
	[10]		500010fa
	[11]		500010d0
	[12]		5000116c
ARR 50001195 (sz=80, trace=300000, nelems=16, elem type=java.lang.String[]@500000cd)
	[0]		50001094
	[1]		500010e8
	[2]		50001023
	[3]		50001164
	[4]		50001165
	[5]		50001166
	[6]		50001167
	[7]		50000fbc
	[8]		50001083
	[9]		50001168
	[10]		50000f9d
	[11]		5000104d
	[12]		50001043
	[13]		500010ea
	[14]		500010c3
	[15]		50000fae
ARR 50001196 (sz=64, trace=300000, nelems=12, elem type=java.lang.String[]@500000cd)
	[0]		50001096
	[1]		500010ec
	[2]		5000100d
	[3]		50001160
	[4]		50001161
	[5]		50001162
	[6]		5000106e
	[7]		5000108c
	[8]		5000107a
	[9]		500010d2
	[10]		500010fc
	[11]		50001163
ARR 50001197 (sz=72, trace=300000, nelems=13, elem type=java.lang.String[]@500000cd)
	[0]		50001098
	[1]		50000fb2
	[2]		500010ef
	[3]		5000102d
	[4]		5000115d
	[5]		5000115e
	[6]		50001031
	[7]		5000106b
	[8]		5000108e
	[9]		5000107e
	[10]		500010d4
	[11]		500010fe
	[12]		5000115f
ARR 50001198 (sz=72, trace=300000, nelems=13, elem type=java.lang.String[]@500000cd)
	[0]		5000109a
	[1]		500010f1
	[2]		5000103b
	[3]		50001159
	[4]		5000115a
	[5]		5000115b
	[6]		50001033
	[7]		50001074
	[8]		50001090
	[9]		50001081
	[10]		500010d6
	[11]		50001100
	[12]		5000115c
ARR 50001199 (sz=72, trace=300000, nelems=14, elem type=java.lang.String[]@500000cd)
	[0]		5000103d
	[1]		50001152
	[2]		50001035
	[3]		50001078
	[4]		50001153
	[5]		500010c0
	[6]		50001154
	[7]		500010e2
	[8]		50001155
	[9]		50001156
	[10]		50001157
	[11]		50000e6d
	[12]		500010f5
	[13]		50001158
ARR 5000119a (sz=24, trace=300000, nelems=2, elem type=java.lang.String[]@500000cd)
	[0]		50000e0e
	[1]		50001151
ARR 5000119b (sz=24, trace=300000, nelems=2, elem type=java.lang.String[]@500000cd)
	[0]		50000e20
	[1]		50001150
ARR 5000119c (sz=24, trace=300000, nelems=2, elem type=java.lang.String[]@500000cd)
	[0]		50000e8a
	[1]		5000114f
ARR 5000119d (sz=24, trace=300000, nelems=2, elem type=java.lang.String[]@500000cd)
	[0]		50000e02
	[1]		5000114e
ARR 5000119e (sz=24, trace=300000, nelems=2, elem type=java.lang.String[]@500000cd)
	[0]		50000e9e
	[1]		5000114d
ARR 5000119f (sz=24, trace=300000, nelems=1, elem type=java.lang.String[]@500000cd)
	[0]		5000114c
ARR 500011a0 (sz=32, trace=300000, nelems=3, elem type=java.lang.String[]@500000cd)
	[0]		50000ea1
	[1]		5000114a
	[2]		5000114b
ARR 500011a1 (sz=32, trace=300000, nelems=4, elem type=java.lang.String[]@500000cd)
	[0]		50000e73
	[1]		50001147
	[2]		50001148
	[3]		50001149
ARR 500011a2 (sz=32, trace=300000, nelems=4, elem type=java.lang.String[]@500000cd)
	[0]		50000e7e
	[1]		5000100f
	[2]		50000fbe
	[3]		50001146
ARR 500011a3 (sz=24, trace=300000, nelems=2, elem type=java.lang.String[]@500000cd)
	[0]		50001144
	[1]		50001145
ARR 500011a4 (sz=24, trace=300000, nelems=2, elem type=java.lang.String[]@500000cd)
	[0]		50001143
	[1]		500010e0
ARR 500011a5 (sz=8, trace=300000, nelems=4, elem type=char[])
ARR 500011a6 (sz=16, trace=300000, nelems=8, elem type=char[])
ARR 500011a7 (sz=10, trace=300000, nelems=5, elem type=char[])
ARR 500011a8 (sz=20, trace=300000, nelems=10, elem type=char[])
ARR 500011a9 (sz=36, trace=300000, nelems=18, elem type=char[])
ARR 500011aa (sz=20, trace=300000, nelems=10, elem type=char[])
ARR 500011ab (sz=30, trace=300000, nelems=15, elem type=char[])
ARR 500011ac (sz=42, trace=300000, nelems=21, elem type=char[])
ARR 500011ad (sz=20, trace=300000, nelems=10, elem type=char[])
ARR 500011ae (sz=26, trace=300000, nelems=13, elem type=char[])
ARR 500011af (sz=10, trace=300000, nelems=5, elem type=char[])
ARR 500011b0 (sz=20, trace=300000, nelems=10, elem type=char[])
ARR 500011b1 (sz=20, trace=300000, nelems=10, elem type=char[])
ARR 500011b2 (sz=24, trace=300000, nelems=12, elem type=char[])
ARR 500011b3 (sz=24, trace=300000, nelems=12, elem type=char[])
ARR 500011b4 (sz=18, trace=300000, nelems=9, elem type=char[])
ARR 500011b5 (sz=30, trace=300000, nelems=15, elem type=char[])
ARR 500011b6 (sz=18, trace=300000, nelems=9, elem type=char[])
ARR 500011b7 (sz=14, trace=300000, nelems=7, elem type=char[])
ARR 500011b8 (sz=22, trace=300000, nelems=11, elem type=char[])
ARR 500011b9 (sz=12, trace=300000, nelems=6, elem type=char[])
ARR 500011ba (sz=20, trace=300000, nelems=10, elem type=char[])
ARR 500011bb (sz=22, trace=300000, nelems=11, elem type=char[])
ARR 500011bc (sz=18, trace=300000, nelems=9, elem type=char[])
ARR 500011bd (sz=30, trace=300000, nelems=15, elem type=char[])
ARR 500011be (sz=20, trace=300000, nelems=10, elem type=char[])
ARR 500011bf (sz=22, trace=300000, nelems=11, elem type=char[])
ARR 500011c0 (sz=30, trace=300000, nelems=15, elem type=char[])
ARR 500011c1 (sz=20, trace=300000, nelems=10, elem type=char[])
ARR 500011c2 (sz=36, trace=300000, nelems=18, elem type=char[])
ARR 500011c3 (sz=18, trace=300000, nelems=9, elem type=char[])
ARR 500011c4 (sz=30, trace=300000, nelems=15, elem type=char[])
ARR 500011c5 (sz=20, trace=300000, nelems=10, elem type=char[])
ARR 500011c6 (sz=30, trace=300000, nelems=15, elem type=char[])
ARR 500011c7 (sz=16, trace=300000, nelems=8, elem type=char[])
ARR 500011c8 (sz=16, trace=300000, nelems=8, elem type=char[])
ARR 500011c9 (sz=30, trace=300000, nelems=15, elem type=char[])
ARR 500011ca (sz=20, trace=300000, nelems=10, elem type=char[])
ARR 500011cb (sz=22, trace=300000, nelems=11, elem type=char[])
ARR 500011cc (sz=18, trace=300000, nelems=9, elem type=char[])
ARR 500011cd (sz=30, trace=300000, nelems=15, elem type=char[])
ARR 500011ce (sz=20, trace=300000, nelems=10, elem type=char[])
ARR 500011cf (sz=20, trace=300000, nelems=10, elem type=char[])
ARR 500011d0 (sz=30, trace=300000, nelems=15, elem type=char[])
ARR 500011d1 (sz=22, trace=300000, nelems=11, elem type=char[])
ARR 500011d2 (sz=22, trace=300000, nelems=11, elem type=char[])
ARR 500011d3 (sz=4, trace=300000, nelems=2, elem type=char[])
ARR 500011d4 (sz=12, trace=300000, nelems=6, elem type=char[])
ARR 500011d5 (sz=12, trace=300000, nelems=6, elem type=char[])
ARR 500011d6 (sz=14, trace=300000, nelems=7, elem type=char[])
ARR 500011d7 (sz=12, trace=300000, nelems=6, elem type=char[])
ARR 500011d8 (sz=20, trace=300000, nelems=10, elem type=char[])
ARR 500011d9 (sz=20, trace=300000, nelems=10, elem type=char[])
ARR 500011da (sz=22, trace=300000, nelems=11, elem type=char[])
ARR 500011db (sz=22, trace=300000, nelems=11, elem type=char[])
ARR 500011dc (sz=16, trace=300000, nelems=8, elem type=char[])
ARR 500011dd (sz=16, trace=300000, nelems=8, elem type=char[])
ARR 500011de (sz=48, trace=300000, nelems=24, elem type=char[])
ARR 500011df (sz=16, trace=300000, nelems=8, elem type=char[])
ARR 500011e0 (sz=16, trace=300000, nelems=8, elem type=char[])
ARR 500011e1 (sz=20, trace=300000, nelems=10, elem type=char[])
ARR 500011e2 (sz=24, trace=300000, nelems=1, elem type=java.lang.Object[]@5000010d)
	[0]		50000e41
ARR 500011e3 (sz=24, trace=300000, nelems=1, elem type=java.lang.Object[]@5000010d)
	[0]		50000e56
ARR 500011e4 (sz=24, trace=300000, nelems=2, elem type=java.lang.Object[]@5000010d)
	[0]		50000e63
	[1]		50000de1
OBJ 500011e5 (sz=24, trace=300000, class=java.lang.String@50000173)
	value		500011e6
ARR 500011e6 (sz=10, trace=300000, nelems=5, elem type=char[])
ARR 500011e7 (sz=32, trace=300000, nelems=4, elem type=java.lang.String[]@500000cd)
	[0]		50000dd6
	[1]		50000dd7
	[2]		50000dd8
	[3]		50000dd9
OBJ 500011e8 (sz=24, trace=300000, class=java.lang.String@50000173)
	value		500011ee
OBJ 500011e9 (sz=24, trace=300000, class=java.lang.String@50000173)
	value		500011ef
OBJ 500011ea (sz=24, trace=300000, class=java.lang.String@50000173)
	value		500011f0
OBJ 500011eb (sz=16, trace=300000, class=java.nio.charset.CodingErrorAction@50000093)
	name		500011ea
OBJ 500011ec (sz=16, trace=300000, class=java.nio.charset.CodingErrorAction@50000093)
	name		500011e9
OBJ 500011ed (sz=16, trace=300000, class=java.nio.charset.CodingErrorAction@50000093)
	name		500011e8
ARR 500011ee (sz=12, trace=300000, nelems=6, elem type=char[])
ARR 500011ef (sz=14, trace=300000, nelems=7, elem type=char[])
ARR 500011f0 (sz=12, trace=300000, nelems=6, elem type=char[])
ARR 500011f1 (sz=6, trace=300000, nelems=3, elem type=char[])
ARR 500011f2 (sz=24, trace=300000, nelems=2, elem type=java.lang.Object[]@5000010d)
	[0]		50000e6c
	[1]		50000392
OBJ 500011f3 (sz=24, trace=300000, class=java.lang.String@50000173)
	value		500011f4
ARR 500011f4 (sz=20, trace=300000, nelems=10, elem type=char[])
OBJ 500011f5 (sz=24, trace=300000, class=java.lang.String@50000173)
	value		500011f6
ARR 500011f6 (sz=16, trace=300000, nelems=8, elem type=char[])
ARR 500011f7 (sz=24, trace=300000, nelems=2, elem type=java.lang.Object[]@5000010d)
	[0]		50000e7d
	[1]		500003cc
OBJ 500011f8 (sz=24, trace=300000, class=java.lang.String@50000173)
	value		500011f9
ARR 500011f9 (sz=12, trace=300000, nelems=6, elem type=char[])
ARR 500011fa (sz=32, trace=300000, nelems=3, elem type=java.lang.Object[]@5000010d)
	[0]		50000e86
	[2]		500011fb
ARR 500011fb (sz=24, trace=300000, nelems=1, elem type=java.lang.Object[]@5000010d)
	[0]		50000e89
ARR 500011fc (sz=24, trace=300000, nelems=1, elem type=java.lang.Object[]@5000010d)
	[0]		50000e94
ARR 500011fd (sz=32, trace=300000, nelems=3, elem type=java.lang.Object[]@5000010d)
	[0]		50000e9d
	[2]		500011fe
ARR 500011fe (sz=24, trace=300000, nelems=2, elem type=java.lang.Object[]@5000010d)
	[0]		50000ea0
	[1]		500003ba
OBJ 500011ff (sz=24, trace=300000, class=java.lang.String@50000173)
	value		50001200
ARR 50001200 (sz=16, trace=300000, nelems=8, elem type=char[])
ARR 50001201 (sz=26, trace=300000, nelems=13, elem type=char[])
ARR 50001202 (sz=38, trace=300000, nelems=19, elem type=char[])
ARR 50001203 (sz=2, trace=300000, nelems=1, elem type=char[])
ARR 50001204 (sz=20, trace=300000, nelems=10, elem type=char[])
OBJ 50001205 (sz=24, trace=300000, class=java.lang.String@50000173)
	value		50001206
ARR 50001206 (sz=40, trace=300000, nelems=20, elem type=char[])
OBJ 50001207 (sz=24, trace=300000, class=java.lang.String@50000173)
	value		50001208
ARR 50001208 (sz=64, trace=300000, nelems=32, elem type=char[])
ARR 50001209 (sz=56, trace=300000, nelems=28, elem type=char[])
OBJ 5000120a (sz=16, trace=300000, class=java.lang.Object@50000177)
OBJ 5000120b (sz=24, trace=300000, class=java.lang.String@50000173)
	value		50001220
OBJ 5000120c (sz=24, trace=300000, class=java.lang.String@50000173)
	value		5000121f
OBJ 5000120d (sz=24, trace=300000, class=java.lang.String@50000173)
	value		5000121e
OBJ 5000120e (sz=24, trace=300000, class=java.lang.String@50000173)
	value		5000121d
OBJ 5000120f (sz=24, trace=300000, class=java.lang.String@50000173)
	value		5000121b
OBJ 50001210 (sz=24, trace=300000, class=java.lang.String@50000173)
	value		5000121a
OBJ 50001211 (sz=24, trace=300000, class=java.lang.String@50000173)
	value		50001219
OBJ 50001212 (sz=24, trace=300000, class=java.lang.String@50000173)
	value		50001215
OBJ 50001213 (sz=24, trace=300000, class=java.lang.String@50000173)
	value		50001214
ARR 50001214 (sz=30, trace=300000, nelems=15, elem type=char[])
ARR 50001215 (sz=18, trace=300000, nelems=9, elem type=char[])
OBJ 50001216 (sz=24, trace=300000, class=java.lang.String@50000173)
	value		50001217
ARR 50001217 (sz=6, trace=300000, nelems=3, elem type=char[])
ARR 50001218 (sz=62, trace=300000, nelems=31, elem type=char[])
ARR 50001219 (sz=10, trace=300000, nelems=5, elem type=char[])
ARR 5000121a (sz=90, trace=300000, nelems=45, elem type=char[])
ARR 5000121b (sz=98, trace=300000, nelems=49, elem type=char[])
ARR 5000121c (sz=8, trace=300000, nelems=4, elem type=char[])
ARR 5000121d (sz=80, trace=300000, nelems=40, elem type=char[])
ARR 5000121e (sz=76, trace=300000, nelems=38, elem type=char[])
ARR 5000121f (sz=54, trace=300000, nelems=27, elem type=char[])
ARR 50001220 (sz=24, trace=300000, nelems=12, elem type=char[])
OBJ 50001221 (sz=24, trace=300000, class=java.lang.String@50000173)
	value		50001222
ARR 50001222 (sz=4, trace=300000, nelems=2, elem type=char[])
OBJ 50001223 (sz=32, trace=300000, class=java.lang.ref.ReferenceQueue@50000151)
	lock		50001225
ARR 50001224 (sz=80, trace=300000, nelems=0, elem type=java.util.WeakHashMap$Entry[]@50000045)
OBJ 50001225 (sz=16, trace=300000, class=java.lang.ref.ReferenceQueue$Lock@500000d6)
OBJ 50001226 (sz=24, trace=300000, class=java.lang.String@50000173)
	value		50001230
OBJ 50001227 (sz=24, trace=300000, class=java.lang.String@50000173)
	value		5000122f
OBJ 50001228 (sz=24, trace=300000, class=java.lang.String@50000173)
	value		5000122e
OBJ 50001229 (sz=16, trace=300000, class=sun.misc.Launcher@5000011c)
	loader		5000078e
OBJ 5000122a (sz=16, trace=300000, class=sun.misc.Launcher$Factory@50000049)
OBJ 5000122b (sz=24, trace=300000, class=java.lang.String@50000173)
	value		5000122d
ARR 5000122c (sz=12, trace=300000, nelems=6, elem type=char[])
ARR 5000122d (sz=30, trace=300000, nelems=15, elem type=char[])
ARR 5000122e (sz=38, trace=300000, nelems=19, elem type=char[])
ARR 5000122f (sz=42, trace=300000, nelems=21, elem type=char[])
ARR 50001230 (sz=26, trace=300000, nelems=13, elem type=char[])
ARR 50001231 (sz=56, trace=300000, nelems=1, elem type=java.lang.Object[]@5000010d)
	[0]		500005ff
OBJ 50001232 (sz=24, trace=300000, class=java.lang.String@50000173)
	value		50001240
OBJ 50001233 (sz=24, trace=300000, class=java.lang.String@50000173)
	value		5000123f
OBJ 50001234 (sz=24, trace=300000, class=java.lang.String@50000173)
	value		5000123e
OBJ 50001235 (sz=24, trace=300000, class=java.lang.String@50000173)
	value		5000123d
OBJ 50001236 (sz=24, trace=300000, class=java.lang.String@50000173)
	value		5000123c
OBJ 50001237 (sz=24, trace=300000, class=java.lang.String@50000173)
	value		5000123b
OBJ 50001238 (sz=24, trace=300000, class=java.lang.String@50000173)
	value		50001239
ARR 50001239 (sz=36, trace=300000, nelems=18, elem type=char[])
ARR 5000123a (sz=28, trace=300000, nelems=14, elem type=char[])
ARR 5000123b (sz=30, trace=300000, nelems=15, elem type=char[])
ARR 5000123c (sz=42, trace=300000, nelems=21, elem type=char[])
ARR 5000123d (sz=34, trace=300000, nelems=17, elem type=char[])
ARR 5000123e (sz=46, trace=300000, nelems=23, elem type=char[])
ARR 5000123f (sz=34, trace=300000, nelems=17, elem type=char[])
ARR 50001240 (sz=46, trace=300000, nelems=23, elem type=char[])
OBJ 50001241 (sz=64, trace=300000, class=java.net.URL@5000011e)
	protocol	50000c66
	host		50000887
	file		50001242
	authority	50000887
	path		50001242
	handler		50000c70
OBJ 50001242 (sz=24, trace=300000, class=java.lang.String@50000173)
	value		50001243
ARR 50001243 (sz=194, trace=300000, nelems=97, elem type=char[])
ARR 50001244 (sz=14, trace=300000, nelems=7, elem type=char[])
OBJ 50001245 (sz=16, trace=300000, class=java.security.ProtectionDomain$Key@50000007)
	this$0		50000b0f
ARR 50001246 (sz=16, trace=300000, nelems=0, elem type=java.security.Principal[]@50000005)
OBJ 50001247 (sz=32, trace=300000, class=java.security.CodeSource@50000119)
ARR 50001248 (sz=56, trace=300000, nelems=0, elem type=java.lang.Object[]@5000010d)
OBJ 50001249 (sz=16, trace=300000, class=sun.net.www.protocol.jar.Handler@50000003)
OBJ 5000124a (sz=48, trace=300000, class=java.util.HashMap@500000cb)
	table		50000516
OBJ 5000124b (sz=24, trace=300000, class=java.util.ArrayList@500000e2)
	elementData	50000515
OBJ 5000124c (sz=32, trace=300000, class=java.util.Stack@500000e7)
	elementData	50001255
OBJ 5000124d (sz=24, trace=300000, class=java.util.ArrayList@500000e2)
	elementData	5000124e
ARR 5000124e (sz=56, trace=300000, nelems=3, elem type=java.lang.Object[]@5000010d)
	[0]		50001241
	[1]		5000124f
	[2]		50001250
OBJ 5000124f (sz=64, trace=300000, class=java.net.URL@5000011e)
	protocol	50000c66
	host		50000887
	file		50001253
	authority	50000887
	path		50001253
	handler		50000c70
OBJ 50001250 (sz=64, trace=300000, class=java.net.URL@5000011e)
	protocol	50000c66
	host		50000887
	file		50001251
	authority	50000887
	path		50001251
	handler		50000c70
OBJ 50001251 (sz=24, trace=300000, class=java.lang.String@50000173)
	value		50001252
ARR 50001252 (sz=218, trace=300000, nelems=109, elem type=char[])
OBJ 50001253 (sz=24, trace=300000, class=java.lang.String@50000173)
	value		50001254
ARR 50001254 (sz=212, trace=300000, nelems=106, elem type=char[])
ARR 50001255 (sz=56, trace=300000, nelems=2, elem type=java.lang.Object[]@5000010d)
	[0]		50001250
	[1]		5000124f
OBJ 50001256 (sz=32, trace=300000, class=java.lang.ref.ReferenceQueue@50000151)
	lock		50001258
ARR 50001257 (sz=80, trace=300000, nelems=0, elem type=java.util.WeakHashMap$Entry[]@50000045)
OBJ 50001258 (sz=16, trace=300000, class=java.lang.ref.ReferenceQueue$Lock@500000d6)
ARR 50001259 (sz=56, trace=300000, nelems=1, elem type=java.lang.Object[]@5000010d)
	[0]		50000ad4
ARR 5000125a (sz=56, trace=300000, nelems=1, elem type=java.lang.Object[]@5000010d)
	[0]		5000125b
OBJ 5000125b (sz=40, trace=300000, class=java.lang.ClassLoader$NativeLibrary@50000059)
	fromClass	5000016c
	name		50000ad4
ARR 5000125c (sz=56, trace=300000, nelems=0, elem type=java.lang.Object[]@5000010d)
OBJ 5000125d (sz=24, trace=300000, class=java.lang.String@50000173)
	value		50001268
OBJ 5000125e (sz=24, trace=300000, class=java.lang.String@50000173)
	value		50001267
OBJ 5000125f (sz=24, trace=300000, class=java.lang.String@50000173)
	value		50001266
OBJ 50001260 (sz=24, trace=300000, class=java.lang.String@50000173)
	value		50001265
OBJ 50001261 (sz=24, trace=300000, class=java.lang.String@50000173)
	value		50001264
OBJ 50001262 (sz=24, trace=300000, class=java.lang.String@50000173)
	value		50001263
ARR 50001263 (sz=2, trace=300000, nelems=1, elem type=char[])
ARR 50001264 (sz=26, trace=300000, nelems=13, elem type=char[])
ARR 50001265 (sz=62, trace=300000, nelems=31, elem type=char[])
ARR 50001266 (sz=64, trace=300000, nelems=32, elem type=char[])
ARR 50001267 (sz=48, trace=300000, nelems=24, elem type=char[])
ARR 50001268 (sz=70, trace=300000, nelems=35, elem type=char[])
OBJ 50001269 (sz=24, trace=300000, class=java.lang.String@50000173)
	value		50001279
OBJ 5000126a (sz=24, trace=300000, class=java.lang.String@50000173)
	value		50001278
OBJ 5000126b (sz=24, trace=300000, class=java.lang.String@50000173)
	value		50001276
OBJ 5000126c (sz=24, trace=300000, class=java.lang.String@50000173)
	value		50001274
OBJ 5000126d (sz=48, trace=300000, class=java.util.HashMap@500000cb)
	table		5000127a
OBJ 5000126e (sz=48, trace=300000, class=java.util.HashMap@500000cb)
	table		5000126f
ARR 5000126f (sz=80, trace=300000, nelems=11, elem type=java.util.HashMap$Node[]@500000c7)
	[2]		50001270
	[5]		50001271
	[10]		50001272
OBJ 50001270 (sz=32, trace=300000, class=java.util.HashMap$Node@500000c9)
	key		500000cc
	value		50001277
OBJ 50001271 (sz=32, trace=300000, class=java.util.HashMap$Node@500000c9)
	key		5000016c
	value		50001275
OBJ 50001272 (sz=32, trace=300000, class=java.util.HashMap$Node@500000c9)
	key		5000016f
	value		50001273
ARR 50001273 (sz=24, trace=300000, nelems=1, elem type=java.lang.String[]@500000cd)
	[0]		5000126c
ARR 50001274 (sz=22, trace=300000, nelems=11, elem type=char[])
ARR 50001275 (sz=24, trace=300000, nelems=1, elem type=java.lang.String[]@500000cd)
	[0]		5000126b
ARR 50001276 (sz=16, trace=300000, nelems=8, elem type=char[])
ARR 50001277 (sz=24, trace=300000, nelems=2, elem type=java.lang.String[]@500000cd)
	[0]		50001269
	[1]		5000126a
ARR 50001278 (sz=30, trace=300000, nelems=15, elem type=char[])
ARR 50001279 (sz=28, trace=300000, nelems=14, elem type=char[])
ARR 5000127a (sz=80, trace=300000, nelems=4, elem type=java.util.HashMap$Node[]@500000c7)
	[3]		5000127b
OBJ 5000127b (sz=32, trace=300000, class=java.util.HashMap$Node@500000c9)
	key		50000125
	value		5000127c
ARR 5000127c (sz=24, trace=300000, nelems=1, elem type=java.lang.String[]@500000cd)
	[0]		50000913
ARR 5000127d (sz=18, trace=300000, nelems=9, elem type=char[])
OBJ 5000127e (sz=24, trace=300000, class=java.lang.String@50000173)
	value		50001280
OBJ 5000127f (sz=24, trace=300000, class=java.lang.reflect.ReflectPermission@500000f3)
	name		5000127e
	path		5000127e
ARR 50001280 (sz=40, trace=300000, nelems=20, elem type=char[])
OBJ 50001281 (sz=24, trace=300000, class=java.lang.String@50000173)
	value		50001287
OBJ 50001282 (sz=24, trace=300000, class=java.lang.String@50000173)
	value		50001288
OBJ 50001283 (sz=24, trace=300000, class=java.lang.String@50000173)
	value		50001289
OBJ 50001284 (sz=24, trace=300000, class=java.lang.String@50000173)
	value		5000128a
OBJ 50001285 (sz=24, trace=300000, class=java.lang.String@50000173)
	value		5000128b
OBJ 50001286 (sz=24, trace=300000, class=java.lang.String@50000173)
	value		5000128c
ARR 50001287 (sz=72, trace=300000, nelems=36, elem type=char[])
ARR 50001288 (sz=54, trace=300000, nelems=27, elem type=char[])
ARR 50001289 (sz=58, trace=300000, nelems=29, elem type=char[])
ARR 5000128a (sz=74, trace=300000, nelems=37, elem type=char[])
ARR 5000128b (sz=32, trace=300000, nelems=16, elem type=char[])
ARR 5000128c (sz=48, trace=300000, nelems=24, elem type=char[])
OBJ 5000128d (sz=24, trace=300000, class=java.util.Collections$SetFromMap@50000044)
	m		5000128f
	s		5000128e
OBJ 5000128e (sz=16, trace=300000, class=java.util.WeakHashMap$KeySet@50000043)
	this$0		5000128f
OBJ 5000128f (sz=48, trace=300000, class=java.util.WeakHashMap@500000ac)
	keySet		5000128e
	table		50001291
	queue		50001290
OBJ 50001290 (sz=32, trace=300000, class=java.lang.ref.ReferenceQueue@50000151)
	lock		50001296
ARR 50001291 (sz=80, trace=300000, nelems=14, elem type=java.util.WeakHashMap$Entry[]@50000045)
	[4]		50001292
	[6]		50001293
	[13]		50001294
OBJ 50001292 (sz=40, trace=300000, class=java.util.WeakHashMap$Entry@50000046)
	referent	5000011f
	queue		50001290
	value		50000a33
OBJ 50001293 (sz=40, trace=300000, class=java.util.WeakHashMap$Entry@50000046)
	referent	50000163
	queue		50001290
	value		50000a33
	next		50001297
OBJ 50001294 (sz=40, trace=300000, class=java.util.WeakHashMap$Entry@50000046)
	referent	5000011b
	queue		50001290
	value		50000a33
	next		50001295
OBJ 50001295 (sz=40, trace=300000, class=java.util.WeakHashMap$Entry@50000046)
	referent	5000011a
	queue		50001290
	value		50000a33
OBJ 50001296 (sz=16, trace=300000, class=java.lang.ref.ReferenceQueue$Lock@500000d6)
OBJ 50001297 (sz=40, trace=300000, class=java.util.WeakHashMap$Entry@50000046)
	referent	5000016d
	queue		50001290
	value		50000a33
OBJ 50001298 (sz=24, trace=300000, class=java.lang.String@50000173)
	value		50001299
ARR 50001299 (sz=6, trace=300000, nelems=3, elem type=char[])
ARR 5000129a (sz=42, trace=300000, nelems=21, elem type=char[])
ARR 5000129b (sz=34, trace=300000, nelems=17, elem type=char[])
OBJ 5000129c (sz=24, trace=300000, class=java.lang.String@50000173)
	value		5000129d
ARR 5000129d (sz=48, trace=300000, nelems=24, elem type=char[])
ARR 5000129e (sz=10, trace=300000, nelems=5, elem type=char[])
OBJ 5000129f (sz=24, trace=300000, class=java.lang.String@50000173)
	value		500012a0
ARR 500012a0 (sz=12, trace=300000, nelems=6, elem type=char[])
ARR 500012a1 (sz=34, trace=300000, nelems=17, elem type=char[])
OBJ 500012a2 (sz=32, trace=300000, class=java.lang.ref.ReferenceQueue@50000151)
	lock		500012a3
OBJ 500012a3 (sz=16, trace=300000, class=java.lang.ref.ReferenceQueue$Lock@500000d6)
ARR 500012a4 (sz=18, trace=300000, nelems=9, elem type=char[])
ARR 500012a5 (sz=28, trace=300000, nelems=14, elem type=char[])
ARR 500012a6 (sz=28, trace=300000, nelems=14, elem type=char[])
ARR 500012a7 (sz=2, trace=300000, nelems=1, elem type=char[])
ARR 500012a8 (sz=2, trace=300000, nelems=1, elem type=char[])
OBJ 500012a9 (sz=24, trace=300000, class=java.lang.String@50000173)
	value		500012ae
OBJ 500012aa (sz=24, trace=300000, class=java.lang.String@50000173)
	value		500012af
ARR 500012ab (sz=24, trace=300000, nelems=2, elem type=java.io.File$PathStatus[]@5000005c)
	[0]		500012ad
	[1]		500012ac
OBJ 500012ac (sz=24, trace=300000, class=java.io.File$PathStatus@50000062)
	name		500012aa
OBJ 500012ad (sz=24, trace=300000, class=java.io.File$PathStatus@50000062)
	name		500012a9
ARR 500012ae (sz=14, trace=300000, nelems=7, elem type=char[])
ARR 500012af (sz=14, trace=300000, nelems=7, elem type=char[])
ARR 500012b0 (sz=24, trace=300000, nelems=12, elem type=char[])
ARR 500012b1 (sz=8, trace=300000, nelems=4, elem type=char[])
OBJ 500012b2 (sz=32, trace=300000, class=java.io.FileOutputStream@50000083)
	fd		50000a40
	closeLock	500012b3
OBJ 500012b3 (sz=16, trace=300000, class=java.lang.Object@50000177)
OBJ 500012b4 (sz=24, trace=300000, class=java.lang.String@50000173)
	value		500012b8
OBJ 500012b5 (sz=32, trace=300000, class=java.util.concurrent.atomic.AtomicReferenceFieldUpdater$AtomicReferenceFieldUpdaterImpl@5000007f)
	cclass		50000081
	tclass		50000081
	vclass		5000017b
OBJ 500012b6 (sz=24, trace=300000, class=java.lang.String@50000173)
	value		500012b7
ARR 500012b7 (sz=26, trace=300000, nelems=13, elem type=char[])
ARR 500012b8 (sz=6, trace=300000, nelems=3, elem type=char[])
OBJ 500012b9 (sz=24, trace=300000, class=java.io.OutputStreamWriter@50000077)
	lock		50000a3a
	se		500012be
OBJ 500012ba (sz=40, trace=300000, class=java.io.BufferedWriter@5000006a)
	lock		500012b9
	out		500012b9
	cb		500012bd
	lineSeparator	50000992
OBJ 500012bb (sz=24, trace=300000, class=java.io.BufferedOutputStream@50000079)
	out		50000a42
	buf		500012bc
ARR 500012bc (sz=128, trace=300000, nelems=128, elem type=byte[])
ARR 500012bd (sz=16384, trace=300000, nelems=8192, elem type=char[])
OBJ 500012be (sz=48, trace=300000, class=sun.nio.cs.StreamEncoder@50000076)
	lock		500012b9
	cs		50000de1
	encoder		500012c0
	bb		500012bf
	out		50000a3a
OBJ 500012bf (sz=48, trace=300000, class=java.nio.HeapByteBuffer@50000070)
	hb		500012c2
OBJ 500012c0 (sz=56, trace=300000, class=sun.nio.cs.UTF_8$Encoder@50000072)
	charset		50000de1
	replacement	500012c1
	malformedInputAction	500011ec
	unmappableCharacterAction	500011ec
ARR 500012c1 (sz=1, trace=300000, nelems=1, elem type=byte[])
ARR 500012c2 (sz=8192, trace=300000, nelems=8192, elem type=byte[])
OBJ 500012c3 (sz=24, trace=300000, class=java.io.OutputStreamWriter@50000077)
	lock		50000a39
	se		500012c8
OBJ 500012c4 (sz=40, trace=300000, class=java.io.BufferedWriter@5000006a)
	lock		500012c3
	out		500012c3
	cb		500012c7
	lineSeparator	50000992
OBJ 500012c5 (sz=24, trace=300000, class=java.io.BufferedOutputStream@50000079)
	out		500012b2
	buf		500012c6
ARR 500012c6 (sz=128, trace=300000, nelems=128, elem type=byte[])
ARR 500012c7 (sz=16384, trace=300000, nelems=8192, elem type=char[])
OBJ 500012c8 (sz=48, trace=300000, class=sun.nio.cs.StreamEncoder@50000076)
	lock		500012c3
	cs		50000de1
	encoder		500012ca
	bb		500012c9
	out		50000a39
OBJ 500012c9 (sz=48, trace=300000, class=java.nio.HeapByteBuffer@50000070)
	hb		500012cc
OBJ 500012ca (sz=56, trace=300000, class=sun.nio.cs.UTF_8$Encoder@50000072)
	charset		50000de1
	replacement	500012cb
	malformedInputAction	500011ec
	unmappableCharacterAction	500011ec
ARR 500012cb (sz=1, trace=300000, nelems=1, elem type=byte[])
ARR 500012cc (sz=8192, trace=300000, nelems=8192, elem type=byte[])
OBJ 500012cd (sz=24, trace=300000, class=java.util.Collections$SynchronizedSet@50000090)
	c		5000130f
	mutex		50000a38
ARR 500012ce (sz=400, trace=300000, nelems=92, elem type=java.util.Hashtable$Entry[]@500000c4)
	[0]		500012cf
	[1]		500012d0
	[4]		500012d1
	[9]		500012d2
	[11]		500012d3
	[13]		500012d4
	[16]		500012d5
	[17]		500012d6
	[18]		500012d7
	[19]		500012d8
	[21]		500012d9
	[22]		500012da
	[24]		500012db
	[26]		500012dc
	[27]		500012dd
	[33]		500012de
	[38]		500012df
	[39]		500012e0
	[40]		500012e1
	[41]		500012e2
	[42]		500012e3
	[44]		500012e4
	[49]		500012e5
	[54]		500012e6
	[57]		500012e7
	[63]		500012e8
	[65]		500012e9
	[67]		500012ea
	[70]		500012eb
	[72]		500012ec
	[74]		500012ed
	[76]		500012ee
	[79]		500012ef
	[80]		500012f0
	[81]		500012f1
	[82]		500012f2
	[85]		500012f3
	[88]		500012f4
	[91]		500012f5
OBJ 500012cf (sz=32, trace=300000, class=java.util.Hashtable$Entry@500000c5)
	key		50000a2a
	value		50000a29
OBJ 500012d0 (sz=32, trace=300000, class=java.util.Hashtable$Entry@500000c5)
	key		50000a26
	value		50000a25
OBJ 500012d1 (sz=32, trace=300000, class=java.util.Hashtable$Entry@500000c5)
	key		50000a22
	value		50000a21
OBJ 500012d2 (sz=32, trace=300000, class=java.util.Hashtable$Entry@500000c5)
	key		50000a1e
	value		50000a1d
	next		5000130e
OBJ 500012d3 (sz=32, trace=300000, class=java.util.Hashtable$Entry@500000c5)
	key		50000a11
	value		50000a10
OBJ 500012d4 (sz=32, trace=300000, class=java.util.Hashtable$Entry@500000c5)
	key		50000a0d
	value		50000a0c
OBJ 500012d5 (sz=32, trace=300000, class=java.util.Hashtable$Entry@500000c5)
	key		50000a09
	value		50000a08
OBJ 500012d6 (sz=32, trace=300000, class=java.util.Hashtable$Entry@500000c5)
	key		50000a05
	value		50000a04
OBJ 500012d7 (sz=32, trace=300000, class=java.util.Hashtable$Entry@500000c5)
	key		50000a01
	value		50000a00
OBJ 500012d8 (sz=32, trace=300000, class=java.util.Hashtable$Entry@500000c5)
	key		500009fd
	value		50001212
OBJ 500012d9 (sz=32, trace=300000, class=java.util.Hashtable$Entry@500000c5)
	key		500009f5
	value		5000130c
OBJ 500012da (sz=32, trace=300000, class=java.util.Hashtable$Entry@500000c5)
	key		500009f0
	value		500009ef
OBJ 500012db (sz=32, trace=300000, class=java.util.Hashtable$Entry@500000c5)
	key		500009ec
	value		500009eb
	next		5000130b
OBJ 500012dc (sz=32, trace=300000, class=java.util.Hashtable$Entry@500000c5)
	key		500009e3
	value		500009e2
	next		50001309
OBJ 500012dd (sz=32, trace=300000, class=java.util.Hashtable$Entry@500000c5)
	key		500009d5
	value		500009d4
OBJ 500012de (sz=32, trace=300000, class=java.util.Hashtable$Entry@500000c5)
	key		500009d1
	value		500009d0
	next		50001308
OBJ 500012df (sz=32, trace=300000, class=java.util.Hashtable$Entry@500000c5)
	key		500009c4
	value		500009c3
	next		50001307
OBJ 500012e0 (sz=32, trace=300000, class=java.util.Hashtable$Entry@500000c5)
	key		500009bf
	value		500009be
OBJ 500012e1 (sz=32, trace=300000, class=java.util.Hashtable$Entry@500000c5)
	key		500009bb
	value		500009ba
OBJ 500012e2 (sz=32, trace=300000, class=java.util.Hashtable$Entry@500000c5)
	key		500009b7
	value		500009b6
OBJ 500012e3 (sz=32, trace=300000, class=java.util.Hashtable$Entry@500000c5)
	key		500009b3
	value		500009b2
OBJ 500012e4 (sz=32, trace=300000, class=java.util.Hashtable$Entry@500000c5)
	key		500009af
	value		500009ae
OBJ 500012e5 (sz=32, trace=300000, class=java.util.Hashtable$Entry@500000c5)
	key		500009a7
	value		500009a6
	next		50001306
OBJ 500012e6 (sz=32, trace=300000, class=java.util.Hashtable$Entry@500000c5)
	key		500009a2
	value		500009a1
OBJ 500012e7 (sz=32, trace=300000, class=java.util.Hashtable$Entry@500000c5)
	key		5000099e
	value		5000078d
OBJ 500012e8 (sz=32, trace=300000, class=java.util.Hashtable$Entry@500000c5)
	key		5000099b
	value		5000099a
OBJ 500012e9 (sz=32, trace=300000, class=java.util.Hashtable$Entry@500000c5)
	key		50000997
	value		50000996
OBJ 500012ea (sz=32, trace=300000, class=java.util.Hashtable$Entry@500000c5)
	key		5000098f
	value		5000098e
	next		50001305
OBJ 500012eb (sz=32, trace=300000, class=java.util.Hashtable$Entry@500000c5)
	key		50000986
	value		50000985
	next		50001304
OBJ 500012ec (sz=32, trace=300000, class=java.util.Hashtable$Entry@500000c5)
	key		50000981
	value		50000980
OBJ 500012ed (sz=32, trace=300000, class=java.util.Hashtable$Entry@500000c5)
	key		50001301
	value		50001300
OBJ 500012ee (sz=32, trace=300000, class=java.util.Hashtable$Entry@500000c5)
	key		50000979
	value		50000978
	next		500012ff
OBJ 500012ef (sz=32, trace=300000, class=java.util.Hashtable$Entry@500000c5)
	key		5000096b
	value		5000096a
	next		500012fd
OBJ 500012f0 (sz=32, trace=300000, class=java.util.Hashtable$Entry@500000c5)
	key		50000962
	value		50000961
	next		500012fc
OBJ 500012f1 (sz=32, trace=300000, class=java.util.Hashtable$Entry@500000c5)
	key		5000095d
	value		5000095c
OBJ 500012f2 (sz=32, trace=300000, class=java.util.Hashtable$Entry@500000c5)
	key		50000955
	value		50000954
	next		500012fb
OBJ 500012f3 (sz=32, trace=300000, class=java.util.Hashtable$Entry@500000c5)
	key		50000950
	value		5000094f
OBJ 500012f4 (sz=32, trace=300000, class=java.util.Hashtable$Entry@500000c5)
	key		50000948
	value		50000947
	next		500012fa
OBJ 500012f5 (sz=32, trace=300000, class=java.util.Hashtable$Entry@500000c5)
	key		500012f7
	value		500012f6
OBJ 500012f6 (sz=24, trace=300000, class=java.lang.String@50000173)
	value		500012f9
OBJ 500012f7 (sz=24, trace=300000, class=java.lang.String@50000173)
	value		500012f8
ARR 500012f8 (sz=34, trace=300000, nelems=17, elem type=char[])
ARR 500012f9 (sz=62, trace=300000, nelems=31, elem type=char[])
OBJ 500012fa (sz=32, trace=300000, class=java.util.Hashtable$Entry@500000c5)
	key		5000094c
	value		5000094b
OBJ 500012fb (sz=32, trace=300000, class=java.util.Hashtable$Entry@500000c5)
	key		50000959
	value		50000958
OBJ 500012fc (sz=32, trace=300000, class=java.util.Hashtable$Entry@500000c5)
	key		50000966
	value		50000965
OBJ 500012fd (sz=32, trace=300000, class=java.util.Hashtable$Entry@500000c5)
	key		50000970
	value		5000096f
	next		500012fe
OBJ 500012fe (sz=32, trace=300000, class=java.util.Hashtable$Entry@500000c5)
	key		50000974
	value		50000973
OBJ 500012ff (sz=32, trace=300000, class=java.util.Hashtable$Entry@500000c5)
	key		5000097d
	value		5000097c
OBJ 50001300 (sz=24, trace=300000, class=java.lang.String@50000173)
	value		50001303
OBJ 50001301 (sz=24, trace=300000, class=java.lang.String@50000173)
	value		50001302
ARR 50001302 (sz=40, trace=300000, nelems=20, elem type=char[])
ARR 50001303 (sz=26, trace=300000, nelems=13, elem type=char[])
OBJ 50001304 (sz=32, trace=300000, class=java.util.Hashtable$Entry@500000c5)
	key		5000098a
	value		50000989
OBJ 50001305 (sz=32, trace=300000, class=java.util.Hashtable$Entry@500000c5)
	key		50000993
	value		50000992
OBJ 50001306 (sz=32, trace=300000, class=java.util.Hashtable$Entry@500000c5)
	key		500009ab
	value		500009aa
OBJ 50001307 (sz=32, trace=300000, class=java.util.Hashtable$Entry@500000c5)
	key		500009c8
	value		500009c7
OBJ 50001308 (sz=32, trace=300000, class=java.util.Hashtable$Entry@500000c5)
	key		500009cd
	value		500009cc
OBJ 50001309 (sz=32, trace=300000, class=java.util.Hashtable$Entry@500000c5)
	key		500009df
	value		500009de
	next		5000130a
OBJ 5000130a (sz=32, trace=300000, class=java.util.Hashtable$Entry@500000c5)
	key		500009da
	value		500009d9
OBJ 5000130b (sz=32, trace=300000, class=java.util.Hashtable$Entry@500000c5)
	key		500009e8
	value		500009e7
OBJ 5000130c (sz=24, trace=300000, class=java.lang.String@50000173)
	value		5000130d
ARR 5000130d (sz=32, trace=300000, nelems=16, elem type=char[])
OBJ 5000130e (sz=32, trace=300000, class=java.util.Hashtable$Entry@500000c5)
	key		50000a1a
	value		50000a19
OBJ 5000130f (sz=16, trace=300000, class=java.util.Hashtable$EntrySet@50000092)
	this$0		50000a38
OBJ 50001310 (sz=24, trace=300000, class=java.lang.String@50000173)
	value		50001318
OBJ 50001311 (sz=24, trace=300000, class=java.lang.String@50000173)
	value		50001317
OBJ 50001312 (sz=24, trace=300000, class=java.lang.String@50000173)
	value		50001316
OBJ 50001313 (sz=16, trace=300000, class=java.lang.Terminator$1@50000056)
OBJ 50001314 (sz=24, trace=300000, class=sun.misc.NativeSignalHandler@50000054)
OBJ 50001315 (sz=24, trace=300000, class=sun.misc.NativeSignalHandler@50000054)
ARR 50001316 (sz=8, trace=300000, nelems=4, elem type=char[])
ARR 50001317 (sz=6, trace=300000, nelems=3, elem type=char[])
ARR 50001318 (sz=6, trace=300000, nelems=3, elem type=char[])
OBJ 50001319 (sz=48, trace=300000, class=java.util.Hashtable@5000014a)
	table		50001322
OBJ 5000131a (sz=48, trace=300000, class=java.util.Hashtable@5000014a)
	table		5000131b
ARR 5000131b (sz=32, trace=300000, nelems=4, elem type=java.util.Hashtable$Entry[]@500000c4)
	[1]		5000131c
	[2]		5000131d
	[3]		5000131e
OBJ 5000131c (sz=32, trace=300000, class=java.util.Hashtable$Entry@500000c5)
	key		50001321
	value		50001313
OBJ 5000131d (sz=32, trace=300000, class=java.util.Hashtable$Entry@500000c5)
	key		50001320
	value		50001313
OBJ 5000131e (sz=32, trace=300000, class=java.util.Hashtable$Entry@500000c5)
	key		5000131f
	value		50001313
OBJ 5000131f (sz=24, trace=300000, class=sun.misc.Signal@50000055)
	name		50001312
OBJ 50001320 (sz=24, trace=300000, class=sun.misc.Signal@50000055)
	name		50001311
OBJ 50001321 (sz=24, trace=300000, class=sun.misc.Signal@50000055)
	name		50001310
ARR 50001322 (sz=32, trace=300000, nelems=4, elem type=java.util.Hashtable$Entry[]@500000c4)
	[1]		50001323
	[2]		50001324
	[3]		50001325
OBJ 50001323 (sz=32, trace=300000, class=java.util.Hashtable$Entry@500000c5)
	key		50000bcd
	value		50001321
OBJ 50001324 (sz=32, trace=300000, class=java.util.Hashtable$Entry@500000c5)
	key		50000bce
	value		50001320
OBJ 50001325 (sz=32, trace=300000, class=java.util.Hashtable$Entry@500000c5)
	key		50000bdb
	value		5000131f
OBJ 50001326 (sz=24, trace=300000, class=java.lang.String@50000173)
	value		50001327
ARR 50001327 (sz=8, trace=300000, nelems=4, elem type=char[])
ARR 50001328 (sz=6, trace=300000, nelems=3, elem type=char[])
ARR 50001329 (sz=38, trace=300000, nelems=19, elem type=char[])
ARR 5000132a (sz=38, trace=300000, nelems=19, elem type=char[])
ARR 5000132b (sz=14, trace=300000, nelems=7, elem type=char[])
ARR 5000132c (sz=44, trace=300000, nelems=22, elem type=char[])
ARR 5000132d (sz=74, trace=300000, nelems=37, elem type=char[])
ARR 5000132e (sz=58, trace=300000, nelems=29, elem type=char[])
ARR 5000132f (sz=4, trace=300000, nelems=2, elem type=char[])
ARR 50001330 (sz=54, trace=300000, nelems=27, elem type=char[])
ARR 50001331 (sz=40, trace=300000, nelems=20, elem type=char[])
ARR 50001332 (sz=32, trace=300000, nelems=16, elem type=char[])
ARR 50001333 (sz=8, trace=300000, nelems=4, elem type=char[])
ARR 50001334 (sz=8, trace=300000, nelems=4, elem type=char[])
OBJ 50001335 (sz=24, trace=300000, class=java.lang.String@50000173)
	value		50001336
ARR 50001336 (sz=10, trace=300000, nelems=5, elem type=char[])
OBJ 50001337 (sz=24, trace=300000, class=java.lang.String@50000173)
	value		50001338
ARR 50001338 (sz=8, trace=300000, nelems=4, elem type=char[])
ARR 50001339 (sz=22, trace=300000, nelems=11, elem type=char[])
OBJ 5000133a (sz=24, trace=300000, class=java.lang.String@50000173)
	value		5000133d
OBJ 5000133b (sz=24, trace=300000, class=java.lang.String@50000173)
	value		5000133c
ARR 5000133c (sz=60, trace=300000, nelems=30, elem type=char[])
ARR 5000133d (sz=46, trace=300000, nelems=23, elem type=char[])
OBJ 5000133e (sz=24, trace=300000, class=java.lang.String@50000173)
	value		50001343
OBJ 5000133f (sz=24, trace=300000, class=java.lang.String@50000173)
	value		50001342
OBJ 50001340 (sz=24, trace=300000, class=java.lang.String@50000173)
	value		50001341
ARR 50001341 (sz=28, trace=300000, nelems=14, elem type=char[])
ARR 50001342 (sz=28, trace=300000, nelems=14, elem type=char[])
ARR 50001343 (sz=28, trace=300000, nelems=14, elem type=char[])
OBJ 50001344 (sz=24, trace=300000, class=java.lang.String@50000173)
	value		50001345
ARR 50001345 (sz=40, trace=300000, nelems=20, elem type=char[])
ARR 50001346 (sz=4, trace=300000, nelems=2, elem type=char[])
OBJ 50001347 (sz=32, trace=300000, class=sun.util.locale.BaseLocale@50000018)
	language	50000897
	script		50000887
	region		500008a4
	variant		50000887
OBJ 50001348 (sz=16, trace=300000, class=java.lang.ref.ReferenceQueue$Lock@500000d6)
OBJ 50001349 (sz=48, trace=300000, class=sun.util.locale.LocaleObjectCache$CacheEntry@50000015)
	referent	50001351
	queue		500008da
	key		5000134a
OBJ 5000134a (sz=40, trace=300000, class=sun.util.locale.BaseLocale$Key@50000016)
	lang		5000134e
	scrt		5000134d
	regn		5000134c
	vart		5000134b
OBJ 5000134b (sz=40, trace=300000, class=java.lang.ref.SoftReference@50000157)
	referent	50000887
	queue		500008ef
OBJ 5000134c (sz=40, trace=300000, class=java.lang.ref.SoftReference@50000157)
	referent	500008a1
	queue		500008ef
OBJ 5000134d (sz=40, trace=300000, class=java.lang.ref.SoftReference@50000157)
	referent	50000887
	queue		500008ef
OBJ 5000134e (sz=40, trace=300000, class=java.lang.ref.SoftReference@50000157)
	referent	5000089a
	queue		500008ef
ARR 5000134f (sz=4, trace=300000, nelems=2, elem type=char[])
ARR 50001350 (sz=4, trace=300000, nelems=2, elem type=char[])
OBJ 50001351 (sz=32, trace=300000, class=sun.util.locale.BaseLocale@50000018)
	language	5000089a
	script		50000887
	region		500008a1
	variant		50000887
OBJ 50001352 (sz=48, trace=300000, class=sun.util.locale.LocaleObjectCache$CacheEntry@50000015)
	referent	50001359
	queue		500008da
	key		50001353
OBJ 50001353 (sz=40, trace=300000, class=sun.util.locale.BaseLocale$Key@50000016)
	lang		50001357
	scrt		50001356
	regn		50001355
	vart		50001354
OBJ 50001354 (sz=40, trace=300000, class=java.lang.ref.SoftReference@50000157)
	referent	50000887
	queue		500008ef
OBJ 50001355 (sz=40, trace=300000, class=java.lang.ref.SoftReference@50000157)
	referent	50000887
	queue		500008ef
OBJ 50001356 (sz=40, trace=300000, class=java.lang.ref.SoftReference@50000157)
	referent	50000887
	queue		500008ef
OBJ 50001357 (sz=40, trace=300000, class=java.lang.ref.SoftReference@50000157)
	referent	50000894
	queue		500008ef
ARR 50001358 (sz=4, trace=300000, nelems=2, elem type=char[])
OBJ 50001359 (sz=32, trace=300000, class=sun.util.locale.BaseLocale@50000018)
	language	50000894
	script		50000887
	region		50000887
	variant		50000887
OBJ 5000135a (sz=48, trace=300000, class=sun.util.locale.LocaleObjectCache$CacheEntry@50000015)
	referent	50001361
	queue		500008da
	key		5000135b
OBJ 5000135b (sz=40, trace=300000, class=sun.util.locale.BaseLocale$Key@50000016)
	lang		5000135f
	scrt		5000135e
	regn		5000135d
	vart		5000135c
OBJ 5000135c (sz=40, trace=300000, class=java.lang.ref.SoftReference@50000157)
	referent	50000887
	queue		500008ef
OBJ 5000135d (sz=40, trace=300000, class=java.lang.ref.SoftReference@50000157)
	referent	50000887
	queue		500008ef
OBJ 5000135e (sz=40, trace=300000, class=java.lang.ref.SoftReference@50000157)
	referent	50000887
	queue		500008ef
OBJ 5000135f (sz=40, trace=300000, class=java.lang.ref.SoftReference@50000157)
	referent	5000089b
	queue		500008ef
ARR 50001360 (sz=4, trace=300000, nelems=2, elem type=char[])
OBJ 50001361 (sz=32, trace=300000, class=sun.util.locale.BaseLocale@50000018)
	language	5000089b
	script		50000887
	region		50000887
	variant		50000887
OBJ 50001362 (sz=32, trace=300000, class=java.util.concurrent.ConcurrentHashMap$Node@50000020)
	key		5000136c
	val		5000136b
	next		5000136a
OBJ 50001363 (sz=48, trace=300000, class=sun.util.locale.LocaleObjectCache$CacheEntry@50000015)
	referent	50001369
	queue		500008da
	key		50001364
OBJ 50001364 (sz=40, trace=300000, class=sun.util.locale.BaseLocale$Key@50000016)
	lang		50001368
	scrt		50001367
	regn		50001366
	vart		50001365
OBJ 50001365 (sz=40, trace=300000, class=java.lang.ref.SoftReference@50000157)
	referent	50000887
	queue		500008ef
OBJ 50001366 (sz=40, trace=300000, class=java.lang.ref.SoftReference@50000157)
	referent	50000887
	queue		500008ef
OBJ 50001367 (sz=40, trace=300000, class=java.lang.ref.SoftReference@50000157)
	referent	50000887
	queue		500008ef
OBJ 50001368 (sz=40, trace=300000, class=java.lang.ref.SoftReference@50000157)
	referent	50000897
	queue		500008ef
OBJ 50001369 (sz=32, trace=300000, class=sun.util.locale.BaseLocale@50000018)
	language	50000897
	script		50000887
	region		50000887
	variant		50000887
OBJ 5000136a (sz=32, trace=300000, class=java.util.concurrent.ConcurrentHashMap$Node@50000020)
	key		50001375
	val		50001374
OBJ 5000136b (sz=48, trace=300000, class=sun.util.locale.LocaleObjectCache$CacheEntry@50000015)
	referent	50001373
	queue		500008da
	key		5000136c
OBJ 5000136c (sz=40, trace=300000, class=sun.util.locale.BaseLocale$Key@50000016)
	lang		50001370
	scrt		5000136f
	regn		5000136e
	vart		5000136d
OBJ 5000136d (sz=40, trace=300000, class=java.lang.ref.SoftReference@50000157)
	referent	50000887
	queue		500008ef
OBJ 5000136e (sz=40, trace=300000, class=java.lang.ref.SoftReference@50000157)
	referent	5000089f
	queue		500008ef
OBJ 5000136f (sz=40, trace=300000, class=java.lang.ref.SoftReference@50000157)
	referent	50000887
	queue		500008ef
OBJ 50001370 (sz=40, trace=300000, class=java.lang.ref.SoftReference@50000157)
	referent	50000898
	queue		500008ef
ARR 50001371 (sz=4, trace=300000, nelems=2, elem type=char[])
ARR 50001372 (sz=4, trace=300000, nelems=2, elem type=char[])
OBJ 50001373 (sz=32, trace=300000, class=sun.util.locale.BaseLocale@50000018)
	language	50000898
	script		50000887
	region		5000089f
	variant		50000887
OBJ 50001374 (sz=48, trace=300000, class=sun.util.locale.LocaleObjectCache$CacheEntry@50000015)
	referent	5000137b
	queue		500008da
	key		50001375
OBJ 50001375 (sz=40, trace=300000, class=sun.util.locale.BaseLocale$Key@50000016)
	lang		50001379
	scrt		50001378
	regn		50001377
	vart		50001376
OBJ 50001376 (sz=40, trace=300000, class=java.lang.ref.SoftReference@50000157)
	referent	50000887
	queue		500008ef
OBJ 50001377 (sz=40, trace=300000, class=java.lang.ref.SoftReference@50000157)
	referent	50000895
	queue		500008ef
OBJ 50001378 (sz=40, trace=300000, class=java.lang.ref.SoftReference@50000157)
	referent	50000887
	queue		500008ef
OBJ 50001379 (sz=40, trace=300000, class=java.lang.ref.SoftReference@50000157)
	referent	50000894
	queue		500008ef
ARR 5000137a (sz=4, trace=300000, nelems=2, elem type=char[])
OBJ 5000137b (sz=32, trace=300000, class=sun.util.locale.BaseLocale@50000018)
	language	50000894
	script		50000887
	region		50000895
	variant		50000887
OBJ 5000137c (sz=32, trace=300000, class=java.util.concurrent.ConcurrentHashMap$Node@50000020)
	key		50001386
	val		50001385
OBJ 5000137d (sz=48, trace=300000, class=sun.util.locale.LocaleObjectCache$CacheEntry@50000015)
	referent	50001384
	queue		500008da
	key		5000137e
OBJ 5000137e (sz=40, trace=300000, class=sun.util.locale.BaseLocale$Key@50000016)
	lang		50001382
	scrt		50001381
	regn		50001380
	vart		5000137f
OBJ 5000137f (sz=40, trace=300000, class=java.lang.ref.SoftReference@50000157)
	referent	50000887
	queue		500008ef
OBJ 50001380 (sz=40, trace=300000, class=java.lang.ref.SoftReference@50000157)
	referent	50000887
	queue		500008ef
OBJ 50001381 (sz=40, trace=300000, class=java.lang.ref.SoftReference@50000157)
	referent	50000887
	queue		500008ef
OBJ 50001382 (sz=40, trace=300000, class=java.lang.ref.SoftReference@50000157)
	referent	50000899
	queue		500008ef
ARR 50001383 (sz=4, trace=300000, nelems=2, elem type=char[])
OBJ 50001384 (sz=32, trace=300000, class=sun.util.locale.BaseLocale@50000018)
	language	50000899
	script		50000887
	region		50000887
	variant		50000887
OBJ 50001385 (sz=48, trace=300000, class=sun.util.locale.LocaleObjectCache$CacheEntry@50000015)
	referent	500008d0
	queue		500008da
	key		50001386
OBJ 50001386 (sz=40, trace=300000, class=sun.util.locale.BaseLocale$Key@50000016)
	lang		5000138a
	scrt		50001389
	regn		50001388
	vart		50001387
OBJ 50001387 (sz=40, trace=300000, class=java.lang.ref.SoftReference@50000157)
	referent	50000887
	queue		500008ef
OBJ 50001388 (sz=40, trace=300000, class=java.lang.ref.SoftReference@50000157)
	referent	500008a2
	queue		500008ef
OBJ 50001389 (sz=40, trace=300000, class=java.lang.ref.SoftReference@50000157)
	referent	50000887
	queue		500008ef
OBJ 5000138a (sz=40, trace=300000, class=java.lang.ref.SoftReference@50000157)
	referent	50000889
	queue		500008ef
OBJ 5000138b (sz=48, trace=300000, class=sun.util.locale.LocaleObjectCache$CacheEntry@50000015)
	referent	50001391
	queue		500008da
	key		5000138c
OBJ 5000138c (sz=40, trace=300000, class=sun.util.locale.BaseLocale$Key@50000016)
	lang		50001390
	scrt		5000138f
	regn		5000138e
	vart		5000138d
OBJ 5000138d (sz=40, trace=300000, class=java.lang.ref.SoftReference@50000157)
	referent	50000887
	queue		500008ef
OBJ 5000138e (sz=40, trace=300000, class=java.lang.ref.SoftReference@50000157)
	referent	50000887
	queue		500008ef
OBJ 5000138f (sz=40, trace=300000, class=java.lang.ref.SoftReference@50000157)
	referent	50000887
	queue		500008ef
OBJ 50001390 (sz=40, trace=300000, class=java.lang.ref.SoftReference@50000157)
	referent	50000889
	queue		500008ef
OBJ 50001391 (sz=32, trace=300000, class=sun.util.locale.BaseLocale@50000018)
	language	50000889
	script		50000887
	region		50000887
	variant		50000887
OBJ 50001392 (sz=32, trace=300000, class=java.util.concurrent.ConcurrentHashMap$Node@50000020)
	key		5000139d
	val		5000139c
	next		5000139b
OBJ 50001393 (sz=48, trace=300000, class=sun.util.locale.LocaleObjectCache$CacheEntry@50000015)
	referent	5000139a
	queue		500008da
	key		50001394
OBJ 50001394 (sz=40, trace=300000, class=sun.util.locale.BaseLocale$Key@50000016)
	lang		50001398
	scrt		50001397
	regn		50001396
	vart		50001395
OBJ 50001395 (sz=40, trace=300000, class=java.lang.ref.SoftReference@50000157)
	referent	50000887
	queue		500008ef
OBJ 50001396 (sz=40, trace=300000, class=java.lang.ref.SoftReference@50000157)
	referent	5000089d
	queue		500008ef
OBJ 50001397 (sz=40, trace=300000, class=java.lang.ref.SoftReference@50000157)
	referent	50000887
	queue		500008ef
OBJ 50001398 (sz=40, trace=300000, class=java.lang.ref.SoftReference@50000157)
	referent	5000089b
	queue		500008ef
ARR 50001399 (sz=4, trace=300000, nelems=2, elem type=char[])
OBJ 5000139a (sz=32, trace=300000, class=sun.util.locale.BaseLocale@50000018)
	language	5000089b
	script		50000887
	region		5000089d
	variant		50000887
OBJ 5000139b (sz=32, trace=300000, class=java.util.concurrent.ConcurrentHashMap$Node@50000020)
	key		500013a6
	val		500013a5
	next		500013a4
OBJ 5000139c (sz=48, trace=300000, class=sun.util.locale.LocaleObjectCache$CacheEntry@50000015)
	referent	500013a3
	queue		500008da
	key		5000139d
OBJ 5000139d (sz=40, trace=300000, class=sun.util.locale.BaseLocale$Key@50000016)
	lang		500013a1
	scrt		500013a0
	regn		5000139f
	vart		5000139e
OBJ 5000139e (sz=40, trace=300000, class=java.lang.ref.SoftReference@50000157)
	referent	50000887
	queue		500008ef
OBJ 5000139f (sz=40, trace=300000, class=java.lang.ref.SoftReference@50000157)
	referent	5000089e
	queue		500008ef
OBJ 500013a0 (sz=40, trace=300000, class=java.lang.ref.SoftReference@50000157)
	referent	50000887
	queue		500008ef
OBJ 500013a1 (sz=40, trace=300000, class=java.lang.ref.SoftReference@50000157)
	referent	50000897
	queue		500008ef
ARR 500013a2 (sz=4, trace=300000, nelems=2, elem type=char[])
OBJ 500013a3 (sz=32, trace=300000, class=sun.util.locale.BaseLocale@50000018)
	language	50000897
	script		50000887
	region		5000089e
	variant		50000887
OBJ 500013a4 (sz=32, trace=300000, class=java.util.concurrent.ConcurrentHashMap$Node@50000020)
	key		500013ae
	val		500013ad
OBJ 500013a5 (sz=48, trace=300000, class=sun.util.locale.LocaleObjectCache$CacheEntry@50000015)
	referent	500013ac
	queue		500008da
	key		500013a6
OBJ 500013a6 (sz=40, trace=300000, class=sun.util.locale.BaseLocale$Key@50000016)
	lang		500013aa
	scrt		500013a9
	regn		500013a8
	vart		500013a7
OBJ 500013a7 (sz=40, trace=300000, class=java.lang.ref.SoftReference@50000157)
	referent	50000887
	queue		500008ef
OBJ 500013a8 (sz=40, trace=300000, class=java.lang.ref.SoftReference@50000157)
	referent	500008a3
	queue		500008ef
OBJ 500013a9 (sz=40, trace=300000, class=java.lang.ref.SoftReference@50000157)
	referent	50000887
	queue		500008ef
OBJ 500013aa (sz=40, trace=300000, class=java.lang.ref.SoftReference@50000157)
	referent	50000889
	queue		500008ef
ARR 500013ab (sz=4, trace=300000, nelems=2, elem type=char[])
OBJ 500013ac (sz=32, trace=300000, class=sun.util.locale.BaseLocale@50000018)
	language	50000889
	script		50000887
	region		500008a3
	variant		50000887
OBJ 500013ad (sz=48, trace=300000, class=sun.util.locale.LocaleObjectCache$CacheEntry@50000015)
	referent	500013b3
	queue		500008da
	key		500013ae
OBJ 500013ae (sz=40, trace=300000, class=sun.util.locale.BaseLocale$Key@50000016)
	lang		500013b2
	scrt		500013b1
	regn		500013b0
	vart		500013af
OBJ 500013af (sz=40, trace=300000, class=java.lang.ref.SoftReference@50000157)
	referent	50000887
	queue		500008ef
OBJ 500013b0 (sz=40, trace=300000, class=java.lang.ref.SoftReference@50000157)
	referent	500008a4
	queue		500008ef
OBJ 500013b1 (sz=40, trace=300000, class=java.lang.ref.SoftReference@50000157)
	referent	50000887
	queue		500008ef
OBJ 500013b2 (sz=40, trace=300000, class=java.lang.ref.SoftReference@50000157)
	referent	50000889
	queue		500008ef
OBJ 500013b3 (sz=32, trace=300000, class=sun.util.locale.BaseLocale@50000018)
	language	50000889
	script		50000887
	region		500008a4
	variant		50000887
OBJ 500013b4 (sz=48, trace=300000, class=sun.util.locale.LocaleObjectCache$CacheEntry@50000015)
	referent	500013bb
	queue		500008da
	key		500013b5
OBJ 500013b5 (sz=40, trace=300000, class=sun.util.locale.BaseLocale$Key@50000016)
	lang		500013b9
	scrt		500013b8
	regn		500013b7
	vart		500013b6
OBJ 500013b6 (sz=40, trace=300000, class=java.lang.ref.SoftReference@50000157)
	referent	50000887
	queue		500008ef
OBJ 500013b7 (sz=40, trace=300000, class=java.lang.ref.SoftReference@50000157)
	referent	500008a0
	queue		500008ef
OBJ 500013b8 (sz=40, trace=300000, class=java.lang.ref.SoftReference@50000157)
	referent	50000887
	queue		500008ef
OBJ 500013b9 (sz=40, trace=300000, class=java.lang.ref.SoftReference@50000157)
	referent	50000899
	queue		500008ef
ARR 500013ba (sz=4, trace=300000, nelems=2, elem type=char[])
OBJ 500013bb (sz=32, trace=300000, class=sun.util.locale.BaseLocale@50000018)
	language	50000899
	script		50000887
	region		500008a0
	variant		50000887
OBJ 500013bc (sz=48, trace=300000, class=sun.util.locale.LocaleObjectCache$CacheEntry@50000015)
	referent	500013c2
	queue		500008da
	key		500013bd
OBJ 500013bd (sz=40, trace=300000, class=sun.util.locale.BaseLocale$Key@50000016)
	lang		500013c1
	scrt		500013c0
	regn		500013bf
	vart		500013be
OBJ 500013be (sz=40, trace=300000, class=java.lang.ref.SoftReference@50000157)
	referent	50000887
	queue		500008ef
OBJ 500013bf (sz=40, trace=300000, class=java.lang.ref.SoftReference@50000157)
	referent	50000887
	queue		500008ef
OBJ 500013c0 (sz=40, trace=300000, class=java.lang.ref.SoftReference@50000157)
	referent	50000887
	queue		500008ef
OBJ 500013c1 (sz=40, trace=300000, class=java.lang.ref.SoftReference@50000157)
	referent	5000089a
	queue		500008ef
OBJ 500013c2 (sz=32, trace=300000, class=sun.util.locale.BaseLocale@50000018)
	language	5000089a
	script		50000887
	region		50000887
	variant		50000887
OBJ 500013c3 (sz=48, trace=300000, class=sun.util.locale.LocaleObjectCache$CacheEntry@50000015)
	referent	500013c9
	queue		500008da
	key		500013c4
OBJ 500013c4 (sz=40, trace=300000, class=sun.util.locale.BaseLocale$Key@50000016)
	lang		500013c8
	scrt		500013c7
	regn		500013c6
	vart		500013c5
OBJ 500013c5 (sz=40, trace=300000, class=java.lang.ref.SoftReference@50000157)
	referent	50000887
	queue		500008ef
OBJ 500013c6 (sz=40, trace=300000, class=java.lang.ref.SoftReference@50000157)
	referent	50000887
	queue		500008ef
OBJ 500013c7 (sz=40, trace=300000, class=java.lang.ref.SoftReference@50000157)
	referent	50000887
	queue		500008ef
OBJ 500013c8 (sz=40, trace=300000, class=java.lang.ref.SoftReference@50000157)
	referent	50000898
	queue		500008ef
OBJ 500013c9 (sz=32, trace=300000, class=sun.util.locale.BaseLocale@50000018)
	language	50000898
	script		50000887
	region		50000887
	variant		50000887
OBJ 500013ca (sz=32, trace=300000, class=java.util.concurrent.ConcurrentHashMap$Node@50000020)
	key		500013d4
	val		500013d3
OBJ 500013cb (sz=48, trace=300000, class=sun.util.locale.LocaleObjectCache$CacheEntry@50000015)
	referent	500013d2
	queue		500008da
	key		500013cc
OBJ 500013cc (sz=40, trace=300000, class=sun.util.locale.BaseLocale$Key@50000016)
	lang		500013d0
	scrt		500013cf
	regn		500013ce
	vart		500013cd
OBJ 500013cd (sz=40, trace=300000, class=java.lang.ref.SoftReference@50000157)
	referent	50000887
	queue		500008ef
OBJ 500013ce (sz=40, trace=300000, class=java.lang.ref.SoftReference@50000157)
	referent	5000089c
	queue		500008ef
OBJ 500013cf (sz=40, trace=300000, class=java.lang.ref.SoftReference@50000157)
	referent	50000887
	queue		500008ef
OBJ 500013d0 (sz=40, trace=300000, class=java.lang.ref.SoftReference@50000157)
	referent	5000089b
	queue		500008ef
ARR 500013d1 (sz=4, trace=300000, nelems=2, elem type=char[])
OBJ 500013d2 (sz=32, trace=300000, class=sun.util.locale.BaseLocale@50000018)
	language	5000089b
	script		50000887
	region		5000089c
	variant		50000887
OBJ 500013d3 (sz=48, trace=300000, class=sun.util.locale.LocaleObjectCache$CacheEntry@50000015)
	referent	500013d9
	queue		500008da
	key		500013d4
OBJ 500013d4 (sz=40, trace=300000, class=sun.util.locale.BaseLocale$Key@50000016)
	lang		500013d8
	scrt		500013d7
	regn		500013d6
	vart		500013d5
OBJ 500013d5 (sz=40, trace=300000, class=java.lang.ref.SoftReference@50000157)
	referent	50000887
	queue		500008ef
OBJ 500013d6 (sz=40, trace=300000, class=java.lang.ref.SoftReference@50000157)
	referent	50000887
	queue		500008ef
OBJ 500013d7 (sz=40, trace=300000, class=java.lang.ref.SoftReference@50000157)
	referent	50000887
	queue		500008ef
OBJ 500013d8 (sz=40, trace=300000, class=java.lang.ref.SoftReference@50000157)
	referent	50000887
	queue		500008ef
OBJ 500013d9 (sz=32, trace=300000, class=sun.util.locale.BaseLocale@50000018)
	language	50000887
	script		50000887
	region		50000887
	variant		50000887
ARR 500013da (sz=4, trace=300000, nelems=2, elem type=char[])
ARR 500013db (sz=4, trace=300000, nelems=2, elem type=char[])
ARR 500013dc (sz=4, trace=300000, nelems=2, elem type=char[])
OBJ 500013dd (sz=16, trace=300000, class=java.lang.ref.ReferenceQueue$Lock@500000d6)
OBJ 500013de (sz=32, trace=300000, class=java.util.concurrent.ConcurrentHashMap$Node@50000020)
	key		500013e2
	val		500013e1
OBJ 500013df (sz=48, trace=300000, class=sun.util.locale.LocaleObjectCache$CacheEntry@50000015)
	referent	500008a6
	queue		500008ba
	key		500013e0
OBJ 500013e0 (sz=24, trace=300000, class=java.util.Locale$LocaleKey@50000014)
	base		500013ac
OBJ 500013e1 (sz=48, trace=300000, class=sun.util.locale.LocaleObjectCache$CacheEntry@50000015)
	referent	500008a9
	queue		500008ba
	key		500013e2
OBJ 500013e2 (sz=24, trace=300000, class=java.util.Locale$LocaleKey@50000014)
	base		500013b3
OBJ 500013e3 (sz=48, trace=300000, class=sun.util.locale.LocaleObjectCache$CacheEntry@50000015)
	referent	500008b1
	queue		500008ba
	key		500013e4
OBJ 500013e4 (sz=24, trace=300000, class=java.util.Locale$LocaleKey@50000014)
	base		500013a3
OBJ 500013e5 (sz=48, trace=300000, class=sun.util.locale.LocaleObjectCache$CacheEntry@50000015)
	referent	500008af
	queue		500008ba
	key		500013e6
OBJ 500013e6 (sz=24, trace=300000, class=java.util.Locale$LocaleKey@50000014)
	base		500013bb
OBJ 500013e7 (sz=48, trace=300000, class=sun.util.locale.LocaleObjectCache$CacheEntry@50000015)
	referent	500008b8
	queue		500008ba
	key		500013e8
OBJ 500013e8 (sz=24, trace=300000, class=java.util.Locale$LocaleKey@50000014)
	base		50001391
OBJ 500013e9 (sz=48, trace=300000, class=sun.util.locale.LocaleObjectCache$CacheEntry@50000015)
	referent	500008b2
	queue		500008ba
	key		500013ea
OBJ 500013ea (sz=24, trace=300000, class=java.util.Locale$LocaleKey@50000014)
	base		50001361
OBJ 500013eb (sz=48, trace=300000, class=sun.util.locale.LocaleObjectCache$CacheEntry@50000015)
	referent	500008b6
	queue		500008ba
	key		500013ec
OBJ 500013ec (sz=24, trace=300000, class=java.util.Locale$LocaleKey@50000014)
	base		500013c9
OBJ 500013ed (sz=48, trace=300000, class=sun.util.locale.LocaleObjectCache$CacheEntry@50000015)
	referent	500008b0
	queue		500008ba
	key		500013ee
OBJ 500013ee (sz=24, trace=300000, class=java.util.Locale$LocaleKey@50000014)
	base		50001373
OBJ 500013ef (sz=48, trace=300000, class=sun.util.locale.LocaleObjectCache$CacheEntry@50000015)
	referent	500008b3
	queue		500008ba
	key		500013f0
OBJ 500013f0 (sz=24, trace=300000, class=java.util.Locale$LocaleKey@50000014)
	base		500013c2
OBJ 500013f1 (sz=48, trace=300000, class=sun.util.locale.LocaleObjectCache$CacheEntry@50000015)
	referent	500008b5
	queue		500008ba
	key		500013f2
OBJ 500013f2 (sz=24, trace=300000, class=java.util.Locale$LocaleKey@50000014)
	base		50001384
OBJ 500013f3 (sz=32, trace=300000, class=java.util.concurrent.ConcurrentHashMap$Node@50000020)
	key		500013f7
	val		500013f6
OBJ 500013f4 (sz=48, trace=300000, class=sun.util.locale.LocaleObjectCache$CacheEntry@50000015)
	referent	500008b4
	queue		500008ba
	key		500013f5
OBJ 500013f5 (sz=24, trace=300000, class=java.util.Locale$LocaleKey@50000014)
	base		50001359
OBJ 500013f6 (sz=48, trace=300000, class=sun.util.locale.LocaleObjectCache$CacheEntry@50000015)
	referent	500008ab
	queue		500008ba
	key		500013f7
OBJ 500013f7 (sz=24, trace=300000, class=java.util.Locale$LocaleKey@50000014)
	base		5000139a
OBJ 500013f8 (sz=48, trace=300000, class=sun.util.locale.LocaleObjectCache$CacheEntry@50000015)
	referent	500008b7
	queue		500008ba
	key		500013f9
OBJ 500013f9 (sz=24, trace=300000, class=java.util.Locale$LocaleKey@50000014)
	base		50001369
OBJ 500013fa (sz=48, trace=300000, class=sun.util.locale.LocaleObjectCache$CacheEntry@50000015)
	referent	500008a8
	queue		500008ba
	key		500013fb
OBJ 500013fb (sz=24, trace=300000, class=java.util.Locale$LocaleKey@50000014)
	base		50001347
OBJ 500013fc (sz=48, trace=300000, class=sun.util.locale.LocaleObjectCache$CacheEntry@50000015)
	referent	500008ad
	queue		500008ba
	key		500013fd
OBJ 500013fd (sz=24, trace=300000, class=java.util.Locale$LocaleKey@50000014)
	base		50001351
OBJ 500013fe (sz=48, trace=300000, class=sun.util.locale.LocaleObjectCache$CacheEntry@50000015)
	referent	500008ae
	queue		500008ba
	key		500013ff
OBJ 500013ff (sz=24, trace=300000, class=java.util.Locale$LocaleKey@50000014)
	base		5000137b
OBJ 50001400 (sz=32, trace=300000, class=java.util.concurrent.ConcurrentHashMap$Node@50000020)
	key		50001404
	val		50001403
OBJ 50001401 (sz=48, trace=300000, class=sun.util.locale.LocaleObjectCache$CacheEntry@50000015)
	referent	500008ac
	queue		500008ba
	key		50001402
OBJ 50001402 (sz=24, trace=300000, class=java.util.Locale$LocaleKey@50000014)
	base		500013d2
OBJ 50001403 (sz=48, trace=300000, class=sun.util.locale.LocaleObjectCache$CacheEntry@50000015)
	referent	500008a7
	queue		500008ba
	key		50001404
OBJ 50001404 (sz=24, trace=300000, class=java.util.Locale$LocaleKey@50000014)
	base		500013d9
OBJ 50001405 (sz=40, trace=300000, class=java.io.ObjectStreamField@50000101)
	name		5000088e
	signature	50000cb7
	type		50000173
OBJ 50001406 (sz=40, trace=300000, class=java.io.ObjectStreamField@50000101)
	name		50000890
	signature	50000cb7
	type		50000173
OBJ 50001407 (sz=40, trace=300000, class=java.io.ObjectStreamField@50000101)
	name		50000891
	signature	50000cb7
	type		50000173
OBJ 50001408 (sz=40, trace=300000, class=java.io.ObjectStreamField@50000101)
	name		50000893
	signature	50000b39
	type		5000085c
OBJ 50001409 (sz=40, trace=300000, class=java.io.ObjectStreamField@50000101)
	name		5000088f
	signature	50000cb7
	type		50000173
OBJ 5000140a (sz=40, trace=300000, class=java.io.ObjectStreamField@50000101)
	name		50000892
	signature	50000cb7
	type		50000173
ARR 5000140b (sz=20, trace=300000, nelems=10, elem type=char[])
ARR 5000140c (sz=12, trace=300000, nelems=6, elem type=char[])
ARR 5000140d (sz=16, trace=300000, nelems=8, elem type=char[])
ARR 5000140e (sz=14, trace=300000, nelems=7, elem type=char[])
ARR 5000140f (sz=14, trace=300000, nelems=7, elem type=char[])
ARR 50001410 (sz=16, trace=300000, nelems=8, elem type=char[])
ARR 50001411 (sz=4, trace=300000, nelems=2, elem type=char[])
ARR 50001412 (sz=24, trace=300000, nelems=12, elem type=char[])
ARR 50001413 (sz=24, trace=300000, nelems=12, elem type=char[])
ARR 50001414 (sz=22, trace=300000, nelems=11, elem type=char[])
ARR 50001415 (sz=22, trace=300000, nelems=11, elem type=char[])
ARR 50001416 (sz=26, trace=300000, nelems=13, elem type=char[])
OBJ 50001417 (sz=16, trace=300000, class=java.lang.ThreadLocal@500000b9)
OBJ 50001418 (sz=16, trace=300000, class=java.lang.ThreadLocal@500000b9)
ARR 50001419 (sz=4, trace=300000, nelems=2, elem type=char[])
ARR 5000141a (sz=4, trace=300000, nelems=2, elem type=char[])
ARR 5000141b (sz=4, trace=300000, nelems=2, elem type=char[])
ARR 5000141c (sz=66, trace=300000, nelems=33, elem type=char[])
ARR 5000141d (sz=60, trace=300000, nelems=30, elem type=char[])
ARR 5000141e (sz=22, trace=300000, nelems=11, elem type=char[])
ARR 5000141f (sz=24, trace=300000, nelems=12, elem type=char[])
ARR 50001420 (sz=32, trace=300000, nelems=1, elem type=java.lang.ThreadGroup[]@500000fa)
	[0]		50000871
ARR 50001421 (sz=32, trace=300000, nelems=3, elem type=java.lang.Thread[]@500000d4)
	[0]		5000078b
	[1]		50000787
	[2]		50000786
OBJ 50001422 (sz=16, trace=300000, class=java.lang.Object@50000177)
OBJ 50001423 (sz=40, trace=300000, class=java.security.AccessControlContext@50000164)
OBJ 50001424 (sz=24, trace=300000, class=java.lang.String@50000173)
	value		50001425
ARR 50001425 (sz=34, trace=300000, nelems=17, elem type=char[])
OBJ 50001426 (sz=16, trace=300000, class=java.lang.Object@50000177)
OBJ 50001427 (sz=40, trace=300000, class=java.security.AccessControlContext@50000164)
OBJ 50001428 (sz=24, trace=300000, class=java.lang.String@50000173)
	value		50001429
ARR 50001429 (sz=18, trace=300000, nelems=9, elem type=char[])
OBJ 5000142a (sz=16, trace=300000, class=java.lang.Object@50000177)
OBJ 5000142b (sz=40, trace=300000, class=java.lang.ref.Finalizer@50000152)
	referent	5000125b
	queue		50000788
	next		5000142c
OBJ 5000142c (sz=40, trace=300000, class=java.lang.ref.Finalizer@50000152)
	referent	500012b2
	queue		50000788
	next		5000142d
	prev		5000142b
OBJ 5000142d (sz=40, trace=300000, class=java.lang.ref.Finalizer@50000152)
	referent	50000a42
	queue		50000788
	next		5000142e
	prev		5000142c
OBJ 5000142e (sz=40, trace=300000, class=java.lang.ref.Finalizer@50000152)
	referent	50000a3d
	queue		50000788
	prev		5000142d
OBJ 5000142f (sz=16, trace=300000, class=java.lang.Object@50000177)
OBJ 50001430 (sz=40, trace=300000, class=java.security.AccessControlContext@50000164)
ARR 50001431 (sz=32, trace=300000, nelems=1, elem type=java.lang.Thread[]@500000d4)
	[0]		5000077d
OBJ 50001432 (sz=24, trace=300000, class=java.lang.String@50000173)
	value		50001433
ARR 50001433 (sz=8, trace=300000, nelems=4, elem type=char[])
OBJ 50001434 (sz=40, trace=300000, class=java.security.AccessControlContext@50000164)
OBJ 50001435 (sz=24, trace=300000, class=java.lang.String@50000173)
	value		50001436
ARR 50001436 (sz=26, trace=300000, nelems=13, elem type=char[])
OBJ 50001437 (sz=24, trace=300000, class=java.lang.String@50000173)
	value		50001438
ARR 50001438 (sz=18, trace=300000, nelems=9, elem type=char[])
OBJ 50001439 (sz=32, trace=300000, class=java.lang.OutOfMemoryError@5000015b)
OBJ 5000143a (sz=32, trace=300000, class=java.lang.OutOfMemoryError@5000015b)
OBJ 5000143b (sz=32, trace=300000, class=java.lang.OutOfMemoryError@5000015b)
OBJ 5000143c (sz=32, trace=300000, class=java.lang.OutOfMemoryError@5000015b)
OBJ 5000143d (sz=24, trace=300000, class=java.lang.String@50000173)
	value		5000143e
ARR 5000143e (sz=126, trace=300000, nelems=63, elem type=char[])
OBJ 5000143f (sz=24, trace=300000, class=java.lang.String@50000173)
	value		50001440
ARR 50001440 (sz=52, trace=300000, nelems=26, elem type=char[])
OBJ 50001441 (sz=24, trace=300000, class=java.lang.String@50000173)
	value		50001442
ARR 50001442 (sz=74, trace=300000, nelems=37, elem type=char[])
OBJ 50001443 (sz=24, trace=300000, class=java.lang.String@50000173)
	value		50001444
ARR 50001444 (sz=44, trace=300000, nelems=22, elem type=char[])
OBJ 50001445 (sz=24, trace=300000, class=java.lang.String@50000173)
	value		50001446
ARR 50001446 (sz=18, trace=300000, nelems=9, elem type=char[])
OBJ 50001447 (sz=24, trace=300000, class=java.lang.String@50000173)
	value		50001448
ARR 50001448 (sz=30, trace=300000, nelems=15, elem type=char[])
ARR 50001449 (sz=22, trace=300000, nelems=11, elem type=char[])
ARR 5000144a (sz=8, trace=300000, nelems=4, elem type=char[])
OBJ 5000144b (sz=24, trace=300000, class=java.lang.String@50000173)
	value		50001462
OBJ 5000144c (sz=24, trace=300000, class=java.lang.String@50000173)
	value		5000145d
OBJ 5000144d (sz=24, trace=300000, class=java.lang.String@50000173)
	value		5000145c
OBJ 5000144e (sz=24, trace=300000, class=java.lang.String@50000173)
	value		5000145b
OBJ 5000144f (sz=24, trace=300000, class=java.lang.String@50000173)
	value		5000145a
OBJ 50001450 (sz=24, trace=300000, class=java.lang.String@50000173)
	value		50001459
OBJ 50001451 (sz=24, trace=300000, class=java.lang.String@50000173)
	value		50001458
OBJ 50001452 (sz=24, trace=300000, class=java.lang.String@50000173)
	value		50001457
OBJ 50001453 (sz=24, trace=300000, class=java.lang.String@50000173)
	value		50001456
OBJ 50001454 (sz=24, trace=300000, class=java.lang.String@50000173)
	value		50001455
ARR 50001455 (sz=98, trace=300000, nelems=49, elem type=char[])
ARR 50001456 (sz=82, trace=300000, nelems=41, elem type=char[])
ARR 50001457 (sz=86, trace=300000, nelems=43, elem type=char[])
ARR 50001458 (sz=102, trace=300000, nelems=51, elem type=char[])
ARR 50001459 (sz=94, trace=300000, nelems=47, elem type=char[])
ARR 5000145a (sz=100, trace=300000, nelems=50, elem type=char[])
ARR 5000145b (sz=94, trace=300000, nelems=47, elem type=char[])
ARR 5000145c (sz=92, trace=300000, nelems=46, elem type=char[])
ARR 5000145d (sz=82, trace=300000, nelems=41, elem type=char[])
OBJ 5000145e (sz=24, trace=300000, class=java.lang.String@50000173)
	value		5000145f
ARR 5000145f (sz=12, trace=300000, nelems=6, elem type=char[])
OBJ 50001460 (sz=24, trace=300000, class=java.lang.String@50000173)
	value		50001461
ARR 50001461 (sz=20, trace=300000, nelems=10, elem type=char[])
ARR 50001462 (sz=8, trace=300000, nelems=4, elem type=char[])
OBJ 50001463 (sz=24, trace=300000, class=java.lang.String@50000173)
	value		50001468
OBJ 50001464 (sz=24, trace=300000, class=java.lang.String@50000173)
	value		50001467
OBJ 50001465 (sz=24, trace=300000, class=java.lang.String@50000173)
	value		50001466
ARR 50001466 (sz=14, trace=300000, nelems=7, elem type=char[])
ARR 50001467 (sz=24, trace=300000, nelems=12, elem type=char[])
ARR 50001468 (sz=26, trace=300000, nelems=13, elem type=char[])
OBJ 50001469 (sz=24, trace=300000, class=java.lang.String@50000173)
	value		500014b7
OBJ 5000146a (sz=24, trace=300000, class=java.lang.String@50000173)
	value		500014b4
OBJ 5000146b (sz=24, trace=300000, class=java.lang.String@50000173)
	value		500014b8
OBJ 5000146c (sz=24, trace=300000, class=java.lang.String@50000173)
	value		5000147d
OBJ 5000146d (sz=24, trace=300000, class=java.lang.String@50000173)
	value		5000147c
OBJ 5000146e (sz=24, trace=300000, class=java.lang.String@50000173)
	value		5000147b
OBJ 5000146f (sz=24, trace=300000, class=java.lang.String@50000173)
	value		5000147a
OBJ 50001470 (sz=24, trace=300000, class=java.lang.String@50000173)
	value		50001479
OBJ 50001471 (sz=24, trace=300000, class=java.lang.String@50000173)
	value		50001475
OBJ 50001472 (sz=24, trace=300000, class=java.lang.String@50000173)
	value		50001478
OBJ 50001473 (sz=24, trace=300000, class=java.lang.String@50000173)
	value		50001477
OBJ 50001474 (sz=24, trace=300000, class=java.lang.String@50000173)
	value		50001476
ARR 50001475 (sz=46, trace=300000, nelems=23, elem type=char[])
ARR 50001476 (sz=128, trace=300000, nelems=64, elem type=char[])
ARR 50001477 (sz=6, trace=300000, nelems=3, elem type=char[])
ARR 50001478 (sz=10, trace=300000, nelems=5, elem type=char[])
ARR 50001479 (sz=20, trace=300000, nelems=10, elem type=char[])
ARR 5000147a (sz=8, trace=300000, nelems=4, elem type=char[])
ARR 5000147b (sz=70, trace=300000, nelems=35, elem type=char[])
ARR 5000147c (sz=32, trace=300000, nelems=16, elem type=char[])
ARR 5000147d (sz=16, trace=300000, nelems=8, elem type=char[])
OBJ 5000147e (sz=24, trace=300000, class=java.lang.String@50000173)
	value		500014a9
OBJ 5000147f (sz=24, trace=300000, class=java.lang.String@50000173)
	value		500014b6
OBJ 50001480 (sz=24, trace=300000, class=java.lang.String@50000173)
	value		500014b5
OBJ 50001481 (sz=24, trace=300000, class=java.lang.String@50000173)
	value		500014b3
OBJ 50001482 (sz=24, trace=300000, class=java.lang.String@50000173)
	value		500014b2
OBJ 50001483 (sz=24, trace=300000, class=java.lang.String@50000173)
	value		500014b1
OBJ 50001484 (sz=24, trace=300000, class=java.lang.String@50000173)
	value		50001499
OBJ 50001485 (sz=24, trace=300000, class=java.lang.String@50000173)
	value		500014ae
OBJ 50001486 (sz=24, trace=300000, class=java.lang.String@50000173)
	value		500014ad
OBJ 50001487 (sz=24, trace=300000, class=java.lang.String@50000173)
	value		500014ac
OBJ 50001488 (sz=24, trace=300000, class=java.lang.String@50000173)
	value		500014ab
OBJ 50001489 (sz=24, trace=300000, class=java.lang.String@50000173)
	value		500014aa
OBJ 5000148a (sz=24, trace=300000, class=java.lang.String@50000173)
	value		500014a8
OBJ 5000148b (sz=24, trace=300000, class=java.lang.String@50000173)
	value		500014a7
OBJ 5000148c (sz=24, trace=300000, class=java.lang.String@50000173)
	value		500014a6
OBJ 5000148d (sz=24, trace=300000, class=java.lang.String@50000173)
	value		500014a5
OBJ 5000148e (sz=24, trace=300000, class=java.lang.String@50000173)
	value		500014a4
OBJ 5000148f (sz=24, trace=300000, class=java.lang.String@50000173)
	value		500014a3
OBJ 50001490 (sz=24, trace=300000, class=java.lang.String@50000173)
	value		500014a2
OBJ 50001491 (sz=24, trace=300000, class=java.lang.String@50000173)
	value		500014a1
OBJ 50001492 (sz=24, trace=300000, class=java.lang.String@50000173)
	value		500014a0
OBJ 50001493 (sz=24, trace=300000, class=java.lang.String@50000173)
	value		5000149f
OBJ 50001494 (sz=24, trace=300000, class=java.lang.String@50000173)
	value		5000149e
OBJ 50001495 (sz=24, trace=300000, class=java.lang.String@50000173)
	value		5000149d
OBJ 50001496 (sz=24, trace=300000, class=java.lang.String@50000173)
	value		5000149c
OBJ 50001497 (sz=24, trace=300000, class=java.lang.String@50000173)
	value		5000149b
OBJ 50001498 (sz=24, trace=300000, class=java.lang.String@50000173)
	value		5000149a
ARR 50001499 (sz=34, trace=300000, nelems=17, elem type=char[])
ARR 5000149a (sz=48, trace=300000, nelems=24, elem type=char[])
ARR 5000149b (sz=78, trace=300000, nelems=39, elem type=char[])
ARR 5000149c (sz=66, trace=300000, nelems=33, elem type=char[])
ARR 5000149d (sz=76, trace=300000, nelems=38, elem type=char[])
ARR 5000149e (sz=64, trace=300000, nelems=32, elem type=char[])
ARR 5000149f (sz=62, trace=300000, nelems=31, elem type=char[])
ARR 500014a0 (sz=72, trace=300000, nelems=36, elem type=char[])
ARR 500014a1 (sz=88, trace=300000, nelems=44, elem type=char[])
ARR 500014a2 (sz=80, trace=300000, nelems=40, elem type=char[])
ARR 500014a3 (sz=62, trace=300000, nelems=31, elem type=char[])
ARR 500014a4 (sz=58, trace=300000, nelems=29, elem type=char[])
ARR 500014a5 (sz=88, trace=300000, nelems=44, elem type=char[])
ARR 500014a6 (sz=66, trace=300000, nelems=33, elem type=char[])
ARR 500014a7 (sz=58, trace=300000, nelems=29, elem type=char[])
ARR 500014a8 (sz=68, trace=300000, nelems=34, elem type=char[])
ARR 500014a9 (sz=56, trace=300000, nelems=28, elem type=char[])
ARR 500014aa (sz=2, trace=300000, nelems=1, elem type=char[])
ARR 500014ab (sz=2, trace=300000, nelems=1, elem type=char[])
ARR 500014ac (sz=2, trace=300000, nelems=1, elem type=char[])
ARR 500014ad (sz=24, trace=300000, nelems=12, elem type=char[])
ARR 500014ae (sz=20, trace=300000, nelems=10, elem type=char[])
OBJ 500014af (sz=24, trace=300000, class=java.lang.String@50000173)
	value		500014b0
ARR 500014b0 (sz=68, trace=300000, nelems=34, elem type=char[])
ARR 500014b1 (sz=30, trace=300000, nelems=15, elem type=char[])
ARR 500014b2 (sz=36, trace=300000, nelems=18, elem type=char[])
ARR 500014b3 (sz=18, trace=300000, nelems=9, elem type=char[])
ARR 500014b4 (sz=6, trace=300000, nelems=3, elem type=char[])
ARR 500014b5 (sz=6, trace=300000, nelems=3, elem type=char[])
ARR 500014b6 (sz=10, trace=300000, nelems=5, elem type=char[])
ARR 500014b7 (sz=14, trace=300000, nelems=7, elem type=char[])
ARR 500014b8 (sz=8, trace=300000, nelems=4, elem type=char[])
OBJ 500014b9 (sz=24, trace=300000, class=java.lang.String@50000173)
	value		500014cc
OBJ 500014ba (sz=24, trace=300000, class=java.lang.String@50000173)
	value		500014c9
OBJ 500014bb (sz=24, trace=300000, class=java.lang.String@50000173)
	value		500014c2
OBJ 500014bc (sz=24, trace=300000, class=java.lang.String@50000173)
	value		500014c8
OBJ 500014bd (sz=24, trace=300000, class=java.lang.String@50000173)
	value		500014c7
OBJ 500014be (sz=24, trace=300000, class=java.lang.String@50000173)
	value		500014c6
OBJ 500014bf (sz=24, trace=300000, class=java.lang.String@50000173)
	value		500014c5
OBJ 500014c0 (sz=24, trace=300000, class=java.lang.String@50000173)
	value		500014c4
OBJ 500014c1 (sz=24, trace=300000, class=java.lang.String@50000173)
	value		500014c3
ARR 500014c2 (sz=16, trace=300000, nelems=8, elem type=char[])
ARR 500014c3 (sz=20, trace=300000, nelems=10, elem type=char[])
ARR 500014c4 (sz=8, trace=300000, nelems=4, elem type=char[])
ARR 500014c5 (sz=24, trace=300000, nelems=12, elem type=char[])
ARR 500014c6 (sz=36, trace=300000, nelems=18, elem type=char[])
ARR 500014c7 (sz=32, trace=300000, nelems=16, elem type=char[])
ARR 500014c8 (sz=62, trace=300000, nelems=31, elem type=char[])
ARR 500014c9 (sz=32, trace=300000, nelems=16, elem type=char[])
OBJ 500014ca (sz=24, trace=300000, class=java.lang.String@50000173)
	value		500014cb
ARR 500014cb (sz=8, trace=300000, nelems=4, elem type=char[])
ARR 500014cc (sz=8, trace=300000, nelems=4, elem type=char[])
OBJ 500014cd (sz=24, trace=300000, class=java.lang.String@50000173)
	value		500014d3
OBJ 500014ce (sz=24, trace=300000, class=java.lang.String@50000173)
	value		500014d6
OBJ 500014cf (sz=24, trace=300000, class=java.lang.String@50000173)
	value		500014d5
OBJ 500014d0 (sz=24, trace=300000, class=java.lang.String@50000173)
	value		500014d4
OBJ 500014d1 (sz=24, trace=300000, class=java.lang.String@50000173)
	value		500014d2
ARR 500014d2 (sz=48, trace=300000, nelems=24, elem type=char[])
ARR 500014d3 (sz=60, trace=300000, nelems=30, elem type=char[])
ARR 500014d4 (sz=78, trace=300000, nelems=39, elem type=char[])
ARR 500014d5 (sz=16, trace=300000, nelems=8, elem type=char[])
ARR 500014d6 (sz=12, trace=300000, nelems=6, elem type=char[])
OBJ 500014d7 (sz=16, trace=300000, class=java.lang.Object@50000177)
OBJ 500014d8 (sz=24, trace=300000, class=java.lang.String@50000173)
	value		500014d9
ARR 500014d9 (sz=46, trace=300000, nelems=23, elem type=char[])
OBJ 500014da (sz=16, trace=300000, class=java.lang.Object@50000177)
OBJ 500014db (sz=24, trace=300000, class=java.lang.String@50000173)
	value		500014dc
ARR 500014dc (sz=50, trace=300000, nelems=25, elem type=char[])
CLS 50000177 (name=java.lang.Object, trace=300000)
	constant pool entry 79	500000fc
	constant pool entry 17	50000177
CLS 50000001 (name=java.lang.SystemClassLoaderAction, trace=300000)
	super		50000177
	constant pool entry 36	5000016c
	constant pool entry 14	50000001
	constant pool entry 9	50000177
	constant pool entry 3	5000129c
CLS 50000002 (name=sun.misc.Launcher$AppClassLoader$1, trace=300000)
	super		50000177
	constant pool entry 41	5000011c
	constant pool entry 11	50000177
	constant pool entry 10	50000002
	constant pool entry 7	5000011b
CLS 5000000f (name=java.net.URLStreamHandler, trace=300000)
	super		50000177
	constant pool entry 136	5000000d
	constant pool entry 128	50000173
	constant pool entry 119	5000011e
	constant pool entry 75	50000177
	constant pool entry 74	5000000f
	constant pool entry 64	50000c90
	constant pool entry 61	50000127
	constant pool entry 43	50000c8f
	constant pool entry 41	50000c8e
	constant pool entry 39	50000c8d
	constant pool entry 36	50000c8c
	constant pool entry 34	50000c8b
	constant pool entry 30	50000887
	constant pool entry 22	50000126
CLS 50000003 (name=sun.net.www.protocol.jar.Handler, trace=300000)
	super		5000000f
	static separator	50000cc3
	constant pool entry 88	50000173
	constant pool entry 53	5000000f
	constant pool entry 22	50000cc2
CLS 50000004 (name=sun.misc.URLClassPath, trace=300000)
	super		50000177
	static USER_AGENT_JAVA_VERSION	50001213
	static JAVA_VERSION	50001212
	constant pool entry 429	500000c6
	constant pool entry 375	500000f4
	constant pool entry 353	50000241
	constant pool entry 302	5000004a
	constant pool entry 149	50000177
	constant pool entry 148	50000004
	constant pool entry 146	5000091c
	constant pool entry 145	50001211
	constant pool entry 142	50001210
	constant pool entry 141	5000120f
	constant pool entry 139	50000917
	constant pool entry 138	5000120e
	constant pool entry 137	5000120d
	constant pool entry 136	5000120c
	constant pool entry 134	50000173
	constant pool entry 131	5000120b
	constant pool entry 130	50000075
	constant pool entry 97	500003e4
	constant pool entry 94	50000247
	constant pool entry 42	5000011e
	constant pool entry 35	500003e1
	constant pool entry 33	50000249
	constant pool entry 23	50000c5b
	constant pool entry 17	500000cb
	constant pool entry 13	500000e7
	constant pool entry 10	500000e2
CLS 50000005 (name=java.security.Principal[], trace=300000)
	super		50000177
CLS 50000006 (name=java.security.Principal, trace=300000)
CLS 50000007 (name=java.security.ProtectionDomain$Key, trace=300000)
	super		50000177
	constant pool entry 4	50000177
	constant pool entry 3	50000007
CLS 50000008 (name=java.security.ProtectionDomain$2, trace=300000)
	super		50000177
	constant pool entry 6	50000177
CLS 50000009 (name=sun.misc.JavaSecurityProtectionDomainAccess, trace=300000)
CLS 5000000a (name=java.security.ProtectionDomain$JavaSecurityAccessImpl, trace=300000)
	super		50000177
	constant pool entry 16	50000177
	constant pool entry 15	5000000a
CLS 5000000b (name=sun.misc.JavaSecurityAccess, trace=300000)
CLS 5000000c (name=java.net.URL[], trace=300000)
	super		50000177
CLS 5000000d (name=sun.net.util.IPAddressUtil, trace=300000)
	super		50000177
	static OTHERS	50000c91
	constant pool entry 255	500000fc
	constant pool entry 207	5000011e
	constant pool entry 163	50000173
	constant pool entry 2	5000000d
CLS 5000000e (name=sun.net.www.protocol.file.Handler, trace=300000)
	super		5000000f
	constant pool entry 78	5000002d
	constant pool entry 68	50000173
	constant pool entry 37	5000000f
	constant pool entry 36	5000000e
	constant pool entry 33	5000058f
	constant pool entry 17	5000011e
	constant pool entry 12	50000120
	constant pool entry 3	50000887
CLS 50000010 (name=java.net.Parts, trace=300000)
	super		50000177
	constant pool entry 29	50000173
	constant pool entry 10	50000177
	constant pool entry 9	50000010
CLS 50000012 (name=java.lang.CharacterData, trace=300000)
	super		50000177
	constant pool entry 49	50000011
	constant pool entry 11	50000177
CLS 50000011 (name=java.lang.CharacterDataLatin1, trace=300000)
	super		50000012
	static sharpsMap	50000c53
	static instance	50000c52
	static A	50000c51
	static A_DATA	50000c4f
	static B	50000c50
	constant pool entry 99	500000fc
	constant pool entry 87	50000173
	constant pool entry 82	5000016f
	constant pool entry 24	50000012
	constant pool entry 21	50000c4f
	constant pool entry 19	50000c4e
	constant pool entry 14	50000011
CLS 50000013 (name=sun.util.locale.LocaleUtils, trace=300000)
	super		50000177
	constant pool entry 18	50000013
	constant pool entry 9	50000173
CLS 50000014 (name=java.util.Locale$LocaleKey, trace=300000)
	super		50000177
	constant pool entry 44	50000018
	constant pool entry 11	50000177
	constant pool entry 8	50000014
CLS 50000158 (name=java.lang.ref.Reference, trace=300000)
	super		50000177
	static lock	5000078c
	constant pool entry 113	500000d1
	constant pool entry 103	5000014d
	constant pool entry 92	50000151
	constant pool entry 33	50000177
	constant pool entry 32	50000158
	constant pool entry 29	500000d2
	constant pool entry 25	5000014f
	constant pool entry 23	50000af6
	constant pool entry 22	500000e4
	constant pool entry 17	500000e5
	constant pool entry 3	50000153
CLS 50000157 (name=java.lang.ref.SoftReference, trace=300000)
	super		50000158
	constant pool entry 7	50000158
	constant pool entry 6	50000157
CLS 50000015 (name=sun.util.locale.LocaleObjectCache$CacheEntry, trace=300000)
	super		50000157
	constant pool entry 4	50000157
	constant pool entry 3	50000015
CLS 50000016 (name=sun.util.locale.BaseLocale$Key, trace=300000)
	super		50000177
	constant pool entry 102	5000016f
	constant pool entry 89	50000013
	constant pool entry 31	50000177
	constant pool entry 29	50000018
	constant pool entry 23	50000173
	constant pool entry 21	50000016
	constant pool entry 13	50000887
	constant pool entry 11	50000157
CLS 5000002a (name=sun.util.locale.LocaleObjectCache, trace=300000)
	super		50000177
	constant pool entry 61	50000028
	constant pool entry 23	50000177
	constant pool entry 22	5000002a
	constant pool entry 12	50000015
	constant pool entry 7	50000027
	constant pool entry 4	50000151
CLS 50000017 (name=sun.util.locale.BaseLocale$Cache, trace=300000)
	super		5000002a
	constant pool entry 55	5000016f
	constant pool entry 19	5000002a
	constant pool entry 18	50000017
	constant pool entry 11	50000018
CLS 50000018 (name=sun.util.locale.BaseLocale, trace=300000)
	super		50000177
	static SEP	500008d8
	static CACHE	500008d7
	constant pool entry 97	50000173
	constant pool entry 95	50000013
	constant pool entry 42	50000177
	constant pool entry 40	50000017
	constant pool entry 24	500008d6
	constant pool entry 22	500008d5
	constant pool entry 19	500008d4
	constant pool entry 16	50000016
	constant pool entry 13	50000018
	constant pool entry 5	50000887
CLS 5000001c (name=java.util.concurrent.ConcurrentHashMap$CollectionView, trace=300000)
	super		50000177
CLS 50000019 (name=java.util.concurrent.ConcurrentHashMap$EntrySetView, trace=300000)
	super		5000001c
CLS 5000001a (name=java.util.concurrent.ConcurrentHashMap$ValuesView, trace=300000)
	super		5000001c
CLS 5000001b (name=java.util.concurrent.ConcurrentHashMap$KeySetView, trace=300000)
	super		5000001c
CLS 5000001d (name=java.util.concurrent.ConcurrentHashMap$CounterCell[], trace=300000)
	super		50000177
CLS 5000001e (name=java.util.concurrent.ConcurrentHashMap$CounterCell, trace=300000)
	super		50000177
CLS 5000001f (name=java.util.concurrent.ConcurrentHashMap$Node[], trace=300000)
	super		50000177
CLS 50000020 (name=java.util.concurrent.ConcurrentHashMap$Node, trace=300000)
	super		50000177
	constant pool entry 20	50000177
	constant pool entry 19	50000020
CLS 50000021 (name=java.util.concurrent.ConcurrentHashMap$Segment[], trace=300000)
	super		50000177
CLS 50000022 (name=java.util.concurrent.locks.ReentrantLock[], trace=300000)
	super		50000177
CLS 50000023 (name=java.util.concurrent.locks.Lock[], trace=300000)
	super		50000177
CLS 50000025 (name=java.util.concurrent.locks.ReentrantLock, trace=300000)
	super		50000177
CLS 50000024 (name=java.util.concurrent.ConcurrentHashMap$Segment, trace=300000)
	super		50000025
CLS 50000026 (name=java.util.concurrent.locks.Lock, trace=300000)
CLS 500000dc (name=java.util.AbstractMap, trace=300000)
	super		50000177
	constant pool entry 41	50000177
CLS 50000027 (name=java.util.concurrent.ConcurrentHashMap, trace=300000)
	super		500000dc
	static serialPersistentFields	50000b35
	static U	5000090b
	constant pool entry 1037	500000fc
	constant pool entry 861	5000008b
	constant pool entry 660	50000125
	constant pool entry 651	5000016f
	constant pool entry 648	50000177
	constant pool entry 286	500000dc
	constant pool entry 278	50000912
	constant pool entry 277	50000b34
	constant pool entry 276	50000b33
	constant pool entry 275	50000b32
	constant pool entry 272	50000b31
	constant pool entry 267	50000101
	constant pool entry 156	5000001e
	constant pool entry 110	5000001f
	constant pool entry 103	50000b30
	constant pool entry 101	50000b2f
	constant pool entry 99	50000b2e
	constant pool entry 95	50000021
	constant pool entry 17	50000020
	constant pool entry 2	50000027
	constant pool entry 1	5000010f
CLS 50000028 (name=java.util.concurrent.ConcurrentMap, trace=300000)
CLS 50000029 (name=java.util.Locale$Cache, trace=300000)
	super		5000002a
	constant pool entry 10	5000002a
	constant pool entry 9	50000029
	constant pool entry 7	50000014
	constant pool entry 3	5000002b
CLS 5000002b (name=java.util.Locale, trace=300000)
	super		50000177
	static LOCALECACHE	500008b9
	static ENGLISH	500008b8
	static FRENCH	500008b7
	static GERMAN	500008b6
	static ITALIAN	500008b5
	static JAPANESE	500008b4
	static KOREAN	500008b3
	static CHINESE	500008b2
	static SIMPLIFIED_CHINESE	500008ac
	static TRADITIONAL_CHINESE	500008ab
	static FRANCE	500008b1
	static GERMANY	500008b0
	static ITALY	500008af
	static JAPAN	500008ae
	static KOREA	500008ad
	static CHINA	500008ac
	static PRC	500008ac
	static TAIWAN	500008ab
	static UK	500008aa
	static US	500008a6
	static CANADA	500008a9
	static CANADA_FRENCH	500008a8
	static ROOT	500008a7
	static defaultLocale	500008a6
	static serialPersistentFields	500008a5
	constant pool entry 915	500000fc
	constant pool entry 712	5000016f
	constant pool entry 668	50000013
	constant pool entry 526	500000f4
	constant pool entry 500	50000018
	constant pool entry 270	50000101
	constant pool entry 265	500008a4
	constant pool entry 263	500008a3
	constant pool entry 261	500008a2
	constant pool entry 256	500008a1
	constant pool entry 253	500008a0
	constant pool entry 251	5000089f
	constant pool entry 249	5000089e
	constant pool entry 247	5000089d
	constant pool entry 245	5000089c
	constant pool entry 243	5000089b
	constant pool entry 241	5000089a
	constant pool entry 238	50000899
	constant pool entry 236	50000898
	constant pool entry 234	50000897
	constant pool entry 230	50000029
	constant pool entry 219	50000896
	constant pool entry 216	50000895
	constant pool entry 213	50000894
	constant pool entry 195	50000893
	constant pool entry 194	50000892
	constant pool entry 193	50000891
	constant pool entry 192	50000890
	constant pool entry 191	5000088f
	constant pool entry 189	5000088e
	constant pool entry 167	5000010f
	constant pool entry 144	50000177
	constant pool entry 45	5000088d
	constant pool entry 44	5000088c
	constant pool entry 43	5000088b
	constant pool entry 38	5000088a
	constant pool entry 37	50000173
	constant pool entry 34	50000889
	constant pool entry 33	50000888
	constant pool entry 32	50000075
	constant pool entry 20	5000002b
	constant pool entry 16	50000014
	constant pool entry 10	50000887
CLS 5000002c (name=java.util.BitSet, trace=300000)
	super		50000177
	static serialPersistentFields	50000c7d
	constant pool entry 401	500000fc
	constant pool entry 302	5000016f
	constant pool entry 97	50000177
	constant pool entry 94	50000101
	constant pool entry 76	50000c7c
	constant pool entry 71	50000178
	constant pool entry 1	5000002c
CLS 5000002d (name=sun.net.www.ParseUtil, trace=300000)
	super		50000177
	static encodedInPath	50000c7a
	static hexDigits	50000c79
	constant pool entry 520	500000fc
	constant pool entry 391	5000016f
	constant pool entry 388	500000c3
	constant pool entry 271	50000120
	constant pool entry 156	50000c78
	constant pool entry 155	50000c77
	constant pool entry 154	50000c76
	constant pool entry 153	50000c75
	constant pool entry 150	50000c74
	constant pool entry 147	50000afd
	constant pool entry 144	50000c73
	constant pool entry 137	50000c72
	constant pool entry 126	5000002c
	constant pool entry 67	50000887
	constant pool entry 66	50000c66
	constant pool entry 65	5000011e
	constant pool entry 62	50000ae7
	constant pool entry 19	50000126
	constant pool entry 13	50000173
	constant pool entry 1	5000002d
CLS 5000002e (name=java.io.FileInputStream$1, trace=300000)
	super		50000177
	constant pool entry 20	50000089
	constant pool entry 5	50000177
	constant pool entry 4	5000002e
CLS 500000c9 (name=java.util.HashMap$Node, trace=300000)
	super		50000177
	constant pool entry 18	50000177
	constant pool entry 17	500000c9
CLS 5000005a (name=java.util.LinkedHashMap$Entry, trace=300000)
	super		500000c9
	constant pool entry 3	500000c9
CLS 5000002f (name=java.util.HashMap$TreeNode, trace=300000)
	super		5000005a
CLS 50000030 (name=java.lang.reflect.Array, trace=300000)
	super		50000177
	constant pool entry 4	50000030
CLS 50000033 (name=java.nio.charset.CoderResult$Cache, trace=300000)
	super		50000177
	constant pool entry 20	50000177
	constant pool entry 19	50000033
CLS 50000031 (name=java.nio.charset.CoderResult$2, trace=300000)
	super		50000033
	constant pool entry 5	50000033
CLS 50000032 (name=java.nio.charset.CoderResult$1, trace=300000)
	super		50000033
	constant pool entry 5	50000033
CLS 50000034 (name=java.nio.charset.CoderResult, trace=300000)
	super		50000177
	static names	50000dbc
	static UNDERFLOW	50000dbb
	static OVERFLOW	50000dba
	static malformedCache	50000db9
	static unmappableCache	50000db8
	constant pool entry 141	500000fc
	constant pool entry 120	5000016f
	constant pool entry 43	50000177
	constant pool entry 41	50000031
	constant pool entry 39	50000032
	constant pool entry 36	50000db7
	constant pool entry 35	50000db6
	constant pool entry 34	50000db5
	constant pool entry 33	50000db4
	constant pool entry 32	50000173
	constant pool entry 14	50000034
CLS 50000117 (name=java.nio.Buffer, trace=300000)
	super		50000177
	constant pool entry 30	50000177
	constant pool entry 29	50000117
CLS 50000036 (name=java.nio.CharBuffer, trace=300000)
	super		50000117
	constant pool entry 53	50000117
	constant pool entry 42	50000036
	constant pool entry 7	50000035
CLS 50000035 (name=java.nio.HeapCharBuffer, trace=300000)
	super		50000036
	constant pool entry 40	50000036
CLS 5000003b (name=java.io.Reader, trace=300000)
	super		50000177
	constant pool entry 20	50000177
	constant pool entry 12	5000003b
CLS 50000037 (name=sun.nio.cs.StreamDecoder, trace=300000)
	super		5000003b
	constant pool entry 246	5000016f
	constant pool entry 233	50000034
	constant pool entry 229	50000036
	constant pool entry 218	50000122
	constant pool entry 207	50000071
	constant pool entry 198	50000095
	constant pool entry 196	50000093
	constant pool entry 164	500000c1
	constant pool entry 87	5000003b
	constant pool entry 8	50000037
CLS 50000039 (name=java.io.InputStreamReader, trace=300000)
	super		5000003b
	constant pool entry 53	50000037
	constant pool entry 21	5000003b
	constant pool entry 20	50000039
CLS 50000038 (name=java.io.FileReader, trace=300000)
	super		50000039
	constant pool entry 7	50000039
	constant pool entry 1	50000089
CLS 5000003a (name=java.io.BufferedReader, trace=300000)
	super		5000003b
	constant pool entry 185	500000fc
	constant pool entry 48	5000003b
	constant pool entry 31	50000173
	constant pool entry 2	5000003a
CLS 5000003c (name=java.lang.Readable, trace=300000)
CLS 5000003d (name=sun.misc.MetaIndex, trace=300000)
	super		50000177
	static jarMap	50000d18
	constant pool entry 160	500000fc
	constant pool entry 124	5000016f
	constant pool entry 104	500000ec
	constant pool entry 85	5000014c
	constant pool entry 45	50000177
	constant pool entry 39	500000cb
	constant pool entry 37	500000cd
	constant pool entry 35	50000173
	constant pool entry 28	50000d17
	constant pool entry 16	50000d16
	constant pool entry 12	500000e2
	constant pool entry 9	50000038
	constant pool entry 8	5000003a
	constant pool entry 5	50000d15
	constant pool entry 4	50000120
	constant pool entry 3	5000003d
CLS 5000003e (name=java.io.File[], trace=300000)
	super		50000177
CLS 5000003f (name=java.util.StringTokenizer, trace=300000)
	super		50000177
	constant pool entry 81	50000173
	constant pool entry 34	50000177
	constant pool entry 33	5000003f
	constant pool entry 5	50000115
CLS 50000040 (name=sun.misc.Launcher$ExtClassLoader$1, trace=300000)
	super		50000177
	constant pool entry 32	5000003d
	constant pool entry 8	50000177
	constant pool entry 7	50000040
	constant pool entry 4	5000011a
CLS 50000041 (name=java.net.URLClassLoader$7, trace=300000)
	super		50000177
	constant pool entry 19	5000011f
	constant pool entry 6	50000177
CLS 50000042 (name=sun.misc.JavaNetAccess, trace=300000)
CLS 500000ea (name=java.util.AbstractCollection, trace=300000)
	super		50000177
	constant pool entry 8	50000177
CLS 500000df (name=java.util.AbstractSet, trace=300000)
	super		500000ea
	constant pool entry 19	500000ea
CLS 50000043 (name=java.util.WeakHashMap$KeySet, trace=300000)
	super		500000df
	constant pool entry 13	500000df
	constant pool entry 12	50000043
CLS 50000044 (name=java.util.Collections$SetFromMap, trace=300000)
	super		500000df
	constant pool entry 115	50000116
	constant pool entry 103	5000014c
	constant pool entry 31	500000df
	constant pool entry 30	50000044
CLS 50000045 (name=java.util.WeakHashMap$Entry[], trace=300000)
	super		50000177
CLS 50000156 (name=java.lang.ref.WeakReference, trace=300000)
	super		50000158
	constant pool entry 4	50000158
CLS 50000046 (name=java.util.WeakHashMap$Entry, trace=300000)
	super		50000156
	constant pool entry 21	50000156
	constant pool entry 20	50000046
CLS 50000047 (name=java.lang.ClassLoader$ParallelLoaders, trace=300000)
	super		50000177
	static loaderTypes	5000128d
	constant pool entry 39	500000e1
	constant pool entry 35	500000e0
	constant pool entry 33	5000016f
	constant pool entry 10	50000047
	constant pool entry 9	5000016d
	constant pool entry 6	500000ac
CLS 50000048 (name=sun.security.util.Debug, trace=300000)
	super		50000177
	static hexDigits	50000ccb
	constant pool entry 243	500000f4
	constant pool entry 108	50000cca
	constant pool entry 102	50000cc9
	constant pool entry 101	50000173
	constant pool entry 98	50000cc8
	constant pool entry 97	50000075
	constant pool entry 47	50000048
CLS 50000049 (name=sun.misc.Launcher$Factory, trace=300000)
	super		50000177
	static PREFIX	50000c5f
	constant pool entry 47	5000016f
	constant pool entry 20	50000177
	constant pool entry 19	50000049
	constant pool entry 18	50000c5f
	constant pool entry 12	5000000f
	constant pool entry 8	50000c61
	constant pool entry 7	50000c60
	constant pool entry 3	50000126
CLS 5000004a (name=java.net.URLStreamHandlerFactory, trace=300000)
CLS 5000004b (name=java.lang.Compiler$1, trace=300000)
	super		50000177
	constant pool entry 45	5000016c
	constant pool entry 24	50000177
	constant pool entry 23	5000004b
	constant pool entry 21	50001465
	constant pool entry 18	50001464
	constant pool entry 11	50000126
	constant pool entry 2	50001463
CLS 5000004c (name=java.lang.Compiler, trace=300000)
	super		50000177
	constant pool entry 34	500000f4
	constant pool entry 7	5000004c
	constant pool entry 4	5000004b
CLS 5000016b (name=java.lang.Throwable, trace=300000)
	super		50000177
	static UNASSIGNED_STACK	5000087a
	static SUPPRESSED_SENTINEL	50000879
	static NULL_CAUSE_MESSAGE	50000878
	static SELF_SUPPRESSION_MESSAGE	50000877
	static CAUSE_CAPTION	50000876
	static SUPPRESSED_CAPTION	50000875
	static EMPTY_THROWABLE_ARRAY	50000874
	constant pool entry 369	500000fc
	constant pool entry 233	500000e1
	constant pool entry 222	5000016f
	constant pool entry 103	50000177
	constant pool entry 76	500000e2
	constant pool entry 67	50000118
	constant pool entry 42	5000016b
CLS 50000168 (name=java.lang.Exception, trace=300000)
	super		5000016b
	constant pool entry 7	5000016b
CLS 50000167 (name=java.lang.RuntimeException, trace=300000)
	super		50000168
CLS 5000004d (name=java.lang.IllegalArgumentException, trace=300000)
	super		50000167
CLS 5000004e (name=java.lang.System$2, trace=300000)
	super		50000177
	constant pool entry 21	50000177
CLS 5000004f (name=sun.misc.JavaLangAccess, trace=300000)
CLS 50000050 (name=sun.misc.OSEnvironment, trace=300000)
	super		50000177
CLS 50000051 (name=java.lang.Integer[], trace=300000)
	super		50000177
CLS 50000052 (name=java.lang.Number[], trace=300000)
	super		50000177
CLS 50000053 (name=java.lang.Integer$IntegerCache, trace=300000)
	super		50000177
	static cache	50000b4b
	constant pool entry 74	500000fc
	constant pool entry 44	500000c6
	constant pool entry 40	5000016f
	constant pool entry 9	50000053
	constant pool entry 5	50000919
	constant pool entry 2	5000010f
CLS 50000054 (name=sun.misc.NativeSignalHandler, trace=300000)
	super		50000177
	constant pool entry 6	50000177
	constant pool entry 5	50000054
CLS 50000055 (name=sun.misc.Signal, trace=300000)
	super		50000177
	static handlers	5000131a
	static signals	50001319
	constant pool entry 111	5000010f
	constant pool entry 44	50000177
	constant pool entry 42	5000014a
	constant pool entry 29	50000057
	constant pool entry 15	50000054
	constant pool entry 3	50000055
CLS 50000056 (name=java.lang.Terminator$1, trace=300000)
	super		50000177
	constant pool entry 5	50000177
CLS 50000057 (name=sun.misc.SignalHandler, trace=300000)
	static SIG_DFL	50001315
	static SIG_IGN	50001314
	constant pool entry 5	50000057
	constant pool entry 1	50000054
CLS 50000058 (name=java.lang.Terminator, trace=300000)
	super		50000177
	static handler	50001313
	constant pool entry 12	50000058
	constant pool entry 11	50001312
	constant pool entry 10	50001311
	constant pool entry 6	50001310
	constant pool entry 5	50000055
	constant pool entry 3	50000056
CLS 50000059 (name=java.lang.ClassLoader$NativeLibrary, trace=300000)
	super		50000177
	constant pool entry 72	500000e7
	constant pool entry 60	5000016d
	constant pool entry 18	50000177
	constant pool entry 17	50000059
CLS 5000005b (name=java.io.ExpiringCache$Entry, trace=300000)
	super		50000177
	constant pool entry 5	50000177
	constant pool entry 4	5000005b
CLS 5000005c (name=java.io.File$PathStatus[], trace=300000)
	super		50000177
CLS 5000005d (name=java.lang.Enum[], trace=300000)
	super		50000177
CLS 5000005e (name=java.lang.ClassLoader$3, trace=300000)
	super		50000177
	constant pool entry 29	50000116
	constant pool entry 27	50000120
	constant pool entry 6	50000177
	constant pool entry 5	5000005e
CLS 5000005f (name=java.lang.StringCoding$StringEncoder, trace=300000)
	super		50000177
	constant pool entry 152	500000fc
	constant pool entry 84	5000009d
	constant pool entry 77	5000016f
	constant pool entry 72	50000073
	constant pool entry 70	50000093
	constant pool entry 68	500000c1
	constant pool entry 33	50000177
	constant pool entry 32	5000005f
	constant pool entry 18	50000074
CLS 50000060 (name=java.nio.file.Path, trace=300000)
CLS 50000061 (name=java.nio.file.Watchable, trace=300000)
CLS 50000063 (name=java.lang.Enum, trace=300000)
	super		50000177
	constant pool entry 31	50000177
	constant pool entry 12	50000063
CLS 50000062 (name=java.io.File$PathStatus, trace=300000)
	super		50000063
	static INVALID	500012ad
	static CHECKED	500012ac
	static $VALUES	500012ab
	constant pool entry 49	500000fc
	constant pool entry 12	50000063
	constant pool entry 10	500012aa
	constant pool entry 7	500012a9
	constant pool entry 4	50000062
CLS 500000cb (name=java.util.HashMap, trace=300000)
	super		500000dc
	constant pool entry 496	500000fc
	constant pool entry 317	50000113
	constant pool entry 297	50000177
	constant pool entry 113	5000014c
	constant pool entry 112	500000dc
	constant pool entry 61	500000c7
	constant pool entry 60	500000c9
	constant pool entry 50	5000002f
	constant pool entry 10	500000cb
CLS 50000065 (name=java.util.LinkedHashMap, trace=300000)
	super		500000cb
	constant pool entry 86	500000c9
	constant pool entry 46	500000cb
	constant pool entry 45	50000065
	constant pool entry 6	5000005a
CLS 50000064 (name=java.io.ExpiringCache$1, trace=300000)
	super		50000065
	constant pool entry 26	50000066
	constant pool entry 6	50000065
	constant pool entry 5	50000064
CLS 50000066 (name=java.io.ExpiringCache, trace=300000)
	super		50000177
	constant pool entry 86	5000014c
	constant pool entry 80	5000016c
	constant pool entry 32	50000177
	constant pool entry 31	50000066
	constant pool entry 18	5000005b
	constant pool entry 8	50000064
CLS 50000068 (name=java.io.FileSystem, trace=300000)
	super		50000177
	constant pool entry 89	5000016c
	constant pool entry 11	50000177
	constant pool entry 10	50000068
	constant pool entry 9	50000aea
	constant pool entry 7	50000ae9
CLS 50000067 (name=java.io.UnixFileSystem, trace=300000)
	super		50000068
	constant pool entry 176	5000016c
	constant pool entry 148	500000f4
	constant pool entry 66	50000067
	constant pool entry 55	50000068
	constant pool entry 48	50000120
	constant pool entry 37	50000ae8
	constant pool entry 28	50000126
	constant pool entry 26	50000887
	constant pool entry 18	50000127
	constant pool entry 17	50000ae7
	constant pool entry 15	50000ae6
	constant pool entry 13	50000ae5
	constant pool entry 10	50000173
	constant pool entry 7	50000ae4
	constant pool entry 6	50000075
	constant pool entry 2	50000066
CLS 50000069 (name=java.io.DefaultFileSystem, trace=300000)
	super		50000177
	constant pool entry 2	50000067
CLS 50000078 (name=java.io.Writer, trace=300000)
	super		50000177
	constant pool entry 68	50000173
	constant pool entry 19	50000177
	constant pool entry 6	50000078
CLS 5000006a (name=java.io.BufferedWriter, trace=300000)
	super		50000078
	constant pool entry 123	500000fc
	constant pool entry 84	500000f4
	constant pool entry 35	50000078
	constant pool entry 34	5000006a
	constant pool entry 15	50000173
	constant pool entry 12	50000a34
	constant pool entry 11	50000075
CLS 5000006b (name=java.nio.Bits$1, trace=300000)
	super		50000177
	constant pool entry 8	50000177
CLS 5000006c (name=sun.misc.JavaNioAccess, trace=300000)
CLS 50000114 (name=java.lang.Number, trace=300000)
	super		50000177
	constant pool entry 4	50000177
CLS 5000006d (name=java.util.concurrent.atomic.AtomicLong, trace=300000)
	super		50000114
	static unsafe	5000090b
	constant pool entry 102	5000016f
	constant pool entry 85	50000125
	constant pool entry 26	50000114
	constant pool entry 20	50000912
	constant pool entry 19	5000006d
CLS 5000006e (name=java.nio.ByteOrder, trace=300000)
	super		50000177
	static BIG_ENDIAN	50000dc4
	static LITTLE_ENDIAN	50000dc3
	constant pool entry 30	5000006f
	constant pool entry 10	50000177
	constant pool entry 8	50000dc2
	constant pool entry 5	50000dc1
	constant pool entry 4	5000006e
CLS 5000006f (name=java.nio.Bits, trace=300000)
	super		50000177
	static unsafe	5000090b
	static byteOrder	50000dc3
	static reservedMemory	50000dce
	static totalCapacity	50000dcd
	static count	50000dcc
	constant pool entry 530	5000006e
	constant pool entry 518	5000016f
	constant pool entry 493	500000d1
	constant pool entry 488	500000c6
	constant pool entry 477	500000f4
	constant pool entry 463	50000125
	constant pool entry 176	5000006b
	constant pool entry 174	5000006d
	constant pool entry 134	5000006f
	constant pool entry 121	50000dcb
	constant pool entry 120	50000dca
	constant pool entry 119	50000dc9
	constant pool entry 117	50000dc8
	constant pool entry 116	50000173
	constant pool entry 113	50000dc7
	constant pool entry 112	50000075
CLS 50000071 (name=java.nio.ByteBuffer, trace=300000)
	super		50000117
	constant pool entry 175	5000006e
	constant pool entry 173	5000006f
	constant pool entry 58	50000117
	constant pool entry 50	50000071
	constant pool entry 13	50000070
CLS 50000070 (name=java.nio.HeapByteBuffer, trace=300000)
	super		50000071
	constant pool entry 261	500000fc
	constant pool entry 174	5000016c
	constant pool entry 72	50000071
	constant pool entry 2	50000070
CLS 50000073 (name=java.nio.charset.CharsetEncoder, trace=300000)
	super		50000177
	static stateNames	500011e7
	constant pool entry 369	500000fc
	constant pool entry 298	5000016f
	constant pool entry 242	50000034
	constant pool entry 219	500000a7
	constant pool entry 211	500000c1
	constant pool entry 198	50000093
	constant pool entry 110	50000177
	constant pool entry 109	50000dd9
	constant pool entry 108	50000dd8
	constant pool entry 107	50000dd7
	constant pool entry 106	50000dd6
	constant pool entry 105	50000173
	constant pool entry 13	50000dd4
	constant pool entry 5	50000073
CLS 50000072 (name=sun.nio.cs.UTF_8$Encoder, trace=300000)
	super		50000073
	constant pool entry 96	500000c3
	constant pool entry 94	50000071
	constant pool entry 88	50000036
	constant pool entry 86	50000034
	constant pool entry 84	500000a4
	constant pool entry 41	50000073
	constant pool entry 40	50000072
CLS 50000074 (name=sun.nio.cs.ArrayEncoder, trace=300000)
CLS 50000075 (name=sun.security.action.GetPropertyAction, trace=300000)
	super		50000177
	constant pool entry 38	5000016c
	constant pool entry 13	50000177
	constant pool entry 6	50000075
CLS 50000076 (name=sun.nio.cs.StreamEncoder, trace=300000)
	super		50000078
	constant pool entry 228	5000016f
	constant pool entry 214	50000034
	constant pool entry 207	50000036
	constant pool entry 204	50000084
	constant pool entry 191	50000071
	constant pool entry 180	50000073
	constant pool entry 178	50000093
	constant pool entry 153	500000c1
	constant pool entry 78	50000078
	constant pool entry 8	50000076
CLS 50000077 (name=java.io.OutputStreamWriter, trace=300000)
	super		50000078
	constant pool entry 58	50000076
	constant pool entry 23	50000078
	constant pool entry 22	50000077
CLS 50000084 (name=java.io.OutputStream, trace=300000)
	super		50000177
	constant pool entry 9	50000177
CLS 5000007b (name=java.io.FilterOutputStream, trace=300000)
	super		50000084
	constant pool entry 14	50000084
	constant pool entry 13	5000007b
CLS 50000079 (name=java.io.BufferedOutputStream, trace=300000)
	super		5000007b
	constant pool entry 62	500000fc
	constant pool entry 48	5000016c
	constant pool entry 45	50000084
	constant pool entry 14	5000007b
	constant pool entry 13	50000079
CLS 5000007a (name=java.io.PrintStream, trace=300000)
	super		5000007b
	constant pool entry 210	50000173
	constant pool entry 87	5000007b
	constant pool entry 40	5000007a
	constant pool entry 24	50000084
	constant pool entry 23	50001238
	constant pool entry 17	5000006a
	constant pool entry 14	50000077
CLS 5000007c (name=sun.reflect.misc.ReflectUtil, trace=300000)
	super		50000177
	static PROXY_PACKAGE	500012b6
	constant pool entry 125	500000cc
	constant pool entry 7	500000aa
CLS 5000007d (name=java.util.concurrent.atomic.AtomicReferenceFieldUpdater$AtomicReferenceFieldUpdaterImpl$1, trace=300000)
	super		50000177
	constant pool entry 39	5000016f
	constant pool entry 8	50000177
	constant pool entry 7	5000007d
CLS 5000007e (name=java.security.PrivilegedExceptionAction, trace=300000)
CLS 50000080 (name=java.util.concurrent.atomic.AtomicReferenceFieldUpdater, trace=300000)
	super		50000177
	constant pool entry 50	500000cc
	constant pool entry 10	50000177
	constant pool entry 1	5000007f
CLS 5000007f (name=java.util.concurrent.atomic.AtomicReferenceFieldUpdater$AtomicReferenceFieldUpdaterImpl, trace=300000)
	super		50000080
	static U	5000090b
	constant pool entry 168	50000173
	constant pool entry 165	5000008f
	constant pool entry 159	50000125
	constant pool entry 149	500000aa
	constant pool entry 134	5000016f
	constant pool entry 132	5000007c
	constant pool entry 128	500000f4
	constant pool entry 63	50000080
	constant pool entry 62	5000007f
	constant pool entry 5	50000146
	constant pool entry 2	5000007d
CLS 50000122 (name=java.io.InputStream, trace=300000)
	super		50000177
	constant pool entry 15	50000177
CLS 50000082 (name=java.io.FilterInputStream, trace=300000)
	super		50000122
	constant pool entry 13	50000122
	constant pool entry 12	50000082
CLS 50000081 (name=java.io.BufferedInputStream, trace=300000)
	super		50000082
	static bufUpdater	500012b5
	constant pool entry 137	500000fc
	constant pool entry 106	50000080
	constant pool entry 41	50000082
	constant pool entry 39	500012b4
	constant pool entry 38	5000017b
	constant pool entry 37	50000081
CLS 50000083 (name=java.io.FileOutputStream, trace=300000)
	super		50000084
	constant pool entry 106	5000016c
	constant pool entry 44	50000084
	constant pool entry 43	50000083
	constant pool entry 32	5000022c
	constant pool entry 19	50000088
	constant pool entry 6	50000177
	constant pool entry 2	50000120
CLS 50000085 (name=java.io.Flushable, trace=300000)
CLS 50000086 (name=java.io.FileDescriptor$1, trace=300000)
	super		50000177
	constant pool entry 7	50000177
CLS 50000087 (name=sun.misc.JavaIOFileDescriptorAccess, trace=300000)
CLS 50000088 (name=java.io.FileDescriptor, trace=300000)
	super		50000177
	static in	50000a3f
	static out	50000a41
	static err	50000a40
	constant pool entry 94	500000d1
	constant pool entry 27	50000177
	constant pool entry 24	50000086
	constant pool entry 18	50000088
	constant pool entry 12	50000123
CLS 50000089 (name=java.io.FileInputStream, trace=300000)
	super		50000122
	constant pool entry 107	5000016c
	constant pool entry 43	50000122
	constant pool entry 42	50000089
	constant pool entry 33	5000002e
	constant pool entry 20	50000088
	constant pool entry 7	50000177
	constant pool entry 2	50000120
CLS 5000008a (name=sun.misc.Version, trace=300000)
	super		50000177
	static launcher_name	50001326
	static java_version	50001212
	static java_runtime_name	500012f6
	static java_profile_name	50000887
	static java_runtime_version	50001300
	constant pool entry 137	5000016c
	constant pool entry 9	500012f6
	constant pool entry 8	500012f7
	constant pool entry 7	50001300
	constant pool entry 6	50001301
	constant pool entry 4	50001212
	constant pool entry 3	5000008a
	constant pool entry 2	5000120b
CLS 5000008b (name=java.lang.Runtime, trace=300000)
	super		50000177
	static currentRuntime	50000b40
	constant pool entry 162	5000016d
	constant pool entry 119	5000016c
	constant pool entry 55	50000177
	constant pool entry 53	5000008b
	constant pool entry 38	50000120
	constant pool entry 25	50000173
CLS 5000008c (name=java.util.Hashtable$Enumerator, trace=300000)
	super		50000177
	constant pool entry 36	500000c5
	constant pool entry 32	50000177
	constant pool entry 31	5000008c
	constant pool entry 1	5000014a
CLS 5000008d (name=java.util.Iterator, trace=300000)
CLS 5000008e (name=java.util.Enumeration, trace=300000)
CLS 5000008f (name=java.util.Objects, trace=300000)
	super		50000177
	constant pool entry 18	50000177
CLS 50000091 (name=java.util.Collections$SynchronizedCollection, trace=300000)
	super		50000177
	constant pool entry 104	5000008f
	constant pool entry 27	50000177
	constant pool entry 26	50000091
	constant pool entry 3	500000ed
CLS 50000090 (name=java.util.Collections$SynchronizedSet, trace=300000)
	super		50000091
	constant pool entry 8	50000091
CLS 50000092 (name=java.util.Hashtable$EntrySet, trace=300000)
	super		500000df
	constant pool entry 22	500000df
	constant pool entry 21	50000092
	constant pool entry 1	5000014a
CLS 50000093 (name=java.nio.charset.CodingErrorAction, trace=300000)
	super		50000177
	static IGNORE	500011ed
	static REPLACE	500011ec
	static REPORT	500011eb
	constant pool entry 11	50000177
	constant pool entry 9	500011ea
	constant pool entry 7	500011e9
	constant pool entry 4	500011e8
	constant pool entry 3	50000093
CLS 50000095 (name=java.nio.charset.CharsetDecoder, trace=300000)
	super		50000177
	static stateNames	50000dda
	constant pool entry 284	500000fc
	constant pool entry 234	5000016f
	constant pool entry 196	50000034
	constant pool entry 173	500000c1
	constant pool entry 161	50000093
	constant pool entry 83	50000177
	constant pool entry 82	50000dd9
	constant pool entry 81	50000dd8
	constant pool entry 80	50000dd7
	constant pool entry 79	50000dd6
	constant pool entry 78	50000173
	constant pool entry 19	50000dd5
	constant pool entry 12	50000dd4
	constant pool entry 5	50000095
CLS 50000094 (name=sun.nio.cs.UTF_8$Decoder, trace=300000)
	super		50000095
	constant pool entry 162	5000016f
	constant pool entry 130	500000c3
	constant pool entry 128	50000036
	constant pool entry 112	50000034
	constant pool entry 109	50000071
	constant pool entry 58	50000095
	constant pool entry 57	50000094
	constant pool entry 55	500000a4
CLS 50000096 (name=sun.nio.cs.ArrayDecoder, trace=300000)
CLS 50000097 (name=java.lang.StringCoding$StringDecoder, trace=300000)
	super		50000177
	constant pool entry 152	500000fc
	constant pool entry 84	5000009d
	constant pool entry 77	5000016f
	constant pool entry 72	50000095
	constant pool entry 70	50000093
	constant pool entry 68	500000c1
	constant pool entry 33	50000177
	constant pool entry 32	50000097
	constant pool entry 18	50000096
CLS 50000098 (name=java.lang.ThreadLocal$ThreadLocalMap$Entry[], trace=300000)
	super		50000177
CLS 50000099 (name=java.lang.ref.WeakReference[], trace=300000)
	super		50000177
CLS 5000009a (name=java.lang.ref.Reference[], trace=300000)
	super		50000177
CLS 5000009b (name=java.lang.ThreadLocal$ThreadLocalMap$Entry, trace=300000)
	super		50000156
	constant pool entry 4	50000156
	constant pool entry 3	5000009b
CLS 5000009c (name=java.lang.ThreadLocal$ThreadLocalMap, trace=300000)
	super		50000177
	constant pool entry 128	500000fc
	constant pool entry 28	50000177
	constant pool entry 15	500000b9
	constant pool entry 9	5000009b
	constant pool entry 8	5000009c
CLS 5000009d (name=java.lang.StringCoding, trace=300000)
	super		50000177
	static decoder	50001418
	static encoder	50001417
	constant pool entry 183	50000173
	constant pool entry 164	500000c1
	constant pool entry 161	500000a7
	constant pool entry 88	5000009d
	constant pool entry 86	500000b9
	constant pool entry 67	5000005f
	constant pool entry 28	50000097
	constant pool entry 6	50000157
CLS 50000141 (name=sun.reflect.MagicAccessorImpl, trace=300000)
	super		50000177
	constant pool entry 3	50000177
CLS 5000013d (name=sun.reflect.ConstructorAccessorImpl, trace=300000)
	super		50000141
	constant pool entry 3	50000141
CLS 5000009e (name=sun.reflect.DelegatingConstructorAccessorImpl, trace=300000)
	super		5000013d
	constant pool entry 6	5000013d
	constant pool entry 5	5000009e
CLS 5000009f (name=sun.reflect.NativeConstructorAccessorImpl, trace=300000)
	super		5000013d
	constant pool entry 48	500000e6
	constant pool entry 17	5000009f
	constant pool entry 13	5000013d
CLS 500000a0 (name=sun.reflect.ReflectionFactory$1, trace=300000)
	super		50000177
	constant pool entry 38	5000016c
	constant pool entry 35	500000e6
	constant pool entry 18	50000177
	constant pool entry 17	500000a0
	constant pool entry 8	5000133b
	constant pool entry 3	5000133a
CLS 500000a1 (name=java.lang.Class$1, trace=300000)
	super		50000177
	constant pool entry 30	50000142
	constant pool entry 7	50000177
	constant pool entry 6	500000a1
CLS 500000a2 (name=java.lang.reflect.Constructor[], trace=300000)
	super		50000177
CLS 500000a3 (name=java.lang.reflect.Executable[], trace=300000)
	super		50000177
CLS 500000c1 (name=java.nio.charset.Charset, trace=300000)
	super		50000177
	static bugLevel	50000887
	static standardProvider	50000de3
	static cache1	500003cd
	static cache2	500003bb
	static gate	50000de2
	static defaultCharset	50000de1
	constant pool entry 325	500000fc
	constant pool entry 215	500000c0
	constant pool entry 194	500000f4
	constant pool entry 188	500000c6
	constant pool entry 86	500000b9
	constant pool entry 84	500000be
	constant pool entry 52	50000de0
	constant pool entry 29	500000c1
	constant pool entry 21	50000177
	constant pool entry 14	50000dd4
	constant pool entry 11	50000173
	constant pool entry 8	50000887
	constant pool entry 7	50000ddf
	constant pool entry 6	50000075
CLS 500000a5 (name=sun.nio.cs.Unicode, trace=300000)
	super		500000c1
	constant pool entry 57	500000c1
CLS 500000a4 (name=sun.nio.cs.UTF_8, trace=300000)
	super		500000a5
	constant pool entry 42	50000117
	constant pool entry 35	500000be
	constant pool entry 13	500000a5
	constant pool entry 12	500000a4
	constant pool entry 8	50000072
	constant pool entry 6	50000094
	constant pool entry 2	500011e5
CLS 500000a6 (name=sun.nio.cs.HistoricallyNamedCharset, trace=300000)
CLS 500000a7 (name=java.util.Arrays, trace=300000)
	super		50000177
	constant pool entry 811	500000fc
	constant pool entry 543	500000c3
	constant pool entry 502	5000016c
	constant pool entry 485	50000030
	constant pool entry 483	5000016f
	constant pool entry 99	50000177
	constant pool entry 54	5000010d
	constant pool entry 22	500000a7
CLS 500000a8 (name=java.lang.reflect.ReflectAccess, trace=300000)
	super		50000177
	constant pool entry 21	50000177
	constant pool entry 6	50000142
	constant pool entry 4	50000143
	constant pool entry 2	50000146
CLS 500000a9 (name=sun.reflect.LangReflectAccess, trace=300000)
CLS 500000aa (name=java.lang.reflect.Modifier, trace=300000)
	super		50000177
	constant pool entry 135	500000f4
	constant pool entry 27	500000a8
	constant pool entry 26	500000e6
	constant pool entry 23	500000f1
CLS 500000ac (name=java.util.WeakHashMap, trace=300000)
	super		500000dc
	static NULL_KEY	5000120a
	constant pool entry 331	500000fc
	constant pool entry 214	50000113
	constant pool entry 80	500000dc
	constant pool entry 78	50000177
	constant pool entry 64	50000043
	constant pool entry 15	500000ac
	constant pool entry 4	50000151
	constant pool entry 2	50000045
	constant pool entry 1	50000046
CLS 500000ab (name=java.lang.ClassValue$ClassValueMap, trace=300000)
	super		500000ac
CLS 500000ad (name=sun.reflect.annotation.AnnotationType, trace=300000)
	super		50000177
CLS 500000ae (name=java.lang.Class$AnnotationData, trace=300000)
	super		50000177
CLS 500000b1 (name=sun.reflect.generics.repository.AbstractRepository, trace=300000)
	super		50000177
CLS 500000b0 (name=sun.reflect.generics.repository.GenericDeclRepository, trace=300000)
	super		500000b1
CLS 500000af (name=sun.reflect.generics.repository.ClassRepository, trace=300000)
	super		500000b0
CLS 500000b2 (name=java.lang.reflect.Field[], trace=300000)
	super		50000177
CLS 500000b3 (name=java.lang.reflect.Member[], trace=300000)
	super		50000177
CLS 500000b4 (name=java.lang.reflect.AccessibleObject[], trace=300000)
	super		50000177
CLS 500000b5 (name=java.lang.Class$Atomic, trace=300000)
	super		50000177
	static unsafe	5000090b
	constant pool entry 68	50000125
	constant pool entry 24	500000b5
	constant pool entry 23	50001340
	constant pool entry 22	5000133f
	constant pool entry 20	5000133e
	constant pool entry 18	5000016f
CLS 500000b6 (name=java.lang.Class$ReflectionData, trace=300000)
	super		50000177
	constant pool entry 4	50000177
	constant pool entry 3	500000b6
CLS 500000b7 (name=java.lang.Class$3, trace=300000)
	super		50000177
	constant pool entry 30	5000016c
	constant pool entry 27	5000016f
	constant pool entry 11	50000177
	constant pool entry 10	500000b7
	constant pool entry 3	50001344
CLS 500000b8 (name=java.util.concurrent.atomic.AtomicInteger, trace=300000)
	super		50000114
	static unsafe	5000090b
	constant pool entry 93	5000016f
	constant pool entry 78	50000125
	constant pool entry 22	50000114
	constant pool entry 16	50000912
	constant pool entry 15	500000b8
CLS 500000b9 (name=java.lang.ThreadLocal, trace=300000)
	super		50000177
	static nextHashCode	50000af4
	constant pool entry 88	5000009b
	constant pool entry 84	5000014f
	constant pool entry 27	50000177
	constant pool entry 25	500000b8
	constant pool entry 20	5000009c
	constant pool entry 3	500000b9
CLS 500000bd (name=sun.util.PreHashedMap, trace=300000)
	super		500000dc
	constant pool entry 94	500000fc
	constant pool entry 23	500000dc
	constant pool entry 22	500000bd
	constant pool entry 20	50000173
	constant pool entry 10	5000010d
	constant pool entry 7	50000177
CLS 500000ba (name=sun.nio.cs.StandardCharsets$Cache, trace=300000)
	super		500000bd
	constant pool entry 118	500000fc
	constant pool entry 44	500000bd
	constant pool entry 43	50000e01
	constant pool entry 42	50000e05
	constant pool entry 41	50000e09
	constant pool entry 40	50000e0d
	constant pool entry 39	50000e11
	constant pool entry 38	50000e15
	constant pool entry 37	50000e1f
	constant pool entry 36	50000e1c
	constant pool entry 35	50000e19
	constant pool entry 34	50000e2d
	constant pool entry 33	50000e2a
	constant pool entry 32	50000e27
	constant pool entry 31	50000e38
	constant pool entry 30	50000e35
	constant pool entry 29	50000e41
	constant pool entry 28	50000e3e
	constant pool entry 27	50000e47
	constant pool entry 26	50000e4b
	constant pool entry 25	50000e4f
	constant pool entry 24	50000e56
	constant pool entry 23	50000e53
	constant pool entry 22	50000e5c
	constant pool entry 21	50000e63
	constant pool entry 20	50000e60
	constant pool entry 19	50000e6c
	constant pool entry 18	50000e69
	constant pool entry 17	50000e72
	constant pool entry 16	50000e76
	constant pool entry 15	50000e7d
	constant pool entry 14	50000e7a
	constant pool entry 13	50000e89
	constant pool entry 12	50000e86
	constant pool entry 11	50000e83
	constant pool entry 10	50000e94
	constant pool entry 9	50000e91
	constant pool entry 8	50000ea0
	constant pool entry 7	50000e9d
	constant pool entry 6	50000e9a
	constant pool entry 5	50000ea8
	constant pool entry 4	50000177
	constant pool entry 2	500000ba
CLS 500000bb (name=sun.nio.cs.StandardCharsets$Classes, trace=300000)
	super		500000bd
	constant pool entry 196	500000fc
	constant pool entry 83	500000bd
	constant pool entry 82	50000e02
	constant pool entry 81	50000e01
	constant pool entry 80	50000e06
	constant pool entry 79	50000e05
	constant pool entry 78	50000e0a
	constant pool entry 77	50000e09
	constant pool entry 76	50000e0e
	constant pool entry 75	50000e0d
	constant pool entry 74	50000e12
	constant pool entry 73	50000e11
	constant pool entry 72	50000e16
	constant pool entry 71	50000e15
	constant pool entry 70	50000e20
	constant pool entry 69	50000e1f
	constant pool entry 68	50000e1d
	constant pool entry 67	50000e1c
	constant pool entry 66	50000e1a
	constant pool entry 65	50000e19
	constant pool entry 64	50000e2e
	constant pool entry 63	50000e2d
	constant pool entry 62	50000e2b
	constant pool entry 61	50000e2a
	constant pool entry 60	50000e28
	constant pool entry 59	50000e27
	constant pool entry 58	50000e39
	constant pool entry 57	50000e38
	constant pool entry 56	50000e36
	constant pool entry 55	50000e35
	constant pool entry 54	50000e42
	constant pool entry 53	50000e41
	constant pool entry 52	50000e3f
	constant pool entry 51	50000e3e
	constant pool entry 50	50000e48
	constant pool entry 49	50000e47
	constant pool entry 48	50000e4c
	constant pool entry 47	50000e4b
	constant pool entry 46	50000e50
	constant pool entry 45	50000e4f
	constant pool entry 44	50000e57
	constant pool entry 43	50000e56
	constant pool entry 42	50000e54
	constant pool entry 41	50000e53
	constant pool entry 40	50000e5d
	constant pool entry 39	50000e5c
	constant pool entry 38	50000e64
	constant pool entry 37	50000e63
	constant pool entry 36	50000e61
	constant pool entry 35	50000e60
	constant pool entry 34	50000e6d
	constant pool entry 33	50000e6c
	constant pool entry 32	50000e6a
	constant pool entry 31	50000e69
	constant pool entry 30	50000e73
	constant pool entry 29	50000e72
	constant pool entry 28	50000e77
	constant pool entry 27	50000e76
	constant pool entry 26	50000e7e
	constant pool entry 25	50000e7d
	constant pool entry 24	50000e7b
	constant pool entry 23	50000e7a
	constant pool entry 22	50000e8a
	constant pool entry 21	50000e89
	constant pool entry 20	50000e87
	constant pool entry 19	50000e86
	constant pool entry 18	50000e84
	constant pool entry 17	50000e83
	constant pool entry 16	50000e95
	constant pool entry 15	50000e94
	constant pool entry 14	50000e92
	constant pool entry 13	50000e91
	constant pool entry 12	50000ea1
	constant pool entry 11	50000ea0
	constant pool entry 10	50000e9e
	constant pool entry 9	50000e9d
	constant pool entry 8	50000e9b
	constant pool entry 7	50000e9a
	constant pool entry 6	50000ea9
	constant pool entry 5	50000ea8
	constant pool entry 4	50000177
	constant pool entry 2	500000bb
CLS 500000bc (name=sun.nio.cs.StandardCharsets$Aliases, trace=300000)
	super		500000bd
	constant pool entry 522	500000fc
	constant pool entry 246	500000bd
	constant pool entry 245	50000f6e
	constant pool entry 244	50000f70
	constant pool entry 243	50000f72
	constant pool entry 242	50000f74
	constant pool entry 241	50000f76
	constant pool entry 240	50000f78
	constant pool entry 239	50000f7a
	constant pool entry 238	50000f7c
	constant pool entry 237	50000f7e
	constant pool entry 236	50000f80
	constant pool entry 235	50000f82
	constant pool entry 234	50000f84
	constant pool entry 233	50000f86
	constant pool entry 232	50000f88
	constant pool entry 231	50000f8a
	constant pool entry 230	50000f8c
	constant pool entry 229	50000f8e
	constant pool entry 228	50000f90
	constant pool entry 227	50000f92
	constant pool entry 226	50000f96
	constant pool entry 225	50000f94
	constant pool entry 224	50000f99
	constant pool entry 223	50000f9b
	constant pool entry 222	50000f9d
	constant pool entry 221	50000fa1
	constant pool entry 220	50000f9f
	constant pool entry 219	50000fa4
	constant pool entry 218	50000fa6
	constant pool entry 217	50000fa8
	constant pool entry 216	50000faa
	constant pool entry 215	50000fac
	constant pool entry 214	50000fae
	constant pool entry 213	50000fb0
	constant pool entry 212	50000fb2
	constant pool entry 211	50000fb4
	constant pool entry 210	50000fb6
	constant pool entry 209	50000fb8
	constant pool entry 208	50000fba
	constant pool entry 207	50000fbc
	constant pool entry 206	50000fbe
	constant pool entry 205	50000fc0
	constant pool entry 204	50000fc2
	constant pool entry 203	50000fc4
	constant pool entry 202	50000fc6
	constant pool entry 201	50000fc8
	constant pool entry 200	50000fca
	constant pool entry 199	50000fcc
	constant pool entry 198	50000fce
	constant pool entry 197	50000fd0
	constant pool entry 196	50000fd2
	constant pool entry 195	50000fd4
	constant pool entry 194	50000fd6
	constant pool entry 193	50000fda
	constant pool entry 192	50000fd8
	constant pool entry 191	50000fdd
	constant pool entry 190	50000e11
	constant pool entry 189	50000fe1
	constant pool entry 188	50000fdf
	constant pool entry 187	50000e76
	constant pool entry 186	50000fe6
	constant pool entry 185	50000fe4
	constant pool entry 184	50000e7a
	constant pool entry 183	50000fe9
	constant pool entry 182	50000e83
	constant pool entry 181	50000feb
	constant pool entry 180	50000e86
	constant pool entry 179	50000fed
	constant pool entry 178	50000fef
	constant pool entry 177	50000e94
	constant pool entry 176	50000ff1
	constant pool entry 175	50000ff3
	constant pool entry 174	50000ff5
	constant pool entry 173	50000ff7
	constant pool entry 172	50000ff9
	constant pool entry 171	50000e9d
	constant pool entry 170	50000ffb
	constant pool entry 169	50000ffd
	constant pool entry 168	50000fff
	constant pool entry 167	50001001
	constant pool entry 166	50000e01
	constant pool entry 165	50001003
	constant pool entry 164	50001005
	constant pool entry 163	50001007
	constant pool entry 162	50001009
	constant pool entry 161	5000100b
	constant pool entry 160	5000100d
	constant pool entry 159	5000100f
	constant pool entry 158	50001011
	constant pool entry 157	50001013
	constant pool entry 156	50001015
	constant pool entry 155	50001017
	constant pool entry 154	50001019
	constant pool entry 153	5000101b
	constant pool entry 152	5000101d
	constant pool entry 151	5000101f
	constant pool entry 150	50001021
	constant pool entry 149	50001023
	constant pool entry 148	50001025
	constant pool entry 147	50000e0d
	constant pool entry 146	50001027
	constant pool entry 145	50001029
	constant pool entry 144	5000102b
	constant pool entry 143	5000102d
	constant pool entry 142	5000102f
	constant pool entry 141	50001031
	constant pool entry 140	50001033
	constant pool entry 139	50001035
	constant pool entry 138	50001037
	constant pool entry 137	50001039
	constant pool entry 136	5000103b
	constant pool entry 135	5000103d
	constant pool entry 134	5000103f
	constant pool entry 133	50001041
	constant pool entry 132	50001043
	constant pool entry 131	50001045
	constant pool entry 130	50001047
	constant pool entry 129	50001049
	constant pool entry 128	5000104b
	constant pool entry 127	5000104d
	constant pool entry 126	5000104f
	constant pool entry 125	50001051
	constant pool entry 124	50001053
	constant pool entry 123	50000e41
	constant pool entry 122	50001055
	constant pool entry 121	50001057
	constant pool entry 120	50001059
	constant pool entry 119	5000105d
	constant pool entry 118	5000105b
	constant pool entry 117	50001062
	constant pool entry 116	50001060
	constant pool entry 115	50001065
	constant pool entry 114	50001067
	constant pool entry 113	5000106b
	constant pool entry 112	50001069
	constant pool entry 111	5000106e
	constant pool entry 110	50001074
	constant pool entry 109	50001072
	constant pool entry 108	50001070
	constant pool entry 107	50001078
	constant pool entry 106	5000107a
	constant pool entry 105	5000107e
	constant pool entry 104	5000107c
	constant pool entry 103	50001081
	constant pool entry 102	50001085
	constant pool entry 101	50001083
	constant pool entry 100	50001088
	constant pool entry 99	50000e35
	constant pool entry 98	5000108a
	constant pool entry 97	5000108c
	constant pool entry 96	5000108e
	constant pool entry 95	50001090
	constant pool entry 94	50001092
	constant pool entry 93	50001094
	constant pool entry 92	50001096
	constant pool entry 91	50001098
	constant pool entry 90	5000109a
	constant pool entry 89	5000109c
	constant pool entry 88	5000109e
	constant pool entry 87	50000e53
	constant pool entry 86	500010a0
	constant pool entry 85	500010a2
	constant pool entry 84	50000e7d
	constant pool entry 83	500010a4
	constant pool entry 82	500010a6
	constant pool entry 81	50000e89
	constant pool entry 80	500010a8
	constant pool entry 79	50000e9a
	constant pool entry 78	500010aa
	constant pool entry 77	50000ea8
	constant pool entry 76	500010ac
	constant pool entry 75	500010ae
	constant pool entry 74	50000e4b
	constant pool entry 73	500010b2
	constant pool entry 72	50000e19
	constant pool entry 71	500010b0
	constant pool entry 70	500010b7
	constant pool entry 69	50000e1c
	constant pool entry 68	500010b5
	constant pool entry 67	50000e27
	constant pool entry 66	500010ba
	constant pool entry 65	50000e3e
	constant pool entry 64	500010bc
	constant pool entry 63	500010c0
	constant pool entry 62	50000e47
	constant pool entry 61	500010be
	constant pool entry 60	500010c3
	constant pool entry 59	50000e91
	constant pool entry 58	500010c7
	constant pool entry 57	50000e2a
	constant pool entry 56	500010c5
	constant pool entry 55	50000e72
	constant pool entry 54	500010ca
	constant pool entry 53	50000e1f
	constant pool entry 52	500010cc
	constant pool entry 51	500010ce
	constant pool entry 50	500010d0
	constant pool entry 49	500010d2
	constant pool entry 48	500010d4
	constant pool entry 47	500010d6
	constant pool entry 46	50000e05
	constant pool entry 45	500010d8
	constant pool entry 44	50000e09
	constant pool entry 43	500010da
	constant pool entry 42	500010dc
	constant pool entry 41	50000ea0
	constant pool entry 40	500010de
	constant pool entry 39	50000e63
	constant pool entry 38	500010e0
	constant pool entry 37	500010e2
	constant pool entry 36	500010e4
	constant pool entry 35	500010e6
	constant pool entry 34	500010e8
	constant pool entry 33	500010ec
	constant pool entry 32	500010ea
	constant pool entry 31	500010ef
	constant pool entry 30	500010f1
	constant pool entry 29	500010f5
	constant pool entry 28	500010f3
	constant pool entry 27	500010f8
	constant pool entry 26	500010fa
	constant pool entry 25	50000e5c
	constant pool entry 24	500010fc
	constant pool entry 23	500010fe
	constant pool entry 22	50001100
	constant pool entry 21	50000e56
	constant pool entry 20	50001102
	constant pool entry 19	50000e38
	constant pool entry 18	50001104
	constant pool entry 17	50000e15
	constant pool entry 16	50001106
	constant pool entry 15	50001108
	constant pool entry 14	50000e4f
	constant pool entry 13	5000110a
	constant pool entry 12	50000e60
	constant pool entry 11	5000110c
	constant pool entry 10	50000e69
	constant pool entry 9	5000110e
	constant pool entry 8	50000e6c
	constant pool entry 7	50001110
	constant pool entry 6	50000e2d
	constant pool entry 5	50001112
	constant pool entry 4	50000177
	constant pool entry 2	500000bc
CLS 500000c0 (name=java.nio.charset.spi.CharsetProvider, trace=300000)
	super		50000177
	constant pool entry 25	5000016c
	constant pool entry 8	50000177
CLS 500000bf (name=sun.nio.cs.FastCharsetProvider, trace=300000)
	super		500000c0
	constant pool entry 142	500000fc
	constant pool entry 99	5000016f
	constant pool entry 97	50000177
	constant pool entry 80	5000014c
	constant pool entry 35	500000c0
	constant pool entry 34	500000bf
	constant pool entry 23	50000c60
	constant pool entry 20	50000126
	constant pool entry 17	5000037f
	constant pool entry 15	50000e39
	constant pool entry 14	500000c1
	constant pool entry 8	50000173
CLS 500000be (name=sun.nio.cs.StandardCharsets, trace=300000)
	super		500000bf
	static aliases_US_ASCII	50001132
	static aliases_UTF_8	500011a4
	static aliases_CESU_8	500011a3
	static aliases_UTF_16	500011a2
	static aliases_UTF_16BE	500011a1
	static aliases_UTF_16LE	500011a0
	static aliases_UTF_16LE_BOM	5000119f
	static aliases_UTF_32	5000119e
	static aliases_UTF_32LE	5000119d
	static aliases_UTF_32BE	5000119c
	static aliases_UTF_32LE_BOM	5000119b
	static aliases_UTF_32BE_BOM	5000119a
	static aliases_ISO_8859_1	50001199
	static aliases_ISO_8859_2	50001198
	static aliases_ISO_8859_4	50001197
	static aliases_ISO_8859_5	50001196
	static aliases_ISO_8859_7	50001195
	static aliases_ISO_8859_9	50001194
	static aliases_ISO_8859_13	50001193
	static aliases_ISO_8859_15	50001192
	static aliases_KOI8_R	50001191
	static aliases_KOI8_U	50001190
	static aliases_MS1250	5000118f
	static aliases_MS1251	5000118e
	static aliases_MS1252	5000118d
	static aliases_MS1253	5000118c
	static aliases_MS1254	5000118b
	static aliases_MS1257	5000118a
	static aliases_IBM437	50001189
	static aliases_IBM737	50001188
	static aliases_IBM775	50001187
	static aliases_IBM850	50001186
	static aliases_IBM852	50001185
	static aliases_IBM855	50001184
	static aliases_IBM857	50001183
	static aliases_IBM858	50001182
	static aliases_IBM862	50001181
	static aliases_IBM866	50001180
	static aliases_IBM874	5000117f
	constant pool entry 577	500000fc
	constant pool entry 261	500000bf
	constant pool entry 260	500000be
	constant pool entry 258	500010a0
	constant pool entry 257	50001001
	constant pool entry 256	50001005
	constant pool entry 255	5000103f
	constant pool entry 253	5000117e
	constant pool entry 252	500010aa
	constant pool entry 251	50001007
	constant pool entry 250	50000e9a
	constant pool entry 249	50001049
	constant pool entry 247	50000fa8
	constant pool entry 246	5000117d
	constant pool entry 245	500010ac
	constant pool entry 244	50001009
	constant pool entry 243	50000ea8
	constant pool entry 242	5000104b
	constant pool entry 240	5000117c
	constant pool entry 239	500010b0
	constant pool entry 238	50000fd2
	constant pool entry 237	50000faa
	constant pool entry 236	5000105b
	constant pool entry 234	5000117b
	constant pool entry 233	500010b5
	constant pool entry 232	50001017
	constant pool entry 231	50000e1c
	constant pool entry 230	50001060
	constant pool entry 228	50000f90
	constant pool entry 227	500010ba
	constant pool entry 226	50000e27
	constant pool entry 225	50001019
	constant pool entry 224	50001065
	constant pool entry 222	5000117a
	constant pool entry 221	500010bc
	constant pool entry 220	5000101b
	constant pool entry 219	50000e3e
	constant pool entry 218	50001069
	constant pool entry 216	50000f72
	constant pool entry 215	500010be
	constant pool entry 214	50000e47
	constant pool entry 213	5000101d
	constant pool entry 212	50001070
	constant pool entry 210	50001055
	constant pool entry 209	50000fd4
	constant pool entry 208	50000e41
	constant pool entry 207	50001025
	constant pool entry 205	500010b2
	constant pool entry 204	50001015
	constant pool entry 203	50001021
	constant pool entry 202	5000105d
	constant pool entry 200	50000f8e
	constant pool entry 199	500010c5
	constant pool entry 198	50001039
	constant pool entry 197	50000fc6
	constant pool entry 196	50000e2a
	constant pool entry 195	50001011
	constant pool entry 193	50000f78
	constant pool entry 192	50000fe6
	constant pool entry 190	50000f7a
	constant pool entry 189	50000fe9
	constant pool entry 187	50000f7e
	constant pool entry 186	50000feb
	constant pool entry 184	50000f80
	constant pool entry 183	50000fed
	constant pool entry 181	500010c7
	constant pool entry 180	50000f82
	constant pool entry 179	50000fef
	constant pool entry 177	50000f84
	constant pool entry 176	50000ff1
	constant pool entry 174	500010d8
	constant pool entry 172	50000fb4
	constant pool entry 171	50001057
	constant pool entry 170	500010da
	constant pool entry 168	50001179
	constant pool entry 167	50001178
	constant pool entry 166	50001177
	constant pool entry 165	50001176
	constant pool entry 164	50001175
	constant pool entry 163	50001174
	constant pool entry 162	500010f8
	constant pool entry 161	500010ce
	constant pool entry 160	50001173
	constant pool entry 159	50001172
	constant pool entry 158	50001171
	constant pool entry 157	50001170
	constant pool entry 156	5000116f
	constant pool entry 155	50000fcc
	constant pool entry 154	5000116e
	constant pool entry 152	5000116d
	constant pool entry 151	5000108a
	constant pool entry 150	50000fd0
	constant pool entry 149	50000fdd
	constant pool entry 147	5000116c
	constant pool entry 146	500010d0
	constant pool entry 145	500010fa
	constant pool entry 144	50001051
	constant pool entry 143	5000107c
	constant pool entry 142	50001067
	constant pool entry 141	5000102f
	constant pool entry 140	5000116b
	constant pool entry 139	5000116a
	constant pool entry 138	50001169
	constant pool entry 137	5000100b
	constant pool entry 136	500010e6
	constant pool entry 135	50001092
	constant pool entry 133	50000fae
	constant pool entry 132	500010c3
	constant pool entry 131	500010ea
	constant pool entry 130	50001043
	constant pool entry 129	5000104d
	constant pool entry 128	50000f9d
	constant pool entry 127	50001168
	constant pool entry 126	50001083
	constant pool entry 125	50000fbc
	constant pool entry 124	50001167
	constant pool entry 123	50001166
	constant pool entry 122	50001165
	constant pool entry 121	50001164
	constant pool entry 120	50001023
	constant pool entry 119	500010e8
	constant pool entry 118	50001094
	constant pool entry 116	50001163
	constant pool entry 115	500010fc
	constant pool entry 114	500010d2
	constant pool entry 113	5000107a
	constant pool entry 112	5000108c
	constant pool entry 111	5000106e
	constant pool entry 110	50001162
	constant pool entry 109	50001161
	constant pool entry 108	50001160
	constant pool entry 107	5000100d
	constant pool entry 106	500010ec
	constant pool entry 105	50001096
	constant pool entry 103	5000115f
	constant pool entry 102	500010fe
	constant pool entry 101	500010d4
	constant pool entry 100	5000107e
	constant pool entry 99	5000108e
	constant pool entry 98	5000106b
	constant pool entry 97	50001031
	constant pool entry 96	5000115e
	constant pool entry 95	5000115d
	constant pool entry 94	5000102d
	constant pool entry 93	500010ef
	constant pool entry 92	50000fb2
	constant pool entry 91	50001098
	constant pool entry 89	5000115c
	constant pool entry 88	50001100
	constant pool entry 87	500010d6
	constant pool entry 86	50001081
	constant pool entry 85	50001090
	constant pool entry 84	50001074
	constant pool entry 83	50001033
	constant pool entry 82	5000115b
	constant pool entry 81	5000115a
	constant pool entry 80	50001159
	constant pool entry 79	5000103b
	constant pool entry 78	500010f1
	constant pool entry 77	5000109a
	constant pool entry 75	50001158
	constant pool entry 74	500010f5
	constant pool entry 73	50000e6d
	constant pool entry 72	50001157
	constant pool entry 71	50001156
	constant pool entry 70	50001155
	constant pool entry 69	500010e2
	constant pool entry 68	50001154
	constant pool entry 67	500010c0
	constant pool entry 66	50001153
	constant pool entry 65	50001078
	constant pool entry 64	50001035
	constant pool entry 63	50001152
	constant pool entry 62	5000103d
	constant pool entry 60	50001151
	constant pool entry 59	50000e0e
	constant pool entry 57	50001150
	constant pool entry 56	50000e20
	constant pool entry 54	5000114f
	constant pool entry 53	50000e8a
	constant pool entry 51	5000114e
	constant pool entry 50	50000e02
	constant pool entry 48	5000114d
	constant pool entry 47	50000e9e
	constant pool entry 45	5000114c
	constant pool entry 43	5000114b
	constant pool entry 42	5000114a
	constant pool entry 41	50000ea1
	constant pool entry 39	50001149
	constant pool entry 38	50001148
	constant pool entry 37	50001147
	constant pool entry 36	50000e73
	constant pool entry 34	50001146
	constant pool entry 33	50000fbe
	constant pool entry 32	5000100f
	constant pool entry 31	50000e7e
	constant pool entry 29	50001145
	constant pool entry 28	50001144
	constant pool entry 26	500010e0
	constant pool entry 25	50001143
	constant pool entry 23	50000fba
	constant pool entry 22	5000113b
	constant pool entry 21	50000f86
	constant pool entry 20	50001085
	constant pool entry 19	50000ffd
	constant pool entry 18	5000113a
	constant pool entry 17	50000fca
	constant pool entry 16	50001139
	constant pool entry 15	50000fce
	constant pool entry 14	50001138
	constant pool entry 13	50001137
	constant pool entry 12	50001136
	constant pool entry 11	50001135
	constant pool entry 10	500010b7
	constant pool entry 9	50000173
	constant pool entry 6	500000ba
	constant pool entry 4	500000bb
	constant pool entry 2	500000bc
	constant pool entry 1	50000de4
CLS 5000014f (name=java.lang.Thread, trace=300000)
	super		50000177
	static EMPTY_STACK_TRACE	50000880
	static SUBCLASS_IMPLEMENTATION_PERMISSION	5000087f
	constant pool entry 551	500000fc
	constant pool entry 370	500000f4
	constant pool entry 356	5000014d
	constant pool entry 352	5000016c
	constant pool entry 142	5000087e
	constant pool entry 141	50000118
	constant pool entry 106	500000f5
	constant pool entry 82	5000014f
	constant pool entry 49	50000177
CLS 500000c2 (name=java.lang.ref.Finalizer$FinalizerThread, trace=300000)
	super		5000014f
	constant pool entry 37	50000151
	constant pool entry 34	500000d1
	constant pool entry 30	500000c6
	constant pool entry 13	5000014f
	constant pool entry 12	500000c2
	constant pool entry 10	50000152
	constant pool entry 1	50001428
CLS 500000c3 (name=java.lang.Math, trace=300000)
	super		50000177
	constant pool entry 268	5000016f
	constant pool entry 229	50000623
	constant pool entry 113	50000622
	constant pool entry 99	50000113
	constant pool entry 64	50000112
	constant pool entry 10	500000c3
CLS 500000c4 (name=java.util.Hashtable$Entry[], trace=300000)
	super		50000177
CLS 500000c5 (name=java.util.Hashtable$Entry, trace=300000)
	super		50000177
	constant pool entry 22	50000177
	constant pool entry 6	500000c5
CLS 500000c6 (name=sun.misc.VM, trace=300000)
	super		50000177
	static lock	5000091e
	static savedProps	5000091d
	constant pool entry 186	50000050
	constant pool entry 171	5000008b
	constant pool entry 54	50000149
	constant pool entry 51	50000177
	constant pool entry 38	5000091c
	constant pool entry 37	5000091b
	constant pool entry 36	5000091a
	constant pool entry 35	50000919
	constant pool entry 32	50000918
	constant pool entry 31	50000917
	constant pool entry 30	50000916
	constant pool entry 23	50000915
	constant pool entry 22	50000173
	constant pool entry 20	50000914
	constant pool entry 4	500000c6
CLS 500000c7 (name=java.util.HashMap$Node[], trace=300000)
	super		50000177
CLS 500000c8 (name=java.util.Map$Entry[], trace=300000)
	super		50000177
CLS 500000ca (name=java.util.Map$Entry, trace=300000)
CLS 500000cc (name=sun.reflect.Reflection, trace=300000)
	super		50000177
	static fieldFilterMap	5000126e
	static methodFilterMap	5000126d
	constant pool entry 237	500000fc
	constant pool entry 161	5000014c
	constant pool entry 131	500000aa
	constant pool entry 65	5000126c
	constant pool entry 64	5000016f
	constant pool entry 63	5000126b
	constant pool entry 62	5000016c
	constant pool entry 61	5000126a
	constant pool entry 60	50001269
	constant pool entry 59	50000173
	constant pool entry 58	500000cc
	constant pool entry 46	50000604
	constant pool entry 45	500000b2
	constant pool entry 40	500000cb
CLS 500000cd (name=java.lang.String[], trace=300000)
	super		50000177
CLS 500000ce (name=java.lang.CharSequence[], trace=300000)
	super		50000177
CLS 5000016a (name=java.lang.Error, trace=300000)
	super		5000016b
	constant pool entry 7	5000016b
CLS 50000160 (name=java.lang.LinkageError, trace=300000)
	super		5000016a
	constant pool entry 5	5000016a
CLS 500000d0 (name=java.lang.IncompatibleClassChangeError, trace=300000)
	super		50000160
	constant pool entry 4	50000160
CLS 500000cf (name=java.lang.NoSuchMethodError, trace=300000)
	super		500000d0
	constant pool entry 4	500000d0
CLS 500000d1 (name=sun.misc.SharedSecrets, trace=300000)
	super		50000177
	static unsafe	5000090b
	static javaUtilJarAccess	50000376
	static javaLangAccess	5000078a
	static javaLangRefAccess	50000afc
	static javaNetAccess	50000afb
	static javaNioAccess	50000afa
	static javaIOFileDescriptorAccess	50000af9
	static javaSecurityProtectionDomainAccess	50000af8
	static javaSecurityAccess	50000af7
	static javaUtilZipFileAccess	5000024f
	constant pool entry 142	50000125
	constant pool entry 31	500000d1
	constant pool entry 24	5000024c
CLS 500000d2 (name=java.lang.ref.Reference$1, trace=300000)
	super		50000177
	constant pool entry 4	50000177
CLS 500000d3 (name=sun.misc.JavaLangRefAccess, trace=300000)
CLS 500000d4 (name=java.lang.Thread[], trace=300000)
	super		50000177
CLS 500000d5 (name=java.lang.Runnable[], trace=300000)
	super		50000177
CLS 500000d6 (name=java.lang.ref.ReferenceQueue$Lock, trace=300000)
	super		50000177
	constant pool entry 4	50000177
	constant pool entry 3	500000d6
CLS 50000151 (name=java.lang.ref.ReferenceQueue, trace=300000)
	super		50000177
	static NULL	500008ef
	static ENQUEUED	500008f2
	constant pool entry 106	5000016f
	constant pool entry 92	500000c6
	constant pool entry 84	50000158
	constant pool entry 31	50000177
	constant pool entry 29	500000d7
	constant pool entry 27	50000151
	constant pool entry 14	50000155
	constant pool entry 2	500000d6
CLS 500000d7 (name=java.lang.ref.ReferenceQueue$Null, trace=300000)
	super		50000151
	constant pool entry 4	50000151
	constant pool entry 3	500000d7
CLS 500000da (name=java.util.Collections$UnmodifiableCollection, trace=300000)
	super		50000177
	constant pool entry 21	50000177
	constant pool entry 20	500000da
CLS 500000d9 (name=java.util.Collections$UnmodifiableList, trace=300000)
	super		500000da
	constant pool entry 19	500000da
	constant pool entry 13	500000d9
CLS 500000d8 (name=java.util.Collections$UnmodifiableRandomAccessList, trace=300000)
	super		500000d9
	constant pool entry 6	500000d9
CLS 500000db (name=java.util.Collections$EmptyMap, trace=300000)
	super		500000dc
	constant pool entry 11	500000dc
	constant pool entry 10	500000db
CLS 500000e9 (name=java.util.AbstractList, trace=300000)
	super		500000ea
	constant pool entry 46	500000ea
	constant pool entry 45	500000e9
CLS 500000dd (name=java.util.Collections$EmptyList, trace=300000)
	super		500000e9
	constant pool entry 21	500000e9
	constant pool entry 20	500000dd
CLS 500000de (name=java.util.Collections$EmptySet, trace=300000)
	super		500000df
	constant pool entry 10	500000df
	constant pool entry 9	500000de
CLS 500000e0 (name=java.util.Set, trace=300000)
CLS 500000e1 (name=java.util.Collections, trace=300000)
	super		50000177
	static EMPTY_SET	50000a30
	static EMPTY_LIST	50000a2f
	static EMPTY_MAP	50000a2e
	constant pool entry 159	500000db
	constant pool entry 157	500000dd
	constant pool entry 155	500000de
	constant pool entry 151	50000044
	constant pool entry 66	50000090
	constant pool entry 53	500000d8
	constant pool entry 5	500000e1
	constant pool entry 3	500000eb
CLS 500000e2 (name=java.util.ArrayList, trace=300000)
	super		500000e9
	static EMPTY_ELEMENTDATA	5000087c
	static DEFAULTCAPACITY_EMPTY_ELEMENTDATA	5000087d
	constant pool entry 366	500000fc
	constant pool entry 242	500000c3
	constant pool entry 236	500000a7
	constant pool entry 84	500000e9
	constant pool entry 22	500000e2
	constant pool entry 18	5000010d
	constant pool entry 4	50000177
CLS 500000e3 (name=java.lang.InterruptedException, trace=300000)
	super		50000168
CLS 500000e4 (name=java.lang.ref.Reference$ReferenceHandler, trace=300000)
	super		5000014f
	constant pool entry 43	50000158
	constant pool entry 32	5000016f
	constant pool entry 16	5000014f
	constant pool entry 15	500000e4
	constant pool entry 14	50000153
	constant pool entry 12	500000e3
CLS 500000e5 (name=java.lang.ref.Reference$Lock, trace=300000)
	super		50000177
	constant pool entry 4	50000177
	constant pool entry 3	500000e5
CLS 500000e6 (name=sun.reflect.ReflectionFactory, trace=300000)
	super		50000177
	static reflectionFactoryAccessPerm	500008f8
	static soleInstance	500008f4
	static langReflectAccess	500008f7
	constant pool entry 356	500000f4
	constant pool entry 284	500000a9
	constant pool entry 274	500000cc
	constant pool entry 267	50000142
	constant pool entry 241	5000016c
	constant pool entry 129	500000e6
	constant pool entry 127	500008f6
	constant pool entry 126	500000f5
	constant pool entry 120	500000a0
	constant pool entry 97	50000177
	constant pool entry 64	500000aa
	constant pool entry 44	5000009e
	constant pool entry 42	5000009f
	constant pool entry 34	5000013d
	constant pool entry 32	5000016f
CLS 500000e8 (name=java.util.Vector, trace=300000)
	super		500000e9
	constant pool entry 393	500000fc
	constant pool entry 263	5000016c
	constant pool entry 261	500000a7
	constant pool entry 97	500000e9
	constant pool entry 26	500000e8
	constant pool entry 11	50000177
CLS 500000e7 (name=java.util.Stack, trace=300000)
	super		500000e8
	constant pool entry 11	500000e8
	constant pool entry 10	500000e7
CLS 500000eb (name=java.util.RandomAccess, trace=300000)
CLS 500000ec (name=java.util.List, trace=300000)
CLS 500000ed (name=java.util.Collection, trace=300000)
CLS 500000ee (name=java.lang.Iterable, trace=300000)
CLS 500000ef (name=java.security.cert.Certificate[], trace=300000)
	super		50000177
CLS 500000f0 (name=java.security.cert.Certificate, trace=300000)
	super		50000177
CLS 500000f1 (name=sun.reflect.ReflectionFactory$GetReflectionFactoryAction, trace=300000)
	super		50000177
	constant pool entry 19	500000e6
	constant pool entry 5	50000177
	constant pool entry 4	500000f1
CLS 500000f2 (name=java.security.PrivilegedAction, trace=300000)
CLS 500000f7 (name=java.security.Permission, trace=300000)
	super		50000177
	constant pool entry 17	50000177
	constant pool entry 16	500000f7
CLS 500000f6 (name=java.security.BasicPermission, trace=300000)
	super		500000f7
	constant pool entry 83	50000177
	constant pool entry 70	50000173
	constant pool entry 28	500000f7
	constant pool entry 27	500008fc
	constant pool entry 24	500005ca
	constant pool entry 20	500000f6
	constant pool entry 15	500008fb
	constant pool entry 13	500008fa
CLS 500000f3 (name=java.lang.reflect.ReflectPermission, trace=300000)
	super		500000f6
	constant pool entry 4	500000f6
CLS 500000f4 (name=java.security.AccessController, trace=300000)
	super		50000177
	constant pool entry 48	500000f4
	constant pool entry 22	50000164
CLS 500000f5 (name=java.lang.RuntimePermission, trace=300000)
	super		500000f6
	constant pool entry 4	500000f6
CLS 500000f8 (name=java.security.Guard, trace=300000)
CLS 500000f9 (name=java.lang.StackTraceElement[], trace=300000)
	super		50000177
CLS 500000fa (name=java.lang.ThreadGroup[], trace=300000)
	super		50000177
CLS 500000fb (name=java.lang.Thread$UncaughtExceptionHandler[], trace=300000)
	super		50000177
CLS 500000fc (name=com.sun.demo.jvmti.hprof.Tracker, trace=300000)
	super		50000177
	constant pool entry 42	5000014f
	constant pool entry 13	500000fc
CLS 500000fd (name=java.lang.String$CaseInsensitiveComparator, trace=300000)
	super		50000177
	constant pool entry 12	50000177
	constant pool entry 11	500000fd
CLS 500000fe (name=java.util.Comparator, trace=300000)
CLS 500000ff (name=java.io.ObjectStreamField[], trace=300000)
	super		50000177
CLS 50000100 (name=java.lang.Comparable[], trace=300000)
	super		50000177
CLS 50000101 (name=java.io.ObjectStreamField, trace=300000)
	super		50000177
	constant pool entry 136	5000016f
	constant pool entry 128	50000112
	constant pool entry 127	50000113
	constant pool entry 126	5000010e
	constant pool entry 125	5000010f
	constant pool entry 124	50000110
	constant pool entry 123	50000115
	constant pool entry 122	50000111
	constant pool entry 120	50000116
	constant pool entry 115	50000173
	constant pool entry 37	50000126
	constant pool entry 35	50000101
	constant pool entry 22	50000177
CLS 50000102 (name=java.lang.OutOfMemoryError[], trace=300000)
	super		50000177
CLS 50000103 (name=java.lang.VirtualMachineError[], trace=300000)
	super		50000177
CLS 50000104 (name=java.lang.Error[], trace=300000)
	super		50000177
CLS 50000105 (name=java.lang.Throwable[], trace=300000)
	super		50000177
CLS 50000106 (name=java.lang.ArithmeticException, trace=300000)
	super		50000167
CLS 50000107 (name=java.lang.NullPointerException, trace=300000)
	super		50000167
CLS 50000108 (name=java.lang.Class[], trace=300000)
	super		50000177
CLS 50000109 (name=java.io.Serializable[], trace=300000)
	super		50000177
CLS 5000010a (name=java.lang.reflect.GenericDeclaration[], trace=300000)
	super		50000177
CLS 5000010b (name=java.lang.reflect.AnnotatedElement[], trace=300000)
	super		50000177
CLS 5000010c (name=java.lang.reflect.Type[], trace=300000)
	super		50000177
CLS 5000010d (name=java.lang.Object[], trace=300000)
	super		50000177
CLS 5000010e (name=java.lang.Long, trace=300000)
	super		50000114
	static TYPE	5000085b
	constant pool entry 362	500000fc
	constant pool entry 311	5000016f
	constant pool entry 250	500000c3
	constant pool entry 113	50000907
	constant pool entry 38	5000010f
	constant pool entry 6	50000173
	constant pool entry 1	5000010e
CLS 5000010f (name=java.lang.Integer, trace=300000)
	super		50000114
	static TYPE	5000085c
	static digits	50000b49
	static DigitTens	50000b48
	static DigitOnes	50000b47
	static sizeTable	50000b46
	constant pool entry 315	500000fc
	constant pool entry 276	5000016f
	constant pool entry 256	5000016c
	constant pool entry 94	50000114
	constant pool entry 85	50000b45
	constant pool entry 51	50000053
	constant pool entry 6	50000173
	constant pool entry 3	50000115
	constant pool entry 1	5000010f
CLS 50000110 (name=java.lang.Short, trace=300000)
	super		50000114
	static TYPE	5000085d
	constant pool entry 141	5000016f
	constant pool entry 34	50001335
	constant pool entry 1	50000110
CLS 50000111 (name=java.lang.Byte, trace=300000)
	super		50000114
	static TYPE	5000085e
	constant pool entry 133	5000016f
	constant pool entry 30	50001337
	constant pool entry 1	50000111
CLS 50000112 (name=java.lang.Double, trace=300000)
	super		50000114
	static TYPE	5000085f
	constant pool entry 201	5000016f
	constant pool entry 61	50000903
	constant pool entry 1	50000112
CLS 50000113 (name=java.lang.Float, trace=300000)
	super		50000114
	static TYPE	50000860
	constant pool entry 154	5000016f
	constant pool entry 34	50000905
	constant pool entry 1	50000113
CLS 50000115 (name=java.lang.Character, trace=300000)
	super		50000177
	static TYPE	50000861
	constant pool entry 420	5000016f
	constant pool entry 372	50000012
	constant pool entry 103	50000c4d
	constant pool entry 1	50000115
CLS 50000116 (name=java.lang.Boolean, trace=300000)
	super		50000177
	static TRUE	50000a33
	static FALSE	50000a32
	static TYPE	50000862
	constant pool entry 97	5000016f
	constant pool entry 90	5000016c
	constant pool entry 82	50000173
	constant pool entry 21	50000177
	constant pool entry 18	50000a31
	constant pool entry 11	50000116
	constant pool entry 5	50000917
CLS 50000118 (name=java.lang.StackTraceElement, trace=300000)
	super		50000177
CLS 50000119 (name=java.security.CodeSource, trace=300000)
	super		50000177
	constant pool entry 181	5000011e
	constant pool entry 108	50000177
	constant pool entry 11	50000119
CLS 5000016d (name=java.lang.ClassLoader, trace=300000)
	super		50000177
	static nocerts	50000b07
	static scl	5000078e
	static loadedLibraryNames	50000b06
	static systemNativeLibraries	50000b05
	static nativeLibraryContext	50000b04
	static usr_paths	50000b03
	static sys_paths	50000b02
	constant pool entry 849	500000fc
	constant pool entry 589	5000011c
	constant pool entry 577	500000cc
	constant pool entry 549	500000c6
	constant pool entry 531	5000011e
	constant pool entry 513	500000f4
	constant pool entry 504	5000016f
	constant pool entry 492	50000548
	constant pool entry 456	5000016c
	constant pool entry 248	50000047
	constant pool entry 244	500000e7
	constant pool entry 243	500000f0
	constant pool entry 214	50000059
	constant pool entry 207	5000005e
	constant pool entry 190	50000120
	constant pool entry 189	50000b01
	constant pool entry 186	50000b00
	constant pool entry 182	50000173
	constant pool entry 147	50000001
	constant pool entry 125	5000016d
	constant pool entry 101	50000887
	constant pool entry 73	50000aff
	constant pool entry 42	50000161
	constant pool entry 30	50000177
	constant pool entry 26	50000027
	constant pool entry 16	500000cb
	constant pool entry 11	50000119
	constant pool entry 10	50000165
	constant pool entry 8	500000e8
CLS 50000163 (name=java.security.SecureClassLoader, trace=300000)
	super		5000016d
	constant pool entry 96	50000048
	constant pool entry 74	5000016c
	constant pool entry 36	5000016d
	constant pool entry 35	50000163
	constant pool entry 32	50001298
	constant pool entry 16	50000165
	constant pool entry 13	50000567
	constant pool entry 2	500000cb
CLS 5000011f (name=java.net.URLClassLoader, trace=300000)
	super		50000163
	constant pool entry 392	5000016d
	constant pool entry 383	50000566
	constant pool entry 362	50000120
	constant pool entry 360	500000f7
	constant pool entry 328	500000d1
	constant pool entry 322	50000548
	constant pool entry 313	50000537
	constant pool entry 311	50000173
	constant pool entry 254	5000058d
	constant pool entry 247	500000f4
	constant pool entry 243	5000016c
	constant pool entry 147	50000163
	constant pool entry 143	50000041
	constant pool entry 140	5000011f
	constant pool entry 120	50000afe
	constant pool entry 118	50000afd
	constant pool entry 114	50000598
	constant pool entry 106	5000011e
	constant pool entry 80	50000119
	constant pool entry 55	50000126
	constant pool entry 49	50000161
	constant pool entry 46	5000016f
	constant pool entry 43	5000023d
	constant pool entry 11	50000004
	constant pool entry 5	500000ac
CLS 5000011a (name=sun.misc.Launcher$ExtClassLoader, trace=300000)
	super		5000011f
	static instance	50000790
	constant pool entry 251	500000fc
	constant pool entry 174	5000016d
	constant pool entry 139	50000173
	constant pool entry 127	5000016c
	constant pool entry 124	50000004
	constant pool entry 122	50000042
	constant pool entry 120	500000d1
	constant pool entry 111	500000f4
	constant pool entry 106	5000011c
	constant pool entry 63	5000011f
	constant pool entry 36	5000011e
	constant pool entry 30	50000d15
	constant pool entry 27	500000e8
	constant pool entry 24	50000120
	constant pool entry 20	5000003f
	constant pool entry 18	50001226
	constant pool entry 5	50000040
	constant pool entry 3	5000011a
CLS 5000011b (name=sun.misc.Launcher$AppClassLoader, trace=300000)
	super		5000011f
	constant pool entry 139	5000016f
	constant pool entry 119	50000566
	constant pool entry 104	50000173
	constant pool entry 102	50000004
	constant pool entry 99	50000042
	constant pool entry 97	500000d1
	constant pool entry 92	500000f4
	constant pool entry 86	5000016c
	constant pool entry 51	5000011f
	constant pool entry 50	5000011b
	constant pool entry 47	5000011c
	constant pool entry 27	500008fa
	constant pool entry 26	500000f5
	constant pool entry 8	5000016d
	constant pool entry 5	50000002
	constant pool entry 1	5000122b
CLS 5000011c (name=sun.misc.Launcher, trace=300000)
	super		50000177
	static factory	5000122a
	static launcher	50001229
	static bootClassPath	50000a04
	constant pool entry 229	500000fc
	constant pool entry 167	5000002d
	constant pool entry 137	50000173
	constant pool entry 134	5000016c
	constant pool entry 130	5000014f
	constant pool entry 66	5000011a
	constant pool entry 64	5000011b
	constant pool entry 58	50000177
	constant pool entry 57	50001228
	constant pool entry 55	5000011c
	constant pool entry 53	50000049
	constant pool entry 42	50000120
	constant pool entry 38	5000011e
	constant pool entry 17	50001227
CLS 5000011d (name=java.util.jar.Manifest, trace=300000)
	super		50000177
CLS 5000011e (name=java.net.URL, trace=300000)
	super		50000177
	static BUILTIN_HANDLERS_PREFIX	50000c5f
	static protocolPathProp	50000c5d
	static handlers	50000c6b
	static streamHandlerLock	50000c6a
	static serialPersistentFields	50000c69
	constant pool entry 591	500000fc
	constant pool entry 469	5000010f
	constant pool entry 430	5000016f
	constant pool entry 419	500000f4
	constant pool entry 337	5000000d
	constant pool entry 305	5000016c
	constant pool entry 173	50000101
	constant pool entry 172	50000177
	constant pool entry 170	5000014a
	constant pool entry 145	50000c68
	constant pool entry 144	50000c67
	constant pool entry 143	50000c66
	constant pool entry 142	50000c65
	constant pool entry 140	50000c64
	constant pool entry 139	50000c63
	constant pool entry 135	50000c62
	constant pool entry 126	50000c61
	constant pool entry 125	50000c60
	constant pool entry 120	5000003f
	constant pool entry 119	50000c5f
	constant pool entry 118	50000c5e
	constant pool entry 117	50000173
	constant pool entry 114	50000887
	constant pool entry 113	50000c5d
	constant pool entry 112	50000075
	constant pool entry 110	5000000f
	constant pool entry 68	5000011e
	constant pool entry 52	50000ae7
	constant pool entry 48	50000c5c
	constant pool entry 42	50000003
	constant pool entry 40	50000c5b
	constant pool entry 25	50000010
	constant pool entry 13	50000126
CLS 50000120 (name=java.io.File, trace=300000)
	super		50000177
	static fs	50000a48
	static separator	50000a47
	static pathSeparator	50000a46
	static UNSAFE	5000090b
	constant pool entry 462	50000069
	constant pool entry 460	5000016f
	constant pool entry 451	50000125
	constant pool entry 381	5000016c
	constant pool entry 171	50000062
	constant pool entry 165	50000177
	constant pool entry 163	50000a45
	constant pool entry 141	50000a44
	constant pool entry 97	50000173
	constant pool entry 80	50000068
	constant pool entry 59	50000126
	constant pool entry 46	50000120
	constant pool entry 11	50000887
CLS 50000121 (name=java.io.ByteArrayInputStream, trace=300000)
	super		50000122
CLS 50000123 (name=java.io.Closeable, trace=300000)
CLS 50000124 (name=java.lang.AutoCloseable, trace=300000)
CLS 50000125 (name=sun.misc.Unsafe, trace=300000)
	super		50000177
	static theUnsafe	5000090b
	constant pool entry 391	500000fc
	constant pool entry 292	500000c6
	constant pool entry 290	5000016f
	constant pool entry 288	500000cc
	constant pool entry 80	50000177
	constant pool entry 66	5000010d
	constant pool entry 64	5000017c
	constant pool entry 62	5000017d
	constant pool entry 60	50000178
	constant pool entry 58	50000179
	constant pool entry 56	5000017e
	constant pool entry 54	5000017a
	constant pool entry 52	5000017b
	constant pool entry 49	5000017f
	constant pool entry 46	50000913
	constant pool entry 45	50000173
	constant pool entry 44	50000125
CLS 50000128 (name=java.lang.AbstractStringBuilder, trace=300000)
	super		50000177
	constant pool entry 319	500000fc
	constant pool entry 236	50000398
	constant pool entry 209	5000016c
	constant pool entry 193	500000a7
	constant pool entry 94	50000177
	constant pool entry 54	5000010e
	constant pool entry 35	50000173
	constant pool entry 8	50000128
CLS 50000126 (name=java.lang.StringBuilder, trace=300000)
	super		50000128
	constant pool entry 96	50000128
	constant pool entry 95	50000126
	constant pool entry 41	50000173
CLS 50000127 (name=java.lang.StringBuffer, trace=300000)
	super		50000128
	static serialPersistentFields	50000252
	constant pool entry 372	500000fc
	constant pool entry 333	50000116
	constant pool entry 331	5000010f
	constant pool entry 281	500000a7
	constant pool entry 106	50000128
	constant pool entry 105	50000127
	constant pool entry 100	50000101
	constant pool entry 69	5000017e
	constant pool entry 64	50000c94
	constant pool entry 62	50000c93
	constant pool entry 60	50000912
	constant pool entry 57	50000173
CLS 50000129 (name=java.lang.Appendable, trace=300000)
CLS 5000012d (name=java.lang.invoke.CallSite, trace=300000)
	super		50000177
CLS 5000012a (name=java.lang.invoke.VolatileCallSite, trace=300000)
	super		5000012d
CLS 5000012b (name=java.lang.invoke.MutableCallSite, trace=300000)
	super		5000012d
CLS 5000012c (name=java.lang.invoke.ConstantCallSite, trace=300000)
	super		5000012d
CLS 5000012e (name=java.lang.BootstrapMethodError, trace=300000)
	super		50000160
CLS 5000012f (name=java.lang.invoke.MethodType, trace=300000)
	super		50000177
CLS 50000130 (name=java.lang.invoke.LambdaForm, trace=300000)
	super		50000177
CLS 50000131 (name=java.lang.invoke.MethodHandleNatives, trace=300000)
	super		50000177
	constant pool entry 355	50000180
	constant pool entry 124	50000131
	constant pool entry 43	5000016f
CLS 50000132 (name=java.lang.invoke.MemberName, trace=300000)
	super		50000177
	static CONSTRUCTOR_NAME	5000145e
	constant pool entry 37	5000016f
	constant pool entry 2	50000132
CLS 50000134 (name=java.lang.invoke.MethodHandle, trace=300000)
	super		50000177
	constant pool entry 325	50000125
	constant pool entry 264	500001a5
	constant pool entry 249	50000180
	constant pool entry 105	5000144b
	constant pool entry 102	50000134
	constant pool entry 34	5000016f
CLS 50000133 (name=java.lang.invoke.DirectMethodHandle, trace=300000)
	super		50000134
CLS 50000135 (name=sun.reflect.CallerSensitive, trace=300000)
CLS 50000136 (name=java.lang.annotation.Annotation, trace=300000)
CLS 50000139 (name=sun.reflect.FieldAccessorImpl, trace=300000)
	super		50000141
CLS 50000138 (name=sun.reflect.UnsafeFieldAccessorImpl, trace=300000)
	super		50000139
CLS 50000137 (name=sun.reflect.UnsafeStaticFieldAccessorImpl, trace=300000)
	super		50000138
CLS 5000013a (name=sun.reflect.FieldAccessor, trace=300000)
CLS 5000013b (name=sun.reflect.ConstantPool, trace=300000)
	super		50000177
CLS 5000013c (name=sun.reflect.DelegatingClassLoader, trace=300000)
	super		5000016d
CLS 5000013e (name=sun.reflect.ConstructorAccessor, trace=300000)
CLS 5000013f (name=sun.reflect.MethodAccessorImpl, trace=300000)
	super		50000141
CLS 50000140 (name=sun.reflect.MethodAccessor, trace=300000)
CLS 50000148 (name=java.lang.reflect.AccessibleObject, trace=300000)
	super		50000177
	static ACCESS_PERMISSION	5000127f
	static reflectionFactory	500008f4
	constant pool entry 120	500000f4
	constant pool entry 86	5000016c
	constant pool entry 35	50000177
	constant pool entry 34	50000148
	constant pool entry 32	500000e6
	constant pool entry 29	500000f1
	constant pool entry 27	5000127e
	constant pool entry 26	500000f3
	constant pool entry 7	5000016f
	constant pool entry 5	50000142
CLS 50000144 (name=java.lang.reflect.Executable, trace=300000)
	super		50000148
	constant pool entry 102	50000148
CLS 50000142 (name=java.lang.reflect.Constructor, trace=300000)
	super		50000144
	constant pool entry 243	500000e6
	constant pool entry 237	5000013e
	constant pool entry 213	50000108
	constant pool entry 207	5000016f
	constant pool entry 75	50000144
	constant pool entry 30	50000108
	constant pool entry 20	50000142
CLS 50000143 (name=java.lang.reflect.Method, trace=300000)
	super		50000144
	constant pool entry 229	50000108
	constant pool entry 85	50000144
	constant pool entry 33	50000108
	constant pool entry 23	50000143
CLS 50000145 (name=java.lang.reflect.Parameter, trace=300000)
	super		50000177
CLS 50000146 (name=java.lang.reflect.Field, trace=300000)
	super		50000148
	constant pool entry 86	50000148
	constant pool entry 20	50000146
CLS 50000147 (name=java.lang.reflect.Member, trace=300000)
CLS 5000014b (name=java.util.Dictionary, trace=300000)
	super		50000177
	constant pool entry 3	50000177
CLS 5000014a (name=java.util.Hashtable, trace=300000)
	super		5000014b
	constant pool entry 432	500000fc
	constant pool entry 321	500000e1
	constant pool entry 303	5000008d
	constant pool entry 301	500000e0
	constant pool entry 290	50000177
	constant pool entry 280	500000c3
	constant pool entry 273	50000113
	constant pool entry 108	5000014b
	constant pool entry 79	5000014c
	constant pool entry 74	50000092
	constant pool entry 68	5000008c
	constant pool entry 48	500000ca
	constant pool entry 20	5000014a
	constant pool entry 19	500000c5
CLS 50000149 (name=java.util.Properties, trace=300000)
	super		5000014a
	static hexDigit	50000a2d
	constant pool entry 274	500000fc
	constant pool entry 75	50000149
	constant pool entry 64	5000014a
	constant pool entry 17	50000173
CLS 5000014c (name=java.util.Map, trace=300000)
CLS 5000014d (name=java.lang.ThreadGroup, trace=300000)
	super		50000177
	constant pool entry 276	500000fc
	constant pool entry 185	5000016c
	constant pool entry 75	50000177
	constant pool entry 45	5000014d
	constant pool entry 5	5000014f
	constant pool entry 3	5000129f
CLS 5000014e (name=java.lang.Thread$UncaughtExceptionHandler, trace=300000)
CLS 50000150 (name=java.lang.Runnable, trace=300000)
CLS 50000155 (name=java.lang.ref.FinalReference, trace=300000)
	super		50000158
	constant pool entry 3	50000158
CLS 50000152 (name=java.lang.ref.Finalizer, trace=300000)
	super		50000155
	static queue	50000788
	static unfinalized	5000142b
	static lock	5000142a
	constant pool entry 122	5000014d
	constant pool entry 104	5000004f
	constant pool entry 40	50000155
	constant pool entry 36	5000014f
	constant pool entry 34	500000c2
	constant pool entry 29	50000177
	constant pool entry 27	50000151
	constant pool entry 14	50000063
	constant pool entry 9	50000152
CLS 50000154 (name=java.lang.ref.PhantomReference, trace=300000)
	super		50000158
CLS 50000153 (name=sun.misc.Cleaner, trace=300000)
	super		50000154
	static dummyQueue	500012a2
	constant pool entry 16	50000151
	constant pool entry 7	50000153
CLS 50000159 (name=java.lang.IllegalMonitorStateException, trace=300000)
	super		50000167
CLS 5000015c (name=java.lang.VirtualMachineError, trace=300000)
	super		5000016a
CLS 5000015a (name=java.lang.StackOverflowError, trace=300000)
	super		5000015c
CLS 5000015b (name=java.lang.OutOfMemoryError, trace=300000)
	super		5000015c
CLS 5000015d (name=java.lang.ArrayStoreException, trace=300000)
	super		50000167
CLS 5000015e (name=java.lang.ClassCastException, trace=300000)
	super		50000167
CLS 5000015f (name=java.lang.NoClassDefFoundError, trace=300000)
	super		50000160
CLS 50000162 (name=java.lang.ReflectiveOperationException, trace=300000)
	super		50000168
	constant pool entry 6	50000168
CLS 50000161 (name=java.lang.ClassNotFoundException, trace=300000)
	super		50000162
	constant pool entry 6	50000162
CLS 50000164 (name=java.security.AccessControlContext, trace=300000)
	super		50000177
	constant pool entry 207	500000f4
	constant pool entry 89	50000177
	constant pool entry 80	50000164
CLS 50000165 (name=java.security.ProtectionDomain, trace=300000)
	super		50000177
	constant pool entry 288	500000fc
	constant pool entry 220	50000048
	constant pool entry 217	500000d1
	constant pool entry 80	50000177
	constant pool entry 79	50000165
	constant pool entry 76	50000008
	constant pool entry 74	50000cc7
	constant pool entry 71	5000000a
	constant pool entry 54	50000566
	constant pool entry 13	50000006
	constant pool entry 10	50000567
	constant pool entry 4	50000007
CLS 50000166 (name=java.lang.SecurityManager, trace=300000)
	super		50000177
CLS 50000169 (name=java.lang.ThreadDeath, trace=300000)
	super		5000016a
CLS 5000016c (name=java.lang.System, trace=300000)
	super		50000177
	static in	50000a3b
	static out	50000a3a
	static err	50000a39
	static props	50000a38
	static lineSeparator	50000992
	constant pool entry 300	5000014d
	constant pool entry 297	5000014f
	constant pool entry 294	50000058
	constant pool entry 281	50000088
	constant pool entry 278	5000008a
	constant pool entry 275	500000c6
	constant pool entry 265	500000cc
	constant pool entry 259	5000008b
	constant pool entry 204	500000d1
	constant pool entry 99	5000004e
	constant pool entry 90	50000a37
	constant pool entry 89	50000a36
	constant pool entry 87	50000a35
	constant pool entry 85	50000081
	constant pool entry 81	50000083
	constant pool entry 78	50000089
	constant pool entry 76	50000a34
	constant pool entry 70	50000079
	constant pool entry 69	5000007a
	constant pool entry 48	50000887
	constant pool entry 43	50000173
	constant pool entry 31	50000149
	constant pool entry 7	5000016c
CLS 5000016e (name=java.lang.Cloneable, trace=300000)
CLS 5000016f (name=java.lang.Class, trace=300000)
	super		50000177
	static serialPersistentFields	500008f5
	static reflectionFactory	500008f4
	constant pool entry 1225	500000fc
	constant pool entry 774	50000173
	constant pool entry 729	500000f4
	constant pool entry 711	5000016c
	constant pool entry 708	5000016d
	constant pool entry 706	500000cc
	constant pool entry 341	500000b5
	constant pool entry 331	50000101
	constant pool entry 267	500000b7
	constant pool entry 266	500000e6
	constant pool entry 264	500000f1
	constant pool entry 251	50000143
	constant pool entry 224	50000602
	constant pool entry 216	50000142
	constant pool entry 211	50000146
	constant pool entry 187	50000157
	constant pool entry 183	500000b6
	constant pool entry 48	500000a1
	constant pool entry 43	5000016f
CLS 50000170 (name=java.lang.reflect.Type, trace=300000)
CLS 50000171 (name=java.lang.reflect.GenericDeclaration, trace=300000)
CLS 50000172 (name=java.lang.reflect.AnnotatedElement, trace=300000)
CLS 50000173 (name=java.lang.String, trace=300000)
	super		50000177
	static serialPersistentFields	50000886
	static CASE_INSENSITIVE_ORDER	50000885
	constant pool entry 549	500000fc
	constant pool entry 412	5000002b
	constant pool entry 354	500000c3
	constant pool entry 339	5000016c
	constant pool entry 323	5000009d
	constant pool entry 307	500000a7
	constant pool entry 147	50000177
	constant pool entry 145	500000fd
	constant pool entry 143	50000101
	constant pool entry 117	50000884
	constant pool entry 116	50000883
	constant pool entry 115	50000882
	constant pool entry 109	50000174
	constant pool entry 61	50000115
	constant pool entry 43	50000173
CLS 50000174 (name=java.lang.CharSequence, trace=300000)
CLS 50000175 (name=java.lang.Comparable, trace=300000)
CLS 50000176 (name=java.io.Serializable, trace=300000)
CLS 50000178 (name=long[], trace=300000)
	super		50000177
CLS 50000179 (name=int[], trace=300000)
	super		50000177
CLS 5000017a (name=short[], trace=300000)
	super		50000177
CLS 5000017b (name=byte[], trace=300000)
	super		50000177
CLS 5000017c (name=double[], trace=300000)
	super		50000177
CLS 5000017d (name=float[], trace=300000)
	super		50000177
CLS 5000017e (name=char[], trace=300000)
	super		50000177
CLS 5000017f (name=boolean[], trace=300000)
	super		50000177
CLS 50000180 (name=java.lang.invoke.MethodHandleImpl, trace=300001)
	super		50000177
	static PRODUCE_BLOCK_INLINING_FORM	5000018e
	static PRODUCE_REINVOKER_FORM	50000190
	static FAKE_METHOD_HANDLE_INVOKE	50000192
	static NO_ARGS_ARRAY	50000193
	static FILL_ARRAY_TO_RIGHT	50000194
	static TYPED_COLLECTORS	5000019c
	constant pool entry 985	500000fc
	constant pool entry 710	500000f4
	constant pool entry 453	500001a3
	constant pool entry 257	50000196
	constant pool entry 255	5000018f
	constant pool entry 253	5000018d
	constant pool entry 250	50000183
	constant pool entry 213	5000010f
	constant pool entry 44	50000134
	constant pool entry 41	5000016f
	constant pool entry 30	50000177
	constant pool entry 1	50000180
CLS 50000183 (name=java.lang.invoke.MethodHandleImpl$1, trace=300004)
	super		50000177
	constant pool entry 38	5000010f
	constant pool entry 33	5000016f
	constant pool entry 13	50000177
	constant pool entry 12	50000183
	constant pool entry 8	50001460
	constant pool entry 5	50000180
	constant pool entry 3	50000126
CLS 5000018c (name=java.util.function.Function, trace=300013)
CLS 5000018d (name=java.lang.invoke.MethodHandleImpl$2, trace=300013)
	super		50000177
	constant pool entry 11	50000177
CLS 5000018f (name=java.lang.invoke.MethodHandleImpl$3, trace=300015)
	super		50000177
	constant pool entry 9	50000177
CLS 50000191 (name=java.lang.invoke.MethodHandle[], trace=300017)
	super		50000177
CLS 50000195 (name=java.lang.ClassValue, trace=300020)
	super		50000177
	static EMPTY_CACHE	50000199
	static nextHashCode	5000019a
	static CRITICAL_SECTION	5000019b
	constant pool entry 178	500000fc
	constant pool entry 42	50000177
	constant pool entry 40	500000b8
	constant pool entry 38	50000197
	constant pool entry 11	5000019f
	constant pool entry 8	5000019d
	constant pool entry 3	50000195
CLS 50000196 (name=java.lang.invoke.MethodHandleImpl$4, trace=300020)
	super		50000195
	constant pool entry 5	50000195
CLS 50000197 (name=java.lang.ClassValue$Entry, trace=300021)
	super		50000156
	static DEAD_ENTRY	500001a1
	constant pool entry 77	5000016f
	constant pool entry 19	50000156
	constant pool entry 16	50000195
	constant pool entry 14	50000197
CLS 50000198 (name=java.lang.ClassValue$Entry[], trace=300022)
	super		50000177
CLS 5000019d (name=java.lang.ClassValue$Identity, trace=300026)
	super		50000177
	constant pool entry 3	50000177
CLS 5000019f (name=java.lang.ClassValue$Version, trace=300028)
	super		50000177
	constant pool entry 8	50000177
	constant pool entry 7	5000019f
	constant pool entry 2	50000197
CLS 500001a3 (name=java.lang.invoke.MemberName$Factory, trace=300032)
	super		50000177
	static INSTANCE	500001a4
	constant pool entry 163	5000016f
	constant pool entry 61	50000177
	constant pool entry 57	500001a3
	constant pool entry 1	50000132
CLS 500001a5 (name=java.lang.invoke.MethodHandleStatics, trace=300034)
	super		50000177
	static UNSAFE	5000090b
	constant pool entry 200	500000fc
	constant pool entry 151	500000f4
	constant pool entry 145	50000125
	constant pool entry 56	500001a5
	constant pool entry 47	5000010f
	constant pool entry 45	50000116
	constant pool entry 42	500001a7
	constant pool entry 41	50000177
CLS 500001a7 (name=java.lang.invoke.MethodHandleStatics$1, trace=300036)
	super		50000177
	constant pool entry 53	5000016c
	constant pool entry 47	5000010f
	constant pool entry 40	50000116
	constant pool entry 20	50000177
	constant pool entry 19	500001a7
	constant pool entry 17	50001454
	constant pool entry 14	50000917
	constant pool entry 13	50001453
	constant pool entry 12	50001452
	constant pool entry 11	50001451
	constant pool entry 9	50001450
	constant pool entry 8	5000144f
	constant pool entry 7	5000144e
	constant pool entry 6	5000144d
	constant pool entry 3	5000144c
CLS 500001ae (name=sun.misc.PostVMInitHook, trace=300000)
	super		50000177
	static ORCL_UT_CONFIG_FILE_NAME	50001471
	constant pool entry 126	500000fc
	constant pool entry 95	500000f4
	constant pool entry 69	5000016c
	constant pool entry 36	50001474
	constant pool entry 35	50001473
	constant pool entry 33	50001472
	constant pool entry 32	50000120
	constant pool entry 29	500001b9
	constant pool entry 27	50001471
	constant pool entry 26	500001ae
	constant pool entry 25	50001470
	constant pool entry 24	5000146f
	constant pool entry 21	50000ae6
	constant pool entry 19	50000126
	constant pool entry 17	5000146e
	constant pool entry 16	50000173
	constant pool entry 14	5000146d
	constant pool entry 13	5000146c
	constant pool entry 11	500001c9
	constant pool entry 9	5000146b
	constant pool entry 7	5000146a
	constant pool entry 3	50001469
CLS 500001b9 (name=sun.misc.PostVMInitHook$1, trace=300053)
	super		50000177
	constant pool entry 8	50000177
	constant pool entry 7	500001b9
	constant pool entry 3	50000120
CLS 500001c9 (name=sun.usagetracker.UsageTrackerClient, trace=300063)
	super		50000177
	static LOCK	500001ca
	static ORCL_UT_CONFIG_FILE_NAME	50001471
	static ORCL_UT_USAGE_DIR	50001484
	static ORCL_UT_PROPERTY_NAME	50001498
	static ORCL_UT_PROPERTY_RUN_SYNCHRONOUSLY	50001497
	static ORCL_UT_PROPERTY_CONFIG_FILE_NAME	5000146e
	static ORCL_UT_LOGTOFILE	50001496
	static ORCL_UT_LOGFILEMAXSIZE	50001495
	static ORCL_UT_LOGTOUDP	50001494
	static ORCL_UT_RECORD_MAXSIZE	50001493
	static ORCL_UT_RECORD_MAXFIELDSIZE	50001492
	static ORCL_UT_SEND_TRUNCATED	50001491
	static ORCL_UT_TRACK_LAST_USAGE	50001490
	static ORCL_UT_VERBOSE	5000148f
	static ORCL_UT_DEBUG	5000148e
	static ORCL_UT_ADDITIONALPROPERTIES	5000148d
	static ORCL_UT_SEPARATOR	5000148c
	static ORCL_UT_QUOTE	5000148b
	static ORCL_UT_QUOTE_INNER	5000148a
	static DISABLE_LAST_USAGE_PROP_NAME	5000147e
	static DEFAULT_SEP	50001489
	static DEFAULT_QUOTE	50001488
	static DEFAULT_QUOTE_INNER	50001487
	static isFirstRun	500001cf
	static javaHome	500009de
	static userHomeKeyword	50001486
	constant pool entry 547	500000fc
	constant pool entry 398	5000016c
	constant pool entry 381	5000010e
	constant pool entry 339	500000f4
	constant pool entry 170	500001cb
	constant pool entry 169	50000177
	constant pool entry 160	500011e5
	constant pool entry 156	50000083
	constant pool entry 142	50001485
	constant pool entry 140	50001484
	constant pool entry 134	50000ae6
	constant pool entry 99	500001de
	constant pool entry 98	50001483
	constant pool entry 97	50001482
	constant pool entry 64	50001481
	constant pool entry 55	5000146a
	constant pool entry 54	50001474
	constant pool entry 53	50001473
	constant pool entry 51	50000120
	constant pool entry 49	500001ef
	constant pool entry 47	50001471
	constant pool entry 46	50001470
	constant pool entry 45	50001480
	constant pool entry 41	50000126
	constant pool entry 39	5000146e
	constant pool entry 35	5000147f
	constant pool entry 33	50001472
	constant pool entry 31	50001469
	constant pool entry 30	5000147e
	constant pool entry 27	50000173
	constant pool entry 24	500001d0
	constant pool entry 1	500001c9
CLS 500001cb (name=java.util.concurrent.atomic.AtomicBoolean, trace=300065)
	super		50000177
	static unsafe	5000090b
	constant pool entry 65	5000016f
	constant pool entry 56	50000125
	constant pool entry 18	50000177
	constant pool entry 12	50000912
	constant pool entry 11	500001cb
CLS 500001d0 (name=sun.usagetracker.UsageTrackerClient$1, trace=300070)
	super		50000177
	constant pool entry 29	5000016c
	constant pool entry 7	50000177
	constant pool entry 6	500001d0
CLS 500001de (name=sun.usagetracker.UsageTrackerClient$4, trace=300084)
	super		50000177
	constant pool entry 63	50000116
	constant pool entry 58	5000016c
	constant pool entry 27	50000177
	constant pool entry 26	500001de
	constant pool entry 12	500014af
	constant pool entry 8	50000917
	constant pool entry 7	50001497
	constant pool entry 1	500001c9
CLS 500001ef (name=sun.usagetracker.UsageTrackerClient$3, trace=300101)
	super		50000177
	constant pool entry 8	50000177
	constant pool entry 7	500001ef
	constant pool entry 3	50000120
CLS 5000022c (name=java.io.FileOutputStream$1, trace=300156)
	super		50000177
	constant pool entry 20	50000083
	constant pool entry 5	50000177
	constant pool entry 4	5000022c
CLS 5000022f (name=sun.launcher.LauncherHelper, trace=300000)
	super		50000063
	static INSTANCE	50000230
	static MAIN_CLASS	500014c1
	static outBuf	50000233
	static INDENT	500014c0
	static VM_SETTINGS	500014bf
	static PROP_SETTINGS	500014be
	static LOCALE_SETTINGS	500014bd
	static diagprop	5000091b
	static defaultBundleName	500014bc
	static ostream	50000a39
	static scloader	5000078e
	static appClass	500005ff
	static encprop	500014ba
	static encoding	5000078d
	static $VALUES	50000232
	constant pool entry 721	500000fc
	constant pool entry 564	500000c6
	constant pool entry 534	500000c1
	constant pool entry 529	5000060d
	constant pool entry 523	500000aa
	constant pool entry 521	50000143
	constant pool entry 498	5000016d
	constant pool entry 385	5000016c
	constant pool entry 216	50000063
	constant pool entry 213	5000091b
	constant pool entry 210	500014bb
	constant pool entry 176	500014ba
	constant pool entry 162	500000cd
	constant pool entry 161	5000016f
	constant pool entry 160	500014b9
	constant pool entry 67	50000177
	constant pool entry 53	50000173
	constant pool entry 25	50000126
	constant pool entry 6	5000022f
	constant pool entry 1	50000600
CLS 50000231 (name=sun.launcher.LauncherHelper[], trace=300159)
	super		50000177
CLS 5000023d (name=java.net.URLClassLoader$1, trace=300170)
	super		50000177
	constant pool entry 51	50000004
	constant pool entry 46	50000173
	constant pool entry 41	5000011f
	constant pool entry 15	50000177
	constant pool entry 14	5000023d
	constant pool entry 5	50000d17
CLS 50000241 (name=sun.net.util.URLUtil, trace=300174)
	super		50000177
	constant pool entry 56	50000173
	constant pool entry 26	5000011e
	constant pool entry 7	50001216
	constant pool entry 2	50000126
CLS 50000247 (name=sun.misc.URLClassPath$3, trace=300180)
	super		50000177
	constant pool entry 54	50000173
	constant pool entry 51	5000011e
	constant pool entry 46	50000004
	constant pool entry 21	50000177
	constant pool entry 20	50000247
	constant pool entry 14	5000024a
	constant pool entry 10	50000505
	constant pool entry 7	50000c66
	constant pool entry 5	50000ae7
CLS 50000249 (name=sun.misc.URLClassPath$Loader, trace=300182)
	super		50000177
	constant pool entry 29	50000177
	constant pool entry 28	50000249
CLS 5000024a (name=sun.misc.URLClassPath$JarLoader, trace=300182)
	super		50000249
	static zipAccess	5000024f
	constant pool entry 364	500000d1
	constant pool entry 289	500000f4
	constant pool entry 280	5000003d
	constant pool entry 276	5000002d
	constant pool entry 146	50000249
	constant pool entry 95	5000024a
	constant pool entry 90	50000173
	constant pool entry 53	50000373
	constant pool entry 47	5000036c
	constant pool entry 39	500003e1
	constant pool entry 37	500003e4
	constant pool entry 34	5000036a
	constant pool entry 31	50000c66
	constant pool entry 26	50000120
	constant pool entry 16	50000cc3
	constant pool entry 13	50000126
	constant pool entry 12	50000887
	constant pool entry 11	50000c5b
	constant pool entry 10	5000011e
CLS 5000024b (name=java.util.zip.ZipConstants, trace=300183)
CLS 5000024c (name=java.util.zip.ZipFile, trace=300183)
	super		50000177
	constant pool entry 434	500000d1
	constant pool entry 425	500000c6
	constant pool entry 373	500003d5
	constant pool entry 366	5000014c
	constant pool entry 339	500003d9
	constant pool entry 332	5000016c
	constant pool entry 317	5000037b
	constant pool entry 146	50000177
	constant pool entry 143	5000024e
	constant pool entry 141	50001207
	constant pool entry 136	5000091a
	constant pool entry 28	500003d6
	constant pool entry 26	500000ac
	constant pool entry 21	5000024c
	constant pool entry 19	50000120
CLS 5000024d (name=sun.misc.JavaUtilZipFileAccess, trace=300184)
CLS 5000024e (name=java.util.zip.ZipFile$1, trace=300184)
	super		50000177
	constant pool entry 4	50000177
CLS 5000036a (name=sun.misc.URLClassPath$JarLoader$1, trace=300224)
	super		50000177
	constant pool entry 59	50000004
	constant pool entry 34	5000024a
	constant pool entry 31	50000177
	constant pool entry 30	5000036a
CLS 5000036c (name=sun.misc.FileURLMapper, trace=300226)
	super		50000177
	constant pool entry 44	5000002d
	constant pool entry 39	50000173
	constant pool entry 36	5000011e
	constant pool entry 16	50000177
	constant pool entry 15	5000036c
	constant pool entry 12	50000120
	constant pool entry 5	50000887
CLS 50000373 (name=java.util.jar.JarFile, trace=300233)
	super		5000024c
	static MANIFEST_NAME	50001205
	static CLASSPATH_CHARS	50000377
	static CLASSPATH_LASTOCC	50000378
	static CLASSPATH_OPTOSFT	50000379
	constant pool entry 467	500000fc
	constant pool entry 385	500000d1
	constant pool entry 136	50000375
	constant pool entry 46	50000373
	constant pool entry 6	5000024c
	constant pool entry 4	50000120
CLS 50000374 (name=sun.misc.JavaUtilJarAccess, trace=300234)
CLS 50000375 (name=java.util.jar.JavaUtilJarAccessImpl, trace=300234)
	super		50000177
	constant pool entry 12	50000177
CLS 5000037b (name=java.nio.charset.StandardCharsets, trace=300240)
	super		50000177
	static US_ASCII	50000380
	static ISO_8859_1	50000392
	static UTF_8	50000de1
	static UTF_16BE	500003a8
	static UTF_16LE	500003ba
	static UTF_16	500003cc
	constant pool entry 39	500000c1
	constant pool entry 18	5000037b
	constant pool entry 16	500011f8
	constant pool entry 14	500011ff
	constant pool entry 12	500011f5
	constant pool entry 10	500011e5
	constant pool entry 8	500011f3
	constant pool entry 5	50001133
CLS 5000037f (name=sun.nio.cs.US_ASCII, trace=300244)
	super		500000c1
	constant pool entry 31	500000be
	constant pool entry 10	500000c1
	constant pool entry 1	50001133
CLS 5000038a (name=sun.nio.cs.ISO_8859_1, trace=300255)
	super		500000c1
	constant pool entry 33	500000be
	constant pool entry 11	500000c1
	constant pool entry 1	500011f3
CLS 50000398 (name=sun.misc.FloatingDecimal, trace=300686)
	super		50000177
	static INFINITY_REP	50000aef
	static NAN_REP	50000aee
	static B2AC_POSITIVE_INFINITY	5000039b
	static B2AC_NEGATIVE_INFINITY	5000039c
	static B2AC_NOT_A_NUMBER	5000039d
	static B2AC_POSITIVE_ZERO	500003a9
	static B2AC_NEGATIVE_ZERO	500003ac
	static threadLocalBinaryToASCIIBuffer	500003af
	static A2BC_POSITIVE_INFINITY	500003b3
	static A2BC_NEGATIVE_INFINITY	500003b7
	static A2BC_NOT_A_NUMBER	500003bc
	static A2BC_POSITIVE_ZERO	500003bd
	static A2BC_NEGATIVE_ZERO	500003be
	constant pool entry 422	500000fc
	constant pool entry 344	5000016f
	constant pool entry 288	50000173
	constant pool entry 271	500000b9
	constant pool entry 158	50000399
	constant pool entry 134	50000112
	constant pool entry 132	500003ae
	constant pool entry 130	50000af0
	constant pool entry 128	5000039a
	constant pool entry 120	500003b1
	constant pool entry 51	50000aef
	constant pool entry 47	50000aee
	constant pool entry 14	5000039e
	constant pool entry 2	50000398
CLS 50000399 (name=sun.misc.FloatingDecimal$BinaryToASCIIConverter, trace=300687)
CLS 5000039a (name=sun.misc.FloatingDecimal$ExceptionalBinaryToASCIIBuffer, trace=300687)
	super		50000177
	constant pool entry 64	5000016f
	constant pool entry 20	50000177
	constant pool entry 19	5000039a
	constant pool entry 17	50000398
CLS 5000039e (name=sun.misc.FloatingDecimal$BinaryToASCIIBuffer, trace=300691)
	super		50000177
	static insignificantDigitsNumber	5000039f
	static N_5_BITS	500003a1
	constant pool entry 244	500000fc
	constant pool entry 191	5000016f
	constant pool entry 189	500000a7
	constant pool entry 185	50000112
	constant pool entry 165	500000c3
	constant pool entry 163	5000010e
	constant pool entry 159	500003c3
	constant pool entry 157	5000016c
	constant pool entry 77	50000177
	constant pool entry 76	5000039e
	constant pool entry 16	50000126
	constant pool entry 1	50000398
CLS 500003a0 (name=sun.nio.cs.UTF_16BE, trace=300277)
	super		500000a5
	constant pool entry 27	500000be
	constant pool entry 10	500000a5
	constant pool entry 1	500011f5
CLS 500003ae (name=sun.misc.FloatingDecimal$1, trace=300700)
	super		500000b9
	constant pool entry 6	500000b9
	constant pool entry 5	500003ae
	constant pool entry 2	5000039e
CLS 500003b0 (name=sun.misc.FloatingDecimal$ASCIIToBinaryConverter, trace=300702)
CLS 500003b1 (name=sun.misc.FloatingDecimal$PreparedASCIIToBinaryBuffer, trace=300702)
	super		50000177
	constant pool entry 5	50000177
	constant pool entry 4	500003b1
CLS 500003b2 (name=sun.nio.cs.UTF_16LE, trace=300291)
	super		500000a5
	constant pool entry 27	500000be
	constant pool entry 10	500000a5
	constant pool entry 1	500011ff
CLS 500003c3 (name=sun.misc.FDBigInteger, trace=300712)
	super		50000177
	static SMALL_5_POW	500003c5
	static LONG_5_POW	500003c9
	static POW_5_CACHE	500003dc
	static ZERO	5000075e
	constant pool entry 315	500000fc
	constant pool entry 275	5000016f
	constant pool entry 129	50000177
	constant pool entry 12	500003c3
CLS 500003c4 (name=sun.nio.cs.UTF_16, trace=300305)
	super		500000a5
	constant pool entry 26	500000be
	constant pool entry 9	500000a5
	constant pool entry 1	500011f8
CLS 500003d4 (name=java.util.Queue, trace=300317)
CLS 500003d5 (name=java.util.Deque, trace=300317)
CLS 500003d6 (name=java.util.ArrayDeque, trace=300317)
	super		500000ea
	constant pool entry 270	500000fc
	constant pool entry 205	5000016f
	constant pool entry 62	500000ea
	constant pool entry 4	50000177
	constant pool entry 2	500003d6
CLS 500003d9 (name=java.util.zip.ZipCoder, trace=300320)
	super		50000177
	constant pool entry 135	500000c1
	constant pool entry 130	5000037b
	constant pool entry 50	50000177
	constant pool entry 34	500003d9
	constant pool entry 4	50000173
CLS 500003db (name=sun.misc.FDBigInteger[], trace=300715)
	super		50000177
CLS 500003e1 (name=java.io.IOException, trace=300328)
	super		50000168
	constant pool entry 6	50000168
CLS 500003e2 (name=java.util.zip.ZipException, trace=300328)
	super		500003e1
	constant pool entry 4	500003e1
CLS 500003e4 (name=java.security.PrivilegedActionException, trace=300330)
	super		50000168
	constant pool entry 13	50000168
	constant pool entry 12	500003e4
CLS 50000505 (name=sun.misc.URLClassPath$FileLoader, trace=300342)
	super		50000249
	constant pool entry 69	5000002d
	constant pool entry 61	50000173
	constant pool entry 34	50000249
	constant pool entry 33	50000505
	constant pool entry 30	50000538
	constant pool entry 25	50001221
	constant pool entry 20	50000c60
	constant pool entry 18	5000011e
	constant pool entry 12	50000120
	constant pool entry 2	50000c66
CLS 50000537 (name=sun.misc.Resource, trace=300390)
	super		50000177
	constant pool entry 106	500000fc
	constant pool entry 73	50000122
	constant pool entry 71	500000a7
	constant pool entry 69	500000c3
	constant pool entry 64	5000014f
	constant pool entry 23	50000177
	constant pool entry 22	50000537
	constant pool entry 20	50000540
CLS 50000538 (name=sun.misc.URLClassPath$FileLoader$1, trace=300390)
	super		50000537
	constant pool entry 50	50000120
	constant pool entry 19	50000505
	constant pool entry 11	50000537
	constant pool entry 10	50000538
	constant pool entry 7	50000089
CLS 50000540 (name=sun.nio.ByteBuffered, trace=300398)
CLS 50000548 (name=sun.misc.PerfCounter, trace=300405)
	super		50000177
	static perf	5000054c
	constant pool entry 116	500000f4
	constant pool entry 100	5000016c
	constant pool entry 95	50000554
	constant pool entry 90	50000071
	constant pool entry 88	5000006e
	constant pool entry 37	5000054d
	constant pool entry 33	50000177
	constant pool entry 32	5000054b
	constant pool entry 29	50000549
	constant pool entry 4	50000548
CLS 50000549 (name=sun.misc.Perf$GetPerfAction, trace=300406)
	super		50000177
	constant pool entry 19	5000054b
	constant pool entry 5	50000177
	constant pool entry 4	50000549
CLS 5000054b (name=sun.misc.Perf, trace=300408)
	super		50000177
	static instance	5000054c
	constant pool entry 86	5000016c
	constant pool entry 31	50000177
	constant pool entry 11	5000054b
CLS 5000054d (name=sun.misc.PerfCounter$CoreCounters, trace=300410)
	super		50000177
	static pdt	5000054e
	static lc	50000557
	static lct	5000055a
	static rcbt	5000055d
	static zfc	50000560
	static zfot	50000563
	constant pool entry 33	50000548
	constant pool entry 15	5000054d
	constant pool entry 13	50001286
	constant pool entry 11	50001285
	constant pool entry 9	50001284
	constant pool entry 7	50001283
	constant pool entry 5	50001282
	constant pool entry 2	50001281
CLS 5000054f (name=sun.nio.ch.DirectBuffer, trace=300412)
CLS 50000550 (name=java.nio.MappedByteBuffer, trace=300412)
	super		50000071
	constant pool entry 20	50000071
	constant pool entry 19	50000550
CLS 50000551 (name=java.nio.DirectByteBuffer, trace=300412)
	super		50000550
	static unsafe	5000090b
	constant pool entry 415	5000016f
	constant pool entry 300	50000125
	constant pool entry 167	50000550
	constant pool entry 164	5000017b
	constant pool entry 130	50000555
	constant pool entry 34	5000006f
	constant pool entry 24	50000551
CLS 50000554 (name=java.nio.LongBuffer, trace=300415)
	super		50000117
	constant pool entry 51	50000117
	constant pool entry 44	50000554
CLS 50000555 (name=java.nio.DirectLongBufferU, trace=300415)
	super		50000554
	static unsafe	5000090b
	constant pool entry 154	5000016f
	constant pool entry 125	50000125
	constant pool entry 62	5000054f
	constant pool entry 61	50000554
	constant pool entry 57	50000178
	constant pool entry 21	5000006f
	constant pool entry 10	50000555
CLS 50000566 (name=java.security.PermissionCollection, trace=300432)
	super		50000177
	constant pool entry 19	50000177
	constant pool entry 18	50000566
CLS 50000567 (name=java.security.Permissions, trace=300432)
	super		50000566
	static serialPersistentFields	50000568
	constant pool entry 226	500000fc
	constant pool entry 137	500000f7
	constant pool entry 132	50000177
	constant pool entry 127	5000014c
	constant pool entry 53	50000567
	constant pool entry 50	50000101
	constant pool entry 42	50000cd1
	constant pool entry 40	50000cd0
	constant pool entry 35	5000014a
	constant pool entry 22	50000566
	constant pool entry 14	500005c8
	constant pool entry 13	500005c7
	constant pool entry 3	500000cb
CLS 5000058d (name=java.net.URLConnection, trace=300470)
	super		50000177
	static handlers	50000590
	static contentClassPrefix	50000ca5
	static contentPathProp	50000ca4
	constant pool entry 153	50000177
	constant pool entry 151	5000014a
	constant pool entry 110	5000058d
CLS 5000058e (name=sun.net.www.URLConnection, trace=300470)
	super		5000058d
	static proxiedHosts	50000592
	constant pool entry 53	5000058d
	constant pool entry 52	5000058e
	constant pool entry 50	500000cb
	constant pool entry 3	50000594
CLS 5000058f (name=sun.net.www.protocol.file.FileURLConnection, trace=300470)
	super		5000058e
	static CONTENT_LENGTH	50000c9c
	static CONTENT_TYPE	50000c9d
	static TEXT_PLAIN	50000c9e
	static LAST_MODIFIED	50000c9f
	constant pool entry 242	5000002d
	constant pool entry 240	5000011e
	constant pool entry 162	50000120
	constant pool entry 96	5000058e
	constant pool entry 95	5000058f
	constant pool entry 94	50000c9f
	constant pool entry 93	50000c9e
	constant pool entry 92	50000c9d
	constant pool entry 91	50000c9c
	constant pool entry 88	50000afe
	constant pool entry 87	50000598
CLS 50000594 (name=sun.net.www.MessageHeader, trace=300475)
	super		50000177
	constant pool entry 279	500000fc
	constant pool entry 73	50000177
	constant pool entry 72	50000594
	constant pool entry 40	50000173
CLS 50000598 (name=java.io.FilePermission, trace=300479)
	super		500000f7
	constant pool entry 160	500000f4
	constant pool entry 63	500000f7
	constant pool entry 58	500005b3
	constant pool entry 48	50000afe
	constant pool entry 36	50000120
	constant pool entry 27	50000caa
	constant pool entry 22	50000173
	constant pool entry 19	5000059a
	constant pool entry 11	50000ca9
	constant pool entry 1	50000598
CLS 5000059a (name=java.io.FilePermission$1, trace=300481)
	super		50000177
	constant pool entry 45	50000173
	constant pool entry 39	50000598
	constant pool entry 19	50000177
	constant pool entry 18	5000059a
	constant pool entry 13	50000120
	constant pool entry 4	500008fe
CLS 500005b3 (name=java.io.FilePermissionCollection, trace=300506)
	super		50000566
	static serialPersistentFields	500005b4
	constant pool entry 183	500000fc
	constant pool entry 101	500000ec
	constant pool entry 43	50000566
	constant pool entry 42	500005b3
	constant pool entry 39	50000101
	constant pool entry 28	50000900
	constant pool entry 24	500000e8
	constant pool entry 5	50000598
	constant pool entry 2	500000e2
CLS 500005c7 (name=java.security.AllPermission, trace=300526)
	super		500000f7
CLS 500005c8 (name=java.security.UnresolvedPermission, trace=300527)
	super		500000f7
CLS 500005ca (name=java.security.BasicPermissionCollection, trace=300529)
	super		50000566
	static serialPersistentFields	500005cb
	constant pool entry 235	500000fc
	constant pool entry 167	50000116
	constant pool entry 133	50000173
	constant pool entry 130	5000014c
	constant pool entry 127	50000177
	constant pool entry 59	50000566
	constant pool entry 58	500005ca
	constant pool entry 54	50000101
	constant pool entry 50	5000016f
	constant pool entry 43	50000901
	constant pool entry 41	50000900
	constant pool entry 39	500008ff
	constant pool entry 34	5000014a
	constant pool entry 23	500008fe
	constant pool entry 7	500000f6
	constant pool entry 2	500000cb
CLS 500005ff (name=Stats, trace=300582)
	super		50000177
	loader		5000078e
	domain		500005f0
	constant pool entry 100	500000fc
	constant pool entry 70	5000007a
	constant pool entry 62	5000016c
	constant pool entry 55	5000010f
	constant pool entry 52	500000c3
	constant pool entry 28	50000177
	constant pool entry 27	50001237
	constant pool entry 26	50001236
	constant pool entry 25	50001235
	constant pool entry 24	50001234
	constant pool entry 21	50001233
	constant pool entry 18	50001232
	constant pool entry 16	50000126
	constant pool entry 11	500005ff
CLS 50000600 (name=sun.launcher.LauncherHelper$FXHelper, trace=300583)
	super		50000177
	static JAVAFX_APPLICATION_MARKER	500014d1
	static JAVAFX_APPLICATION_CLASS_NAME	500014cd
	static JAVAFX_LAUNCHER_CLASS_NAME	500014d0
	static JAVAFX_LAUNCH_MODE_CLASS	500014cf
	static JAVAFX_LAUNCH_MODE_JAR	500014ce
	constant pool entry 40	500014cd
	constant pool entry 12	50000173
	constant pool entry 11	5000016f
	constant pool entry 6	50000600
CLS 50000602 (name=java.lang.Class$MethodArray, trace=300585)
	super		50000177
	constant pool entry 131	500000fc
	constant pool entry 31	50000177
	constant pool entry 30	50000602
	constant pool entry 6	50000143
CLS 50000604 (name=java.lang.reflect.Method[], trace=300587)
	super		50000177
CLS 5000060d (name=java.lang.Void, trace=300596)
	super		50000177
	static TYPE	50000863
	constant pool entry 20	5000016f
	constant pool entry 5	5000060d
	constant pool entry 2	500014ca
CLS 50000622 (name=java.lang.Math$RandomNumberGeneratorHolder, trace=300613)
	super		50000177
	static randomNumberGenerator	50000638
	constant pool entry 5	50000622
	constant pool entry 2	50000623
CLS 50000623 (name=java.util.Random, trace=300614)
	super		50000177
	static BadBound	5000090e
	static BadRange	5000090d
	static BadSize	5000090c
	static seedUniquifier	50000624
	static serialPersistentFields	50000625
	static unsafe	5000090b
	constant pool entry 351	500000fc
	constant pool entry 267	5000016f
	constant pool entry 264	50000116
	constant pool entry 259	50000125
	constant pool entry 194	5000016c
	constant pool entry 102	50000177
	constant pool entry 90	50000101
	constant pool entry 78	5000090a
	constant pool entry 76	50000909
	constant pool entry 68	50000908
	constant pool entry 62	50000112
	constant pool entry 54	5000010e
	constant pool entry 13	5000006d
	constant pool entry 12	50000623
CLS 5000077f (name=java.lang.Shutdown, trace=300756)
	super		50000177
	static hooks	50000780
	static lock	50000782
	static haltLock	50000783
	constant pool entry 118	500000fc
	constant pool entry 30	50000781
	constant pool entry 29	50000150
	constant pool entry 18	5000077f
CLS 50000781 (name=java.lang.Shutdown$Lock, trace=300758)
	super		50000177
	constant pool entry 4	50000177
	constant pool entry 3	50000781
HEAP DUMP END
CPU SAMPLES BEGIN (total = 1794) Sat Jul 30 10:55:43 2022
rank   self  accum   count trace method
   1 45.04% 45.04%     808 300639 Stats.mean
   2 17.95% 62.99%     322 300643 Stats.sortHalfValues
   3  9.92% 72.91%     178 300642 Stats.sortHalfValues
   4  8.14% 81.05%     146 300638 Stats.sortHalfValues
   5  7.92% 88.96%     142 300646 Stats.sortHalfValues
   6  3.12% 92.08%      56 300641 Stats.sortHalfValues
   7  2.17% 94.26%      39 300645 Stats.mean
   8  0.84% 95.09%      15 300651 Stats.sortHalfValues
   9  0.78% 95.88%      14 300640 Stats.sortHalfValues
  10  0.56% 96.43%      10 300656 Stats.sortHalfValues
  11  0.56% 96.99%      10 300650 sun.misc.Unsafe.compareAndSwapLong
  12  0.50% 97.49%       9 300648 sun.misc.Unsafe.compareAndSwapLong
  13  0.17% 97.66%       3 300657 Stats.sortHalfValues
  14  0.17% 97.83%       3 300644 Stats.mean
  15  0.17% 97.99%       3 300647 Stats.mean
  16  0.17% 98.16%       3 300655 Stats.sortHalfValues
  17  0.17% 98.33%       3 300658 Stats.sortHalfValues
  18  0.11% 98.44%       2 300666 Stats.stddev
  19  0.11% 98.55%       2 300654 Stats.sortHalfValues
  20  0.11% 98.66%       2 300660 Stats.sortHalfValues
  21  0.11% 98.77%       2 300664 Stats.mean
  22  0.11% 98.89%       2 300665 Stats.mean
  23  0.11% 99.00%       2 300608 Stats.main
  24  0.06% 99.05%       1 300663 Stats.sortHalfValues
  25  0.06% 99.11%       1 300649 Stats.mean
  26  0.06% 99.16%       1 300659 Stats.sortHalfValues
  27  0.06% 99.22%       1 300667 Stats.mean
  28  0.06% 99.28%       1 300668 Stats.stddev
  29  0.06% 99.33%       1 300748 Stats.mean
  30  0.06% 99.39%       1 300669 Stats.mean
  31  0.06% 99.44%       1 300670 Stats.stddev
  32  0.06% 99.50%       1 300671 Stats.sortHalfValues
  33  0.06% 99.55%       1 300672 Stats.sortHalfValues
  34  0.06% 99.61%       1 300673 Stats.sortHalfValues
  35  0.06% 99.67%       1 300723 Stats.mean
  36  0.06% 99.72%       1 300590 java.lang.Class.getDeclaredMethods0
  37  0.06% 99.78%       1 300333 java.lang.Object.<init>
  38  0.06% 99.83%       1 300653 Stats.sortHalfValues
  39  0.06% 99.89%       1 300661 java.util.Random.next
  40  0.06% 99.94%       1 300662 Stats.mean
  41  0.06% 100.00%       1 300652 Stats.main
CPU SAMPLES END
